2026-09-08T17:34:01.102507099Z {"level":"warn","ts":"2026-09-08T17:34:01.074100Z","caller":"embed/config.go:687","msg":"Running http and grpc server on single port. This is not recommended for production."}
2026-09-08T17:34:01.103085554Z {"level":"info","ts":"2026-09-08T17:34:01.102261Z","caller":"etcdmain/etcd.go:73","msg":"Running: ","args":["/usr/local/bin/etcd","--name","etcd","--data-dir","/etcd-data","--listen-client-urls","http://0.0.0.0:2379","--advertise-client-urls","http://etcd:2379","--listen-peer-urls","http://0.0.0.0:2380","--initial-advertise-peer-urls","http://etcd:2380","--initial-cluster","etcd=http://etcd:2380","--initial-cluster-token","phase4-20260908T173358240-1efd4a87"]}
2026-09-08T17:34:01.113809973Z {"level":"warn","ts":"2026-09-08T17:34:01.113401Z","caller":"embed/config.go:687","msg":"Running http and grpc server on single port. This is not recommended for production."}
2026-09-08T17:34:01.113857877Z {"level":"info","ts":"2026-09-08T17:34:01.113572Z","caller":"embed/etcd.go:128","msg":"configuring peer listeners","listen-peer-urls":["http://0.0.0.0:2380"]}
2026-09-08T17:34:01.169006514Z {"level":"info","ts":"2026-09-08T17:34:01.167561Z","caller":"embed/etcd.go:136","msg":"configuring client listeners","listen-client-urls":["http://0.0.0.0:2379"]}
2026-09-08T17:34:01.190192426Z {"level":"info","ts":"2026-09-08T17:34:01.188937Z","caller":"embed/etcd.go:310","msg":"starting an etcd server","etcd-version":"3.5.15","git-sha":"9a5533382","go-version":"go1.21.12","go-os":"linux","go-arch":"amd64","max-cpu-set":8,"max-cpu-available":8,"member-initialized":false,"name":"etcd","data-dir":"/etcd-data","wal-dir":"","wal-dir-dedicated":"","member-dir":"/etcd-data/member","force-new-cluster":false,"heartbeat-interval":"100ms","election-timeout":"1s","initial-election-tick-advance":true,"snapshot-count":100000,"max-wals":5,"max-snapshots":5,"snapshot-catchup-entries":5000,"initial-advertise-peer-urls":["http://etcd:2380"],"listen-peer-urls":["http://0.0.0.0:2380"],"advertise-client-urls":["http://etcd:2379"],"listen-client-urls":["http://0.0.0.0:2379"],"listen-metrics-urls":[],"cors":["*"],"host-whitelist":["*"],"initial-cluster":"etcd=http://etcd:2380","initial-cluster-state":"new","initial-cluster-token":"phase4-20260908T173358240-1efd4a87","quota-backend-bytes":2147483648,"max-request-bytes":1572864,"max-concurrent-streams":4294967295,"pre-vote":true,"initial-corrupt-check":false,"corrupt-check-time-interval":"0s","compact-check-time-enabled":false,"compact-check-time-interval":"1m0s","auto-compaction-mode":"periodic","auto-compaction-retention":"0s","auto-compaction-interval":"0s","discovery-url":"","discovery-proxy":"","downgrade-check-interval":"5s"}
2026-09-08T17:34:01.197628332Z {"level":"warn","ts":"2026-09-08T17:34:01.192285Z","caller":"fileutil/fileutil.go:53","msg":"check file permission","error":"directory \"/etcd-data\" exist, but the permission is \"drwxr-xr-x\". The recommended permission is \"-rwx------\" to prevent possible unprivileged access to the data"}
2026-09-08T17:34:01.215395320Z {"level":"info","ts":"2026-09-08T17:34:01.209831Z","caller":"etcdserver/backend.go:81","msg":"opened backend db","path":"/etcd-data/member/snap/db","took":"9.303584ms"}
2026-09-08T17:34:01.236534927Z {"level":"info","ts":"2026-09-08T17:34:01.235909Z","caller":"etcdserver/raft.go:495","msg":"starting local member","local-member-id":"910c02830e9785c","cluster-id":"1a907d880f41f38c"}
2026-09-08T17:34:01.238149481Z {"level":"info","ts":"2026-09-08T17:34:01.237592Z","logger":"raft","caller":"etcdserver/zap_raft.go:77","msg":"910c02830e9785c switched to configuration voters=()"}
2026-09-08T17:34:01.238346499Z {"level":"info","ts":"2026-09-08T17:34:01.238067Z","logger":"raft","caller":"etcdserver/zap_raft.go:77","msg":"910c02830e9785c became follower at term 0"}
2026-09-08T17:34:01.238367901Z {"level":"info","ts":"2026-09-08T17:34:01.238143Z","logger":"raft","caller":"etcdserver/zap_raft.go:77","msg":"newRaft 910c02830e9785c [peers: [], term: 0, commit: 0, applied: 0, lastindex: 0, lastterm: 0]"}
2026-09-08T17:34:01.238375402Z {"level":"info","ts":"2026-09-08T17:34:01.238198Z","logger":"raft","caller":"etcdserver/zap_raft.go:77","msg":"910c02830e9785c became follower at term 1"}
2026-09-08T17:34:01.239647623Z {"level":"info","ts":"2026-09-08T17:34:01.238769Z","logger":"raft","caller":"etcdserver/zap_raft.go:77","msg":"910c02830e9785c switched to configuration voters=(653233224820553820)"}
2026-09-08T17:34:01.258096475Z {"level":"warn","ts":"2026-09-08T17:34:01.257151Z","caller":"auth/store.go:1241","msg":"simple token is not cryptographically signed"}
2026-09-08T17:34:01.267897506Z {"level":"info","ts":"2026-09-08T17:34:01.266753Z","caller":"mvcc/kvstore.go:418","msg":"kvstore restored","current-rev":1}
2026-09-08T17:34:01.271476645Z {"level":"info","ts":"2026-09-08T17:34:01.270752Z","caller":"etcdserver/quota.go:94","msg":"enabled backend quota with default value","quota-name":"v3-applier","quota-size-bytes":2147483648,"quota-size":"2.1 GB"}
2026-09-08T17:34:01.278422505Z {"level":"info","ts":"2026-09-08T17:34:01.276529Z","caller":"etcdserver/server.go:867","msg":"starting etcd server","local-member-id":"910c02830e9785c","local-server-version":"3.5.15","cluster-version":"to_be_decided"}
2026-09-08T17:34:01.278509013Z {"level":"info","ts":"2026-09-08T17:34:01.277503Z","caller":"etcdserver/server.go:751","msg":"started as single-node; fast-forwarding election ticks","local-member-id":"910c02830e9785c","forward-ticks":9,"forward-duration":"900ms","election-ticks":10,"election-timeout":"1s"}
2026-09-08T17:34:01.278771238Z {"level":"info","ts":"2026-09-08T17:34:01.278344Z","caller":"fileutil/purge.go:50","msg":"started to purge file","dir":"/etcd-data/member/snap","suffix":"snap.db","max":5,"interval":"30s"}
2026-09-08T17:34:01.278786840Z {"level":"info","ts":"2026-09-08T17:34:01.278300Z","caller":"v3rpc/health.go:61","msg":"grpc service status changed","service":"","status":"SERVING"}
2026-09-08T17:34:01.278826843Z {"level":"info","ts":"2026-09-08T17:34:01.278549Z","caller":"fileutil/purge.go:50","msg":"started to purge file","dir":"/etcd-data/member/snap","suffix":"snap","max":5,"interval":"30s"}
2026-09-08T17:34:01.278835144Z {"level":"info","ts":"2026-09-08T17:34:01.278582Z","caller":"fileutil/purge.go:50","msg":"started to purge file","dir":"/etcd-data/member/wal","suffix":"wal","max":5,"interval":"30s"}
2026-09-08T17:34:01.281870833Z {"level":"info","ts":"2026-09-08T17:34:01.281300Z","logger":"raft","caller":"etcdserver/zap_raft.go:77","msg":"910c02830e9785c switched to configuration voters=(653233224820553820)"}
2026-09-08T17:34:01.282373480Z {"level":"info","ts":"2026-09-08T17:34:01.281952Z","caller":"membership/cluster.go:421","msg":"added member","cluster-id":"1a907d880f41f38c","local-member-id":"910c02830e9785c","added-peer-id":"910c02830e9785c","added-peer-peer-urls":["http://etcd:2380"]}
2026-09-08T17:34:01.284439176Z {"level":"info","ts":"2026-09-08T17:34:01.283937Z","caller":"embed/etcd.go:599","msg":"serving peer traffic","address":"[::]:2380"}
2026-09-08T17:34:01.284483081Z {"level":"info","ts":"2026-09-08T17:34:01.284113Z","caller":"embed/etcd.go:571","msg":"cmux::serve","address":"[::]:2380"}
2026-09-08T17:34:01.284861417Z {"level":"info","ts":"2026-09-08T17:34:01.284459Z","caller":"embed/etcd.go:279","msg":"now serving peer/client/metrics","local-member-id":"910c02830e9785c","initial-advertise-peer-urls":["http://etcd:2380"],"listen-peer-urls":["http://0.0.0.0:2380"],"advertise-client-urls":["http://etcd:2379"],"listen-client-urls":["http://0.0.0.0:2379"],"listen-metrics-urls":[]}
2026-09-08T17:34:01.640758515Z {"level":"info","ts":"2026-09-08T17:34:01.640173Z","logger":"raft","caller":"etcdserver/zap_raft.go:77","msg":"910c02830e9785c is starting a new election at term 1"}
2026-09-08T17:34:01.640831221Z {"level":"info","ts":"2026-09-08T17:34:01.640335Z","logger":"raft","caller":"etcdserver/zap_raft.go:77","msg":"910c02830e9785c became pre-candidate at term 1"}
2026-09-08T17:34:01.643374463Z {"level":"info","ts":"2026-09-08T17:34:01.640428Z","logger":"raft","caller":"etcdserver/zap_raft.go:77","msg":"910c02830e9785c received MsgPreVoteResp from 910c02830e9785c at term 1"}
2026-09-08T17:34:01.643417367Z {"level":"info","ts":"2026-09-08T17:34:01.642380Z","logger":"raft","caller":"etcdserver/zap_raft.go:77","msg":"910c02830e9785c became candidate at term 2"}
2026-09-08T17:34:01.643426868Z {"level":"info","ts":"2026-09-08T17:34:01.642419Z","logger":"raft","caller":"etcdserver/zap_raft.go:77","msg":"910c02830e9785c received MsgVoteResp from 910c02830e9785c at term 2"}
2026-09-08T17:34:01.643434569Z {"level":"info","ts":"2026-09-08T17:34:01.642443Z","logger":"raft","caller":"etcdserver/zap_raft.go:77","msg":"910c02830e9785c became leader at term 2"}
2026-09-08T17:34:01.643441269Z {"level":"info","ts":"2026-09-08T17:34:01.642461Z","logger":"raft","caller":"etcdserver/zap_raft.go:77","msg":"raft.node: 910c02830e9785c elected leader 910c02830e9785c at term 2"}
2026-09-08T17:34:01.649197216Z {"level":"info","ts":"2026-09-08T17:34:01.647884Z","caller":"etcdserver/server.go:2629","msg":"setting up initial cluster version using v2 API","cluster-version":"3.5"}
2026-09-08T17:34:01.649255121Z {"level":"info","ts":"2026-09-08T17:34:01.648160Z","caller":"etcdserver/server.go:2118","msg":"published local member to cluster through raft","local-member-id":"910c02830e9785c","local-member-attributes":"{Name:etcd ClientURLs:[http://etcd:2379]}","request-path":"/0/members/910c02830e9785c/attributes","cluster-id":"1a907d880f41f38c","publish-timeout":"7s"}
2026-09-08T17:34:01.649519247Z {"level":"info","ts":"2026-09-08T17:34:01.648253Z","caller":"embed/serve.go:103","msg":"ready to serve client requests"}
2026-09-08T17:34:01.661857218Z {"level":"info","ts":"2026-09-08T17:34:01.649811Z","caller":"etcdmain/main.go:44","msg":"notifying init daemon"}
2026-09-08T17:34:01.661904723Z {"level":"info","ts":"2026-09-08T17:34:01.649891Z","caller":"etcdmain/main.go:50","msg":"successfully notified init daemon"}
2026-09-08T17:34:01.661911723Z {"level":"info","ts":"2026-09-08T17:34:01.651556Z","caller":"membership/cluster.go:584","msg":"set initial cluster version","cluster-id":"1a907d880f41f38c","local-member-id":"910c02830e9785c","cluster-version":"3.5"}
2026-09-08T17:34:01.661917824Z {"level":"info","ts":"2026-09-08T17:34:01.651810Z","caller":"api/capability.go:75","msg":"enabled capabilities for version","cluster-version":"3.5"}
2026-09-08T17:34:01.661922424Z {"level":"info","ts":"2026-09-08T17:34:01.652088Z","caller":"etcdserver/server.go:2653","msg":"cluster version is updated","cluster-version":"3.5"}
2026-09-08T17:34:01.661927625Z {"level":"info","ts":"2026-09-08T17:34:01.660473Z","caller":"v3rpc/health.go:61","msg":"grpc service status changed","service":"","status":"SERVING"}
2026-09-08T17:34:01.663429167Z {"level":"info","ts":"2026-09-08T17:34:01.663011Z","caller":"embed/serve.go:187","msg":"serving client traffic insecurely; this is strongly discouraged!","traffic":"grpc+http","address":"[::]:2379"}
2026-09-08T17:35:31.749822809Z {"level":"info","ts":"2026-09-08T17:35:31.735915Z","caller":"traceutil/trace.go:171","msg":"trace[2110170835] put","detail":"{key:/phase4/phase4-20260908T173358240-1efd4a87/members/phase4-20260908T173358240-1efd4a87-elastic2; req_size:354; response_revision:71; }","duration":"147.837946ms","start":"2026-09-08T17:35:31.586365Z","end":"2026-09-08T17:35:31.734203Z","steps":["trace[2110170835] 'process raft request'  (duration: 145.845358ms)"],"step_count":1}
