2026-09-08T17:38:12.689878168Z traffic start UTC=2026-09-08T17:38:12Z duration=900 offered_tps=2 clients=8
2026-09-08T17:38:12.720178536Z batch start UTC=2026-09-08T17:38:12Z batch=1 seconds=10
2026-09-08T17:38:13.107136676Z pgbench (16.4 (Debian 16.4-1.pgdg120+2))
2026-09-08T17:38:22.703612202Z transaction type: /work/read.sql
2026-09-08T17:38:22.703660006Z scaling factor: 1
2026-09-08T17:38:22.703665607Z query mode: simple
2026-09-08T17:38:22.703668907Z number of clients: 8
2026-09-08T17:38:22.703672208Z number of threads: 2
2026-09-08T17:38:22.703699510Z maximum number of tries: 1
2026-09-08T17:38:22.703703710Z duration: 10 s
2026-09-08T17:38:22.703706811Z number of transactions actually processed: 26
2026-09-08T17:38:22.703710911Z number of failed transactions: 0 (0.000%)
2026-09-08T17:38:22.703715811Z latency average = 92.727 ms
2026-09-08T17:38:22.703724612Z latency stddev = 97.046 ms
2026-09-08T17:38:22.703728313Z rate limit schedule lag: avg 66.589 (max 251.769) ms
2026-09-08T17:38:22.703731113Z average connection time = 56.732 ms
2026-09-08T17:38:22.703735713Z tps = 2.721290 (including reconnection times)
2026-09-08T17:38:22.708749171Z batch complete UTC=2026-09-08T17:38:22Z batch=1 exit=0
2026-09-08T17:38:22.712601223Z batch start UTC=2026-09-08T17:38:22Z batch=2 seconds=10
2026-09-08T17:38:22.821624486Z pgbench (16.4 (Debian 16.4-1.pgdg120+2))
2026-09-08T17:38:32.380830184Z transaction type: /work/read.sql
2026-09-08T17:38:32.380854786Z scaling factor: 1
2026-09-08T17:38:32.380860287Z query mode: simple
2026-09-08T17:38:32.380864187Z number of clients: 8
2026-09-08T17:38:32.380868188Z number of threads: 2
2026-09-08T17:38:32.380872388Z maximum number of tries: 1
2026-09-08T17:38:32.380875988Z duration: 10 s
2026-09-08T17:38:32.380879289Z number of transactions actually processed: 26
2026-09-08T17:38:32.380882589Z number of failed transactions: 0 (0.000%)
2026-09-08T17:38:32.380885789Z latency average = 33.384 ms
2026-09-08T17:38:32.380908991Z latency stddev = 9.890 ms
2026-09-08T17:38:32.380916292Z rate limit schedule lag: avg 29.012 (max 49.164) ms
2026-09-08T17:38:32.380920992Z average connection time = 29.065 ms
2026-09-08T17:38:32.380927893Z tps = 2.721717 (including reconnection times)
2026-09-08T17:38:32.385252589Z batch complete UTC=2026-09-08T17:38:32Z batch=2 exit=0
2026-09-08T17:38:32.390386758Z batch start UTC=2026-09-08T17:38:32Z batch=3 seconds=10
2026-09-08T17:38:32.476836868Z pgbench (16.4 (Debian 16.4-1.pgdg120+2))
2026-09-08T17:38:42.097607833Z transaction type: /work/read.sql
2026-09-08T17:38:42.097634035Z scaling factor: 1
2026-09-08T17:38:42.097639135Z query mode: simple
2026-09-08T17:38:42.097642936Z number of clients: 8
2026-09-08T17:38:42.097646136Z number of threads: 2
2026-09-08T17:38:42.097649436Z maximum number of tries: 1
2026-09-08T17:38:42.097652837Z duration: 10 s
2026-09-08T17:38:42.097656337Z number of transactions actually processed: 26
2026-09-08T17:38:42.097659737Z number of failed transactions: 0 (0.000%)
2026-09-08T17:38:42.097663238Z latency average = 34.139 ms
2026-09-08T17:38:42.097665738Z latency stddev = 13.091 ms
2026-09-08T17:38:42.097667838Z rate limit schedule lag: avg 30.962 (max 59.413) ms
2026-09-08T17:38:42.097669838Z average connection time = 30.165 ms
2026-09-08T17:38:42.097671838Z tps = 2.723656 (including reconnection times)
2026-09-08T17:38:42.101313272Z batch complete UTC=2026-09-08T17:38:42Z batch=3 exit=0
2026-09-08T17:38:42.103893909Z batch start UTC=2026-09-08T17:38:42Z batch=4 seconds=10
2026-09-08T17:38:42.194374504Z pgbench (16.4 (Debian 16.4-1.pgdg120+2))
2026-09-08T17:38:51.748346021Z transaction type: /work/read.sql
2026-09-08T17:38:51.748400426Z scaling factor: 1
2026-09-08T17:38:51.748406127Z query mode: simple
2026-09-08T17:38:51.748409427Z number of clients: 8
2026-09-08T17:38:51.748412427Z number of threads: 2
2026-09-08T17:38:51.748415427Z maximum number of tries: 1
2026-09-08T17:38:51.748418828Z duration: 10 s
2026-09-08T17:38:51.748421928Z number of transactions actually processed: 26
2026-09-08T17:38:51.748425228Z number of failed transactions: 0 (0.000%)
2026-09-08T17:38:51.748428629Z latency average = 27.982 ms
2026-09-08T17:38:51.748432229Z latency stddev = 9.559 ms
2026-09-08T17:38:51.748435329Z rate limit schedule lag: avg 25.212 (max 45.624) ms
2026-09-08T17:38:51.748438730Z average connection time = 25.226 ms
2026-09-08T17:38:51.748442130Z tps = 2.724211 (including reconnection times)
2026-09-08T17:38:51.752548706Z batch complete UTC=2026-09-08T17:38:51Z batch=4 exit=0
2026-09-08T17:38:51.755249553Z batch start UTC=2026-09-08T17:38:51Z batch=5 seconds=10
2026-09-08T17:38:51.844568025Z pgbench (16.4 (Debian 16.4-1.pgdg120+2))
2026-09-08T17:39:01.396241612Z transaction type: /work/read.sql
2026-09-08T17:39:01.396320119Z scaling factor: 1
2026-09-08T17:39:01.396324820Z query mode: simple
2026-09-08T17:39:01.396328220Z number of clients: 8
2026-09-08T17:39:01.396331520Z number of threads: 2
2026-09-08T17:39:01.396335121Z maximum number of tries: 1
2026-09-08T17:39:01.396338721Z duration: 10 s
2026-09-08T17:39:01.396342021Z number of transactions actually processed: 26
2026-09-08T17:39:01.396345522Z number of failed transactions: 0 (0.000%)
2026-09-08T17:39:01.396370824Z latency average = 27.025 ms
2026-09-08T17:39:01.396374824Z latency stddev = 4.981 ms
2026-09-08T17:39:01.396378325Z rate limit schedule lag: avg 24.324 (max 37.608) ms
2026-09-08T17:39:01.396382125Z average connection time = 24.412 ms
2026-09-08T17:39:01.396385525Z tps = 2.723692 (including reconnection times)
2026-09-08T17:39:01.399733031Z batch complete UTC=2026-09-08T17:39:01Z batch=5 exit=0
2026-09-08T17:39:01.401941333Z batch start UTC=2026-09-08T17:39:01Z batch=6 seconds=10
2026-09-08T17:39:01.504168980Z pgbench (16.4 (Debian 16.4-1.pgdg120+2))
2026-09-08T17:39:11.086360565Z transaction type: /work/read.sql
2026-09-08T17:39:11.086411169Z scaling factor: 1
2026-09-08T17:39:11.086417870Z query mode: simple
2026-09-08T17:39:11.086422170Z number of clients: 8
2026-09-08T17:39:11.086425871Z number of threads: 2
2026-09-08T17:39:11.086429371Z maximum number of tries: 1
2026-09-08T17:39:11.086433071Z duration: 10 s
2026-09-08T17:39:11.086436772Z number of transactions actually processed: 26
2026-09-08T17:39:11.086440672Z number of failed transactions: 0 (0.000%)
2026-09-08T17:39:11.086444372Z latency average = 31.259 ms
2026-09-08T17:39:11.086447973Z latency stddev = 10.791 ms
2026-09-08T17:39:11.086451873Z rate limit schedule lag: avg 28.151 (max 50.537) ms
2026-09-08T17:39:11.086455873Z average connection time = 28.365 ms
2026-09-08T17:39:11.086459874Z tps = 2.715138 (including reconnection times)
2026-09-08T17:39:11.093575324Z batch complete UTC=2026-09-08T17:39:11Z batch=6 exit=0
2026-09-08T17:39:11.096398282Z batch start UTC=2026-09-08T17:39:11Z batch=7 seconds=10
2026-09-08T17:39:11.224984732Z pgbench (16.4 (Debian 16.4-1.pgdg120+2))
2026-09-08T17:39:20.773408158Z transaction type: /work/read.sql
2026-09-08T17:39:20.773452762Z scaling factor: 1
2026-09-08T17:39:20.773457163Z query mode: simple
2026-09-08T17:39:20.773459963Z number of clients: 8
2026-09-08T17:39:20.773462363Z number of threads: 2
2026-09-08T17:39:20.773471864Z maximum number of tries: 1
2026-09-08T17:39:20.773474264Z duration: 10 s
2026-09-08T17:39:20.773476465Z number of transactions actually processed: 26
2026-09-08T17:39:20.773478765Z number of failed transactions: 0 (0.000%)
2026-09-08T17:39:20.773480765Z latency average = 30.622 ms
2026-09-08T17:39:20.773482965Z latency stddev = 9.983 ms
2026-09-08T17:39:20.773485065Z rate limit schedule lag: avg 27.810 (max 50.700) ms
2026-09-08T17:39:20.773487366Z average connection time = 27.855 ms
2026-09-08T17:39:20.773489566Z tps = 2.724738 (including reconnection times)
2026-09-08T17:39:20.777504033Z batch complete UTC=2026-09-08T17:39:20Z batch=7 exit=0
2026-09-08T17:39:20.779753838Z batch start UTC=2026-09-08T17:39:20Z batch=8 seconds=10
2026-09-08T17:39:20.838929343Z pgbench (16.4 (Debian 16.4-1.pgdg120+2))
2026-09-08T17:39:30.395284631Z transaction type: /work/read.sql
2026-09-08T17:39:30.395330635Z scaling factor: 1
2026-09-08T17:39:30.395337336Z query mode: simple
2026-09-08T17:39:30.395341936Z number of clients: 8
2026-09-08T17:39:30.395346136Z number of threads: 2
2026-09-08T17:39:30.395350537Z maximum number of tries: 1
2026-09-08T17:39:30.395355137Z duration: 10 s
2026-09-08T17:39:30.395359938Z number of transactions actually processed: 26
2026-09-08T17:39:30.395364638Z number of failed transactions: 0 (0.000%)
2026-09-08T17:39:30.395369438Z latency average = 26.429 ms
2026-09-08T17:39:30.395374139Z latency stddev = 9.734 ms
2026-09-08T17:39:30.395378939Z rate limit schedule lag: avg 23.988 (max 51.711) ms
2026-09-08T17:39:30.395389540Z average connection time = 24.213 ms
2026-09-08T17:39:30.395394341Z tps = 2.722373 (including reconnection times)
2026-09-08T17:39:30.399410608Z batch complete UTC=2026-09-08T17:39:30Z batch=8 exit=0
2026-09-08T17:39:30.403271760Z batch start UTC=2026-09-08T17:39:30Z batch=9 seconds=10
2026-09-08T17:39:30.463395550Z pgbench (16.4 (Debian 16.4-1.pgdg120+2))
2026-09-08T17:39:40.003981117Z transaction type: /work/read.sql
2026-09-08T17:39:40.004026021Z scaling factor: 1
2026-09-08T17:39:40.004032422Z query mode: simple
2026-09-08T17:39:40.004037322Z number of clients: 8
2026-09-08T17:39:40.004042122Z number of threads: 2
2026-09-08T17:39:40.004046723Z maximum number of tries: 1
2026-09-08T17:39:40.004051623Z duration: 10 s
2026-09-08T17:39:40.004056424Z number of transactions actually processed: 26
2026-09-08T17:39:40.004061224Z number of failed transactions: 0 (0.000%)
2026-09-08T17:39:40.004066125Z latency average = 25.085 ms
2026-09-08T17:39:40.004070825Z latency stddev = 6.138 ms
2026-09-08T17:39:40.004075525Z rate limit schedule lag: avg 22.399 (max 42.700) ms
2026-09-08T17:39:40.004080126Z average connection time = 22.417 ms
2026-09-08T17:39:40.004104728Z tps = 2.725531 (including reconnection times)
2026-09-08T17:39:40.007331423Z batch complete UTC=2026-09-08T17:39:40Z batch=9 exit=0
2026-09-08T17:39:40.009780746Z batch start UTC=2026-09-08T17:39:40Z batch=10 seconds=10
2026-09-08T17:39:40.079589017Z pgbench (16.4 (Debian 16.4-1.pgdg120+2))
2026-09-08T17:39:49.639594506Z transaction type: /work/read.sql
2026-09-08T17:39:49.639639910Z scaling factor: 1
2026-09-08T17:39:49.639646111Z query mode: simple
2026-09-08T17:39:49.639650811Z number of clients: 8
2026-09-08T17:39:49.639681214Z number of threads: 2
2026-09-08T17:39:49.639686514Z maximum number of tries: 1
2026-09-08T17:39:49.639690515Z duration: 10 s
2026-09-08T17:39:49.639701616Z number of transactions actually processed: 26
2026-09-08T17:39:49.639706216Z number of failed transactions: 0 (0.000%)
2026-09-08T17:39:49.639710717Z latency average = 29.798 ms
2026-09-08T17:39:49.639714917Z latency stddev = 11.030 ms
2026-09-08T17:39:49.639719217Z rate limit schedule lag: avg 26.007 (max 40.228) ms
2026-09-08T17:39:49.639723518Z average connection time = 25.709 ms
2026-09-08T17:39:49.639727618Z tps = 2.721940 (including reconnection times)
2026-09-08T17:39:49.644562259Z batch complete UTC=2026-09-08T17:39:49Z batch=10 exit=0
2026-09-08T17:39:49.646964178Z batch start UTC=2026-09-08T17:39:49Z batch=11 seconds=10
2026-09-08T17:39:49.717539618Z pgbench (16.4 (Debian 16.4-1.pgdg120+2))
2026-09-08T17:39:59.267996597Z transaction type: /work/read.sql
2026-09-08T17:39:59.268020399Z scaling factor: 1
2026-09-08T17:39:59.268023799Z query mode: simple
2026-09-08T17:39:59.268025799Z number of clients: 8
2026-09-08T17:39:59.268027700Z number of threads: 2
2026-09-08T17:39:59.268029600Z maximum number of tries: 1
2026-09-08T17:39:59.268031800Z duration: 10 s
2026-09-08T17:39:59.268033800Z number of transactions actually processed: 26
2026-09-08T17:39:59.268035800Z number of failed transactions: 0 (0.000%)
2026-09-08T17:39:59.268037700Z latency average = 24.036 ms
2026-09-08T17:39:59.268039601Z latency stddev = 6.174 ms
2026-09-08T17:39:59.268041501Z rate limit schedule lag: avg 21.560 (max 44.088) ms
2026-09-08T17:39:59.268043401Z average connection time = 21.601 ms
2026-09-08T17:39:59.268045301Z tps = 2.724280 (including reconnection times)
2026-09-08T17:39:59.271461513Z batch complete UTC=2026-09-08T17:39:59Z batch=11 exit=0
2026-09-08T17:39:59.273248576Z batch start UTC=2026-09-08T17:39:59Z batch=12 seconds=10
2026-09-08T17:39:59.341754226Z pgbench (16.4 (Debian 16.4-1.pgdg120+2))
2026-09-08T17:40:08.892162621Z transaction type: /work/read.sql
2026-09-08T17:40:08.892199125Z scaling factor: 1
2026-09-08T17:40:08.892201425Z query mode: simple
2026-09-08T17:40:08.892203025Z number of clients: 8
2026-09-08T17:40:08.892204525Z number of threads: 2
2026-09-08T17:40:08.892206025Z maximum number of tries: 1
2026-09-08T17:40:08.892207525Z duration: 10 s
2026-09-08T17:40:08.892209026Z number of transactions actually processed: 26
2026-09-08T17:40:08.892210626Z number of failed transactions: 0 (0.000%)
2026-09-08T17:40:08.892212126Z latency average = 25.600 ms
2026-09-08T17:40:08.892213626Z latency stddev = 10.662 ms
2026-09-08T17:40:08.892215826Z rate limit schedule lag: avg 22.926 (max 60.344) ms
2026-09-08T17:40:08.892217426Z average connection time = 22.931 ms
2026-09-08T17:40:08.892218826Z tps = 2.723183 (including reconnection times)
2026-09-08T17:40:08.895934865Z batch complete UTC=2026-09-08T17:40:08Z batch=12 exit=0
2026-09-08T17:40:08.898225774Z batch start UTC=2026-09-08T17:40:08Z batch=13 seconds=10
2026-09-08T17:40:08.980373867Z pgbench (16.4 (Debian 16.4-1.pgdg120+2))
2026-09-08T17:40:18.526714400Z transaction type: /work/read.sql
2026-09-08T17:40:18.526734402Z scaling factor: 1
2026-09-08T17:40:18.526738503Z query mode: simple
2026-09-08T17:40:18.526741803Z number of clients: 8
2026-09-08T17:40:18.526745003Z number of threads: 2
2026-09-08T17:40:18.526748404Z maximum number of tries: 1
2026-09-08T17:40:18.526751904Z duration: 10 s
2026-09-08T17:40:18.526755204Z number of transactions actually processed: 26
2026-09-08T17:40:18.526758804Z number of failed transactions: 0 (0.000%)
2026-09-08T17:40:18.526766805Z latency average = 28.294 ms
2026-09-08T17:40:18.526770106Z latency stddev = 15.639 ms
2026-09-08T17:40:18.526773306Z rate limit schedule lag: avg 24.056 (max 56.774) ms
2026-09-08T17:40:18.526776706Z average connection time = 23.612 ms
2026-09-08T17:40:18.526779906Z tps = 2.724757 (including reconnection times)
2026-09-08T17:40:18.530066406Z batch complete UTC=2026-09-08T17:40:18Z batch=13 exit=0
2026-09-08T17:40:18.533114984Z batch start UTC=2026-09-08T17:40:18Z batch=14 seconds=10
2026-09-08T17:40:18.665360643Z pgbench (16.4 (Debian 16.4-1.pgdg120+2))
2026-09-08T17:40:28.210684818Z transaction type: /work/read.sql
2026-09-08T17:40:28.210717121Z scaling factor: 1
2026-09-08T17:40:28.210721021Z query mode: simple
2026-09-08T17:40:28.210723621Z number of clients: 8
2026-09-08T17:40:28.210726022Z number of threads: 2
2026-09-08T17:40:28.210728222Z maximum number of tries: 1
2026-09-08T17:40:28.210731122Z duration: 10 s
2026-09-08T17:40:28.210733922Z number of transactions actually processed: 26
2026-09-08T17:40:28.210804429Z number of failed transactions: 0 (0.000%)
2026-09-08T17:40:28.210807529Z latency average = 28.376 ms
2026-09-08T17:40:28.210808929Z latency stddev = 12.671 ms
2026-09-08T17:40:28.210810229Z rate limit schedule lag: avg 25.911 (max 58.768) ms
2026-09-08T17:40:28.210811529Z average connection time = 25.884 ms
2026-09-08T17:40:28.210812830Z tps = 2.726324 (including reconnection times)
2026-09-08T17:40:28.213693092Z batch complete UTC=2026-09-08T17:40:28Z batch=14 exit=0
2026-09-08T17:40:28.216331333Z traffic complete UTC=2026-09-08T17:40:28Z stop_requested=1
