2026-09-08T23:25:57.272342761Z 2026-09-08 23:25:57,271 INFO: Selected new etcd server http://etcd:2379
2026-09-08T23:25:57.380686598Z 2026-09-08 23:25:57,380 INFO: No PostgreSQL configuration items changed, nothing to reload.
2026-09-08T23:25:57.561850122Z 2026-09-08 23:25:57,483 INFO: Lock owner: phase4-20260908T231619712-a9cb57ed-primary; I am phase4-20260908T231619712-a9cb57ed-elastic4
2026-09-08T23:25:57.562218014Z 2026-09-08 23:25:57,560 INFO: trying to bootstrap from leader 'phase4-20260908T231619712-a9cb57ed-primary'
2026-09-08T23:26:03.525035774Z 2026-09-08 23:26:01,930 INFO: Lock owner: phase4-20260908T231619712-a9cb57ed-primary; I am phase4-20260908T231619712-a9cb57ed-elastic4
2026-09-08T23:26:03.525086483Z 2026-09-08 23:26:03,513 INFO: bootstrap from leader 'phase4-20260908T231619712-a9cb57ed-primary' in progress
2026-09-08T23:26:07.259830273Z 2026-09-08 23:26:06,940 INFO: Lock owner: phase4-20260908T231619712-a9cb57ed-primary; I am phase4-20260908T231619712-a9cb57ed-elastic4
2026-09-08T23:26:07.259875515Z 2026-09-08 23:26:07,184 INFO: bootstrap from leader 'phase4-20260908T231619712-a9cb57ed-primary' in progress
2026-09-08T23:26:12.175903316Z 2026-09-08 23:26:12,103 INFO: Lock owner: phase4-20260908T231619712-a9cb57ed-primary; I am phase4-20260908T231619712-a9cb57ed-elastic4
2026-09-08T23:26:12.175963671Z 2026-09-08 23:26:12,172 INFO: bootstrap from leader 'phase4-20260908T231619712-a9cb57ed-primary' in progress
2026-09-08T23:26:12.513922385Z 2026-09-08 23:26:12,232 INFO: Lock owner: phase4-20260908T231619712-a9cb57ed-primary; I am phase4-20260908T231619712-a9cb57ed-elastic4
2026-09-08T23:26:12.517028834Z 2026-09-08 23:26:12,508 INFO: bootstrap from leader 'phase4-20260908T231619712-a9cb57ed-primary' in progress
2026-09-08T23:26:15.896024831Z 2026-09-08 23:26:15,893 INFO: replica has been created using basebackup
2026-09-08T23:26:15.907774205Z 2026-09-08 23:26:15,901 INFO: bootstrapped from leader 'phase4-20260908T231619712-a9cb57ed-primary'
2026-09-08T23:26:16.933099546Z 2026-09-08 23:26:16,891 INFO: Lock owner: phase4-20260908T231619712-a9cb57ed-primary; I am phase4-20260908T231619712-a9cb57ed-elastic4
2026-09-08T23:26:16.933578685Z 2026-09-08 23:26:16,911 INFO: bootstrap from leader 'phase4-20260908T231619712-a9cb57ed-primary' in progress
2026-09-08T23:26:19.376106115Z 2026-09-08 23:26:19,357 INFO: postmaster pid=34
2026-09-08T23:26:19.863684857Z 2026-09-08 23:26:19.855 UTC [34] db= user= app= client= session=6aa0999b.22 tx=0 LOG:  redirecting log output to logging collector process
2026-09-08T23:26:19.863738706Z 2026-09-08 23:26:19.855 UTC [34] db= user= app= client= session=6aa0999b.22 tx=0 HINT:  Future log output will appear in directory "pg_log".
2026-09-08T23:26:20.862295991Z 2026-09-08 23:26:20,831 INFO: establishing a new patroni heartbeat connection to postgres
2026-09-08T23:26:21.980153089Z 2026-09-08 23:26:21,861 INFO: Lock owner: phase4-20260908T231619712-a9cb57ed-primary; I am phase4-20260908T231619712-a9cb57ed-elastic4
2026-09-08T23:26:21.980204436Z 2026-09-08 23:26:21,979 INFO: bootstrap from leader 'phase4-20260908T231619712-a9cb57ed-primary' in progress
2026-09-08T23:26:22.666381617Z 2026-09-08 23:26:22,664 INFO: establishing a new patroni heartbeat connection to postgres
2026-09-08T23:26:22.726918784Z 2026-09-08 23:26:22,725 INFO: establishing a new patroni restapi connection to postgres
2026-09-08T23:26:23.325451606Z 2026-09-08 23:26:23,324 INFO: no action. I am (phase4-20260908T231619712-a9cb57ed-elastic4), a secondary, and following a leader (phase4-20260908T231619712-a9cb57ed-primary)
2026-09-08T23:26:26.907462843Z 2026-09-08 23:26:26,905 INFO: no action. I am (phase4-20260908T231619712-a9cb57ed-elastic4), a secondary, and following a leader (phase4-20260908T231619712-a9cb57ed-primary)
2026-09-08T23:26:32.424037379Z 2026-09-08 23:26:32,419 INFO: no action. I am (phase4-20260908T231619712-a9cb57ed-elastic4), a secondary, and following a leader (phase4-20260908T231619712-a9cb57ed-primary)
2026-09-08T23:26:36.940087782Z 2026-09-08 23:26:36,937 INFO: no action. I am (phase4-20260908T231619712-a9cb57ed-elastic4), a secondary, and following a leader (phase4-20260908T231619712-a9cb57ed-primary)
2026-09-08T23:26:42.433726563Z 2026-09-08 23:26:42,430 INFO: no action. I am (phase4-20260908T231619712-a9cb57ed-elastic4), a secondary, and following a leader (phase4-20260908T231619712-a9cb57ed-primary)
2026-09-08T23:26:47.382327714Z 2026-09-08 23:26:47,381 INFO: no action. I am (phase4-20260908T231619712-a9cb57ed-elastic4), a secondary, and following a leader (phase4-20260908T231619712-a9cb57ed-primary)
2026-09-08T23:26:52.437413354Z 2026-09-08 23:26:52,435 INFO: no action. I am (phase4-20260908T231619712-a9cb57ed-elastic4), a secondary, and following a leader (phase4-20260908T231619712-a9cb57ed-primary)
2026-09-08T23:26:57.394317693Z 2026-09-08 23:26:57,390 INFO: no action. I am (phase4-20260908T231619712-a9cb57ed-elastic4), a secondary, and following a leader (phase4-20260908T231619712-a9cb57ed-primary)
2026-09-08T23:27:02.424730734Z 2026-09-08 23:27:02,423 INFO: no action. I am (phase4-20260908T231619712-a9cb57ed-elastic4), a secondary, and following a leader (phase4-20260908T231619712-a9cb57ed-primary)
2026-09-08T23:27:02.627435898Z 2026-09-08 23:27:02,620 WARNING: Exception happened during processing of request from 172.25.0.5:51718
2026-09-08T23:27:02.683554972Z 2026-09-08 23:27:02,682 WARNING: Traceback (most recent call last):
2026-09-08T23:27:02.683609070Z   File "/usr/lib/python3.11/socketserver.py", line 691, in process_request_thread
2026-09-08T23:27:02.683623370Z     self.finish_request(request, client_address)
2026-09-08T23:27:02.683632770Z   File "/usr/lib/python3.11/socketserver.py", line 361, in finish_request
2026-09-08T23:27:02.683639770Z     self.RequestHandlerClass(request, client_address, self)
2026-09-08T23:27:02.683647869Z   File "/usr/local/lib/python3.11/dist-packages/patroni/api.py", line 105, in __init__
2026-09-08T23:27:02.683682468Z     super(RestApiHandler, self).__init__(request, client_address, server)
2026-09-08T23:27:02.683689968Z   File "/usr/lib/python3.11/socketserver.py", line 755, in __init__
2026-09-08T23:27:02.683694268Z     self.handle()
2026-09-08T23:27:02.683698168Z   File "/usr/lib/python3.11/http/server.py", line 432, in handle
2026-09-08T23:27:02.683702068Z     self.handle_one_request()
2026-09-08T23:27:02.683706268Z   File "/usr/local/lib/python3.11/dist-packages/patroni/api.py", line 1348, in handle_one_request
2026-09-08T23:27:02.683710767Z     BaseHTTPRequestHandler.handle_one_request(self)
2026-09-08T23:27:02.683714867Z   File "/usr/lib/python3.11/http/server.py", line 420, in handle_one_request
2026-09-08T23:27:02.683719067Z     method()
2026-09-08T23:27:02.683722967Z   File "/usr/local/lib/python3.11/dist-packages/patroni/api.py", line 375, in do_GET
2026-09-08T23:27:02.683725667Z     self._write_status_response(status_code, response)
2026-09-08T23:27:02.683728967Z   File "/usr/local/lib/python3.11/dist-packages/patroni/api.py", line 221, in _write_status_response
2026-09-08T23:27:02.683731567Z     self._write_json_response(status_code, response)
2026-09-08T23:27:02.683734167Z   File "/usr/local/lib/python3.11/dist-packages/patroni/api.py", line 167, in _write_json_response
2026-09-08T23:27:02.683737967Z     self.write_response(status_code, json.dumps(response, default=str), content_type='application/json')
2026-09-08T23:27:02.683742167Z   File "/usr/local/lib/python3.11/dist-packages/patroni/api.py", line 157, in write_response
2026-09-08T23:27:02.683746766Z     self.wfile.write(body.encode('utf-8'))
2026-09-08T23:27:02.683751066Z   File "/usr/lib/python3.11/socketserver.py", line 834, in write
2026-09-08T23:27:02.683755466Z     self._sock.sendall(b)
2026-09-08T23:27:02.683759766Z ConnectionResetError: [Errno 104] Connection reset by peer
2026-09-08T23:27:02.683764066Z 
2026-09-08T23:27:07.370721944Z 2026-09-08 23:27:07,364 INFO: no action. I am (phase4-20260908T231619712-a9cb57ed-elastic4), a secondary, and following a leader (phase4-20260908T231619712-a9cb57ed-primary)
2026-09-08T23:27:11.755777805Z 2026-09-08 23:27:11,742 WARNING: Exception happened during processing of request from 172.25.0.5:43850
2026-09-08T23:27:11.787899533Z 2026-09-08 23:27:11,786 WARNING: Traceback (most recent call last):
2026-09-08T23:27:11.787958777Z   File "/usr/lib/python3.11/socketserver.py", line 691, in process_request_thread
2026-09-08T23:27:11.787978492Z     self.finish_request(request, client_address)
2026-09-08T23:27:11.787989300Z   File "/usr/lib/python3.11/socketserver.py", line 361, in finish_request
2026-09-08T23:27:11.787997005Z     self.RequestHandlerClass(request, client_address, self)
2026-09-08T23:27:11.788003710Z   File "/usr/local/lib/python3.11/dist-packages/patroni/api.py", line 105, in __init__
2026-09-08T23:27:11.788011016Z     super(RestApiHandler, self).__init__(request, client_address, server)
2026-09-08T23:27:11.788046742Z   File "/usr/lib/python3.11/socketserver.py", line 755, in __init__
2026-09-08T23:27:11.788052446Z     self.handle()
2026-09-08T23:27:11.788056850Z   File "/usr/lib/python3.11/http/server.py", line 432, in handle
2026-09-08T23:27:11.788061453Z     self.handle_one_request()
2026-09-08T23:27:11.788065956Z   File "/usr/local/lib/python3.11/dist-packages/patroni/api.py", line 1348, in handle_one_request
2026-09-08T23:27:11.788070760Z     BaseHTTPRequestHandler.handle_one_request(self)
2026-09-08T23:27:11.788075063Z   File "/usr/lib/python3.11/http/server.py", line 420, in handle_one_request
2026-09-08T23:27:11.788079967Z     method()
2026-09-08T23:27:11.788084170Z   File "/usr/local/lib/python3.11/dist-packages/patroni/api.py", line 375, in do_GET
2026-09-08T23:27:11.788088973Z     self._write_status_response(status_code, response)
2026-09-08T23:27:11.788093477Z   File "/usr/local/lib/python3.11/dist-packages/patroni/api.py", line 221, in _write_status_response
2026-09-08T23:27:11.788098180Z     self._write_json_response(status_code, response)
2026-09-08T23:27:11.788102583Z   File "/usr/local/lib/python3.11/dist-packages/patroni/api.py", line 167, in _write_json_response
2026-09-08T23:27:11.788107287Z     self.write_response(status_code, json.dumps(response, default=str), content_type='application/json')
2026-09-08T23:27:11.788112591Z   File "/usr/local/lib/python3.11/dist-packages/patroni/api.py", line 157, in write_response
2026-09-08T23:27:11.788127702Z     self.wfile.write(body.encode('utf-8'))
2026-09-08T23:27:11.788132405Z   File "/usr/lib/python3.11/socketserver.py", line 834, in write
2026-09-08T23:27:11.788137109Z     self._sock.sendall(b)
2026-09-08T23:27:11.788141212Z ConnectionResetError: [Errno 104] Connection reset by peer
2026-09-08T23:27:11.788145715Z 
2026-09-08T23:27:12.579780499Z 2026-09-08 23:27:12,575 INFO: no action. I am (phase4-20260908T231619712-a9cb57ed-elastic4), a secondary, and following a leader (phase4-20260908T231619712-a9cb57ed-primary)
2026-09-08T23:27:17.395582339Z 2026-09-08 23:27:17,387 INFO: no action. I am (phase4-20260908T231619712-a9cb57ed-elastic4), a secondary, and following a leader (phase4-20260908T231619712-a9cb57ed-primary)
2026-09-08T23:27:22.441819577Z 2026-09-08 23:27:22,438 INFO: no action. I am (phase4-20260908T231619712-a9cb57ed-elastic4), a secondary, and following a leader (phase4-20260908T231619712-a9cb57ed-primary)
2026-09-08T23:27:27.006788503Z 2026-09-08 23:27:27,005 INFO: no action. I am (phase4-20260908T231619712-a9cb57ed-elastic4), a secondary, and following a leader (phase4-20260908T231619712-a9cb57ed-primary)
2026-09-08T23:27:33.170178848Z 2026-09-08 23:27:33,161 INFO: no action. I am (phase4-20260908T231619712-a9cb57ed-elastic4), a secondary, and following a leader (phase4-20260908T231619712-a9cb57ed-primary)
2026-09-08T23:27:33.171512250Z 2026-09-08 23:27:33,171 INFO: no action. I am (phase4-20260908T231619712-a9cb57ed-elastic4), a secondary, and following a leader (phase4-20260908T231619712-a9cb57ed-primary)
2026-09-08T23:27:38.686085544Z 2026-09-08 23:27:38,685 INFO: no action. I am (phase4-20260908T231619712-a9cb57ed-elastic4), a secondary, and following a leader (phase4-20260908T231619712-a9cb57ed-primary)
2026-09-08T23:27:41.966738811Z 2026-09-08 23:27:41,961 INFO: no action. I am (phase4-20260908T231619712-a9cb57ed-elastic4), a secondary, and following a leader (phase4-20260908T231619712-a9cb57ed-primary)
2026-09-08T23:27:43.550991546Z 2026-09-08 23:27:43,524 WARNING: Exception happened during processing of request from 172.25.0.5:38288
2026-09-08T23:27:43.655659995Z 2026-09-08 23:27:43,654 WARNING: Traceback (most recent call last):
2026-09-08T23:27:43.655713009Z   File "/usr/lib/python3.11/socketserver.py", line 691, in process_request_thread
2026-09-08T23:27:43.655724312Z     self.finish_request(request, client_address)
2026-09-08T23:27:43.655731414Z   File "/usr/lib/python3.11/socketserver.py", line 361, in finish_request
2026-09-08T23:27:43.655738416Z     self.RequestHandlerClass(request, client_address, self)
2026-09-08T23:27:43.655745217Z   File "/usr/local/lib/python3.11/dist-packages/patroni/api.py", line 105, in __init__
2026-09-08T23:27:43.655752019Z     super(RestApiHandler, self).__init__(request, client_address, server)
2026-09-08T23:27:43.655759021Z   File "/usr/lib/python3.11/socketserver.py", line 755, in __init__
2026-09-08T23:27:43.655765523Z     self.handle()
2026-09-08T23:27:43.655772325Z   File "/usr/lib/python3.11/http/server.py", line 432, in handle
2026-09-08T23:27:43.655779826Z     self.handle_one_request()
2026-09-08T23:27:43.655787128Z   File "/usr/local/lib/python3.11/dist-packages/patroni/api.py", line 1348, in handle_one_request
2026-09-08T23:27:43.655794730Z     BaseHTTPRequestHandler.handle_one_request(self)
2026-09-08T23:27:43.655802332Z   File "/usr/lib/python3.11/http/server.py", line 420, in handle_one_request
2026-09-08T23:27:43.655809634Z     method()
2026-09-08T23:27:43.655816136Z   File "/usr/local/lib/python3.11/dist-packages/patroni/api.py", line 375, in do_GET
2026-09-08T23:27:43.655823638Z     self._write_status_response(status_code, response)
2026-09-08T23:27:43.655829839Z   File "/usr/local/lib/python3.11/dist-packages/patroni/api.py", line 221, in _write_status_response
2026-09-08T23:27:43.655837141Z     self._write_json_response(status_code, response)
2026-09-08T23:27:43.655844143Z   File "/usr/local/lib/python3.11/dist-packages/patroni/api.py", line 167, in _write_json_response
2026-09-08T23:27:43.655851945Z     self.write_response(status_code, json.dumps(response, default=str), content_type='application/json')
2026-09-08T23:27:43.655858947Z   File "/usr/local/lib/python3.11/dist-packages/patroni/api.py", line 157, in write_response
2026-09-08T23:27:43.655866249Z     self.wfile.write(body.encode('utf-8'))
2026-09-08T23:27:43.655873151Z   File "/usr/lib/python3.11/socketserver.py", line 834, in write
2026-09-08T23:27:43.655880553Z     self._sock.sendall(b)
2026-09-08T23:27:43.656032292Z ConnectionResetError: [Errno 104] Connection reset by peer
2026-09-08T23:27:43.656041195Z 
2026-09-08T23:27:45.579556152Z 2026-09-08 23:27:45,551 WARNING: Exception happened during processing of request from 172.25.0.5:38310
2026-09-08T23:27:45.580406273Z 2026-09-08 23:27:45,556 WARNING: Traceback (most recent call last):
2026-09-08T23:27:45.580426378Z   File "/usr/lib/python3.11/socketserver.py", line 691, in process_request_thread
2026-09-08T23:27:45.580433380Z     self.finish_request(request, client_address)
2026-09-08T23:27:45.580437981Z   File "/usr/lib/python3.11/socketserver.py", line 361, in finish_request
2026-09-08T23:27:45.580442482Z     self.RequestHandlerClass(request, client_address, self)
2026-09-08T23:27:45.580446483Z   File "/usr/local/lib/python3.11/dist-packages/patroni/api.py", line 105, in __init__
2026-09-08T23:27:45.580450485Z     super(RestApiHandler, self).__init__(request, client_address, server)
2026-09-08T23:27:45.580454586Z   File "/usr/lib/python3.11/socketserver.py", line 755, in __init__
2026-09-08T23:27:45.580459587Z     self.handle()
2026-09-08T23:27:45.580464288Z   File "/usr/lib/python3.11/http/server.py", line 432, in handle
2026-09-08T23:27:45.580468989Z     self.handle_one_request()
2026-09-08T23:27:45.580473591Z   File "/usr/local/lib/python3.11/dist-packages/patroni/api.py", line 1348, in handle_one_request
2026-09-08T23:27:45.580478592Z     BaseHTTPRequestHandler.handle_one_request(self)
2026-09-08T23:27:45.580482993Z   File "/usr/lib/python3.11/http/server.py", line 420, in handle_one_request
2026-09-08T23:27:45.580487594Z     method()
2026-09-08T23:27:45.580491795Z   File "/usr/local/lib/python3.11/dist-packages/patroni/api.py", line 375, in do_GET
2026-09-08T23:27:45.580496196Z     self._write_status_response(status_code, response)
2026-09-08T23:27:45.580500397Z   File "/usr/local/lib/python3.11/dist-packages/patroni/api.py", line 221, in _write_status_response
2026-09-08T23:27:45.580544309Z     self._write_json_response(status_code, response)
2026-09-08T23:27:45.580562814Z   File "/usr/local/lib/python3.11/dist-packages/patroni/api.py", line 167, in _write_json_response
2026-09-08T23:27:45.580606325Z     self.write_response(status_code, json.dumps(response, default=str), content_type='application/json')
2026-09-08T23:27:45.580619729Z   File "/usr/local/lib/python3.11/dist-packages/patroni/api.py", line 157, in write_response
2026-09-08T23:27:45.580625330Z     self.wfile.write(body.encode('utf-8'))
2026-09-08T23:27:45.580630231Z   File "/usr/lib/python3.11/socketserver.py", line 834, in write
2026-09-08T23:27:45.580635333Z     self._sock.sendall(b)
2026-09-08T23:27:45.580639934Z ConnectionResetError: [Errno 104] Connection reset by peer
2026-09-08T23:27:45.580644735Z 
2026-09-08T23:27:47.478795043Z 2026-09-08 23:27:47,478 INFO: no action. I am (phase4-20260908T231619712-a9cb57ed-elastic4), a secondary, and following a leader (phase4-20260908T231619712-a9cb57ed-primary)
2026-09-08T23:27:47.569052398Z 2026-09-08 23:27:47,567 WARNING: Exception happened during processing of request from 172.25.0.5:38324
2026-09-08T23:27:47.573849387Z 2026-09-08 23:27:47,572 WARNING: Traceback (most recent call last):
2026-09-08T23:27:47.573900611Z   File "/usr/lib/python3.11/socketserver.py", line 691, in process_request_thread
2026-09-08T23:27:47.573909015Z     self.finish_request(request, client_address)
2026-09-08T23:27:47.573914518Z   File "/usr/lib/python3.11/socketserver.py", line 361, in finish_request
2026-09-08T23:27:47.573919320Z     self.RequestHandlerClass(request, client_address, self)
2026-09-08T23:27:47.573923722Z   File "/usr/local/lib/python3.11/dist-packages/patroni/api.py", line 105, in __init__
2026-09-08T23:27:47.573928524Z     super(RestApiHandler, self).__init__(request, client_address, server)
2026-09-08T23:27:47.573933026Z   File "/usr/lib/python3.11/socketserver.py", line 755, in __init__
2026-09-08T23:27:47.573938129Z     self.handle()
2026-09-08T23:27:47.573942231Z   File "/usr/lib/python3.11/http/server.py", line 432, in handle
2026-09-08T23:27:47.573947033Z     self.handle_one_request()
2026-09-08T23:27:47.573951535Z   File "/usr/local/lib/python3.11/dist-packages/patroni/api.py", line 1348, in handle_one_request
2026-09-08T23:27:47.573956338Z     BaseHTTPRequestHandler.handle_one_request(self)
2026-09-08T23:27:47.573960540Z   File "/usr/lib/python3.11/http/server.py", line 420, in handle_one_request
2026-09-08T23:27:47.573964942Z     method()
2026-09-08T23:27:47.573969044Z   File "/usr/local/lib/python3.11/dist-packages/patroni/api.py", line 375, in do_GET
2026-09-08T23:27:47.573973546Z     self._write_status_response(status_code, response)
2026-09-08T23:27:47.573977848Z   File "/usr/local/lib/python3.11/dist-packages/patroni/api.py", line 221, in _write_status_response
2026-09-08T23:27:47.573982050Z     self._write_json_response(status_code, response)
2026-09-08T23:27:47.573986652Z   File "/usr/local/lib/python3.11/dist-packages/patroni/api.py", line 167, in _write_json_response
2026-09-08T23:27:47.573991254Z     self.write_response(status_code, json.dumps(response, default=str), content_type='application/json')
2026-09-08T23:27:47.573995356Z   File "/usr/local/lib/python3.11/dist-packages/patroni/api.py", line 157, in write_response
2026-09-08T23:27:47.573999658Z     self.wfile.write(body.encode('utf-8'))
2026-09-08T23:27:47.574003360Z   File "/usr/lib/python3.11/socketserver.py", line 834, in write
2026-09-08T23:27:47.574007262Z     self._sock.sendall(b)
2026-09-08T23:27:47.574011264Z ConnectionResetError: [Errno 104] Connection reset by peer
2026-09-08T23:27:47.574015566Z 
2026-09-08T23:27:51.991672298Z 2026-09-08 23:27:51,966 INFO: no action. I am (phase4-20260908T231619712-a9cb57ed-elastic4), a secondary, and following a leader (phase4-20260908T231619712-a9cb57ed-primary)
2026-09-08T23:27:57.454930052Z 2026-09-08 23:27:57,452 INFO: no action. I am (phase4-20260908T231619712-a9cb57ed-elastic4), a secondary, and following a leader (phase4-20260908T231619712-a9cb57ed-primary)
2026-09-08T23:28:02.393405644Z 2026-09-08 23:28:02,385 INFO: no action. I am (phase4-20260908T231619712-a9cb57ed-elastic4), a secondary, and following a leader (phase4-20260908T231619712-a9cb57ed-primary)
2026-09-08T23:28:07.467196997Z 2026-09-08 23:28:07,466 INFO: no action. I am (phase4-20260908T231619712-a9cb57ed-elastic4), a secondary, and following a leader (phase4-20260908T231619712-a9cb57ed-primary)
2026-09-08T23:28:12.169104598Z 2026-09-08 23:28:12,149 WARNING: Exception happened during processing of request from 172.25.0.5:57744
2026-09-08T23:28:12.207192292Z 2026-09-08 23:28:12,205 WARNING: Traceback (most recent call last):
2026-09-08T23:28:12.207250729Z   File "/usr/lib/python3.11/socketserver.py", line 691, in process_request_thread
2026-09-08T23:28:12.207271442Z     self.finish_request(request, client_address)
2026-09-08T23:28:12.207282249Z   File "/usr/lib/python3.11/socketserver.py", line 361, in finish_request
2026-09-08T23:28:12.207290354Z     self.RequestHandlerClass(request, client_address, self)
2026-09-08T23:28:12.207297758Z   File "/usr/local/lib/python3.11/dist-packages/patroni/api.py", line 105, in __init__
2026-09-08T23:28:12.207310766Z     super(RestApiHandler, self).__init__(request, client_address, server)
2026-09-08T23:28:12.207323374Z   File "/usr/lib/python3.11/socketserver.py", line 755, in __init__
2026-09-08T23:28:12.207330679Z     self.handle()
2026-09-08T23:28:12.207337083Z   File "/usr/lib/python3.11/http/server.py", line 432, in handle
2026-09-08T23:28:12.207343587Z     self.handle_one_request()
2026-09-08T23:28:12.207350591Z   File "/usr/local/lib/python3.11/dist-packages/patroni/api.py", line 1348, in handle_one_request
2026-09-08T23:28:12.207357696Z     BaseHTTPRequestHandler.handle_one_request(self)
2026-09-08T23:28:12.207364700Z   File "/usr/lib/python3.11/http/server.py", line 420, in handle_one_request
2026-09-08T23:28:12.207384112Z     method()
2026-09-08T23:28:12.207392918Z   File "/usr/local/lib/python3.11/dist-packages/patroni/api.py", line 375, in do_GET
2026-09-08T23:28:12.207399622Z     self._write_status_response(status_code, response)
2026-09-08T23:28:12.207406326Z   File "/usr/local/lib/python3.11/dist-packages/patroni/api.py", line 221, in _write_status_response
2026-09-08T23:28:12.207412930Z     self._write_json_response(status_code, response)
2026-09-08T23:28:12.207419935Z   File "/usr/local/lib/python3.11/dist-packages/patroni/api.py", line 167, in _write_json_response
2026-09-08T23:28:12.207426539Z     self.write_response(status_code, json.dumps(response, default=str), content_type='application/json')
2026-09-08T23:28:12.207433843Z   File "/usr/local/lib/python3.11/dist-packages/patroni/api.py", line 157, in write_response
2026-09-08T23:28:12.207478571Z     self.wfile.write(body.encode('utf-8'))
2026-09-08T23:28:12.207487477Z   File "/usr/lib/python3.11/socketserver.py", line 834, in write
2026-09-08T23:28:12.207492080Z     self._sock.sendall(b)
2026-09-08T23:28:12.207495982Z ConnectionResetError: [Errno 104] Connection reset by peer
2026-09-08T23:28:12.207500385Z 
2026-09-08T23:28:12.455146697Z 2026-09-08 23:28:12,446 INFO: no action. I am (phase4-20260908T231619712-a9cb57ed-elastic4), a secondary, and following a leader (phase4-20260908T231619712-a9cb57ed-primary)
2026-09-08T23:28:17.499405501Z 2026-09-08 23:28:17,484 INFO: no action. I am (phase4-20260908T231619712-a9cb57ed-elastic4), a secondary, and following a leader (phase4-20260908T231619712-a9cb57ed-primary)
2026-09-08T23:28:18.810127949Z 2026-09-08 23:28:18,808 WARNING: Exception happened during processing of request from 172.25.0.5:57808
2026-09-08T23:28:18.818122644Z 2026-09-08 23:28:18,811 WARNING: Traceback (most recent call last):
2026-09-08T23:28:18.818176377Z   File "/usr/lib/python3.11/socketserver.py", line 691, in process_request_thread
2026-09-08T23:28:18.818187384Z     self.finish_request(request, client_address)
2026-09-08T23:28:18.818194189Z   File "/usr/lib/python3.11/socketserver.py", line 361, in finish_request
2026-09-08T23:28:18.818201193Z     self.RequestHandlerClass(request, client_address, self)
2026-09-08T23:28:18.818207797Z   File "/usr/local/lib/python3.11/dist-packages/patroni/api.py", line 105, in __init__
2026-09-08T23:28:18.818215502Z     super(RestApiHandler, self).__init__(request, client_address, server)
2026-09-08T23:28:18.818222806Z   File "/usr/lib/python3.11/socketserver.py", line 755, in __init__
2026-09-08T23:28:18.818230011Z     self.handle()
2026-09-08T23:28:18.818237716Z   File "/usr/lib/python3.11/http/server.py", line 432, in handle
2026-09-08T23:28:18.818270936Z     self.handle_one_request()
2026-09-08T23:28:18.818286346Z   File "/usr/local/lib/python3.11/dist-packages/patroni/api.py", line 1348, in handle_one_request
2026-09-08T23:28:18.818295052Z     BaseHTTPRequestHandler.handle_one_request(self)
2026-09-08T23:28:18.818302056Z   File "/usr/lib/python3.11/http/server.py", line 420, in handle_one_request
2026-09-08T23:28:18.818310061Z     method()
2026-09-08T23:28:18.818316965Z   File "/usr/local/lib/python3.11/dist-packages/patroni/api.py", line 375, in do_GET
2026-09-08T23:28:18.818324070Z     self._write_status_response(status_code, response)
2026-09-08T23:28:18.818331274Z   File "/usr/local/lib/python3.11/dist-packages/patroni/api.py", line 221, in _write_status_response
2026-09-08T23:28:18.818338779Z     self._write_json_response(status_code, response)
2026-09-08T23:28:18.818346083Z   File "/usr/local/lib/python3.11/dist-packages/patroni/api.py", line 167, in _write_json_response
2026-09-08T23:28:18.818353488Z     self.write_response(status_code, json.dumps(response, default=str), content_type='application/json')
2026-09-08T23:28:18.820006921Z   File "/usr/local/lib/python3.11/dist-packages/patroni/api.py", line 157, in write_response
2026-09-08T23:28:18.820085170Z     self.wfile.write(body.encode('utf-8'))
2026-09-08T23:28:18.820091874Z   File "/usr/lib/python3.11/socketserver.py", line 834, in write
2026-09-08T23:28:18.820097077Z     self._sock.sendall(b)
2026-09-08T23:28:18.820101480Z ConnectionResetError: [Errno 104] Connection reset by peer
2026-09-08T23:28:18.820105983Z 
2026-09-08T23:28:22.385582523Z 2026-09-08 23:28:22,384 INFO: no action. I am (phase4-20260908T231619712-a9cb57ed-elastic4), a secondary, and following a leader (phase4-20260908T231619712-a9cb57ed-primary)
2026-09-08T23:28:27.439262306Z 2026-09-08 23:28:27,438 INFO: no action. I am (phase4-20260908T231619712-a9cb57ed-elastic4), a secondary, and following a leader (phase4-20260908T231619712-a9cb57ed-primary)
2026-09-08T23:28:32.384270912Z 2026-09-08 23:28:32,380 INFO: no action. I am (phase4-20260908T231619712-a9cb57ed-elastic4), a secondary, and following a leader (phase4-20260908T231619712-a9cb57ed-primary)
2026-09-08T23:28:36.959925911Z 2026-09-08 23:28:36,958 WARNING: Exception happened during processing of request from 172.25.0.5:59398
2026-09-08T23:28:36.964485054Z 2026-09-08 23:28:36,962 WARNING: Traceback (most recent call last):
2026-09-08T23:28:36.964539384Z   File "/usr/lib/python3.11/socketserver.py", line 691, in process_request_thread
2026-09-08T23:28:36.964548089Z     self.finish_request(request, client_address)
2026-09-08T23:28:36.964554293Z   File "/usr/lib/python3.11/socketserver.py", line 361, in finish_request
2026-09-08T23:28:36.964559596Z     self.RequestHandlerClass(request, client_address, self)
2026-09-08T23:28:36.964570502Z   File "/usr/local/lib/python3.11/dist-packages/patroni/api.py", line 105, in __init__
2026-09-08T23:28:36.964576905Z     super(RestApiHandler, self).__init__(request, client_address, server)
2026-09-08T23:28:36.964608723Z   File "/usr/lib/python3.11/socketserver.py", line 755, in __init__
2026-09-08T23:28:36.964619329Z     self.handle()
2026-09-08T23:28:36.964625132Z   File "/usr/lib/python3.11/http/server.py", line 432, in handle
2026-09-08T23:28:36.964631036Z     self.handle_one_request()
2026-09-08T23:28:36.964636639Z   File "/usr/local/lib/python3.11/dist-packages/patroni/api.py", line 1348, in handle_one_request
2026-09-08T23:28:36.964642542Z     BaseHTTPRequestHandler.handle_one_request(self)
2026-09-08T23:28:36.964648045Z   File "/usr/lib/python3.11/http/server.py", line 420, in handle_one_request
2026-09-08T23:28:36.964653748Z     method()
2026-09-08T23:28:36.964659251Z   File "/usr/local/lib/python3.11/dist-packages/patroni/api.py", line 375, in do_GET
2026-09-08T23:28:36.964665255Z     self._write_status_response(status_code, response)
2026-09-08T23:28:36.964670858Z   File "/usr/local/lib/python3.11/dist-packages/patroni/api.py", line 221, in _write_status_response
2026-09-08T23:28:36.964677061Z     self._write_json_response(status_code, response)
2026-09-08T23:28:36.964704076Z   File "/usr/local/lib/python3.11/dist-packages/patroni/api.py", line 167, in _write_json_response
2026-09-08T23:28:36.964708479Z     self.write_response(status_code, json.dumps(response, default=str), content_type='application/json')
2026-09-08T23:28:36.964712581Z   File "/usr/local/lib/python3.11/dist-packages/patroni/api.py", line 157, in write_response
2026-09-08T23:28:36.964716583Z     self.wfile.write(body.encode('utf-8'))
2026-09-08T23:28:36.964720686Z   File "/usr/lib/python3.11/socketserver.py", line 834, in write
2026-09-08T23:28:36.964724588Z     self._sock.sendall(b)
2026-09-08T23:28:36.964728290Z ConnectionResetError: [Errno 104] Connection reset by peer
2026-09-08T23:28:36.964740797Z 
2026-09-08T23:28:37.212012113Z 2026-09-08 23:28:37,204 INFO: no action. I am (phase4-20260908T231619712-a9cb57ed-elastic4), a secondary, and following a leader (phase4-20260908T231619712-a9cb57ed-primary)
2026-09-08T23:28:41.878696869Z 2026-09-08 23:28:41,877 INFO: no action. I am (phase4-20260908T231619712-a9cb57ed-elastic4), a secondary, and following a leader (phase4-20260908T231619712-a9cb57ed-primary)
2026-09-08T23:28:42.995188995Z 2026-09-08 23:28:42,994 WARNING: Exception happened during processing of request from 172.25.0.5:32892
2026-09-08T23:28:42.996863329Z 2026-09-08 23:28:42,996 WARNING: Traceback (most recent call last):
2026-09-08T23:28:42.996881739Z   File "/usr/lib/python3.11/socketserver.py", line 691, in process_request_thread
2026-09-08T23:28:42.996887542Z     self.finish_request(request, client_address)
2026-09-08T23:28:42.996891445Z   File "/usr/lib/python3.11/socketserver.py", line 361, in finish_request
2026-09-08T23:28:42.996895447Z     self.RequestHandlerClass(request, client_address, self)
2026-09-08T23:28:42.996898949Z   File "/usr/local/lib/python3.11/dist-packages/patroni/api.py", line 105, in __init__
2026-09-08T23:28:42.996903151Z     super(RestApiHandler, self).__init__(request, client_address, server)
2026-09-08T23:28:42.996905752Z   File "/usr/lib/python3.11/socketserver.py", line 755, in __init__
2026-09-08T23:28:42.996908054Z     self.handle()
2026-09-08T23:28:42.996910055Z   File "/usr/lib/python3.11/http/server.py", line 432, in handle
2026-09-08T23:28:42.996912256Z     self.handle_one_request()
2026-09-08T23:28:42.996914457Z   File "/usr/local/lib/python3.11/dist-packages/patroni/api.py", line 1348, in handle_one_request
2026-09-08T23:28:42.996916759Z     BaseHTTPRequestHandler.handle_one_request(self)
2026-09-08T23:28:42.996918860Z   File "/usr/lib/python3.11/http/server.py", line 420, in handle_one_request
2026-09-08T23:28:42.996921461Z     method()
2026-09-08T23:28:42.996923662Z   File "/usr/local/lib/python3.11/dist-packages/patroni/api.py", line 375, in do_GET
2026-09-08T23:28:42.996925864Z     self._write_status_response(status_code, response)
2026-09-08T23:28:42.996928065Z   File "/usr/local/lib/python3.11/dist-packages/patroni/api.py", line 221, in _write_status_response
2026-09-08T23:28:42.997001206Z     self._write_json_response(status_code, response)
2026-09-08T23:28:42.997007809Z   File "/usr/local/lib/python3.11/dist-packages/patroni/api.py", line 167, in _write_json_response
2026-09-08T23:28:42.997010511Z     self.write_response(status_code, json.dumps(response, default=str), content_type='application/json')
2026-09-08T23:28:42.997012812Z   File "/usr/local/lib/python3.11/dist-packages/patroni/api.py", line 157, in write_response
2026-09-08T23:28:42.997015214Z     self.wfile.write(body.encode('utf-8'))
2026-09-08T23:28:42.997017215Z   File "/usr/lib/python3.11/socketserver.py", line 834, in write
2026-09-08T23:28:42.997019516Z     self._sock.sendall(b)
2026-09-08T23:28:42.997021717Z ConnectionResetError: [Errno 104] Connection reset by peer
2026-09-08T23:28:42.997024018Z 
2026-09-08T23:28:47.012529451Z 2026-09-08 23:28:47,003 INFO: no action. I am (phase4-20260908T231619712-a9cb57ed-elastic4), a secondary, and following a leader (phase4-20260908T231619712-a9cb57ed-primary)
2026-09-08T23:28:47.035803338Z 2026-09-08 23:28:47,023 WARNING: Exception happened during processing of request from 172.25.0.5:32934
2026-09-08T23:28:47.036342272Z 2026-09-08 23:28:47,035 WARNING: Traceback (most recent call last):
2026-09-08T23:28:47.036375592Z   File "/usr/lib/python3.11/socketserver.py", line 691, in process_request_thread
2026-09-08T23:28:47.036386199Z     self.finish_request(request, client_address)
2026-09-08T23:28:47.036393303Z   File "/usr/lib/python3.11/socketserver.py", line 361, in finish_request
2026-09-08T23:28:47.036400007Z     self.RequestHandlerClass(request, client_address, self)
2026-09-08T23:28:47.036406111Z   File "/usr/local/lib/python3.11/dist-packages/patroni/api.py", line 105, in __init__
2026-09-08T23:28:47.036412315Z     super(RestApiHandler, self).__init__(request, client_address, server)
2026-09-08T23:28:47.036419219Z   File "/usr/lib/python3.11/socketserver.py", line 755, in __init__
2026-09-08T23:28:47.036425523Z     self.handle()
2026-09-08T23:28:47.036431827Z   File "/usr/lib/python3.11/http/server.py", line 432, in handle
2026-09-08T23:28:47.036438731Z     self.handle_one_request()
2026-09-08T23:28:47.036445235Z   File "/usr/local/lib/python3.11/dist-packages/patroni/api.py", line 1348, in handle_one_request
2026-09-08T23:28:47.036453040Z     BaseHTTPRequestHandler.handle_one_request(self)
2026-09-08T23:28:47.036459944Z   File "/usr/lib/python3.11/http/server.py", line 420, in handle_one_request
2026-09-08T23:28:47.036467149Z     method()
2026-09-08T23:28:47.036474353Z   File "/usr/local/lib/python3.11/dist-packages/patroni/api.py", line 375, in do_GET
2026-09-08T23:28:47.036481858Z     self._write_status_response(status_code, response)
2026-09-08T23:28:47.036489062Z   File "/usr/local/lib/python3.11/dist-packages/patroni/api.py", line 221, in _write_status_response
2026-09-08T23:28:47.036679580Z     self._write_json_response(status_code, response)
2026-09-08T23:28:47.036689386Z   File "/usr/local/lib/python3.11/dist-packages/patroni/api.py", line 167, in _write_json_response
2026-09-08T23:28:47.036694389Z     self.write_response(status_code, json.dumps(response, default=str), content_type='application/json')
2026-09-08T23:28:47.036698892Z   File "/usr/local/lib/python3.11/dist-packages/patroni/api.py", line 157, in write_response
2026-09-08T23:28:47.036703295Z     self.wfile.write(body.encode('utf-8'))
2026-09-08T23:28:47.036707597Z   File "/usr/lib/python3.11/socketserver.py", line 834, in write
2026-09-08T23:28:47.036711900Z     self._sock.sendall(b)
2026-09-08T23:28:47.036716403Z ConnectionResetError: [Errno 104] Connection reset by peer
2026-09-08T23:28:47.036720806Z 
2026-09-08T23:28:50.126765852Z 2026-09-08 23:28:50,119 WARNING: Exception happened during processing of request from 172.25.0.5:32974
2026-09-08T23:28:50.135432009Z 2026-09-08 23:28:50,131 WARNING: Traceback (most recent call last):
2026-09-08T23:28:50.135484542Z   File "/usr/lib/python3.11/socketserver.py", line 691, in process_request_thread
2026-09-08T23:28:50.135493047Z     self.finish_request(request, client_address)
2026-09-08T23:28:50.135497950Z   File "/usr/lib/python3.11/socketserver.py", line 361, in finish_request
2026-09-08T23:28:50.135502653Z     self.RequestHandlerClass(request, client_address, self)
2026-09-08T23:28:50.135506956Z   File "/usr/local/lib/python3.11/dist-packages/patroni/api.py", line 105, in __init__
2026-09-08T23:28:50.135512059Z     super(RestApiHandler, self).__init__(request, client_address, server)
2026-09-08T23:28:50.135516362Z   File "/usr/lib/python3.11/socketserver.py", line 755, in __init__
2026-09-08T23:28:50.135521065Z     self.handle()
2026-09-08T23:28:50.135525467Z   File "/usr/lib/python3.11/http/server.py", line 432, in handle
2026-09-08T23:28:50.135530270Z     self.handle_one_request()
2026-09-08T23:28:50.135534873Z   File "/usr/local/lib/python3.11/dist-packages/patroni/api.py", line 1348, in handle_one_request
2026-09-08T23:28:50.135539576Z     BaseHTTPRequestHandler.handle_one_request(self)
2026-09-08T23:28:50.135544179Z   File "/usr/lib/python3.11/http/server.py", line 420, in handle_one_request
2026-09-08T23:28:50.135549182Z     method()
2026-09-08T23:28:50.135553585Z   File "/usr/local/lib/python3.11/dist-packages/patroni/api.py", line 375, in do_GET
2026-09-08T23:28:50.135558288Z     self._write_status_response(status_code, response)
2026-09-08T23:28:50.135562790Z   File "/usr/local/lib/python3.11/dist-packages/patroni/api.py", line 221, in _write_status_response
2026-09-08T23:28:50.135567693Z     self._write_json_response(status_code, response)
2026-09-08T23:28:50.135572296Z   File "/usr/local/lib/python3.11/dist-packages/patroni/api.py", line 167, in _write_json_response
2026-09-08T23:28:50.135605517Z     self.write_response(status_code, json.dumps(response, default=str), content_type='application/json')
2026-09-08T23:28:50.135674459Z   File "/usr/local/lib/python3.11/dist-packages/patroni/api.py", line 157, in write_response
2026-09-08T23:28:50.135682064Z     self.wfile.write(body.encode('utf-8'))
2026-09-08T23:28:50.135686767Z   File "/usr/lib/python3.11/socketserver.py", line 834, in write
2026-09-08T23:28:50.135691570Z     self._sock.sendall(b)
2026-09-08T23:28:50.135695973Z ConnectionResetError: [Errno 104] Connection reset by peer
2026-09-08T23:28:50.135700475Z 
2026-09-08T23:28:52.516147797Z 2026-09-08 23:28:52,514 INFO: no action. I am (phase4-20260908T231619712-a9cb57ed-elastic4), a secondary, and following a leader (phase4-20260908T231619712-a9cb57ed-primary)
2026-09-08T23:28:54.279298923Z 2026-09-08 23:28:54,267 WARNING: Exception happened during processing of request from 172.25.0.5:41912
2026-09-08T23:28:54.279952828Z 2026-09-08 23:28:54,278 WARNING: Traceback (most recent call last):
2026-09-08T23:28:54.280038080Z   File "/usr/lib/python3.11/socketserver.py", line 691, in process_request_thread
2026-09-08T23:28:54.280044084Z     self.finish_request(request, client_address)
2026-09-08T23:28:54.280047386Z   File "/usr/lib/python3.11/socketserver.py", line 361, in finish_request
2026-09-08T23:28:54.280050188Z     self.RequestHandlerClass(request, client_address, self)
2026-09-08T23:28:54.280052990Z   File "/usr/local/lib/python3.11/dist-packages/patroni/api.py", line 105, in __init__
2026-09-08T23:28:54.280055891Z     super(RestApiHandler, self).__init__(request, client_address, server)
2026-09-08T23:28:54.280058793Z   File "/usr/lib/python3.11/socketserver.py", line 755, in __init__
2026-09-08T23:28:54.280061595Z     self.handle()
2026-09-08T23:28:54.280064397Z   File "/usr/lib/python3.11/http/server.py", line 432, in handle
2026-09-08T23:28:54.280066898Z     self.handle_one_request()
2026-09-08T23:28:54.280070000Z   File "/usr/local/lib/python3.11/dist-packages/patroni/api.py", line 1348, in handle_one_request
2026-09-08T23:28:54.280073502Z     BaseHTTPRequestHandler.handle_one_request(self)
2026-09-08T23:28:54.280076004Z   File "/usr/lib/python3.11/http/server.py", line 420, in handle_one_request
2026-09-08T23:28:54.280078706Z     method()
2026-09-08T23:28:54.280081507Z   File "/usr/local/lib/python3.11/dist-packages/patroni/api.py", line 375, in do_GET
2026-09-08T23:28:54.280084309Z     self._write_status_response(status_code, response)
2026-09-08T23:28:54.280087111Z   File "/usr/local/lib/python3.11/dist-packages/patroni/api.py", line 221, in _write_status_response
2026-09-08T23:28:54.280090413Z     self._write_json_response(status_code, response)
2026-09-08T23:28:54.280093415Z   File "/usr/local/lib/python3.11/dist-packages/patroni/api.py", line 167, in _write_json_response
2026-09-08T23:28:54.280122633Z     self.write_response(status_code, json.dumps(response, default=str), content_type='application/json')
2026-09-08T23:28:54.280126035Z   File "/usr/local/lib/python3.11/dist-packages/patroni/api.py", line 157, in write_response
2026-09-08T23:28:54.280129337Z     self.wfile.write(body.encode('utf-8'))
2026-09-08T23:28:54.280132239Z   File "/usr/lib/python3.11/socketserver.py", line 834, in write
2026-09-08T23:28:54.280135040Z     self._sock.sendall(b)
2026-09-08T23:28:54.280137842Z ConnectionResetError: [Errno 104] Connection reset by peer
2026-09-08T23:28:54.280140444Z 
2026-09-08T23:28:57.376871737Z 2026-09-08 23:28:57,374 INFO: no action. I am (phase4-20260908T231619712-a9cb57ed-elastic4), a secondary, and following a leader (phase4-20260908T231619712-a9cb57ed-primary)
2026-09-08T23:29:02.073555852Z 2026-09-08 23:29:02,072 INFO: no action. I am (phase4-20260908T231619712-a9cb57ed-elastic4), a secondary, and following a leader (phase4-20260908T231619712-a9cb57ed-primary)
2026-09-08T23:29:07.451359788Z 2026-09-08 23:29:07,450 INFO: no action. I am (phase4-20260908T231619712-a9cb57ed-elastic4), a secondary, and following a leader (phase4-20260908T231619712-a9cb57ed-primary)
2026-09-08T23:29:12.418350968Z 2026-09-08 23:29:12,417 INFO: no action. I am (phase4-20260908T231619712-a9cb57ed-elastic4), a secondary, and following a leader (phase4-20260908T231619712-a9cb57ed-primary)
2026-09-08T23:29:17.468689558Z 2026-09-08 23:29:17,468 INFO: no action. I am (phase4-20260908T231619712-a9cb57ed-elastic4), a secondary, and following a leader (phase4-20260908T231619712-a9cb57ed-primary)
