2026-09-08T17:22:26.531984341Z {"level":"warn","ts":"2026-09-08T17:22:26.527189Z","caller":"embed/config.go:687","msg":"Running http and grpc server on single port. This is not recommended for production."}
2026-09-08T17:22:26.532120965Z {"level":"info","ts":"2026-09-08T17:22:26.531887Z","caller":"etcdmain/etcd.go:73","msg":"Running: ","args":["/usr/local/bin/etcd","--name","etcd","--data-dir","/etcd-data","--listen-client-urls","http://0.0.0.0:2379","--advertise-client-urls","http://etcd:2379","--listen-peer-urls","http://0.0.0.0:2380","--initial-advertise-peer-urls","http://etcd:2380","--initial-cluster","etcd=http://etcd:2380","--initial-cluster-token","phase4-20260908T172223670-814f618f"]}
2026-09-08T17:22:26.532814588Z {"level":"warn","ts":"2026-09-08T17:22:26.532585Z","caller":"embed/config.go:687","msg":"Running http and grpc server on single port. This is not recommended for production."}
2026-09-08T17:22:26.532831591Z {"level":"info","ts":"2026-09-08T17:22:26.532701Z","caller":"embed/etcd.go:128","msg":"configuring peer listeners","listen-peer-urls":["http://0.0.0.0:2380"]}
2026-09-08T17:22:26.565278631Z {"level":"info","ts":"2026-09-08T17:22:26.564988Z","caller":"embed/etcd.go:136","msg":"configuring client listeners","listen-client-urls":["http://0.0.0.0:2379"]}
2026-09-08T17:22:26.576662244Z {"level":"info","ts":"2026-09-08T17:22:26.576243Z","caller":"embed/etcd.go:310","msg":"starting an etcd server","etcd-version":"3.5.15","git-sha":"9a5533382","go-version":"go1.21.12","go-os":"linux","go-arch":"amd64","max-cpu-set":8,"max-cpu-available":8,"member-initialized":false,"name":"etcd","data-dir":"/etcd-data","wal-dir":"","wal-dir-dedicated":"","member-dir":"/etcd-data/member","force-new-cluster":false,"heartbeat-interval":"100ms","election-timeout":"1s","initial-election-tick-advance":true,"snapshot-count":100000,"max-wals":5,"max-snapshots":5,"snapshot-catchup-entries":5000,"initial-advertise-peer-urls":["http://etcd:2380"],"listen-peer-urls":["http://0.0.0.0:2380"],"advertise-client-urls":["http://etcd:2379"],"listen-client-urls":["http://0.0.0.0:2379"],"listen-metrics-urls":[],"cors":["*"],"host-whitelist":["*"],"initial-cluster":"etcd=http://etcd:2380","initial-cluster-state":"new","initial-cluster-token":"phase4-20260908T172223670-814f618f","quota-backend-bytes":2147483648,"max-request-bytes":1572864,"max-concurrent-streams":4294967295,"pre-vote":true,"initial-corrupt-check":false,"corrupt-check-time-interval":"0s","compact-check-time-enabled":false,"compact-check-time-interval":"1m0s","auto-compaction-mode":"periodic","auto-compaction-retention":"0s","auto-compaction-interval":"0s","discovery-url":"","discovery-proxy":"","downgrade-check-interval":"5s"}
2026-09-08T17:22:26.581910073Z {"level":"warn","ts":"2026-09-08T17:22:26.576448Z","caller":"fileutil/fileutil.go:53","msg":"check file permission","error":"directory \"/etcd-data\" exist, but the permission is \"drwxr-xr-x\". The recommended permission is \"-rwx------\" to prevent possible unprivileged access to the data"}
2026-09-08T17:22:26.601068562Z {"level":"info","ts":"2026-09-08T17:22:26.599854Z","caller":"etcdserver/backend.go:81","msg":"opened backend db","path":"/etcd-data/member/snap/db","took":"11.483931ms"}
2026-09-08T17:22:26.630782719Z {"level":"info","ts":"2026-09-08T17:22:26.629542Z","caller":"etcdserver/raft.go:495","msg":"starting local member","local-member-id":"fab072e01a615d60","cluster-id":"dd3af11614ba2629"}
2026-09-08T17:22:26.636382309Z {"level":"info","ts":"2026-09-08T17:22:26.633405Z","logger":"raft","caller":"etcdserver/zap_raft.go:77","msg":"fab072e01a615d60 switched to configuration voters=()"}
2026-09-08T17:22:26.636560041Z {"level":"info","ts":"2026-09-08T17:22:26.636332Z","logger":"raft","caller":"etcdserver/zap_raft.go:77","msg":"fab072e01a615d60 became follower at term 0"}
2026-09-08T17:22:26.636574643Z {"level":"info","ts":"2026-09-08T17:22:26.636407Z","logger":"raft","caller":"etcdserver/zap_raft.go:77","msg":"newRaft fab072e01a615d60 [peers: [], term: 0, commit: 0, applied: 0, lastindex: 0, lastterm: 0]"}
2026-09-08T17:22:26.636578944Z {"level":"info","ts":"2026-09-08T17:22:26.636462Z","logger":"raft","caller":"etcdserver/zap_raft.go:77","msg":"fab072e01a615d60 became follower at term 1"}
2026-09-08T17:22:26.637693341Z {"level":"info","ts":"2026-09-08T17:22:26.637356Z","logger":"raft","caller":"etcdserver/zap_raft.go:77","msg":"fab072e01a615d60 switched to configuration voters=(18064064412223888736)"}
2026-09-08T17:22:26.649468124Z {"level":"warn","ts":"2026-09-08T17:22:26.649077Z","caller":"auth/store.go:1241","msg":"simple token is not cryptographically signed"}
2026-09-08T17:22:26.656018583Z {"level":"info","ts":"2026-09-08T17:22:26.655491Z","caller":"mvcc/kvstore.go:418","msg":"kvstore restored","current-rev":1}
2026-09-08T17:22:26.659163839Z {"level":"info","ts":"2026-09-08T17:22:26.658836Z","caller":"etcdserver/quota.go:94","msg":"enabled backend quota with default value","quota-name":"v3-applier","quota-size-bytes":2147483648,"quota-size":"2.1 GB"}
2026-09-08T17:22:26.664231836Z {"level":"info","ts":"2026-09-08T17:22:26.663866Z","caller":"etcdserver/server.go:867","msg":"starting etcd server","local-member-id":"fab072e01a615d60","local-server-version":"3.5.15","cluster-version":"to_be_decided"}
2026-09-08T17:22:26.665592276Z {"level":"info","ts":"2026-09-08T17:22:26.665183Z","caller":"etcdserver/server.go:751","msg":"started as single-node; fast-forwarding election ticks","local-member-id":"fab072e01a615d60","forward-ticks":9,"forward-duration":"900ms","election-ticks":10,"election-timeout":"1s"}
2026-09-08T17:22:26.669186312Z {"level":"info","ts":"2026-09-08T17:22:26.667400Z","caller":"v3rpc/health.go:61","msg":"grpc service status changed","service":"","status":"SERVING"}
2026-09-08T17:22:26.672503699Z {"level":"info","ts":"2026-09-08T17:22:26.670054Z","caller":"fileutil/purge.go:50","msg":"started to purge file","dir":"/etcd-data/member/snap","suffix":"snap.db","max":5,"interval":"30s"}
2026-09-08T17:22:26.672540506Z {"level":"info","ts":"2026-09-08T17:22:26.672388Z","caller":"fileutil/purge.go:50","msg":"started to purge file","dir":"/etcd-data/member/snap","suffix":"snap","max":5,"interval":"30s"}
2026-09-08T17:22:26.673098504Z {"level":"info","ts":"2026-09-08T17:22:26.672444Z","caller":"fileutil/purge.go:50","msg":"started to purge file","dir":"/etcd-data/member/wal","suffix":"wal","max":5,"interval":"30s"}
2026-09-08T17:22:26.675780579Z {"level":"info","ts":"2026-09-08T17:22:26.675142Z","logger":"raft","caller":"etcdserver/zap_raft.go:77","msg":"fab072e01a615d60 switched to configuration voters=(18064064412223888736)"}
2026-09-08T17:22:26.676625428Z {"level":"info","ts":"2026-09-08T17:22:26.675841Z","caller":"membership/cluster.go:421","msg":"added member","cluster-id":"dd3af11614ba2629","local-member-id":"fab072e01a615d60","added-peer-id":"fab072e01a615d60","added-peer-peer-urls":["http://etcd:2380"]}
2026-09-08T17:22:26.676843867Z {"level":"info","ts":"2026-09-08T17:22:26.676585Z","caller":"embed/etcd.go:599","msg":"serving peer traffic","address":"[::]:2380"}
2026-09-08T17:22:26.676856469Z {"level":"info","ts":"2026-09-08T17:22:26.676620Z","caller":"embed/etcd.go:571","msg":"cmux::serve","address":"[::]:2380"}
2026-09-08T17:22:26.677555893Z {"level":"info","ts":"2026-09-08T17:22:26.677318Z","caller":"embed/etcd.go:279","msg":"now serving peer/client/metrics","local-member-id":"fab072e01a615d60","initial-advertise-peer-urls":["http://etcd:2380"],"listen-peer-urls":["http://0.0.0.0:2380"],"advertise-client-urls":["http://etcd:2379"],"listen-client-urls":["http://0.0.0.0:2379"],"listen-metrics-urls":[]}
2026-09-08T17:22:27.540136586Z {"level":"info","ts":"2026-09-08T17:22:27.539822Z","logger":"raft","caller":"etcdserver/zap_raft.go:77","msg":"fab072e01a615d60 is starting a new election at term 1"}
2026-09-08T17:22:27.540173893Z {"level":"info","ts":"2026-09-08T17:22:27.539902Z","logger":"raft","caller":"etcdserver/zap_raft.go:77","msg":"fab072e01a615d60 became pre-candidate at term 1"}
2026-09-08T17:22:27.540499950Z {"level":"info","ts":"2026-09-08T17:22:27.539926Z","logger":"raft","caller":"etcdserver/zap_raft.go:77","msg":"fab072e01a615d60 received MsgPreVoteResp from fab072e01a615d60 at term 1"}
2026-09-08T17:22:27.540515453Z {"level":"info","ts":"2026-09-08T17:22:27.540328Z","logger":"raft","caller":"etcdserver/zap_raft.go:77","msg":"fab072e01a615d60 became candidate at term 2"}
2026-09-08T17:22:27.540521554Z {"level":"info","ts":"2026-09-08T17:22:27.540360Z","logger":"raft","caller":"etcdserver/zap_raft.go:77","msg":"fab072e01a615d60 received MsgVoteResp from fab072e01a615d60 at term 2"}
2026-09-08T17:22:27.540527055Z {"level":"info","ts":"2026-09-08T17:22:27.540374Z","logger":"raft","caller":"etcdserver/zap_raft.go:77","msg":"fab072e01a615d60 became leader at term 2"}
2026-09-08T17:22:27.540533256Z {"level":"info","ts":"2026-09-08T17:22:27.540407Z","logger":"raft","caller":"etcdserver/zap_raft.go:77","msg":"raft.node: fab072e01a615d60 elected leader fab072e01a615d60 at term 2"}
2026-09-08T17:22:27.542378783Z {"level":"info","ts":"2026-09-08T17:22:27.542001Z","caller":"etcdserver/server.go:2629","msg":"setting up initial cluster version using v2 API","cluster-version":"3.5"}
2026-09-08T17:22:27.542410688Z {"level":"info","ts":"2026-09-08T17:22:27.542250Z","caller":"etcdserver/server.go:2118","msg":"published local member to cluster through raft","local-member-id":"fab072e01a615d60","local-member-attributes":"{Name:etcd ClientURLs:[http://etcd:2379]}","request-path":"/0/members/fab072e01a615d60/attributes","cluster-id":"dd3af11614ba2629","publish-timeout":"7s"}
2026-09-08T17:22:27.542476000Z {"level":"info","ts":"2026-09-08T17:22:27.542342Z","caller":"embed/serve.go:103","msg":"ready to serve client requests"}
2026-09-08T17:22:27.544048578Z {"level":"info","ts":"2026-09-08T17:22:27.543806Z","caller":"membership/cluster.go:584","msg":"set initial cluster version","cluster-id":"dd3af11614ba2629","local-member-id":"fab072e01a615d60","cluster-version":"3.5"}
2026-09-08T17:22:27.544187803Z {"level":"info","ts":"2026-09-08T17:22:27.544036Z","caller":"etcdmain/main.go:44","msg":"notifying init daemon"}
2026-09-08T17:22:27.544200005Z {"level":"info","ts":"2026-09-08T17:22:27.544061Z","caller":"etcdmain/main.go:50","msg":"successfully notified init daemon"}
2026-09-08T17:22:27.544588974Z {"level":"info","ts":"2026-09-08T17:22:27.543985Z","caller":"api/capability.go:75","msg":"enabled capabilities for version","cluster-version":"3.5"}
2026-09-08T17:22:27.544636382Z {"level":"info","ts":"2026-09-08T17:22:27.544501Z","caller":"etcdserver/server.go:2653","msg":"cluster version is updated","cluster-version":"3.5"}
2026-09-08T17:22:27.561687599Z {"level":"info","ts":"2026-09-08T17:22:27.561290Z","caller":"v3rpc/health.go:61","msg":"grpc service status changed","service":"","status":"SERVING"}
2026-09-08T17:22:27.562185587Z {"level":"info","ts":"2026-09-08T17:22:27.561889Z","caller":"embed/serve.go:187","msg":"serving client traffic insecurely; this is strongly discouraged!","traffic":"grpc+http","address":"[::]:2379"}
