2026-09-08T17:34:24.682986492Z traffic start UTC=2026-09-08T17:34:24Z duration=900 offered_tps=2 clients=8
2026-09-08T17:34:24.688519095Z batch start UTC=2026-09-08T17:34:24Z batch=1 seconds=10
2026-09-08T17:34:24.780142820Z pgbench (16.4 (Debian 16.4-1.pgdg120+2))
2026-09-08T17:34:34.339393379Z transaction type: /work/read.sql
2026-09-08T17:34:34.339421981Z scaling factor: 1
2026-09-08T17:34:34.339427582Z query mode: simple
2026-09-08T17:34:34.339431682Z number of clients: 8
2026-09-08T17:34:34.339435282Z number of threads: 2
2026-09-08T17:34:34.339466784Z maximum number of tries: 1
2026-09-08T17:34:34.339472385Z duration: 10 s
2026-09-08T17:34:34.339476285Z number of transactions actually processed: 26
2026-09-08T17:34:34.339480385Z number of failed transactions: 0 (0.000%)
2026-09-08T17:34:34.339484286Z latency average = 24.759 ms
2026-09-08T17:34:34.339487886Z latency stddev = 8.024 ms
2026-09-08T17:34:34.339491286Z rate limit schedule lag: avg 22.143 (max 40.918) ms
2026-09-08T17:34:34.339494687Z average connection time = 22.171 ms
2026-09-08T17:34:34.339498287Z tps = 2.721845 (including reconnection times)
2026-09-08T17:34:34.343132955Z batch complete UTC=2026-09-08T17:34:34Z batch=1 exit=0
2026-09-08T17:34:34.345629739Z batch start UTC=2026-09-08T17:34:34Z batch=2 seconds=10
2026-09-08T17:34:34.423497979Z pgbench (16.4 (Debian 16.4-1.pgdg120+2))
2026-09-08T17:34:43.959879576Z transaction type: /work/read.sql
2026-09-08T17:34:43.959903678Z scaling factor: 1
2026-09-08T17:34:43.959906178Z query mode: simple
2026-09-08T17:34:43.959908078Z number of clients: 8
2026-09-08T17:34:43.959909878Z number of threads: 2
2026-09-08T17:34:43.959911479Z maximum number of tries: 1
2026-09-08T17:34:43.959913379Z duration: 10 s
2026-09-08T17:34:43.959915079Z number of transactions actually processed: 26
2026-09-08T17:34:43.959916879Z number of failed transactions: 0 (0.000%)
2026-09-08T17:34:43.959923280Z latency average = 22.989 ms
2026-09-08T17:34:43.959925480Z latency stddev = 8.630 ms
2026-09-08T17:34:43.959927680Z rate limit schedule lag: avg 20.814 (max 42.532) ms
2026-09-08T17:34:43.959929580Z average connection time = 20.815 ms
2026-09-08T17:34:43.959931480Z tps = 2.727493 (including reconnection times)
2026-09-08T17:34:43.961875835Z batch complete UTC=2026-09-08T17:34:43Z batch=2 exit=0
2026-09-08T17:34:43.963582571Z traffic complete UTC=2026-09-08T17:34:43Z stop_requested=1
