2026-09-08T17:26:01.893679867Z {"level":"warn","ts":"2026-09-08T17:26:01.892145Z","caller":"embed/config.go:687","msg":"Running http and grpc server on single port. This is not recommended for production."}
2026-09-08T17:26:01.893807089Z {"level":"info","ts":"2026-09-08T17:26:01.893525Z","caller":"etcdmain/etcd.go:73","msg":"Running: ","args":["/usr/local/bin/etcd","--name","etcd","--data-dir","/etcd-data","--listen-client-urls","http://0.0.0.0:2379","--advertise-client-urls","http://etcd:2379","--listen-peer-urls","http://0.0.0.0:2380","--initial-advertise-peer-urls","http://etcd:2380","--initial-cluster","etcd=http://etcd:2380","--initial-cluster-token","phase4-20260908T172559675-6d1659c7"]}
2026-09-08T17:26:01.894162550Z {"level":"warn","ts":"2026-09-08T17:26:01.893919Z","caller":"embed/config.go:687","msg":"Running http and grpc server on single port. This is not recommended for production."}
2026-09-08T17:26:01.894177653Z {"level":"info","ts":"2026-09-08T17:26:01.893995Z","caller":"embed/etcd.go:128","msg":"configuring peer listeners","listen-peer-urls":["http://0.0.0.0:2380"]}
2026-09-08T17:26:01.922091253Z {"level":"info","ts":"2026-09-08T17:26:01.921571Z","caller":"embed/etcd.go:136","msg":"configuring client listeners","listen-client-urls":["http://0.0.0.0:2379"]}
2026-09-08T17:26:01.933861577Z {"level":"info","ts":"2026-09-08T17:26:01.933319Z","caller":"embed/etcd.go:310","msg":"starting an etcd server","etcd-version":"3.5.15","git-sha":"9a5533382","go-version":"go1.21.12","go-os":"linux","go-arch":"amd64","max-cpu-set":8,"max-cpu-available":8,"member-initialized":false,"name":"etcd","data-dir":"/etcd-data","wal-dir":"","wal-dir-dedicated":"","member-dir":"/etcd-data/member","force-new-cluster":false,"heartbeat-interval":"100ms","election-timeout":"1s","initial-election-tick-advance":true,"snapshot-count":100000,"max-wals":5,"max-snapshots":5,"snapshot-catchup-entries":5000,"initial-advertise-peer-urls":["http://etcd:2380"],"listen-peer-urls":["http://0.0.0.0:2380"],"advertise-client-urls":["http://etcd:2379"],"listen-client-urls":["http://0.0.0.0:2379"],"listen-metrics-urls":[],"cors":["*"],"host-whitelist":["*"],"initial-cluster":"etcd=http://etcd:2380","initial-cluster-state":"new","initial-cluster-token":"phase4-20260908T172559675-6d1659c7","quota-backend-bytes":2147483648,"max-request-bytes":1572864,"max-concurrent-streams":4294967295,"pre-vote":true,"initial-corrupt-check":false,"corrupt-check-time-interval":"0s","compact-check-time-enabled":false,"compact-check-time-interval":"1m0s","auto-compaction-mode":"periodic","auto-compaction-retention":"0s","auto-compaction-interval":"0s","discovery-url":"","discovery-proxy":"","downgrade-check-interval":"5s"}
2026-09-08T17:26:01.935184604Z {"level":"warn","ts":"2026-09-08T17:26:01.933712Z","caller":"fileutil/fileutil.go:53","msg":"check file permission","error":"directory \"/etcd-data\" exist, but the permission is \"drwxr-xr-x\". The recommended permission is \"-rwx------\" to prevent possible unprivileged access to the data"}
2026-09-08T17:26:01.942690195Z {"level":"info","ts":"2026-09-08T17:26:01.942327Z","caller":"etcdserver/backend.go:81","msg":"opened backend db","path":"/etcd-data/member/snap/db","took":"4.640398ms"}
2026-09-08T17:26:01.956907240Z {"level":"info","ts":"2026-09-08T17:26:01.956286Z","caller":"etcdserver/raft.go:495","msg":"starting local member","local-member-id":"6b92b52de5bbff7b","cluster-id":"1b5e4f69ee998dca"}
2026-09-08T17:26:01.957460335Z {"level":"info","ts":"2026-09-08T17:26:01.957017Z","logger":"raft","caller":"etcdserver/zap_raft.go:77","msg":"6b92b52de5bbff7b switched to configuration voters=()"}
2026-09-08T17:26:01.957472337Z {"level":"info","ts":"2026-09-08T17:26:01.957341Z","logger":"raft","caller":"etcdserver/zap_raft.go:77","msg":"6b92b52de5bbff7b became follower at term 0"}
2026-09-08T17:26:01.957476938Z {"level":"info","ts":"2026-09-08T17:26:01.957358Z","logger":"raft","caller":"etcdserver/zap_raft.go:77","msg":"newRaft 6b92b52de5bbff7b [peers: [], term: 0, commit: 0, applied: 0, lastindex: 0, lastterm: 0]"}
2026-09-08T17:26:01.957480739Z {"level":"info","ts":"2026-09-08T17:26:01.957417Z","logger":"raft","caller":"etcdserver/zap_raft.go:77","msg":"6b92b52de5bbff7b became follower at term 1"}
2026-09-08T17:26:01.957960921Z {"level":"info","ts":"2026-09-08T17:26:01.957749Z","logger":"raft","caller":"etcdserver/zap_raft.go:77","msg":"6b92b52de5bbff7b switched to configuration voters=(7751457117390503803)"}
2026-09-08T17:26:01.969781954Z {"level":"warn","ts":"2026-09-08T17:26:01.969232Z","caller":"auth/store.go:1241","msg":"simple token is not cryptographically signed"}
2026-09-08T17:26:01.972376400Z {"level":"info","ts":"2026-09-08T17:26:01.971994Z","caller":"mvcc/kvstore.go:418","msg":"kvstore restored","current-rev":1}
2026-09-08T17:26:01.975822893Z {"level":"info","ts":"2026-09-08T17:26:01.975485Z","caller":"etcdserver/quota.go:94","msg":"enabled backend quota with default value","quota-name":"v3-applier","quota-size-bytes":2147483648,"quota-size":"2.1 GB"}
2026-09-08T17:26:01.977731621Z {"level":"info","ts":"2026-09-08T17:26:01.977417Z","caller":"etcdserver/server.go:867","msg":"starting etcd server","local-member-id":"6b92b52de5bbff7b","local-server-version":"3.5.15","cluster-version":"to_be_decided"}
2026-09-08T17:26:01.978265613Z {"level":"info","ts":"2026-09-08T17:26:01.977934Z","caller":"etcdserver/server.go:751","msg":"started as single-node; fast-forwarding election ticks","local-member-id":"6b92b52de5bbff7b","forward-ticks":9,"forward-duration":"900ms","election-ticks":10,"election-timeout":"1s"}
2026-09-08T17:26:01.978761898Z {"level":"info","ts":"2026-09-08T17:26:01.978371Z","caller":"v3rpc/health.go:61","msg":"grpc service status changed","service":"","status":"SERVING"}
2026-09-08T17:26:01.978922926Z {"level":"info","ts":"2026-09-08T17:26:01.978443Z","caller":"fileutil/purge.go:50","msg":"started to purge file","dir":"/etcd-data/member/snap","suffix":"snap.db","max":5,"interval":"30s"}
2026-09-08T17:26:01.978933428Z {"level":"info","ts":"2026-09-08T17:26:01.978811Z","caller":"fileutil/purge.go:50","msg":"started to purge file","dir":"/etcd-data/member/snap","suffix":"snap","max":5,"interval":"30s"}
2026-09-08T17:26:01.978937929Z {"level":"info","ts":"2026-09-08T17:26:01.978840Z","caller":"fileutil/purge.go:50","msg":"started to purge file","dir":"/etcd-data/member/wal","suffix":"wal","max":5,"interval":"30s"}
2026-09-08T17:26:01.982808194Z {"level":"info","ts":"2026-09-08T17:26:01.982462Z","logger":"raft","caller":"etcdserver/zap_raft.go:77","msg":"6b92b52de5bbff7b switched to configuration voters=(7751457117390503803)"}
2026-09-08T17:26:01.983328884Z {"level":"info","ts":"2026-09-08T17:26:01.983086Z","caller":"embed/etcd.go:599","msg":"serving peer traffic","address":"[::]:2380"}
2026-09-08T17:26:01.983342986Z {"level":"info","ts":"2026-09-08T17:26:01.983174Z","caller":"embed/etcd.go:571","msg":"cmux::serve","address":"[::]:2380"}
2026-09-08T17:26:01.983503014Z {"level":"info","ts":"2026-09-08T17:26:01.983322Z","caller":"membership/cluster.go:421","msg":"added member","cluster-id":"1b5e4f69ee998dca","local-member-id":"6b92b52de5bbff7b","added-peer-id":"6b92b52de5bbff7b","added-peer-peer-urls":["http://etcd:2380"]}
2026-09-08T17:26:01.983814567Z {"level":"info","ts":"2026-09-08T17:26:01.983541Z","caller":"embed/etcd.go:279","msg":"now serving peer/client/metrics","local-member-id":"6b92b52de5bbff7b","initial-advertise-peer-urls":["http://etcd:2380"],"listen-peer-urls":["http://0.0.0.0:2380"],"advertise-client-urls":["http://etcd:2379"],"listen-client-urls":["http://0.0.0.0:2379"],"listen-metrics-urls":[]}
2026-09-08T17:26:02.459636294Z {"level":"info","ts":"2026-09-08T17:26:02.459207Z","logger":"raft","caller":"etcdserver/zap_raft.go:77","msg":"6b92b52de5bbff7b is starting a new election at term 1"}
2026-09-08T17:26:02.459679001Z {"level":"info","ts":"2026-09-08T17:26:02.459309Z","logger":"raft","caller":"etcdserver/zap_raft.go:77","msg":"6b92b52de5bbff7b became pre-candidate at term 1"}
2026-09-08T17:26:02.459686102Z {"level":"info","ts":"2026-09-08T17:26:02.459346Z","logger":"raft","caller":"etcdserver/zap_raft.go:77","msg":"6b92b52de5bbff7b received MsgPreVoteResp from 6b92b52de5bbff7b at term 1"}
2026-09-08T17:26:02.459691503Z {"level":"info","ts":"2026-09-08T17:26:02.459419Z","logger":"raft","caller":"etcdserver/zap_raft.go:77","msg":"6b92b52de5bbff7b became candidate at term 2"}
2026-09-08T17:26:02.459695804Z {"level":"info","ts":"2026-09-08T17:26:02.459431Z","logger":"raft","caller":"etcdserver/zap_raft.go:77","msg":"6b92b52de5bbff7b received MsgVoteResp from 6b92b52de5bbff7b at term 2"}
2026-09-08T17:26:02.459700205Z {"level":"info","ts":"2026-09-08T17:26:02.459445Z","logger":"raft","caller":"etcdserver/zap_raft.go:77","msg":"6b92b52de5bbff7b became leader at term 2"}
2026-09-08T17:26:02.459704305Z {"level":"info","ts":"2026-09-08T17:26:02.459457Z","logger":"raft","caller":"etcdserver/zap_raft.go:77","msg":"raft.node: 6b92b52de5bbff7b elected leader 6b92b52de5bbff7b at term 2"}
2026-09-08T17:26:02.461186260Z {"level":"info","ts":"2026-09-08T17:26:02.460903Z","caller":"etcdserver/server.go:2629","msg":"setting up initial cluster version using v2 API","cluster-version":"3.5"}
2026-09-08T17:26:02.462527891Z {"level":"info","ts":"2026-09-08T17:26:02.462249Z","caller":"embed/serve.go:103","msg":"ready to serve client requests"}
2026-09-08T17:26:02.462726325Z {"level":"info","ts":"2026-09-08T17:26:02.462206Z","caller":"etcdserver/server.go:2118","msg":"published local member to cluster through raft","local-member-id":"6b92b52de5bbff7b","local-member-attributes":"{Name:etcd ClientURLs:[http://etcd:2379]}","request-path":"/0/members/6b92b52de5bbff7b/attributes","cluster-id":"1b5e4f69ee998dca","publish-timeout":"7s"}
2026-09-08T17:26:02.463273519Z {"level":"info","ts":"2026-09-08T17:26:02.462973Z","caller":"etcdmain/main.go:44","msg":"notifying init daemon"}
2026-09-08T17:26:02.463292522Z {"level":"info","ts":"2026-09-08T17:26:02.463064Z","caller":"etcdmain/main.go:50","msg":"successfully notified init daemon"}
2026-09-08T17:26:02.465802654Z {"level":"info","ts":"2026-09-08T17:26:02.465366Z","caller":"v3rpc/health.go:61","msg":"grpc service status changed","service":"","status":"SERVING"}
2026-09-08T17:26:02.466511676Z {"level":"info","ts":"2026-09-08T17:26:02.466104Z","caller":"embed/serve.go:187","msg":"serving client traffic insecurely; this is strongly discouraged!","traffic":"grpc+http","address":"[::]:2379"}
2026-09-08T17:26:02.467551755Z {"level":"info","ts":"2026-09-08T17:26:02.467202Z","caller":"membership/cluster.go:584","msg":"set initial cluster version","cluster-id":"1b5e4f69ee998dca","local-member-id":"6b92b52de5bbff7b","cluster-version":"3.5"}
2026-09-08T17:26:02.467842405Z {"level":"info","ts":"2026-09-08T17:26:02.467412Z","caller":"api/capability.go:75","msg":"enabled capabilities for version","cluster-version":"3.5"}
2026-09-08T17:26:02.467853707Z {"level":"info","ts":"2026-09-08T17:26:02.467721Z","caller":"etcdserver/server.go:2653","msg":"cluster version is updated","cluster-version":"3.5"}
