2026-09-08T17:34:03.933000085Z 2026-09-08 17:34:03,931 INFO: Selected new etcd server http://etcd:2379
2026-09-08T17:34:03.993915238Z 2026-09-08 17:34:03,993 INFO: No PostgreSQL configuration items changed, nothing to reload.
2026-09-08T17:34:04.156556318Z 2026-09-08 17:34:04,055 INFO: Lock owner: None; I am phase4-20260908T173358240-1efd4a87-primary
2026-09-08T17:34:04.156985829Z 2026-09-08 17:34:04,154 INFO: trying to bootstrap a new cluster
2026-09-08T17:34:07.598899342Z initdb: warning: enabling "trust" authentication for local connections
2026-09-08T17:34:07.598991044Z initdb: hint: You can change this by editing pg_hba.conf or using the option -A, or --auth-local and --auth-host, the next time you run initdb.
2026-09-08T17:34:08.010605864Z 2026-09-08 17:34:08.010 UTC [65] db= user= app= client= session=6aa0470f.41 tx=0 LOG:  redirecting log output to logging collector process
2026-09-08T17:34:08.010636665Z 2026-09-08 17:34:08.010 UTC [65] db= user= app= client= session=6aa0470f.41 tx=0 HINT:  Future log output will appear in directory "pg_log".
2026-09-08T17:34:08.014525458Z 2026-09-08 17:34:08,013 INFO: postmaster pid=65
2026-09-08T17:34:08.148457553Z 2026-09-08 17:34:08,147 INFO: establishing a new patroni heartbeat connection to postgres
2026-09-08T17:34:08.220603574Z 2026-09-08 17:34:08,219 INFO: running post_bootstrap
2026-09-08T17:34:08.255824114Z 2026-09-08 17:34:08,255 WARNING: User creation via "bootstrap.users" will be removed in v4.0.0
2026-09-08T17:34:08.272837420Z 2026-09-08 17:34:08,272 WARNING: Could not activate Linux watchdog device: Can't open watchdog device: [Errno 2] No such file or directory: '/dev/watchdog'
2026-09-08T17:34:08.276733313Z 2026-09-08 17:34:08,275 INFO: Reaped pid=79, exit status=0
2026-09-08T17:34:08.279859188Z 2026-09-08 17:34:08,279 INFO: Reaped pid=80, exit status=0
2026-09-08T17:34:08.361344932Z 2026-09-08 17:34:08,360 INFO: establishing a new patroni restapi connection to postgres
2026-09-08T17:34:08.467047632Z 2026-09-08 17:34:08,463 INFO: initialized a new cluster
2026-09-08T17:34:08.562375707Z 2026-09-08 17:34:08,561 INFO: no action. I am (phase4-20260908T173358240-1efd4a87-primary), the leader with the lock
2026-09-08T17:34:13.639986314Z 2026-09-08 17:34:13,638 INFO: no action. I am (phase4-20260908T173358240-1efd4a87-primary), the leader with the lock
2026-09-08T17:34:18.603780214Z 2026-09-08 17:34:18,603 INFO: no action. I am (phase4-20260908T173358240-1efd4a87-primary), the leader with the lock
2026-09-08T17:34:23.609540055Z 2026-09-08 17:34:23,609 INFO: no action. I am (phase4-20260908T173358240-1efd4a87-primary), the leader with the lock
2026-09-08T17:34:28.613300088Z 2026-09-08 17:34:28,612 INFO: no action. I am (phase4-20260908T173358240-1efd4a87-primary), the leader with the lock
2026-09-08T17:34:33.618929461Z 2026-09-08 17:34:33,617 INFO: no action. I am (phase4-20260908T173358240-1efd4a87-primary), the leader with the lock
2026-09-08T17:34:38.610388051Z 2026-09-08 17:34:38,609 INFO: no action. I am (phase4-20260908T173358240-1efd4a87-primary), the leader with the lock
2026-09-08T17:34:43.611712082Z 2026-09-08 17:34:43,610 INFO: no action. I am (phase4-20260908T173358240-1efd4a87-primary), the leader with the lock
2026-09-08T17:34:48.633690536Z 2026-09-08 17:34:48,633 INFO: no action. I am (phase4-20260908T173358240-1efd4a87-primary), the leader with the lock
2026-09-08T17:34:53.607510066Z 2026-09-08 17:34:53,606 INFO: no action. I am (phase4-20260908T173358240-1efd4a87-primary), the leader with the lock
2026-09-08T17:34:58.610608129Z 2026-09-08 17:34:58,609 INFO: no action. I am (phase4-20260908T173358240-1efd4a87-primary), the leader with the lock
2026-09-08T17:35:03.701575024Z 2026-09-08 17:35:03,700 INFO: no action. I am (phase4-20260908T173358240-1efd4a87-primary), the leader with the lock
2026-09-08T17:35:08.619906337Z 2026-09-08 17:35:08,619 INFO: no action. I am (phase4-20260908T173358240-1efd4a87-primary), the leader with the lock
2026-09-08T17:35:13.613630492Z 2026-09-08 17:35:13,612 INFO: no action. I am (phase4-20260908T173358240-1efd4a87-primary), the leader with the lock
2026-09-08T17:35:18.617513516Z 2026-09-08 17:35:18,616 INFO: no action. I am (phase4-20260908T173358240-1efd4a87-primary), the leader with the lock
2026-09-08T17:35:23.611830973Z 2026-09-08 17:35:23,610 INFO: no action. I am (phase4-20260908T173358240-1efd4a87-primary), the leader with the lock
2026-09-08T17:35:28.621698000Z 2026-09-08 17:35:28,620 INFO: no action. I am (phase4-20260908T173358240-1efd4a87-primary), the leader with the lock
2026-09-08T17:35:33.720203186Z 2026-09-08 17:35:33,719 INFO: no action. I am (phase4-20260908T173358240-1efd4a87-primary), the leader with the lock
2026-09-08T17:35:34.636624737Z 2026-09-08 17:35:34,618 WARNING: Exception happened during processing of request from 172.23.0.5:41794
2026-09-08T17:35:34.724461323Z 2026-09-08 17:35:34,722 WARNING: Traceback (most recent call last):
2026-09-08T17:35:34.724590635Z   File "/usr/lib/python3.11/socketserver.py", line 691, in process_request_thread
2026-09-08T17:35:34.724697245Z     self.finish_request(request, client_address)
2026-09-08T17:35:34.724708646Z   File "/usr/lib/python3.11/socketserver.py", line 361, in finish_request
2026-09-08T17:35:34.724716147Z     self.RequestHandlerClass(request, client_address, self)
2026-09-08T17:35:34.726083576Z   File "/usr/local/lib/python3.11/dist-packages/patroni/api.py", line 105, in __init__
2026-09-08T17:35:34.726124780Z     super(RestApiHandler, self).__init__(request, client_address, server)
2026-09-08T17:35:34.726135481Z   File "/usr/lib/python3.11/socketserver.py", line 755, in __init__
2026-09-08T17:35:34.726143381Z     self.handle()
2026-09-08T17:35:34.726149682Z   File "/usr/lib/python3.11/http/server.py", line 432, in handle
2026-09-08T17:35:34.726157083Z     self.handle_one_request()
2026-09-08T17:35:34.726163583Z   File "/usr/local/lib/python3.11/dist-packages/patroni/api.py", line 1348, in handle_one_request
2026-09-08T17:35:34.726169984Z     BaseHTTPRequestHandler.handle_one_request(self)
2026-09-08T17:35:34.726176285Z   File "/usr/lib/python3.11/http/server.py", line 420, in handle_one_request
2026-09-08T17:35:34.726183485Z     method()
2026-09-08T17:35:34.726190686Z   File "/usr/local/lib/python3.11/dist-packages/patroni/api.py", line 375, in do_GET
2026-09-08T17:35:34.726198187Z     self._write_status_response(status_code, response)
2026-09-08T17:35:34.726205487Z   File "/usr/local/lib/python3.11/dist-packages/patroni/api.py", line 221, in _write_status_response
2026-09-08T17:35:34.726212688Z     self._write_json_response(status_code, response)
2026-09-08T17:35:34.726224789Z   File "/usr/local/lib/python3.11/dist-packages/patroni/api.py", line 167, in _write_json_response
2026-09-08T17:35:34.726232690Z     self.write_response(status_code, json.dumps(response, default=str), content_type='application/json')
2026-09-08T17:35:34.726240891Z   File "/usr/local/lib/python3.11/dist-packages/patroni/api.py", line 157, in write_response
2026-09-08T17:35:34.726270393Z     self.wfile.write(body.encode('utf-8'))
2026-09-08T17:35:34.726276094Z   File "/usr/lib/python3.11/socketserver.py", line 834, in write
2026-09-08T17:35:34.726280794Z     self._sock.sendall(b)
2026-09-08T17:35:34.726284995Z ConnectionResetError: [Errno 104] Connection reset by peer
2026-09-08T17:35:34.726289395Z 
2026-09-08T17:35:38.620036115Z 2026-09-08 17:35:38,619 INFO: no action. I am (phase4-20260908T173358240-1efd4a87-primary), the leader with the lock
2026-09-08T17:35:41.693734873Z 2026-09-08 17:35:41,689 WARNING: Exception happened during processing of request from 172.23.0.5:41852
2026-09-08T17:35:41.693788179Z 2026-09-08 17:35:41,693 WARNING: Traceback (most recent call last):
2026-09-08T17:35:41.693796079Z   File "/usr/lib/python3.11/socketserver.py", line 691, in process_request_thread
2026-09-08T17:35:41.693801380Z     self.finish_request(request, client_address)
2026-09-08T17:35:41.693805680Z   File "/usr/lib/python3.11/socketserver.py", line 361, in finish_request
2026-09-08T17:35:41.693814581Z     self.RequestHandlerClass(request, client_address, self)
2026-09-08T17:35:41.693819582Z   File "/usr/local/lib/python3.11/dist-packages/patroni/api.py", line 105, in __init__
2026-09-08T17:35:41.693824482Z     super(RestApiHandler, self).__init__(request, client_address, server)
2026-09-08T17:35:41.693829083Z   File "/usr/lib/python3.11/socketserver.py", line 755, in __init__
2026-09-08T17:35:41.693833483Z     self.handle()
2026-09-08T17:35:41.693837984Z   File "/usr/lib/python3.11/http/server.py", line 432, in handle
2026-09-08T17:35:41.693842684Z     self.handle_one_request()
2026-09-08T17:35:41.693846884Z   File "/usr/local/lib/python3.11/dist-packages/patroni/api.py", line 1348, in handle_one_request
2026-09-08T17:35:41.693851485Z     BaseHTTPRequestHandler.handle_one_request(self)
2026-09-08T17:35:41.693855685Z   File "/usr/lib/python3.11/http/server.py", line 420, in handle_one_request
2026-09-08T17:35:41.693861086Z     method()
2026-09-08T17:35:41.693865586Z   File "/usr/local/lib/python3.11/dist-packages/patroni/api.py", line 375, in do_GET
2026-09-08T17:35:41.693869987Z     self._write_status_response(status_code, response)
2026-09-08T17:35:41.693874587Z   File "/usr/local/lib/python3.11/dist-packages/patroni/api.py", line 221, in _write_status_response
2026-09-08T17:35:41.693879588Z     self._write_json_response(status_code, response)
2026-09-08T17:35:41.693884088Z   File "/usr/local/lib/python3.11/dist-packages/patroni/api.py", line 167, in _write_json_response
2026-09-08T17:35:41.693888789Z     self.write_response(status_code, json.dumps(response, default=str), content_type='application/json')
2026-09-08T17:35:41.693893589Z   File "/usr/local/lib/python3.11/dist-packages/patroni/api.py", line 157, in write_response
2026-09-08T17:35:41.693898289Z     self.wfile.write(body.encode('utf-8'))
2026-09-08T17:35:41.693925792Z   File "/usr/lib/python3.11/socketserver.py", line 834, in write
2026-09-08T17:35:41.693931993Z     self._sock.sendall(b)
2026-09-08T17:35:41.693936293Z ConnectionResetError: [Errno 104] Connection reset by peer
2026-09-08T17:35:41.693940594Z 
2026-09-08T17:35:43.511319732Z 2026-09-08 17:35:43,510 INFO: no action. I am (phase4-20260908T173358240-1efd4a87-primary), the leader with the lock
2026-09-08T17:35:48.613961231Z 2026-09-08 17:35:48,613 INFO: no action. I am (phase4-20260908T173358240-1efd4a87-primary), the leader with the lock
2026-09-08T17:35:53.607656463Z 2026-09-08 17:35:53,607 INFO: no action. I am (phase4-20260908T173358240-1efd4a87-primary), the leader with the lock
2026-09-08T17:35:58.624786562Z 2026-09-08 17:35:58,623 INFO: no action. I am (phase4-20260908T173358240-1efd4a87-primary), the leader with the lock
2026-09-08T17:36:03.620855730Z 2026-09-08 17:36:03,616 INFO: no action. I am (phase4-20260908T173358240-1efd4a87-primary), the leader with the lock
2026-09-08T17:36:08.731091543Z 2026-09-08 17:36:08,730 INFO: no action. I am (phase4-20260908T173358240-1efd4a87-primary), the leader with the lock
2026-09-08T17:36:09.875323587Z 2026-09-08 17:36:09,873 WARNING: Exception happened during processing of request from 172.23.0.5:39582
2026-09-08T17:36:09.880936089Z 2026-09-08 17:36:09,877 WARNING: Traceback (most recent call last):
2026-09-08T17:36:09.880979993Z   File "/usr/lib/python3.11/socketserver.py", line 691, in process_request_thread
2026-09-08T17:36:09.880990594Z     self.finish_request(request, client_address)
2026-09-08T17:36:09.880996194Z   File "/usr/lib/python3.11/socketserver.py", line 361, in finish_request
2026-09-08T17:36:09.881001895Z     self.RequestHandlerClass(request, client_address, self)
2026-09-08T17:36:09.881007095Z   File "/usr/local/lib/python3.11/dist-packages/patroni/api.py", line 105, in __init__
2026-09-08T17:36:09.881013796Z     super(RestApiHandler, self).__init__(request, client_address, server)
2026-09-08T17:36:09.881020696Z   File "/usr/lib/python3.11/socketserver.py", line 755, in __init__
2026-09-08T17:36:09.881027797Z     self.handle()
2026-09-08T17:36:09.881033798Z   File "/usr/lib/python3.11/http/server.py", line 432, in handle
2026-09-08T17:36:09.881040198Z     self.handle_one_request()
2026-09-08T17:36:09.881046399Z   File "/usr/local/lib/python3.11/dist-packages/patroni/api.py", line 1348, in handle_one_request
2026-09-08T17:36:09.881055200Z     BaseHTTPRequestHandler.handle_one_request(self)
2026-09-08T17:36:09.881062200Z   File "/usr/lib/python3.11/http/server.py", line 420, in handle_one_request
2026-09-08T17:36:09.881069301Z     method()
2026-09-08T17:36:09.881075701Z   File "/usr/local/lib/python3.11/dist-packages/patroni/api.py", line 375, in do_GET
2026-09-08T17:36:09.881083002Z     self._write_status_response(status_code, response)
2026-09-08T17:36:09.881089503Z   File "/usr/local/lib/python3.11/dist-packages/patroni/api.py", line 221, in _write_status_response
2026-09-08T17:36:09.881210413Z     self._write_json_response(status_code, response)
2026-09-08T17:36:09.881220814Z   File "/usr/local/lib/python3.11/dist-packages/patroni/api.py", line 167, in _write_json_response
2026-09-08T17:36:09.881226115Z     self.write_response(status_code, json.dumps(response, default=str), content_type='application/json')
2026-09-08T17:36:09.881230715Z   File "/usr/local/lib/python3.11/dist-packages/patroni/api.py", line 157, in write_response
2026-09-08T17:36:09.881234616Z     self.wfile.write(body.encode('utf-8'))
2026-09-08T17:36:09.881238316Z   File "/usr/lib/python3.11/socketserver.py", line 834, in write
2026-09-08T17:36:09.881242416Z     self._sock.sendall(b)
2026-09-08T17:36:09.881246417Z ConnectionResetError: [Errno 104] Connection reset by peer
2026-09-08T17:36:09.881250317Z 
2026-09-08T17:36:11.905200806Z 2026-09-08 17:36:11,896 WARNING: Exception happened during processing of request from 172.23.0.5:39594
2026-09-08T17:36:11.905249111Z 2026-09-08 17:36:11,903 WARNING: Traceback (most recent call last):
2026-09-08T17:36:11.905256011Z   File "/usr/lib/python3.11/socketserver.py", line 691, in process_request_thread
2026-09-08T17:36:11.905260912Z     self.finish_request(request, client_address)
2026-09-08T17:36:11.905265512Z   File "/usr/lib/python3.11/socketserver.py", line 361, in finish_request
2026-09-08T17:36:11.905269812Z     self.RequestHandlerClass(request, client_address, self)
2026-09-08T17:36:11.905274013Z   File "/usr/local/lib/python3.11/dist-packages/patroni/api.py", line 105, in __init__
2026-09-08T17:36:11.905278713Z     super(RestApiHandler, self).__init__(request, client_address, server)
2026-09-08T17:36:11.905282914Z   File "/usr/lib/python3.11/socketserver.py", line 755, in __init__
2026-09-08T17:36:11.905287214Z     self.handle()
2026-09-08T17:36:11.905291214Z   File "/usr/lib/python3.11/http/server.py", line 432, in handle
2026-09-08T17:36:11.905295615Z     self.handle_one_request()
2026-09-08T17:36:11.905299815Z   File "/usr/local/lib/python3.11/dist-packages/patroni/api.py", line 1348, in handle_one_request
2026-09-08T17:36:11.905304315Z     BaseHTTPRequestHandler.handle_one_request(self)
2026-09-08T17:36:11.905308616Z   File "/usr/lib/python3.11/http/server.py", line 420, in handle_one_request
2026-09-08T17:36:11.905313016Z     method()
2026-09-08T17:36:11.905317017Z   File "/usr/local/lib/python3.11/dist-packages/patroni/api.py", line 375, in do_GET
2026-09-08T17:36:11.905321417Z     self._write_status_response(status_code, response)
2026-09-08T17:36:11.905325617Z   File "/usr/local/lib/python3.11/dist-packages/patroni/api.py", line 221, in _write_status_response
2026-09-08T17:36:11.905330218Z     self._write_json_response(status_code, response)
2026-09-08T17:36:11.905334618Z   File "/usr/local/lib/python3.11/dist-packages/patroni/api.py", line 167, in _write_json_response
2026-09-08T17:36:11.905369821Z     self.write_response(status_code, json.dumps(response, default=str), content_type='application/json')
2026-09-08T17:36:11.905376222Z   File "/usr/local/lib/python3.11/dist-packages/patroni/api.py", line 157, in write_response
2026-09-08T17:36:11.905445328Z     self.wfile.write(body.encode('utf-8'))
2026-09-08T17:36:11.905467430Z   File "/usr/lib/python3.11/socketserver.py", line 834, in write
2026-09-08T17:36:11.905473230Z     self._sock.sendall(b)
2026-09-08T17:36:11.905477431Z ConnectionResetError: [Errno 104] Connection reset by peer
2026-09-08T17:36:11.905481931Z 
2026-09-08T17:36:13.617832660Z 2026-09-08 17:36:13,616 INFO: no action. I am (phase4-20260908T173358240-1efd4a87-primary), the leader with the lock
2026-09-08T17:36:18.513264860Z 2026-09-08 17:36:18,512 INFO: no action. I am (phase4-20260908T173358240-1efd4a87-primary), the leader with the lock
2026-09-08T17:36:21.962967607Z 2026-09-08 17:36:21,958 WARNING: Exception happened during processing of request from 172.23.0.5:46610
2026-09-08T17:36:21.963934700Z 2026-09-08 17:36:21,962 WARNING: Traceback (most recent call last):
2026-09-08T17:36:21.963954702Z   File "/usr/lib/python3.11/socketserver.py", line 691, in process_request_thread
2026-09-08T17:36:21.963961203Z     self.finish_request(request, client_address)
2026-09-08T17:36:21.963965903Z   File "/usr/lib/python3.11/socketserver.py", line 361, in finish_request
2026-09-08T17:36:21.963982105Z     self.RequestHandlerClass(request, client_address, self)
2026-09-08T17:36:21.963987306Z   File "/usr/local/lib/python3.11/dist-packages/patroni/api.py", line 105, in __init__
2026-09-08T17:36:21.963992506Z     super(RestApiHandler, self).__init__(request, client_address, server)
2026-09-08T17:36:21.963997107Z   File "/usr/lib/python3.11/socketserver.py", line 755, in __init__
2026-09-08T17:36:21.964001807Z     self.handle()
2026-09-08T17:36:21.964006207Z   File "/usr/lib/python3.11/http/server.py", line 432, in handle
2026-09-08T17:36:21.964010808Z     self.handle_one_request()
2026-09-08T17:36:21.964023609Z   File "/usr/local/lib/python3.11/dist-packages/patroni/api.py", line 1348, in handle_one_request
2026-09-08T17:36:21.964031510Z     BaseHTTPRequestHandler.handle_one_request(self)
2026-09-08T17:36:21.964036510Z   File "/usr/lib/python3.11/http/server.py", line 420, in handle_one_request
2026-09-08T17:36:21.964041611Z     method()
2026-09-08T17:36:21.964046111Z   File "/usr/local/lib/python3.11/dist-packages/patroni/api.py", line 375, in do_GET
2026-09-08T17:36:21.964051012Z     self._write_status_response(status_code, response)
2026-09-08T17:36:21.964055712Z   File "/usr/local/lib/python3.11/dist-packages/patroni/api.py", line 221, in _write_status_response
2026-09-08T17:36:21.964060613Z     self._write_json_response(status_code, response)
2026-09-08T17:36:21.964065213Z   File "/usr/local/lib/python3.11/dist-packages/patroni/api.py", line 167, in _write_json_response
2026-09-08T17:36:21.964092616Z     self.write_response(status_code, json.dumps(response, default=str), content_type='application/json')
2026-09-08T17:36:21.964098316Z   File "/usr/local/lib/python3.11/dist-packages/patroni/api.py", line 157, in write_response
2026-09-08T17:36:21.964115318Z     self.wfile.write(body.encode('utf-8'))
2026-09-08T17:36:21.964120819Z   File "/usr/lib/python3.11/socketserver.py", line 834, in write
2026-09-08T17:36:21.964126019Z     self._sock.sendall(b)
2026-09-08T17:36:21.964130519Z ConnectionResetError: [Errno 104] Connection reset by peer
2026-09-08T17:36:21.964135220Z 
2026-09-08T17:36:23.521610371Z 2026-09-08 17:36:23,520 INFO: no action. I am (phase4-20260908T173358240-1efd4a87-primary), the leader with the lock
2026-09-08T17:36:28.607271165Z 2026-09-08 17:36:28,606 INFO: no action. I am (phase4-20260908T173358240-1efd4a87-primary), the leader with the lock
2026-09-08T17:36:33.612880073Z 2026-09-08 17:36:33,611 INFO: no action. I am (phase4-20260908T173358240-1efd4a87-primary), the leader with the lock
2026-09-08T17:36:38.614432721Z 2026-09-08 17:36:38,613 INFO: no action. I am (phase4-20260908T173358240-1efd4a87-primary), the leader with the lock
2026-09-08T17:36:43.669727707Z 2026-09-08 17:36:43,668 INFO: no action. I am (phase4-20260908T173358240-1efd4a87-primary), the leader with the lock
2026-09-08T17:36:47.211997563Z 2026-09-08 17:36:47,210 WARNING: Exception happened during processing of request from 172.23.0.5:41380
2026-09-08T17:36:47.226242057Z 2026-09-08 17:36:47,219 WARNING: Traceback (most recent call last):
2026-09-08T17:36:47.226286461Z   File "/usr/lib/python3.11/socketserver.py", line 691, in process_request_thread
2026-09-08T17:36:47.226297662Z     self.finish_request(request, client_address)
2026-09-08T17:36:47.226305363Z   File "/usr/lib/python3.11/socketserver.py", line 361, in finish_request
2026-09-08T17:36:47.226313563Z     self.RequestHandlerClass(request, client_address, self)
2026-09-08T17:36:47.226321164Z   File "/usr/local/lib/python3.11/dist-packages/patroni/api.py", line 105, in __init__
2026-09-08T17:36:47.226328965Z     super(RestApiHandler, self).__init__(request, client_address, server)
2026-09-08T17:36:47.226335965Z   File "/usr/lib/python3.11/socketserver.py", line 755, in __init__
2026-09-08T17:36:47.226343566Z     self.handle()
2026-09-08T17:36:47.226350667Z   File "/usr/lib/python3.11/http/server.py", line 432, in handle
2026-09-08T17:36:47.226359167Z     self.handle_one_request()
2026-09-08T17:36:47.226366068Z   File "/usr/local/lib/python3.11/dist-packages/patroni/api.py", line 1348, in handle_one_request
2026-09-08T17:36:47.226373969Z     BaseHTTPRequestHandler.handle_one_request(self)
2026-09-08T17:36:47.226381770Z   File "/usr/lib/python3.11/http/server.py", line 420, in handle_one_request
2026-09-08T17:36:47.226390370Z     method()
2026-09-08T17:36:47.226397971Z   File "/usr/local/lib/python3.11/dist-packages/patroni/api.py", line 375, in do_GET
2026-09-08T17:36:47.226496280Z     self._write_status_response(status_code, response)
2026-09-08T17:36:47.226506481Z   File "/usr/local/lib/python3.11/dist-packages/patroni/api.py", line 221, in _write_status_response
2026-09-08T17:36:47.226512281Z     self._write_json_response(status_code, response)
2026-09-08T17:36:47.226516582Z   File "/usr/local/lib/python3.11/dist-packages/patroni/api.py", line 167, in _write_json_response
2026-09-08T17:36:47.226521282Z     self.write_response(status_code, json.dumps(response, default=str), content_type='application/json')
2026-09-08T17:36:47.226525883Z   File "/usr/local/lib/python3.11/dist-packages/patroni/api.py", line 157, in write_response
2026-09-08T17:36:47.226530383Z     self.wfile.write(body.encode('utf-8'))
2026-09-08T17:36:47.226534883Z   File "/usr/lib/python3.11/socketserver.py", line 834, in write
2026-09-08T17:36:47.226539384Z     self._sock.sendall(b)
2026-09-08T17:36:47.226543484Z ConnectionResetError: [Errno 104] Connection reset by peer
2026-09-08T17:36:47.226547585Z 
2026-09-08T17:36:48.717154881Z 2026-09-08 17:36:48,715 INFO: no action. I am (phase4-20260908T173358240-1efd4a87-primary), the leader with the lock
2026-09-08T17:36:51.278328501Z 2026-09-08 17:36:51,275 WARNING: Exception happened during processing of request from 172.23.0.5:41412
2026-09-08T17:36:51.279505922Z 2026-09-08 17:36:51,278 WARNING: Traceback (most recent call last):
2026-09-08T17:36:51.279585330Z   File "/usr/lib/python3.11/socketserver.py", line 691, in process_request_thread
2026-09-08T17:36:51.279600131Z     self.finish_request(request, client_address)
2026-09-08T17:36:51.279607832Z   File "/usr/lib/python3.11/socketserver.py", line 361, in finish_request
2026-09-08T17:36:51.279615033Z     self.RequestHandlerClass(request, client_address, self)
2026-09-08T17:36:51.279621834Z   File "/usr/local/lib/python3.11/dist-packages/patroni/api.py", line 105, in __init__
2026-09-08T17:36:51.279628734Z     super(RestApiHandler, self).__init__(request, client_address, server)
2026-09-08T17:36:51.279635635Z   File "/usr/lib/python3.11/socketserver.py", line 755, in __init__
2026-09-08T17:36:51.279643636Z     self.handle()
2026-09-08T17:36:51.279650637Z   File "/usr/lib/python3.11/http/server.py", line 432, in handle
2026-09-08T17:36:51.279658237Z     self.handle_one_request()
2026-09-08T17:36:51.279665038Z   File "/usr/local/lib/python3.11/dist-packages/patroni/api.py", line 1348, in handle_one_request
2026-09-08T17:36:51.279672739Z     BaseHTTPRequestHandler.handle_one_request(self)
2026-09-08T17:36:51.279679640Z   File "/usr/lib/python3.11/http/server.py", line 420, in handle_one_request
2026-09-08T17:36:51.279686840Z     method()
2026-09-08T17:36:51.279693641Z   File "/usr/local/lib/python3.11/dist-packages/patroni/api.py", line 375, in do_GET
2026-09-08T17:36:51.279729145Z     self._write_status_response(status_code, response)
2026-09-08T17:36:51.279734845Z   File "/usr/local/lib/python3.11/dist-packages/patroni/api.py", line 221, in _write_status_response
2026-09-08T17:36:51.279739446Z     self._write_json_response(status_code, response)
2026-09-08T17:36:51.279743446Z   File "/usr/local/lib/python3.11/dist-packages/patroni/api.py", line 167, in _write_json_response
2026-09-08T17:36:51.279748147Z     self.write_response(status_code, json.dumps(response, default=str), content_type='application/json')
2026-09-08T17:36:51.279753147Z   File "/usr/local/lib/python3.11/dist-packages/patroni/api.py", line 157, in write_response
2026-09-08T17:36:51.279757348Z     self.wfile.write(body.encode('utf-8'))
2026-09-08T17:36:51.279761548Z   File "/usr/lib/python3.11/socketserver.py", line 834, in write
2026-09-08T17:36:51.279765948Z     self._sock.sendall(b)
2026-09-08T17:36:51.279771849Z ConnectionResetError: [Errno 104] Connection reset by peer
2026-09-08T17:36:51.279776149Z 
2026-09-08T17:36:53.677966303Z 2026-09-08 17:36:53,676 INFO: no action. I am (phase4-20260908T173358240-1efd4a87-primary), the leader with the lock
2026-09-08T17:36:58.514530627Z 2026-09-08 17:36:58,513 INFO: no action. I am (phase4-20260908T173358240-1efd4a87-primary), the leader with the lock
2026-09-08T17:37:03.514293548Z 2026-09-08 17:37:03,513 INFO: no action. I am (phase4-20260908T173358240-1efd4a87-primary), the leader with the lock
2026-09-08T17:37:08.512289069Z 2026-09-08 17:37:08,511 INFO: no action. I am (phase4-20260908T173358240-1efd4a87-primary), the leader with the lock
2026-09-08T17:37:13.606216367Z 2026-09-08 17:37:13,605 INFO: no action. I am (phase4-20260908T173358240-1efd4a87-primary), the leader with the lock
2026-09-08T17:37:18.523701267Z 2026-09-08 17:37:18,522 INFO: no action. I am (phase4-20260908T173358240-1efd4a87-primary), the leader with the lock
2026-09-08T17:37:23.623523169Z 2026-09-08 17:37:23,622 INFO: no action. I am (phase4-20260908T173358240-1efd4a87-primary), the leader with the lock
2026-09-08T17:37:28.621130983Z 2026-09-08 17:37:28,620 INFO: no action. I am (phase4-20260908T173358240-1efd4a87-primary), the leader with the lock
2026-09-08T17:37:33.691805459Z 2026-09-08 17:37:33,688 INFO: no action. I am (phase4-20260908T173358240-1efd4a87-primary), the leader with the lock
2026-09-08T17:37:34.646676862Z 2026-09-08 17:37:34,640 WARNING: Exception happened during processing of request from 172.23.0.5:37160
2026-09-08T17:37:34.646731567Z 2026-09-08 17:37:34,645 WARNING: Traceback (most recent call last):
2026-09-08T17:37:34.646742368Z   File "/usr/lib/python3.11/socketserver.py", line 691, in process_request_thread
2026-09-08T17:37:34.646750469Z     self.finish_request(request, client_address)
2026-09-08T17:37:34.646758370Z   File "/usr/lib/python3.11/socketserver.py", line 361, in finish_request
2026-09-08T17:37:34.646766370Z     self.RequestHandlerClass(request, client_address, self)
2026-09-08T17:37:34.646773871Z   File "/usr/local/lib/python3.11/dist-packages/patroni/api.py", line 105, in __init__
2026-09-08T17:37:34.646805474Z     super(RestApiHandler, self).__init__(request, client_address, server)
2026-09-08T17:37:34.646811374Z   File "/usr/lib/python3.11/socketserver.py", line 755, in __init__
2026-09-08T17:37:34.646816075Z     self.handle()
2026-09-08T17:37:34.646820175Z   File "/usr/lib/python3.11/http/server.py", line 432, in handle
2026-09-08T17:37:34.646824675Z     self.handle_one_request()
2026-09-08T17:37:34.646829176Z   File "/usr/local/lib/python3.11/dist-packages/patroni/api.py", line 1348, in handle_one_request
2026-09-08T17:37:34.646833776Z     BaseHTTPRequestHandler.handle_one_request(self)
2026-09-08T17:37:34.646838377Z   File "/usr/lib/python3.11/http/server.py", line 420, in handle_one_request
2026-09-08T17:37:34.646843077Z     method()
2026-09-08T17:37:34.646847378Z   File "/usr/local/lib/python3.11/dist-packages/patroni/api.py", line 375, in do_GET
2026-09-08T17:37:34.646852178Z     self._write_status_response(status_code, response)
2026-09-08T17:37:34.646856478Z   File "/usr/local/lib/python3.11/dist-packages/patroni/api.py", line 221, in _write_status_response
2026-09-08T17:37:34.646861479Z     self._write_json_response(status_code, response)
2026-09-08T17:37:34.646866179Z   File "/usr/local/lib/python3.11/dist-packages/patroni/api.py", line 167, in _write_json_response
2026-09-08T17:37:34.646870980Z     self.write_response(status_code, json.dumps(response, default=str), content_type='application/json')
2026-09-08T17:37:34.646875380Z   File "/usr/local/lib/python3.11/dist-packages/patroni/api.py", line 157, in write_response
2026-09-08T17:37:34.646879980Z     self.wfile.write(body.encode('utf-8'))
2026-09-08T17:37:34.646884181Z   File "/usr/lib/python3.11/socketserver.py", line 834, in write
2026-09-08T17:37:34.646888081Z     self._sock.sendall(b)
2026-09-08T17:37:34.646892282Z ConnectionResetError: [Errno 104] Connection reset by peer
2026-09-08T17:37:34.646896782Z 
2026-09-08T17:37:38.581122270Z 2026-09-08 17:37:38,580 INFO: no action. I am (phase4-20260908T173358240-1efd4a87-primary), the leader with the lock
2026-09-08T17:37:42.688464117Z 2026-09-08 17:37:42,687 WARNING: Exception happened during processing of request from 172.23.0.5:37228
2026-09-08T17:37:42.691319947Z 2026-09-08 17:37:42,690 WARNING: Traceback (most recent call last):
2026-09-08T17:37:42.691397153Z   File "/usr/lib/python3.11/socketserver.py", line 691, in process_request_thread
2026-09-08T17:37:42.691404353Z     self.finish_request(request, client_address)
2026-09-08T17:37:42.691408454Z   File "/usr/lib/python3.11/socketserver.py", line 361, in finish_request
2026-09-08T17:37:42.691412454Z     self.RequestHandlerClass(request, client_address, self)
2026-09-08T17:37:42.691416254Z   File "/usr/local/lib/python3.11/dist-packages/patroni/api.py", line 105, in __init__
2026-09-08T17:37:42.691420355Z     super(RestApiHandler, self).__init__(request, client_address, server)
2026-09-08T17:37:42.691448357Z   File "/usr/lib/python3.11/socketserver.py", line 755, in __init__
2026-09-08T17:37:42.691454257Z     self.handle()
2026-09-08T17:37:42.691457758Z   File "/usr/lib/python3.11/http/server.py", line 432, in handle
2026-09-08T17:37:42.691461758Z     self.handle_one_request()
2026-09-08T17:37:42.691465258Z   File "/usr/local/lib/python3.11/dist-packages/patroni/api.py", line 1348, in handle_one_request
2026-09-08T17:37:42.691469059Z     BaseHTTPRequestHandler.handle_one_request(self)
2026-09-08T17:37:42.691472659Z   File "/usr/lib/python3.11/http/server.py", line 420, in handle_one_request
2026-09-08T17:37:42.691476559Z     method()
2026-09-08T17:37:42.691480660Z   File "/usr/local/lib/python3.11/dist-packages/patroni/api.py", line 375, in do_GET
2026-09-08T17:37:42.691485160Z     self._write_status_response(status_code, response)
2026-09-08T17:37:42.691489460Z   File "/usr/local/lib/python3.11/dist-packages/patroni/api.py", line 221, in _write_status_response
2026-09-08T17:37:42.691494161Z     self._write_json_response(status_code, response)
2026-09-08T17:37:42.691498161Z   File "/usr/local/lib/python3.11/dist-packages/patroni/api.py", line 167, in _write_json_response
2026-09-08T17:37:42.691502561Z     self.write_response(status_code, json.dumps(response, default=str), content_type='application/json')
2026-09-08T17:37:42.691506262Z   File "/usr/local/lib/python3.11/dist-packages/patroni/api.py", line 157, in write_response
2026-09-08T17:37:42.691510062Z     self.wfile.write(body.encode('utf-8'))
2026-09-08T17:37:42.691513962Z   File "/usr/lib/python3.11/socketserver.py", line 834, in write
2026-09-08T17:37:42.691517563Z     self._sock.sendall(b)
2026-09-08T17:37:42.691521163Z ConnectionResetError: [Errno 104] Connection reset by peer
2026-09-08T17:37:42.691524863Z 
2026-09-08T17:37:43.611863993Z 2026-09-08 17:37:43,610 INFO: no action. I am (phase4-20260908T173358240-1efd4a87-primary), the leader with the lock
2026-09-08T17:37:48.508679661Z 2026-09-08 17:37:48,508 INFO: no action. I am (phase4-20260908T173358240-1efd4a87-primary), the leader with the lock
2026-09-08T17:37:53.639993246Z 2026-09-08 17:37:53,638 INFO: no action. I am (phase4-20260908T173358240-1efd4a87-primary), the leader with the lock
2026-09-08T17:37:58.528672501Z 2026-09-08 17:37:58,527 INFO: no action. I am (phase4-20260908T173358240-1efd4a87-primary), the leader with the lock
2026-09-08T17:38:03.553860251Z 2026-09-08 17:38:03,528 INFO: no action. I am (phase4-20260908T173358240-1efd4a87-primary), the leader with the lock
2026-09-08T17:38:08.575894418Z 2026-09-08 17:38:08,574 INFO: no action. I am (phase4-20260908T173358240-1efd4a87-primary), the leader with the lock
2026-09-08T17:38:13.405948166Z 2026-09-08 17:38:13,404 INFO: no action. I am (phase4-20260908T173358240-1efd4a87-primary), the leader with the lock
2026-09-08T17:38:18.638861883Z 2026-09-08 17:38:18,637 INFO: no action. I am (phase4-20260908T173358240-1efd4a87-primary), the leader with the lock
2026-09-08T17:38:23.620170556Z 2026-09-08 17:38:23,619 INFO: no action. I am (phase4-20260908T173358240-1efd4a87-primary), the leader with the lock
2026-09-08T17:38:28.513146442Z 2026-09-08 17:38:28,512 INFO: no action. I am (phase4-20260908T173358240-1efd4a87-primary), the leader with the lock
2026-09-08T17:38:33.512800845Z 2026-09-08 17:38:33,512 INFO: no action. I am (phase4-20260908T173358240-1efd4a87-primary), the leader with the lock
2026-09-08T17:38:38.584622079Z 2026-09-08 17:38:38,583 INFO: no action. I am (phase4-20260908T173358240-1efd4a87-primary), the leader with the lock
2026-09-08T17:38:43.615697343Z 2026-09-08 17:38:43,614 INFO: no action. I am (phase4-20260908T173358240-1efd4a87-primary), the leader with the lock
2026-09-08T17:38:48.607075620Z 2026-09-08 17:38:48,606 INFO: no action. I am (phase4-20260908T173358240-1efd4a87-primary), the leader with the lock
2026-09-08T17:38:53.611820021Z 2026-09-08 17:38:53,611 INFO: no action. I am (phase4-20260908T173358240-1efd4a87-primary), the leader with the lock
2026-09-08T17:38:58.627341020Z 2026-09-08 17:38:58,626 INFO: no action. I am (phase4-20260908T173358240-1efd4a87-primary), the leader with the lock
2026-09-08T17:39:03.608560688Z 2026-09-08 17:39:03,607 INFO: no action. I am (phase4-20260908T173358240-1efd4a87-primary), the leader with the lock
2026-09-08T17:39:08.584420434Z 2026-09-08 17:39:08,465 INFO: Lock owner: phase4-20260908T173358240-1efd4a87-primary; I am phase4-20260908T173358240-1efd4a87-primary
2026-09-08T17:39:08.584469539Z 2026-09-08 17:39:08,584 INFO: Dropped unknown replication slot 'phase4_20260908t173358240_1efd4a87_elastic4'
2026-09-08T17:39:08.584479240Z 2026-09-08 17:39:08,585 INFO: no action. I am (phase4-20260908T173358240-1efd4a87-primary), the leader with the lock
2026-09-08T17:39:13.512062228Z 2026-09-08 17:39:13,511 INFO: no action. I am (phase4-20260908T173358240-1efd4a87-primary), the leader with the lock
2026-09-08T17:39:18.614147626Z 2026-09-08 17:39:18,613 INFO: no action. I am (phase4-20260908T173358240-1efd4a87-primary), the leader with the lock
2026-09-08T17:39:23.610184961Z 2026-09-08 17:39:23,609 INFO: no action. I am (phase4-20260908T173358240-1efd4a87-primary), the leader with the lock
2026-09-08T17:39:28.610680473Z 2026-09-08 17:39:28,610 INFO: no action. I am (phase4-20260908T173358240-1efd4a87-primary), the leader with the lock
2026-09-08T17:39:33.610517253Z 2026-09-08 17:39:33,610 INFO: no action. I am (phase4-20260908T173358240-1efd4a87-primary), the leader with the lock
2026-09-08T17:39:38.513254499Z 2026-09-08 17:39:38,512 INFO: no action. I am (phase4-20260908T173358240-1efd4a87-primary), the leader with the lock
2026-09-08T17:39:43.567381102Z 2026-09-08 17:39:43,462 INFO: Lock owner: phase4-20260908T173358240-1efd4a87-primary; I am phase4-20260908T173358240-1efd4a87-primary
2026-09-08T17:39:43.567433107Z 2026-09-08 17:39:43,565 INFO: Dropped unknown replication slot 'phase4_20260908t173358240_1efd4a87_elastic3'
2026-09-08T17:39:43.619235234Z 2026-09-08 17:39:43,618 INFO: no action. I am (phase4-20260908T173358240-1efd4a87-primary), the leader with the lock
2026-09-08T17:39:48.620106482Z 2026-09-08 17:39:48,619 INFO: no action. I am (phase4-20260908T173358240-1efd4a87-primary), the leader with the lock
2026-09-08T17:39:53.623085583Z 2026-09-08 17:39:53,622 INFO: no action. I am (phase4-20260908T173358240-1efd4a87-primary), the leader with the lock
2026-09-08T17:39:58.641473438Z 2026-09-08 17:39:58,640 INFO: no action. I am (phase4-20260908T173358240-1efd4a87-primary), the leader with the lock
2026-09-08T17:40:03.605440895Z 2026-09-08 17:40:03,604 INFO: no action. I am (phase4-20260908T173358240-1efd4a87-primary), the leader with the lock
2026-09-08T17:40:08.513210814Z 2026-09-08 17:40:08,512 INFO: no action. I am (phase4-20260908T173358240-1efd4a87-primary), the leader with the lock
2026-09-08T17:40:13.521884332Z 2026-09-08 17:40:13,462 INFO: Lock owner: phase4-20260908T173358240-1efd4a87-primary; I am phase4-20260908T173358240-1efd4a87-primary
2026-09-08T17:40:13.521926936Z 2026-09-08 17:40:13,521 INFO: Dropped unknown replication slot 'phase4_20260908t173358240_1efd4a87_elastic2'
2026-09-08T17:40:13.521938137Z 2026-09-08 17:40:13,521 INFO: no action. I am (phase4-20260908T173358240-1efd4a87-primary), the leader with the lock
2026-09-08T17:40:18.607693785Z 2026-09-08 17:40:18,606 INFO: no action. I am (phase4-20260908T173358240-1efd4a87-primary), the leader with the lock
2026-09-08T17:40:23.603936298Z 2026-09-08 17:40:23,602 INFO: no action. I am (phase4-20260908T173358240-1efd4a87-primary), the leader with the lock
2026-09-08T17:40:28.517560815Z 2026-09-08 17:40:28,517 INFO: no action. I am (phase4-20260908T173358240-1efd4a87-primary), the leader with the lock
