2026-09-08T17:34:02.555680426Z === Rendered Patroni config for phase4-20260908T173358240-1efd4a87-primary (credentials not logged) ===
2026-09-08T17:34:02.555742528Z === Starting Patroni ===
2026-09-08T17:34:04.314327182Z The files belonging to this database system will be owned by user "postgres".
2026-09-08T17:34:04.314370983Z This user must also own the server process.
2026-09-08T17:34:04.314377583Z 
2026-09-08T17:34:04.319197298Z The database cluster will be initialized with locale "en_US.utf8".
2026-09-08T17:34:04.319235999Z The default text search configuration will be set to "english".
2026-09-08T17:34:04.319242700Z 
2026-09-08T17:34:04.319246400Z Data page checksums are enabled.
2026-09-08T17:34:04.319249900Z 
2026-09-08T17:34:04.320177322Z creating directory /var/lib/postgresql/data/pgdata ... ok
2026-09-08T17:34:04.344370099Z creating subdirectories ... ok
2026-09-08T17:34:04.344779709Z selecting dynamic shared memory implementation ... posix
2026-09-08T17:34:04.433010514Z selecting default max_connections ... 100
2026-09-08T17:34:04.585221245Z selecting default shared_buffers ... 128MB
2026-09-08T17:34:04.610799355Z selecting default time zone ... Etc/UTC
2026-09-08T17:34:04.614323839Z creating configuration files ... ok
2026-09-08T17:34:05.683587549Z running bootstrap script ... ok
2026-09-08T17:34:07.290474484Z performing post-bootstrap initialization ... ok
2026-09-08T17:34:07.598833341Z syncing data to disk ... ok
2026-09-08T17:34:07.598950543Z 
2026-09-08T17:34:07.598961644Z 
2026-09-08T17:34:07.598964344Z Success. You can now start the database server using:
2026-09-08T17:34:07.598974544Z 
2026-09-08T17:34:07.598977044Z     pg_ctl -D /var/lib/postgresql/data/pgdata -l logfile start
2026-09-08T17:34:07.598980144Z 
2026-09-08T17:34:08.090233264Z localhost:5432 - accepting connections
2026-09-08T17:34:08.144123350Z localhost:5432 - accepting connections
