2026-09-08T17:23:32.508065519Z {"level":"warn","ts":"2026-09-08T17:23:32.507615Z","caller":"embed/config.go:687","msg":"Running http and grpc server on single port. This is not recommended for production."}
2026-09-08T17:23:32.508126830Z {"level":"info","ts":"2026-09-08T17:23:32.507954Z","caller":"etcdmain/etcd.go:73","msg":"Running: ","args":["/usr/local/bin/etcd","--name","etcd","--data-dir","/etcd-data","--listen-client-urls","http://0.0.0.0:2379","--advertise-client-urls","http://etcd:2379","--listen-peer-urls","http://0.0.0.0:2380","--initial-advertise-peer-urls","http://etcd:2380","--initial-cluster","etcd=http://etcd:2380","--initial-cluster-token","phase4-20260908T172330223-7440cd0b"]}
2026-09-08T17:23:32.508378577Z {"level":"warn","ts":"2026-09-08T17:23:32.508130Z","caller":"embed/config.go:687","msg":"Running http and grpc server on single port. This is not recommended for production."}
2026-09-08T17:23:32.508392979Z {"level":"info","ts":"2026-09-08T17:23:32.508216Z","caller":"embed/etcd.go:128","msg":"configuring peer listeners","listen-peer-urls":["http://0.0.0.0:2380"]}
2026-09-08T17:23:32.553529248Z {"level":"info","ts":"2026-09-08T17:23:32.552393Z","caller":"embed/etcd.go:136","msg":"configuring client listeners","listen-client-urls":["http://0.0.0.0:2379"]}
2026-09-08T17:23:32.564906033Z {"level":"info","ts":"2026-09-08T17:23:32.564165Z","caller":"embed/etcd.go:310","msg":"starting an etcd server","etcd-version":"3.5.15","git-sha":"9a5533382","go-version":"go1.21.12","go-os":"linux","go-arch":"amd64","max-cpu-set":8,"max-cpu-available":8,"member-initialized":false,"name":"etcd","data-dir":"/etcd-data","wal-dir":"","wal-dir-dedicated":"","member-dir":"/etcd-data/member","force-new-cluster":false,"heartbeat-interval":"100ms","election-timeout":"1s","initial-election-tick-advance":true,"snapshot-count":100000,"max-wals":5,"max-snapshots":5,"snapshot-catchup-entries":5000,"initial-advertise-peer-urls":["http://etcd:2380"],"listen-peer-urls":["http://0.0.0.0:2380"],"advertise-client-urls":["http://etcd:2379"],"listen-client-urls":["http://0.0.0.0:2379"],"listen-metrics-urls":[],"cors":["*"],"host-whitelist":["*"],"initial-cluster":"etcd=http://etcd:2380","initial-cluster-state":"new","initial-cluster-token":"phase4-20260908T172330223-7440cd0b","quota-backend-bytes":2147483648,"max-request-bytes":1572864,"max-concurrent-streams":4294967295,"pre-vote":true,"initial-corrupt-check":false,"corrupt-check-time-interval":"0s","compact-check-time-enabled":false,"compact-check-time-interval":"1m0s","auto-compaction-mode":"periodic","auto-compaction-retention":"0s","auto-compaction-interval":"0s","discovery-url":"","discovery-proxy":"","downgrade-check-interval":"5s"}
2026-09-08T17:23:32.566287386Z {"level":"warn","ts":"2026-09-08T17:23:32.565071Z","caller":"fileutil/fileutil.go:53","msg":"check file permission","error":"directory \"/etcd-data\" exist, but the permission is \"drwxr-xr-x\". The recommended permission is \"-rwx------\" to prevent possible unprivileged access to the data"}
2026-09-08T17:23:32.579514409Z {"level":"info","ts":"2026-09-08T17:23:32.579041Z","caller":"etcdserver/backend.go:81","msg":"opened backend db","path":"/etcd-data/member/snap/db","took":"7.868042ms"}
2026-09-08T17:23:32.600853419Z {"level":"info","ts":"2026-09-08T17:23:32.600340Z","caller":"etcdserver/raft.go:495","msg":"starting local member","local-member-id":"92fcbebeaa99d45d","cluster-id":"6d382c450b178fab"}
2026-09-08T17:23:32.601727179Z {"level":"info","ts":"2026-09-08T17:23:32.601260Z","logger":"raft","caller":"etcdserver/zap_raft.go:77","msg":"92fcbebeaa99d45d switched to configuration voters=()"}
2026-09-08T17:23:32.601798892Z {"level":"info","ts":"2026-09-08T17:23:32.601568Z","logger":"raft","caller":"etcdserver/zap_raft.go:77","msg":"92fcbebeaa99d45d became follower at term 0"}
2026-09-08T17:23:32.601811594Z {"level":"info","ts":"2026-09-08T17:23:32.601684Z","logger":"raft","caller":"etcdserver/zap_raft.go:77","msg":"newRaft 92fcbebeaa99d45d [peers: [], term: 0, commit: 0, applied: 0, lastindex: 0, lastterm: 0]"}
2026-09-08T17:23:32.601815695Z {"level":"info","ts":"2026-09-08T17:23:32.601703Z","logger":"raft","caller":"etcdserver/zap_raft.go:77","msg":"92fcbebeaa99d45d became follower at term 1"}
2026-09-08T17:23:32.602029734Z {"level":"info","ts":"2026-09-08T17:23:32.601821Z","logger":"raft","caller":"etcdserver/zap_raft.go:77","msg":"92fcbebeaa99d45d switched to configuration voters=(10591550149783835741)"}
2026-09-08T17:23:32.611149005Z {"level":"warn","ts":"2026-09-08T17:23:32.610747Z","caller":"auth/store.go:1241","msg":"simple token is not cryptographically signed"}
2026-09-08T17:23:32.613925113Z {"level":"info","ts":"2026-09-08T17:23:32.613595Z","caller":"mvcc/kvstore.go:418","msg":"kvstore restored","current-rev":1}
2026-09-08T17:23:32.616837947Z {"level":"info","ts":"2026-09-08T17:23:32.616314Z","caller":"etcdserver/quota.go:94","msg":"enabled backend quota with default value","quota-name":"v3-applier","quota-size-bytes":2147483648,"quota-size":"2.1 GB"}
2026-09-08T17:23:32.619811692Z {"level":"info","ts":"2026-09-08T17:23:32.619299Z","caller":"etcdserver/server.go:867","msg":"starting etcd server","local-member-id":"92fcbebeaa99d45d","local-server-version":"3.5.15","cluster-version":"to_be_decided"}
2026-09-08T17:23:32.620102445Z {"level":"info","ts":"2026-09-08T17:23:32.619813Z","caller":"etcdserver/server.go:751","msg":"started as single-node; fast-forwarding election ticks","local-member-id":"92fcbebeaa99d45d","forward-ticks":9,"forward-duration":"900ms","election-ticks":10,"election-timeout":"1s"}
2026-09-08T17:23:32.620331887Z {"level":"info","ts":"2026-09-08T17:23:32.620091Z","caller":"fileutil/purge.go:50","msg":"started to purge file","dir":"/etcd-data/member/snap","suffix":"snap.db","max":5,"interval":"30s"}
2026-09-08T17:23:32.620344489Z {"level":"info","ts":"2026-09-08T17:23:32.620209Z","caller":"fileutil/purge.go:50","msg":"started to purge file","dir":"/etcd-data/member/snap","suffix":"snap","max":5,"interval":"30s"}
2026-09-08T17:23:32.620348590Z {"level":"info","ts":"2026-09-08T17:23:32.620227Z","caller":"fileutil/purge.go:50","msg":"started to purge file","dir":"/etcd-data/member/wal","suffix":"wal","max":5,"interval":"30s"}
2026-09-08T17:23:32.620863285Z {"level":"info","ts":"2026-09-08T17:23:32.620516Z","caller":"v3rpc/health.go:61","msg":"grpc service status changed","service":"","status":"SERVING"}
2026-09-08T17:23:32.623737111Z {"level":"info","ts":"2026-09-08T17:23:32.623420Z","logger":"raft","caller":"etcdserver/zap_raft.go:77","msg":"92fcbebeaa99d45d switched to configuration voters=(10591550149783835741)"}
2026-09-08T17:23:32.625096560Z {"level":"info","ts":"2026-09-08T17:23:32.624653Z","caller":"membership/cluster.go:421","msg":"added member","cluster-id":"6d382c450b178fab","local-member-id":"92fcbebeaa99d45d","added-peer-id":"92fcbebeaa99d45d","added-peer-peer-urls":["http://etcd:2380"]}
2026-09-08T17:23:32.627666931Z {"level":"info","ts":"2026-09-08T17:23:32.627301Z","caller":"embed/etcd.go:599","msg":"serving peer traffic","address":"[::]:2380"}
2026-09-08T17:23:32.627695036Z {"level":"info","ts":"2026-09-08T17:23:32.627400Z","caller":"embed/etcd.go:571","msg":"cmux::serve","address":"[::]:2380"}
2026-09-08T17:23:32.627699937Z {"level":"info","ts":"2026-09-08T17:23:32.627547Z","caller":"embed/etcd.go:279","msg":"now serving peer/client/metrics","local-member-id":"92fcbebeaa99d45d","initial-advertise-peer-urls":["http://etcd:2380"],"listen-peer-urls":["http://0.0.0.0:2380"],"advertise-client-urls":["http://etcd:2379"],"listen-client-urls":["http://0.0.0.0:2379"],"listen-metrics-urls":[]}
2026-09-08T17:23:33.603520614Z {"level":"info","ts":"2026-09-08T17:23:33.602897Z","logger":"raft","caller":"etcdserver/zap_raft.go:77","msg":"92fcbebeaa99d45d is starting a new election at term 1"}
2026-09-08T17:23:33.603575024Z {"level":"info","ts":"2026-09-08T17:23:33.603075Z","logger":"raft","caller":"etcdserver/zap_raft.go:77","msg":"92fcbebeaa99d45d became pre-candidate at term 1"}
2026-09-08T17:23:33.603635535Z {"level":"info","ts":"2026-09-08T17:23:33.603192Z","logger":"raft","caller":"etcdserver/zap_raft.go:77","msg":"92fcbebeaa99d45d received MsgPreVoteResp from 92fcbebeaa99d45d at term 1"}
2026-09-08T17:23:33.603641136Z {"level":"info","ts":"2026-09-08T17:23:33.603218Z","logger":"raft","caller":"etcdserver/zap_raft.go:77","msg":"92fcbebeaa99d45d became candidate at term 2"}
2026-09-08T17:23:33.603645237Z {"level":"info","ts":"2026-09-08T17:23:33.603229Z","logger":"raft","caller":"etcdserver/zap_raft.go:77","msg":"92fcbebeaa99d45d received MsgVoteResp from 92fcbebeaa99d45d at term 2"}
2026-09-08T17:23:33.603653239Z {"level":"info","ts":"2026-09-08T17:23:33.603244Z","logger":"raft","caller":"etcdserver/zap_raft.go:77","msg":"92fcbebeaa99d45d became leader at term 2"}
2026-09-08T17:23:33.603659940Z {"level":"info","ts":"2026-09-08T17:23:33.603290Z","logger":"raft","caller":"etcdserver/zap_raft.go:77","msg":"raft.node: 92fcbebeaa99d45d elected leader 92fcbebeaa99d45d at term 2"}
2026-09-08T17:23:33.606255915Z {"level":"info","ts":"2026-09-08T17:23:33.605805Z","caller":"etcdserver/server.go:2629","msg":"setting up initial cluster version using v2 API","cluster-version":"3.5"}
2026-09-08T17:23:33.608000735Z {"level":"info","ts":"2026-09-08T17:23:33.607677Z","caller":"etcdserver/server.go:2118","msg":"published local member to cluster through raft","local-member-id":"92fcbebeaa99d45d","local-member-attributes":"{Name:etcd ClientURLs:[http://etcd:2379]}","request-path":"/0/members/92fcbebeaa99d45d/attributes","cluster-id":"6d382c450b178fab","publish-timeout":"7s"}
2026-09-08T17:23:33.608036442Z {"level":"info","ts":"2026-09-08T17:23:33.607767Z","caller":"embed/serve.go:103","msg":"ready to serve client requests"}
2026-09-08T17:23:33.608515429Z {"level":"info","ts":"2026-09-08T17:23:33.608309Z","caller":"etcdmain/main.go:44","msg":"notifying init daemon"}
2026-09-08T17:23:33.608529732Z {"level":"info","ts":"2026-09-08T17:23:33.608358Z","caller":"etcdmain/main.go:50","msg":"successfully notified init daemon"}
2026-09-08T17:23:33.610823352Z {"level":"info","ts":"2026-09-08T17:23:33.609909Z","caller":"v3rpc/health.go:61","msg":"grpc service status changed","service":"","status":"SERVING"}
2026-09-08T17:23:33.610847057Z {"level":"info","ts":"2026-09-08T17:23:33.609950Z","caller":"membership/cluster.go:584","msg":"set initial cluster version","cluster-id":"6d382c450b178fab","local-member-id":"92fcbebeaa99d45d","cluster-version":"3.5"}
2026-09-08T17:23:33.610853158Z {"level":"info","ts":"2026-09-08T17:23:33.610520Z","caller":"embed/serve.go:187","msg":"serving client traffic insecurely; this is strongly discouraged!","traffic":"grpc+http","address":"[::]:2379"}
2026-09-08T17:23:33.611001285Z {"level":"info","ts":"2026-09-08T17:23:33.610869Z","caller":"api/capability.go:75","msg":"enabled capabilities for version","cluster-version":"3.5"}
2026-09-08T17:23:33.611341847Z {"level":"info","ts":"2026-09-08T17:23:33.611124Z","caller":"etcdserver/server.go:2653","msg":"cluster version is updated","cluster-version":"3.5"}
