2026-09-08T23:18:02.851673730Z traffic start UTC=2026-09-08T23:18:02Z duration=900 offered_tps=2 clients=8
2026-09-08T23:18:02.888029383Z batch start UTC=2026-09-08T23:18:02Z batch=1 seconds=10
2026-09-08T23:18:03.474964755Z pgbench (16.4 (Debian 16.4-1.pgdg120+2))
2026-09-08T23:18:13.100299359Z transaction type: /work/read.sql
2026-09-08T23:18:13.100352775Z scaling factor: 1
2026-09-08T23:18:13.100359378Z query mode: simple
2026-09-08T23:18:13.100363779Z number of clients: 8
2026-09-08T23:18:13.100367780Z number of threads: 2
2026-09-08T23:18:13.100400991Z maximum number of tries: 1
2026-09-08T23:18:13.100406492Z duration: 10 s
2026-09-08T23:18:13.100410494Z number of transactions actually processed: 26
2026-09-08T23:18:13.100414195Z number of failed transactions: 0 (0.000%)
2026-09-08T23:18:13.100418096Z latency average = 82.424 ms
2026-09-08T23:18:13.100421897Z latency stddev = 28.495 ms
2026-09-08T23:18:13.100425698Z rate limit schedule lag: avg 64.926 (max 94.991) ms
2026-09-08T23:18:13.100429500Z average connection time = 62.915 ms
2026-09-08T23:18:13.100433201Z tps = 2.709131 (including reconnection times)
2026-09-08T23:18:13.113480694Z batch complete UTC=2026-09-08T23:18:13Z batch=1 exit=0
2026-09-08T23:18:13.135561420Z batch start UTC=2026-09-08T23:18:13Z batch=2 seconds=10
2026-09-08T23:18:13.379147333Z pgbench (16.4 (Debian 16.4-1.pgdg120+2))
2026-09-08T23:18:22.941924414Z transaction type: /work/read.sql
2026-09-08T23:18:22.941949922Z scaling factor: 1
2026-09-08T23:18:22.941955923Z query mode: simple
2026-09-08T23:18:22.941960125Z number of clients: 8
2026-09-08T23:18:22.941964326Z number of threads: 2
2026-09-08T23:18:22.941968327Z maximum number of tries: 1
2026-09-08T23:18:22.941972829Z duration: 10 s
2026-09-08T23:18:22.941977030Z number of transactions actually processed: 26
2026-09-08T23:18:22.941980931Z number of failed transactions: 0 (0.000%)
2026-09-08T23:18:22.941983432Z latency average = 58.784 ms
2026-09-08T23:18:22.941985832Z latency stddev = 21.417 ms
2026-09-08T23:18:22.941988233Z rate limit schedule lag: avg 50.374 (max 98.415) ms
2026-09-08T23:18:22.941990834Z average connection time = 49.588 ms
2026-09-08T23:18:22.941994135Z tps = 2.722884 (including reconnection times)
2026-09-08T23:18:22.946510288Z batch complete UTC=2026-09-08T23:18:22Z batch=2 exit=0
2026-09-08T23:18:22.950826680Z traffic complete UTC=2026-09-08T23:18:22Z stop_requested=1
