2026-09-08T23:14:14.436696009Z {"level":"warn","ts":"2026-09-08T23:14:14.431697Z","caller":"embed/config.go:687","msg":"Running http and grpc server on single port. This is not recommended for production."}
2026-09-08T23:14:14.438388017Z {"level":"info","ts":"2026-09-08T23:14:14.436628Z","caller":"etcdmain/etcd.go:73","msg":"Running: ","args":["/usr/local/bin/etcd","--name","etcd","--data-dir","/etcd-data","--listen-client-urls","http://0.0.0.0:2379","--advertise-client-urls","http://etcd:2379","--listen-peer-urls","http://0.0.0.0:2380","--initial-advertise-peer-urls","http://etcd:2380","--initial-cluster","etcd=http://etcd:2380","--initial-cluster-token","phase4-20260908T231405769-1a1f40a4"]}
2026-09-08T23:14:14.438432625Z {"level":"warn","ts":"2026-09-08T23:14:14.437222Z","caller":"embed/config.go:687","msg":"Running http and grpc server on single port. This is not recommended for production."}
2026-09-08T23:14:14.438440326Z {"level":"info","ts":"2026-09-08T23:14:14.437309Z","caller":"embed/etcd.go:128","msg":"configuring peer listeners","listen-peer-urls":["http://0.0.0.0:2380"]}
2026-09-08T23:14:14.465914119Z {"level":"info","ts":"2026-09-08T23:14:14.465470Z","caller":"embed/etcd.go:136","msg":"configuring client listeners","listen-client-urls":["http://0.0.0.0:2379"]}
2026-09-08T23:14:14.478197752Z {"level":"info","ts":"2026-09-08T23:14:14.477714Z","caller":"embed/etcd.go:310","msg":"starting an etcd server","etcd-version":"3.5.15","git-sha":"9a5533382","go-version":"go1.21.12","go-os":"linux","go-arch":"amd64","max-cpu-set":8,"max-cpu-available":8,"member-initialized":false,"name":"etcd","data-dir":"/etcd-data","wal-dir":"","wal-dir-dedicated":"","member-dir":"/etcd-data/member","force-new-cluster":false,"heartbeat-interval":"100ms","election-timeout":"1s","initial-election-tick-advance":true,"snapshot-count":100000,"max-wals":5,"max-snapshots":5,"snapshot-catchup-entries":5000,"initial-advertise-peer-urls":["http://etcd:2380"],"listen-peer-urls":["http://0.0.0.0:2380"],"advertise-client-urls":["http://etcd:2379"],"listen-client-urls":["http://0.0.0.0:2379"],"listen-metrics-urls":[],"cors":["*"],"host-whitelist":["*"],"initial-cluster":"etcd=http://etcd:2380","initial-cluster-state":"new","initial-cluster-token":"phase4-20260908T231405769-1a1f40a4","quota-backend-bytes":2147483648,"max-request-bytes":1572864,"max-concurrent-streams":4294967295,"pre-vote":true,"initial-corrupt-check":false,"corrupt-check-time-interval":"0s","compact-check-time-enabled":false,"compact-check-time-interval":"1m0s","auto-compaction-mode":"periodic","auto-compaction-retention":"0s","auto-compaction-interval":"0s","discovery-url":"","discovery-proxy":"","downgrade-check-interval":"5s"}
2026-09-08T23:14:14.489774555Z {"level":"warn","ts":"2026-09-08T23:14:14.478677Z","caller":"fileutil/fileutil.go:53","msg":"check file permission","error":"directory \"/etcd-data\" exist, but the permission is \"drwxr-xr-x\". The recommended permission is \"-rwx------\" to prevent possible unprivileged access to the data"}
2026-09-08T23:14:14.516514915Z {"level":"info","ts":"2026-09-08T23:14:14.515111Z","caller":"etcdserver/backend.go:81","msg":"opened backend db","path":"/etcd-data/member/snap/db","took":"17.50038ms"}
2026-09-08T23:14:14.546340636Z {"level":"info","ts":"2026-09-08T23:14:14.544793Z","caller":"etcdserver/raft.go:495","msg":"starting local member","local-member-id":"2697130b2a893b4b","cluster-id":"45ad7814d8c2dbe2"}
2026-09-08T23:14:14.551615194Z {"level":"info","ts":"2026-09-08T23:14:14.548925Z","logger":"raft","caller":"etcdserver/zap_raft.go:77","msg":"2697130b2a893b4b switched to configuration voters=()"}
2026-09-08T23:14:14.552032370Z {"level":"info","ts":"2026-09-08T23:14:14.551648Z","logger":"raft","caller":"etcdserver/zap_raft.go:77","msg":"2697130b2a893b4b became follower at term 0"}
2026-09-08T23:14:14.552047773Z {"level":"info","ts":"2026-09-08T23:14:14.551749Z","logger":"raft","caller":"etcdserver/zap_raft.go:77","msg":"newRaft 2697130b2a893b4b [peers: [], term: 0, commit: 0, applied: 0, lastindex: 0, lastterm: 0]"}
2026-09-08T23:14:14.552054374Z {"level":"info","ts":"2026-09-08T23:14:14.551776Z","logger":"raft","caller":"etcdserver/zap_raft.go:77","msg":"2697130b2a893b4b became follower at term 1"}
2026-09-08T23:14:14.552990944Z {"level":"info","ts":"2026-09-08T23:14:14.552712Z","logger":"raft","caller":"etcdserver/zap_raft.go:77","msg":"2697130b2a893b4b switched to configuration voters=(2780712233603775307)"}
2026-09-08T23:14:14.576991206Z {"level":"warn","ts":"2026-09-08T23:14:14.576133Z","caller":"auth/store.go:1241","msg":"simple token is not cryptographically signed"}
2026-09-08T23:14:14.590603980Z {"level":"info","ts":"2026-09-08T23:14:14.589952Z","caller":"mvcc/kvstore.go:418","msg":"kvstore restored","current-rev":1}
2026-09-08T23:14:14.595366145Z {"level":"info","ts":"2026-09-08T23:14:14.595019Z","caller":"etcdserver/quota.go:94","msg":"enabled backend quota with default value","quota-name":"v3-applier","quota-size-bytes":2147483648,"quota-size":"2.1 GB"}
2026-09-08T23:14:14.605093713Z {"level":"info","ts":"2026-09-08T23:14:14.603979Z","caller":"etcdserver/server.go:867","msg":"starting etcd server","local-member-id":"2697130b2a893b4b","local-server-version":"3.5.15","cluster-version":"to_be_decided"}
2026-09-08T23:14:14.610842058Z {"level":"info","ts":"2026-09-08T23:14:14.606585Z","caller":"v3rpc/health.go:61","msg":"grpc service status changed","service":"","status":"SERVING"}
2026-09-08T23:14:14.611423364Z {"level":"info","ts":"2026-09-08T23:14:14.611088Z","caller":"fileutil/purge.go:50","msg":"started to purge file","dir":"/etcd-data/member/snap","suffix":"snap.db","max":5,"interval":"30s"}
2026-09-08T23:14:14.611524382Z {"level":"info","ts":"2026-09-08T23:14:14.611341Z","caller":"fileutil/purge.go:50","msg":"started to purge file","dir":"/etcd-data/member/snap","suffix":"snap","max":5,"interval":"30s"}
2026-09-08T23:14:14.611591594Z {"level":"info","ts":"2026-09-08T23:14:14.611404Z","caller":"fileutil/purge.go:50","msg":"started to purge file","dir":"/etcd-data/member/wal","suffix":"wal","max":5,"interval":"30s"}
2026-09-08T23:14:14.612088785Z {"level":"info","ts":"2026-09-08T23:14:14.611769Z","caller":"etcdserver/server.go:751","msg":"started as single-node; fast-forwarding election ticks","local-member-id":"2697130b2a893b4b","forward-ticks":9,"forward-duration":"900ms","election-ticks":10,"election-timeout":"1s"}
2026-09-08T23:14:14.615504905Z {"level":"info","ts":"2026-09-08T23:14:14.615149Z","logger":"raft","caller":"etcdserver/zap_raft.go:77","msg":"2697130b2a893b4b switched to configuration voters=(2780712233603775307)"}
2026-09-08T23:14:14.616322554Z {"level":"info","ts":"2026-09-08T23:14:14.615879Z","caller":"embed/etcd.go:599","msg":"serving peer traffic","address":"[::]:2380"}
2026-09-08T23:14:14.616344458Z {"level":"info","ts":"2026-09-08T23:14:14.615965Z","caller":"embed/etcd.go:571","msg":"cmux::serve","address":"[::]:2380"}
2026-09-08T23:14:14.616535293Z {"level":"info","ts":"2026-09-08T23:14:14.615915Z","caller":"membership/cluster.go:421","msg":"added member","cluster-id":"45ad7814d8c2dbe2","local-member-id":"2697130b2a893b4b","added-peer-id":"2697130b2a893b4b","added-peer-peer-urls":["http://etcd:2380"]}
2026-09-08T23:14:14.617766316Z {"level":"info","ts":"2026-09-08T23:14:14.617430Z","caller":"embed/etcd.go:279","msg":"now serving peer/client/metrics","local-member-id":"2697130b2a893b4b","initial-advertise-peer-urls":["http://etcd:2380"],"listen-peer-urls":["http://0.0.0.0:2380"],"advertise-client-urls":["http://etcd:2379"],"listen-client-urls":["http://0.0.0.0:2379"],"listen-metrics-urls":[]}
2026-09-08T23:14:15.364668557Z {"level":"info","ts":"2026-09-08T23:14:15.355337Z","logger":"raft","caller":"etcdserver/zap_raft.go:77","msg":"2697130b2a893b4b is starting a new election at term 1"}
2026-09-08T23:14:15.364728868Z {"level":"info","ts":"2026-09-08T23:14:15.355441Z","logger":"raft","caller":"etcdserver/zap_raft.go:77","msg":"2697130b2a893b4b became pre-candidate at term 1"}
2026-09-08T23:14:15.364982514Z {"level":"info","ts":"2026-09-08T23:14:15.356376Z","logger":"raft","caller":"etcdserver/zap_raft.go:77","msg":"2697130b2a893b4b received MsgPreVoteResp from 2697130b2a893b4b at term 1"}
2026-09-08T23:14:15.364993016Z {"level":"info","ts":"2026-09-08T23:14:15.356491Z","logger":"raft","caller":"etcdserver/zap_raft.go:77","msg":"2697130b2a893b4b became candidate at term 2"}
2026-09-08T23:14:15.365001317Z {"level":"info","ts":"2026-09-08T23:14:15.356512Z","logger":"raft","caller":"etcdserver/zap_raft.go:77","msg":"2697130b2a893b4b received MsgVoteResp from 2697130b2a893b4b at term 2"}
2026-09-08T23:14:15.365009519Z {"level":"info","ts":"2026-09-08T23:14:15.356533Z","logger":"raft","caller":"etcdserver/zap_raft.go:77","msg":"2697130b2a893b4b became leader at term 2"}
2026-09-08T23:14:15.365017120Z {"level":"info","ts":"2026-09-08T23:14:15.356550Z","logger":"raft","caller":"etcdserver/zap_raft.go:77","msg":"raft.node: 2697130b2a893b4b elected leader 2697130b2a893b4b at term 2"}
2026-09-08T23:14:15.370434504Z {"level":"info","ts":"2026-09-08T23:14:15.367116Z","caller":"etcdserver/server.go:2629","msg":"setting up initial cluster version using v2 API","cluster-version":"3.5"}
2026-09-08T23:14:15.370487014Z {"level":"info","ts":"2026-09-08T23:14:15.367338Z","caller":"etcdserver/server.go:2118","msg":"published local member to cluster through raft","local-member-id":"2697130b2a893b4b","local-member-attributes":"{Name:etcd ClientURLs:[http://etcd:2379]}","request-path":"/0/members/2697130b2a893b4b/attributes","cluster-id":"45ad7814d8c2dbe2","publish-timeout":"7s"}
2026-09-08T23:14:15.370499316Z {"level":"info","ts":"2026-09-08T23:14:15.369716Z","caller":"membership/cluster.go:584","msg":"set initial cluster version","cluster-id":"45ad7814d8c2dbe2","local-member-id":"2697130b2a893b4b","cluster-version":"3.5"}
2026-09-08T23:14:15.371140933Z {"level":"info","ts":"2026-09-08T23:14:15.370964Z","caller":"embed/serve.go:103","msg":"ready to serve client requests"}
2026-09-08T23:14:15.373606181Z {"level":"info","ts":"2026-09-08T23:14:15.370148Z","caller":"api/capability.go:75","msg":"enabled capabilities for version","cluster-version":"3.5"}
2026-09-08T23:14:15.373674493Z {"level":"info","ts":"2026-09-08T23:14:15.373573Z","caller":"etcdserver/server.go:2653","msg":"cluster version is updated","cluster-version":"3.5"}
2026-09-08T23:14:15.379331621Z {"level":"info","ts":"2026-09-08T23:14:15.379156Z","caller":"etcdmain/main.go:44","msg":"notifying init daemon"}
2026-09-08T23:14:15.380108463Z {"level":"info","ts":"2026-09-08T23:14:15.379891Z","caller":"etcdmain/main.go:50","msg":"successfully notified init daemon"}
2026-09-08T23:14:15.391566345Z {"level":"info","ts":"2026-09-08T23:14:15.389670Z","caller":"v3rpc/health.go:61","msg":"grpc service status changed","service":"","status":"SERVING"}
2026-09-08T23:14:15.391670364Z {"level":"info","ts":"2026-09-08T23:14:15.390658Z","caller":"embed/serve.go:187","msg":"serving client traffic insecurely; this is strongly discouraged!","traffic":"grpc+http","address":"[::]:2379"}
