2026-09-08T17:34:45.265473624Z traffic start UTC=2026-09-08T17:34:45Z duration=900 offered_tps=100 clients=8
2026-09-08T17:34:45.284988577Z batch start UTC=2026-09-08T17:34:45Z batch=1 seconds=10
2026-09-08T17:34:45.399314270Z pgbench (16.4 (Debian 16.4-1.pgdg120+2))
2026-09-08T17:34:55.411699403Z transaction type: /work/read.sql
2026-09-08T17:34:55.411737906Z scaling factor: 1
2026-09-08T17:34:55.411742306Z query mode: simple
2026-09-08T17:34:55.411745407Z number of clients: 8
2026-09-08T17:34:55.411748307Z number of threads: 2
2026-09-08T17:34:55.411751207Z maximum number of tries: 1
2026-09-08T17:34:55.411754207Z duration: 10 s
2026-09-08T17:34:55.411757308Z number of transactions actually processed: 711
2026-09-08T17:34:55.411760308Z number of failed transactions: 0 (0.000%)
2026-09-08T17:34:55.411763408Z latency average = 1607.383 ms
2026-09-08T17:34:55.411766309Z latency stddev = 820.247 ms
2026-09-08T17:34:55.411769209Z rate limit schedule lag: avg 1551.727 (max 2926.991) ms
2026-09-08T17:34:55.411772309Z average connection time = 27.668 ms
2026-09-08T17:34:55.411775209Z tps = 71.061478 (including reconnection times)
2026-09-08T17:34:55.414886676Z batch complete UTC=2026-09-08T17:34:55Z batch=1 exit=0
2026-09-08T17:34:55.416801840Z batch start UTC=2026-09-08T17:34:55Z batch=2 seconds=10
2026-09-08T17:34:55.482103929Z pgbench (16.4 (Debian 16.4-1.pgdg120+2))
2026-09-08T17:35:05.503057256Z transaction type: /work/read.sql
2026-09-08T17:35:05.503107160Z scaling factor: 1
2026-09-08T17:35:05.503111660Z query mode: simple
2026-09-08T17:35:05.503115060Z number of clients: 8
2026-09-08T17:35:05.503118261Z number of threads: 2
2026-09-08T17:35:05.503121161Z maximum number of tries: 1
2026-09-08T17:35:05.503124361Z duration: 10 s
2026-09-08T17:35:05.503127862Z number of transactions actually processed: 600
2026-09-08T17:35:05.503131162Z number of failed transactions: 0 (0.000%)
2026-09-08T17:35:05.503134562Z latency average = 1840.463 ms
2026-09-08T17:35:05.503137762Z latency stddev = 1416.341 ms
2026-09-08T17:35:05.503141063Z rate limit schedule lag: avg 1774.145 (max 3998.764) ms
2026-09-08T17:35:05.503144563Z average connection time = 32.739 ms
2026-09-08T17:35:05.503147863Z tps = 59.903818 (including reconnection times)
2026-09-08T17:35:05.506909079Z batch complete UTC=2026-09-08T17:35:05Z batch=2 exit=0
2026-09-08T17:35:05.508834840Z batch start UTC=2026-09-08T17:35:05Z batch=3 seconds=10
2026-09-08T17:35:05.577187275Z pgbench (16.4 (Debian 16.4-1.pgdg120+2))
2026-09-08T17:35:15.603234794Z transaction type: /work/read.sql
2026-09-08T17:35:15.603260896Z scaling factor: 1
2026-09-08T17:35:15.603265897Z query mode: simple
2026-09-08T17:35:15.603269697Z number of clients: 8
2026-09-08T17:35:15.603273597Z number of threads: 2
2026-09-08T17:35:15.603277298Z maximum number of tries: 1
2026-09-08T17:35:15.603280898Z duration: 10 s
2026-09-08T17:35:15.603284798Z number of transactions actually processed: 694
2026-09-08T17:35:15.603288399Z number of failed transactions: 0 (0.000%)
2026-09-08T17:35:15.603292099Z latency average = 1445.558 ms
2026-09-08T17:35:15.603295799Z latency stddev = 858.814 ms
2026-09-08T17:35:15.603299299Z rate limit schedule lag: avg 1388.575 (max 3101.766) ms
2026-09-08T17:35:15.603303400Z average connection time = 28.383 ms
2026-09-08T17:35:15.603307100Z tps = 69.221692 (including reconnection times)
2026-09-08T17:35:15.607343025Z batch complete UTC=2026-09-08T17:35:15Z batch=3 exit=0
2026-09-08T17:35:15.611561365Z batch start UTC=2026-09-08T17:35:15Z batch=4 seconds=10
2026-09-08T17:35:15.695230108Z pgbench (16.4 (Debian 16.4-1.pgdg120+2))
2026-09-08T17:35:25.736664437Z transaction type: /work/read.sql
2026-09-08T17:35:25.736716041Z scaling factor: 1
2026-09-08T17:35:25.736722742Z query mode: simple
2026-09-08T17:35:25.736727342Z number of clients: 8
2026-09-08T17:35:25.736731743Z number of threads: 2
2026-09-08T17:35:25.736735843Z maximum number of tries: 1
2026-09-08T17:35:25.736740443Z duration: 10 s
2026-09-08T17:35:25.736744544Z number of transactions actually processed: 536
2026-09-08T17:35:25.736774946Z number of failed transactions: 0 (0.000%)
2026-09-08T17:35:25.736780547Z latency average = 2475.866 ms
2026-09-08T17:35:25.736785147Z latency stddev = 1294.416 ms
2026-09-08T17:35:25.736789648Z rate limit schedule lag: avg 2402.388 (max 4578.676) ms
2026-09-08T17:35:25.736794048Z average connection time = 36.751 ms
2026-09-08T17:35:25.736798548Z tps = 53.431174 (including reconnection times)
2026-09-08T17:35:25.741971584Z batch complete UTC=2026-09-08T17:35:25Z batch=4 exit=0
2026-09-08T17:35:25.745524584Z batch start UTC=2026-09-08T17:35:25Z batch=5 seconds=10
2026-09-08T17:35:25.845175187Z pgbench (16.4 (Debian 16.4-1.pgdg120+2))
2026-09-08T17:35:35.903835579Z transaction type: /work/read.sql
2026-09-08T17:35:35.903889984Z scaling factor: 1
2026-09-08T17:35:35.903898785Z query mode: simple
2026-09-08T17:35:35.903903986Z number of clients: 8
2026-09-08T17:35:35.903908786Z number of threads: 2
2026-09-08T17:35:35.903913287Z maximum number of tries: 1
2026-09-08T17:35:35.903917887Z duration: 10 s
2026-09-08T17:35:35.903922488Z number of transactions actually processed: 381
2026-09-08T17:35:35.903983593Z number of failed transactions: 0 (0.000%)
2026-09-08T17:35:35.903991494Z latency average = 3014.173 ms
2026-09-08T17:35:35.903996595Z latency stddev = 1938.187 ms
2026-09-08T17:35:35.904000995Z rate limit schedule lag: avg 2910.595 (max 6410.721) ms
2026-09-08T17:35:35.904005295Z average connection time = 51.544 ms
2026-09-08T17:35:35.904009796Z tps = 37.914892 (including reconnection times)
2026-09-08T17:35:35.912076957Z batch complete UTC=2026-09-08T17:35:35Z batch=5 exit=0
2026-09-08T17:35:35.917107831Z batch start UTC=2026-09-08T17:35:35Z batch=6 seconds=10
2026-09-08T17:35:36.136281107Z pgbench (16.4 (Debian 16.4-1.pgdg120+2))
2026-09-08T17:35:46.157814323Z transaction type: /work/read.sql
2026-09-08T17:35:46.157863527Z scaling factor: 1
2026-09-08T17:35:46.157875629Z query mode: simple
2026-09-08T17:35:46.157879629Z number of clients: 8
2026-09-08T17:35:46.157883229Z number of threads: 2
2026-09-08T17:35:46.157886830Z maximum number of tries: 1
2026-09-08T17:35:46.157890730Z duration: 10 s
2026-09-08T17:35:46.157894330Z number of transactions actually processed: 509
2026-09-08T17:35:46.157898031Z number of failed transactions: 0 (0.000%)
2026-09-08T17:35:46.157901931Z latency average = 2802.577 ms
2026-09-08T17:35:46.157905432Z latency stddev = 1533.432 ms
2026-09-08T17:35:46.157909132Z rate limit schedule lag: avg 2725.199 (max 4906.754) ms
2026-09-08T17:35:46.157912932Z average connection time = 38.569 ms
2026-09-08T17:35:46.157916633Z tps = 50.938199 (including reconnection times)
2026-09-08T17:35:46.169821102Z batch complete UTC=2026-09-08T17:35:46Z batch=6 exit=0
2026-09-08T17:35:46.172228439Z batch start UTC=2026-09-08T17:35:46Z batch=7 seconds=10
2026-09-08T17:35:46.263681109Z pgbench (16.4 (Debian 16.4-1.pgdg120+2))
2026-09-08T17:35:56.284250422Z transaction type: /work/read.sql
2026-09-08T17:35:56.284346332Z scaling factor: 1
2026-09-08T17:35:56.284357633Z query mode: simple
2026-09-08T17:35:56.284361833Z number of clients: 8
2026-09-08T17:35:56.284365634Z number of threads: 2
2026-09-08T17:35:56.284369234Z maximum number of tries: 1
2026-09-08T17:35:56.284372834Z duration: 10 s
2026-09-08T17:35:56.284376835Z number of transactions actually processed: 677
2026-09-08T17:35:56.284380435Z number of failed transactions: 0 (0.000%)
2026-09-08T17:35:56.284384335Z latency average = 1658.022 ms
2026-09-08T17:35:56.284388136Z latency stddev = 972.677 ms
2026-09-08T17:35:56.284391836Z rate limit schedule lag: avg 1599.736 (max 3265.987) ms
2026-09-08T17:35:56.284395637Z average connection time = 29.093 ms
2026-09-08T17:35:56.284399337Z tps = 67.608040 (including reconnection times)
2026-09-08T17:35:56.289429450Z batch complete UTC=2026-09-08T17:35:56Z batch=7 exit=0
2026-09-08T17:35:56.293475763Z batch start UTC=2026-09-08T17:35:56Z batch=8 seconds=10
2026-09-08T17:35:56.386150616Z pgbench (16.4 (Debian 16.4-1.pgdg120+2))
2026-09-08T17:36:06.498130833Z transaction type: /work/read.sql
2026-09-08T17:36:06.498173237Z scaling factor: 1
2026-09-08T17:36:06.498179237Z query mode: simple
2026-09-08T17:36:06.498183138Z number of clients: 8
2026-09-08T17:36:06.498186838Z number of threads: 2
2026-09-08T17:36:06.498190138Z maximum number of tries: 1
2026-09-08T17:36:06.498193738Z duration: 10 s
2026-09-08T17:36:06.498197039Z number of transactions actually processed: 554
2026-09-08T17:36:06.498201039Z number of failed transactions: 0 (0.000%)
2026-09-08T17:36:06.498205440Z latency average = 2057.825 ms
2026-09-08T17:36:06.498209740Z latency stddev = 1182.115 ms
2026-09-08T17:36:06.498243743Z rate limit schedule lag: avg 1986.108 (max 4376.159) ms
2026-09-08T17:36:06.498249043Z average connection time = 35.617 ms
2026-09-08T17:36:06.498292047Z tps = 54.831344 (including reconnection times)
2026-09-08T17:36:06.516485773Z batch complete UTC=2026-09-08T17:36:06Z batch=8 exit=0
2026-09-08T17:36:06.516528477Z batch start UTC=2026-09-08T17:36:06Z batch=9 seconds=10
2026-09-08T17:36:06.729367795Z pgbench (16.4 (Debian 16.4-1.pgdg120+2))
2026-09-08T17:36:16.791380736Z transaction type: /work/read.sql
2026-09-08T17:36:16.791429341Z scaling factor: 1
2026-09-08T17:36:16.791436941Z query mode: simple
2026-09-08T17:36:16.791441742Z number of clients: 8
2026-09-08T17:36:16.791445842Z number of threads: 2
2026-09-08T17:36:16.791449843Z maximum number of tries: 1
2026-09-08T17:36:16.791453843Z duration: 10 s
2026-09-08T17:36:16.791457943Z number of transactions actually processed: 419
2026-09-08T17:36:16.791462044Z number of failed transactions: 0 (0.000%)
2026-09-08T17:36:16.791466144Z latency average = 3447.233 ms
2026-09-08T17:36:16.791470044Z latency stddev = 1752.453 ms
2026-09-08T17:36:16.791474045Z rate limit schedule lag: avg 3353.674 (max 6022.986) ms
2026-09-08T17:36:16.791477945Z average connection time = 46.679 ms
2026-09-08T17:36:16.791482345Z tps = 41.805716 (including reconnection times)
2026-09-08T17:36:16.795446096Z batch complete UTC=2026-09-08T17:36:16Z batch=9 exit=0
2026-09-08T17:36:16.798774589Z batch start UTC=2026-09-08T17:36:16Z batch=10 seconds=10
2026-09-08T17:36:16.908618291Z pgbench (16.4 (Debian 16.4-1.pgdg120+2))
2026-09-08T17:36:26.930825089Z transaction type: /work/read.sql
2026-09-08T17:36:26.930870293Z scaling factor: 1
2026-09-08T17:36:26.930876594Z query mode: simple
2026-09-08T17:36:26.930880594Z number of clients: 8
2026-09-08T17:36:26.930884394Z number of threads: 2
2026-09-08T17:36:26.930888095Z maximum number of tries: 1
2026-09-08T17:36:26.930892295Z duration: 10 s
2026-09-08T17:36:26.930896296Z number of transactions actually processed: 559
2026-09-08T17:36:26.930900196Z number of failed transactions: 0 (0.000%)
2026-09-08T17:36:26.930904096Z latency average = 2309.249 ms
2026-09-08T17:36:26.930907797Z latency stddev = 1477.674 ms
2026-09-08T17:36:26.930911597Z rate limit schedule lag: avg 2238.816 (max 4402.636) ms
2026-09-08T17:36:26.930915598Z average connection time = 35.118 ms
2026-09-08T17:36:26.930919698Z tps = 55.812480 (including reconnection times)
2026-09-08T17:36:26.934898487Z batch complete UTC=2026-09-08T17:36:26Z batch=10 exit=0
2026-09-08T17:36:26.937773968Z batch start UTC=2026-09-08T17:36:26Z batch=11 seconds=10
2026-09-08T17:36:27.025126607Z pgbench (16.4 (Debian 16.4-1.pgdg120+2))
2026-09-08T17:36:37.058618081Z transaction type: /work/read.sql
2026-09-08T17:36:37.058651084Z scaling factor: 1
2026-09-08T17:36:37.058657685Z query mode: simple
2026-09-08T17:36:37.058662385Z number of clients: 8
2026-09-08T17:36:37.058666386Z number of threads: 2
2026-09-08T17:36:37.058670386Z maximum number of tries: 1
2026-09-08T17:36:37.058674287Z duration: 10 s
2026-09-08T17:36:37.058678187Z number of transactions actually processed: 550
2026-09-08T17:36:37.058682387Z number of failed transactions: 0 (0.000%)
2026-09-08T17:36:37.058686588Z latency average = 2116.880 ms
2026-09-08T17:36:37.058690588Z latency stddev = 1342.750 ms
2026-09-08T17:36:37.058723891Z rate limit schedule lag: avg 2045.108 (max 4472.031) ms
2026-09-08T17:36:37.058730492Z average connection time = 35.801 ms
2026-09-08T17:36:37.058734692Z tps = 54.847393 (including reconnection times)
2026-09-08T17:36:37.064099374Z batch complete UTC=2026-09-08T17:36:37Z batch=11 exit=0
2026-09-08T17:36:37.067497980Z batch start UTC=2026-09-08T17:36:37Z batch=12 seconds=10
2026-09-08T17:36:37.176760503Z pgbench (16.4 (Debian 16.4-1.pgdg120+2))
2026-09-08T17:36:47.326442858Z transaction type: /work/read.sql
2026-09-08T17:36:47.326479662Z scaling factor: 1
2026-09-08T17:36:47.326485662Z query mode: simple
2026-09-08T17:36:47.326490163Z number of clients: 8
2026-09-08T17:36:47.326494263Z number of threads: 2
2026-09-08T17:36:47.326498363Z maximum number of tries: 1
2026-09-08T17:36:47.326502764Z duration: 10 s
2026-09-08T17:36:47.326507064Z number of transactions actually processed: 476
2026-09-08T17:36:47.326511365Z number of failed transactions: 0 (0.000%)
2026-09-08T17:36:47.326515565Z latency average = 2051.856 ms
2026-09-08T17:36:47.326519665Z latency stddev = 1528.093 ms
2026-09-08T17:36:47.326523766Z rate limit schedule lag: avg 1968.069 (max 5389.530) ms
2026-09-08T17:36:47.326527966Z average connection time = 41.366 ms
2026-09-08T17:36:47.326532167Z tps = 46.932114 (including reconnection times)
2026-09-08T17:36:47.347206744Z batch complete UTC=2026-09-08T17:36:47Z batch=12 exit=0
2026-09-08T17:36:47.352553930Z batch start UTC=2026-09-08T17:36:47Z batch=13 seconds=10
2026-09-08T17:36:47.702793244Z pgbench (16.4 (Debian 16.4-1.pgdg120+2))
2026-09-08T17:36:57.735303276Z transaction type: /work/read.sql
2026-09-08T17:36:57.735332479Z scaling factor: 1
2026-09-08T17:36:57.735337480Z query mode: simple
2026-09-08T17:36:57.735340980Z number of clients: 8
2026-09-08T17:36:57.735344181Z number of threads: 2
2026-09-08T17:36:57.735347481Z maximum number of tries: 1
2026-09-08T17:36:57.735351081Z duration: 10 s
2026-09-08T17:36:57.735354382Z number of transactions actually processed: 362
2026-09-08T17:36:57.735357682Z number of failed transactions: 0 (0.000%)
2026-09-08T17:36:57.735360982Z latency average = 3945.045 ms
2026-09-08T17:36:57.735363883Z latency stddev = 1969.440 ms
2026-09-08T17:36:57.735367083Z rate limit schedule lag: avg 3835.965 (max 6722.686) ms
2026-09-08T17:36:57.735370383Z average connection time = 54.139 ms
2026-09-08T17:36:57.735373684Z tps = 36.110835 (including reconnection times)
2026-09-08T17:36:57.740868147Z batch complete UTC=2026-09-08T17:36:57Z batch=13 exit=0
2026-09-08T17:36:57.743159781Z batch start UTC=2026-09-08T17:36:57Z batch=14 seconds=10
2026-09-08T17:36:57.821197778Z pgbench (16.4 (Debian 16.4-1.pgdg120+2))
2026-09-08T17:37:07.840399091Z transaction type: /work/read.sql
2026-09-08T17:37:07.840442495Z scaling factor: 1
2026-09-08T17:37:07.840449296Z query mode: simple
2026-09-08T17:37:07.840453396Z number of clients: 8
2026-09-08T17:37:07.840457397Z number of threads: 2
2026-09-08T17:37:07.840461197Z maximum number of tries: 1
2026-09-08T17:37:07.840465297Z duration: 10 s
2026-09-08T17:37:07.840469398Z number of transactions actually processed: 473
2026-09-08T17:37:07.840473298Z number of failed transactions: 0 (0.000%)
2026-09-08T17:37:07.840477698Z latency average = 2085.765 ms
2026-09-08T17:37:07.840481399Z latency stddev = 1568.842 ms
2026-09-08T17:37:07.840485499Z rate limit schedule lag: avg 2002.391 (max 5410.733) ms
2026-09-08T17:37:07.840489400Z average connection time = 41.490 ms
2026-09-08T17:37:07.840493200Z tps = 47.240095 (including reconnection times)
2026-09-08T17:37:07.845600255Z batch complete UTC=2026-09-08T17:37:07Z batch=14 exit=0
2026-09-08T17:37:07.848820942Z batch start UTC=2026-09-08T17:37:07Z batch=15 seconds=10
2026-09-08T17:37:07.948274208Z pgbench (16.4 (Debian 16.4-1.pgdg120+2))
2026-09-08T17:37:17.964705702Z transaction type: /work/read.sql
2026-09-08T17:37:17.964735905Z scaling factor: 1
2026-09-08T17:37:17.964742005Z query mode: simple
2026-09-08T17:37:17.964745906Z number of clients: 8
2026-09-08T17:37:17.964749606Z number of threads: 2
2026-09-08T17:37:17.964753207Z maximum number of tries: 1
2026-09-08T17:37:17.964756707Z duration: 10 s
2026-09-08T17:37:17.964760207Z number of transactions actually processed: 553
2026-09-08T17:37:17.964764808Z number of failed transactions: 0 (0.000%)
2026-09-08T17:37:17.964768508Z latency average = 2242.030 ms
2026-09-08T17:37:17.964772308Z latency stddev = 1324.358 ms
2026-09-08T17:37:17.964776109Z rate limit schedule lag: avg 2170.473 (max 4458.901) ms
2026-09-08T17:37:17.964779609Z average connection time = 35.491 ms
2026-09-08T17:37:17.964783109Z tps = 55.238917 (including reconnection times)
2026-09-08T17:37:17.969202404Z batch complete UTC=2026-09-08T17:37:17Z batch=15 exit=0
2026-09-08T17:37:17.971750432Z batch start UTC=2026-09-08T17:37:17Z batch=16 seconds=10
2026-09-08T17:37:18.053171710Z pgbench (16.4 (Debian 16.4-1.pgdg120+2))
2026-09-08T17:37:28.084400462Z transaction type: /work/read.sql
2026-09-08T17:37:28.084454767Z scaling factor: 1
2026-09-08T17:37:28.084460968Z query mode: simple
2026-09-08T17:37:28.084464268Z number of clients: 8
2026-09-08T17:37:28.084469368Z number of threads: 2
2026-09-08T17:37:28.084472669Z maximum number of tries: 1
2026-09-08T17:37:28.084524273Z duration: 10 s
2026-09-08T17:37:28.084528574Z number of transactions actually processed: 689
2026-09-08T17:37:28.084532274Z number of failed transactions: 0 (0.000%)
2026-09-08T17:37:28.084535874Z latency average = 1515.629 ms
2026-09-08T17:37:28.084539575Z latency stddev = 889.669 ms
2026-09-08T17:37:28.084543375Z rate limit schedule lag: avg 1457.955 (max 3154.021) ms
2026-09-08T17:37:28.084547375Z average connection time = 28.577 ms
2026-09-08T17:37:28.084551476Z tps = 68.729743 (including reconnection times)
2026-09-08T17:37:28.089835557Z batch complete UTC=2026-09-08T17:37:28Z batch=16 exit=0
2026-09-08T17:37:28.093027148Z batch start UTC=2026-09-08T17:37:28Z batch=17 seconds=10
2026-09-08T17:37:28.200514245Z pgbench (16.4 (Debian 16.4-1.pgdg120+2))
2026-09-08T17:37:38.253590340Z transaction type: /work/read.sql
2026-09-08T17:37:38.253620343Z scaling factor: 1
2026-09-08T17:37:38.253626443Z query mode: simple
2026-09-08T17:37:38.253630944Z number of clients: 8
2026-09-08T17:37:38.253635244Z number of threads: 2
2026-09-08T17:37:38.253683049Z maximum number of tries: 1
2026-09-08T17:37:38.253691749Z duration: 10 s
2026-09-08T17:37:38.253696450Z number of transactions actually processed: 488
2026-09-08T17:37:38.253727152Z number of failed transactions: 0 (0.000%)
2026-09-08T17:37:38.253732253Z latency average = 2410.533 ms
2026-09-08T17:37:38.253735853Z latency stddev = 1675.429 ms
2026-09-08T17:37:38.253739454Z rate limit schedule lag: avg 2329.759 (max 5207.600) ms
2026-09-08T17:37:38.253743554Z average connection time = 40.333 ms
2026-09-08T17:37:38.253747454Z tps = 48.576079 (including reconnection times)
2026-09-08T17:37:38.262932877Z batch complete UTC=2026-09-08T17:37:38Z batch=17 exit=0
2026-09-08T17:37:38.276439486Z batch start UTC=2026-09-08T17:37:38Z batch=18 seconds=10
2026-09-08T17:37:38.421642888Z pgbench (16.4 (Debian 16.4-1.pgdg120+2))
2026-09-08T17:37:48.463232194Z transaction type: /work/read.sql
2026-09-08T17:37:48.463280400Z scaling factor: 1
2026-09-08T17:37:48.463287301Z query mode: simple
2026-09-08T17:37:48.463291801Z number of clients: 8
2026-09-08T17:37:48.463296002Z number of threads: 2
2026-09-08T17:37:48.463300002Z maximum number of tries: 1
2026-09-08T17:37:48.463304403Z duration: 10 s
2026-09-08T17:37:48.463308903Z number of transactions actually processed: 540
2026-09-08T17:37:48.463313304Z number of failed transactions: 0 (0.000%)
2026-09-08T17:37:48.463317404Z latency average = 2376.981 ms
2026-09-08T17:37:48.463321705Z latency stddev = 1172.937 ms
2026-09-08T17:37:48.463326005Z rate limit schedule lag: avg 2304.062 (max 4566.285) ms
2026-09-08T17:37:48.463330306Z average connection time = 36.481 ms
2026-09-08T17:37:48.463334806Z tps = 53.824865 (including reconnection times)
2026-09-08T17:37:48.468743145Z batch complete UTC=2026-09-08T17:37:48Z batch=18 exit=0
2026-09-08T17:37:48.472229057Z batch start UTC=2026-09-08T17:37:48Z batch=19 seconds=10
2026-09-08T17:37:48.623699144Z pgbench (16.4 (Debian 16.4-1.pgdg120+2))
2026-09-08T17:37:58.711355827Z transaction type: /work/read.sql
2026-09-08T17:37:58.720836492Z scaling factor: 1
2026-09-08T17:37:58.720850794Z query mode: simple
2026-09-08T17:37:58.720856195Z number of clients: 8
2026-09-08T17:37:58.720860695Z number of threads: 2
2026-09-08T17:37:58.720864896Z maximum number of tries: 1
2026-09-08T17:37:58.720868996Z duration: 10 s
2026-09-08T17:37:58.720873697Z number of transactions actually processed: 411
2026-09-08T17:37:58.720878397Z number of failed transactions: 0 (0.000%)
2026-09-08T17:37:58.720882998Z latency average = 2560.815 ms
2026-09-08T17:37:58.720887398Z latency stddev = 1693.832 ms
2026-09-08T17:37:58.720891999Z rate limit schedule lag: avg 2464.477 (max 6043.752) ms
2026-09-08T17:37:58.720920502Z average connection time = 47.926 ms
2026-09-08T17:37:58.720926503Z tps = 40.836397 (including reconnection times)
2026-09-08T17:37:58.720969907Z batch complete UTC=2026-09-08T17:37:58Z batch=19 exit=0
2026-09-08T17:37:58.724454999Z traffic complete UTC=2026-09-08T17:37:58Z stop_requested=1
