2026-09-08T17:34:13.267178224Z 2026-09-08 17:34:13,266 INFO: Selected new etcd server http://etcd:2379
2026-09-08T17:34:13.325410906Z 2026-09-08 17:34:13,324 INFO: No PostgreSQL configuration items changed, nothing to reload.
2026-09-08T17:34:13.439212640Z 2026-09-08 17:34:13,388 INFO: Lock owner: phase4-20260908T173358240-1efd4a87-primary; I am phase4-20260908T173358240-1efd4a87-base
2026-09-08T17:34:13.439244143Z 2026-09-08 17:34:13,437 INFO: trying to bootstrap from leader 'phase4-20260908T173358240-1efd4a87-primary'
2026-09-08T17:34:13.608474618Z 2026-09-08 17:34:13,560 INFO: Lock owner: phase4-20260908T173358240-1efd4a87-primary; I am phase4-20260908T173358240-1efd4a87-base
2026-09-08T17:34:13.608518422Z 2026-09-08 17:34:13,607 INFO: bootstrap from leader 'phase4-20260908T173358240-1efd4a87-primary' in progress
2026-09-08T17:34:15.381207254Z 2026-09-08 17:34:15,380 INFO: replica has been created using basebackup
2026-09-08T17:34:15.382568871Z 2026-09-08 17:34:15,381 INFO: bootstrapped from leader 'phase4-20260908T173358240-1efd4a87-primary'
2026-09-08T17:34:15.801270585Z 2026-09-08 17:34:15,800 INFO: postmaster pid=32
2026-09-08T17:34:15.803621487Z 2026-09-08 17:34:15.803 UTC [32] db= user= app= client= session=6aa04717.20 tx=0 LOG:  redirecting log output to logging collector process
2026-09-08T17:34:15.803644989Z 2026-09-08 17:34:15.803 UTC [32] db= user= app= client= session=6aa04717.20 tx=0 HINT:  Future log output will appear in directory "pg_log".
2026-09-08T17:34:16.135570681Z 2026-09-08 17:34:16,134 INFO: establishing a new patroni heartbeat connection to postgres
2026-09-08T17:34:16.147000458Z 2026-09-08 17:34:16,146 INFO: establishing a new patroni restapi connection to postgres
2026-09-08T17:34:17.034998216Z 2026-09-08 17:34:17,033 INFO: no action. I am (phase4-20260908T173358240-1efd4a87-base), a secondary, and following a leader (phase4-20260908T173358240-1efd4a87-primary)
2026-09-08T17:34:18.603866322Z 2026-09-08 17:34:18,603 INFO: no action. I am (phase4-20260908T173358240-1efd4a87-base), a secondary, and following a leader (phase4-20260908T173358240-1efd4a87-primary)
2026-09-08T17:34:23.608666976Z 2026-09-08 17:34:23,607 INFO: no action. I am (phase4-20260908T173358240-1efd4a87-base), a secondary, and following a leader (phase4-20260908T173358240-1efd4a87-primary)
2026-09-08T17:34:28.663672869Z 2026-09-08 17:34:28,663 INFO: no action. I am (phase4-20260908T173358240-1efd4a87-base), a secondary, and following a leader (phase4-20260908T173358240-1efd4a87-primary)
2026-09-08T17:34:33.621425984Z 2026-09-08 17:34:33,620 INFO: no action. I am (phase4-20260908T173358240-1efd4a87-base), a secondary, and following a leader (phase4-20260908T173358240-1efd4a87-primary)
2026-09-08T17:34:38.653865056Z 2026-09-08 17:34:38,653 INFO: no action. I am (phase4-20260908T173358240-1efd4a87-base), a secondary, and following a leader (phase4-20260908T173358240-1efd4a87-primary)
2026-09-08T17:34:43.615250064Z 2026-09-08 17:34:43,614 INFO: no action. I am (phase4-20260908T173358240-1efd4a87-base), a secondary, and following a leader (phase4-20260908T173358240-1efd4a87-primary)
2026-09-08T17:34:48.679202856Z 2026-09-08 17:34:48,678 INFO: no action. I am (phase4-20260908T173358240-1efd4a87-base), a secondary, and following a leader (phase4-20260908T173358240-1efd4a87-primary)
2026-09-08T17:34:53.444819240Z 2026-09-08 17:34:53,443 WARNING: Exception happened during processing of request from 172.23.0.5:55262
2026-09-08T17:34:53.452456694Z 2026-09-08 17:34:53,451 WARNING: Traceback (most recent call last):
2026-09-08T17:34:53.452494697Z   File "/usr/lib/python3.11/socketserver.py", line 691, in process_request_thread
2026-09-08T17:34:53.452501998Z     self.finish_request(request, client_address)
2026-09-08T17:34:53.452507898Z   File "/usr/lib/python3.11/socketserver.py", line 361, in finish_request
2026-09-08T17:34:53.452513899Z     self.RequestHandlerClass(request, client_address, self)
2026-09-08T17:34:53.452519599Z   File "/usr/local/lib/python3.11/dist-packages/patroni/api.py", line 105, in __init__
2026-09-08T17:34:53.452525700Z     super(RestApiHandler, self).__init__(request, client_address, server)
2026-09-08T17:34:53.452531300Z   File "/usr/lib/python3.11/socketserver.py", line 755, in __init__
2026-09-08T17:34:53.452537301Z     self.handle()
2026-09-08T17:34:53.452542801Z   File "/usr/lib/python3.11/http/server.py", line 432, in handle
2026-09-08T17:34:53.452548602Z     self.handle_one_request()
2026-09-08T17:34:53.452554202Z   File "/usr/local/lib/python3.11/dist-packages/patroni/api.py", line 1348, in handle_one_request
2026-09-08T17:34:53.452560003Z     BaseHTTPRequestHandler.handle_one_request(self)
2026-09-08T17:34:53.452565303Z   File "/usr/lib/python3.11/http/server.py", line 420, in handle_one_request
2026-09-08T17:34:53.452571304Z     method()
2026-09-08T17:34:53.452576704Z   File "/usr/local/lib/python3.11/dist-packages/patroni/api.py", line 375, in do_GET
2026-09-08T17:34:53.452582505Z     self._write_status_response(status_code, response)
2026-09-08T17:34:53.452588005Z   File "/usr/local/lib/python3.11/dist-packages/patroni/api.py", line 221, in _write_status_response
2026-09-08T17:34:53.452593606Z     self._write_json_response(status_code, response)
2026-09-08T17:34:53.452599106Z   File "/usr/local/lib/python3.11/dist-packages/patroni/api.py", line 167, in _write_json_response
2026-09-08T17:34:53.452604807Z     self.write_response(status_code, json.dumps(response, default=str), content_type='application/json')
2026-09-08T17:34:53.452610507Z   File "/usr/local/lib/python3.11/dist-packages/patroni/api.py", line 157, in write_response
2026-09-08T17:34:53.452616408Z     self.wfile.write(body.encode('utf-8'))
2026-09-08T17:34:53.452621908Z   File "/usr/lib/python3.11/socketserver.py", line 834, in write
2026-09-08T17:34:53.452647910Z     self._sock.sendall(b)
2026-09-08T17:34:53.452652411Z ConnectionResetError: [Errno 104] Connection reset by peer
2026-09-08T17:34:53.452656111Z 
2026-09-08T17:34:53.606918916Z 2026-09-08 17:34:53,605 INFO: no action. I am (phase4-20260908T173358240-1efd4a87-base), a secondary, and following a leader (phase4-20260908T173358240-1efd4a87-primary)
2026-09-08T17:34:58.662647994Z 2026-09-08 17:34:58,661 INFO: no action. I am (phase4-20260908T173358240-1efd4a87-base), a secondary, and following a leader (phase4-20260908T173358240-1efd4a87-primary)
2026-09-08T17:35:03.627614419Z 2026-09-08 17:35:03,626 INFO: no action. I am (phase4-20260908T173358240-1efd4a87-base), a secondary, and following a leader (phase4-20260908T173358240-1efd4a87-primary)
2026-09-08T17:35:08.674001941Z 2026-09-08 17:35:08,672 INFO: no action. I am (phase4-20260908T173358240-1efd4a87-base), a secondary, and following a leader (phase4-20260908T173358240-1efd4a87-primary)
2026-09-08T17:35:13.570932057Z 2026-09-08 17:35:13,569 WARNING: Exception happened during processing of request from 172.23.0.5:56950
2026-09-08T17:35:13.573166769Z 2026-09-08 17:35:13,571 WARNING: Traceback (most recent call last):
2026-09-08T17:35:13.573201671Z   File "/usr/lib/python3.11/socketserver.py", line 691, in process_request_thread
2026-09-08T17:35:13.573211371Z     self.finish_request(request, client_address)
2026-09-08T17:35:13.573250673Z   File "/usr/lib/python3.11/socketserver.py", line 361, in finish_request
2026-09-08T17:35:13.573259574Z     self.RequestHandlerClass(request, client_address, self)
2026-09-08T17:35:13.573266074Z   File "/usr/local/lib/python3.11/dist-packages/patroni/api.py", line 105, in __init__
2026-09-08T17:35:13.573272574Z     super(RestApiHandler, self).__init__(request, client_address, server)
2026-09-08T17:35:13.573277974Z   File "/usr/lib/python3.11/socketserver.py", line 755, in __init__
2026-09-08T17:35:13.573283975Z     self.handle()
2026-09-08T17:35:13.573289875Z   File "/usr/lib/python3.11/http/server.py", line 432, in handle
2026-09-08T17:35:13.573296075Z     self.handle_one_request()
2026-09-08T17:35:13.573301676Z   File "/usr/local/lib/python3.11/dist-packages/patroni/api.py", line 1348, in handle_one_request
2026-09-08T17:35:13.573308276Z     BaseHTTPRequestHandler.handle_one_request(self)
2026-09-08T17:35:13.573313776Z   File "/usr/lib/python3.11/http/server.py", line 420, in handle_one_request
2026-09-08T17:35:13.573319377Z     method()
2026-09-08T17:35:13.573324277Z   File "/usr/local/lib/python3.11/dist-packages/patroni/api.py", line 375, in do_GET
2026-09-08T17:35:13.573330377Z     self._write_status_response(status_code, response)
2026-09-08T17:35:13.573336177Z   File "/usr/local/lib/python3.11/dist-packages/patroni/api.py", line 221, in _write_status_response
2026-09-08T17:35:13.573342478Z     self._write_json_response(status_code, response)
2026-09-08T17:35:13.573348378Z   File "/usr/local/lib/python3.11/dist-packages/patroni/api.py", line 167, in _write_json_response
2026-09-08T17:35:13.573372379Z     self.write_response(status_code, json.dumps(response, default=str), content_type='application/json')
2026-09-08T17:35:13.573375379Z   File "/usr/local/lib/python3.11/dist-packages/patroni/api.py", line 157, in write_response
2026-09-08T17:35:13.573377579Z     self.wfile.write(body.encode('utf-8'))
2026-09-08T17:35:13.573379580Z   File "/usr/lib/python3.11/socketserver.py", line 834, in write
2026-09-08T17:35:13.573381680Z     self._sock.sendall(b)
2026-09-08T17:35:13.573383780Z ConnectionResetError: [Errno 104] Connection reset by peer
2026-09-08T17:35:13.573385880Z 
2026-09-08T17:35:13.631412481Z 2026-09-08 17:35:13,630 INFO: no action. I am (phase4-20260908T173358240-1efd4a87-base), a secondary, and following a leader (phase4-20260908T173358240-1efd4a87-primary)
2026-09-08T17:35:18.665720601Z 2026-09-08 17:35:18,663 INFO: no action. I am (phase4-20260908T173358240-1efd4a87-base), a secondary, and following a leader (phase4-20260908T173358240-1efd4a87-primary)
2026-09-08T17:35:23.614668512Z 2026-09-08 17:35:23,614 INFO: no action. I am (phase4-20260908T173358240-1efd4a87-base), a secondary, and following a leader (phase4-20260908T173358240-1efd4a87-primary)
2026-09-08T17:35:28.681226920Z 2026-09-08 17:35:28,680 INFO: no action. I am (phase4-20260908T173358240-1efd4a87-base), a secondary, and following a leader (phase4-20260908T173358240-1efd4a87-primary)
2026-09-08T17:35:32.726913384Z 2026-09-08 17:35:32,723 WARNING: Exception happened during processing of request from 172.23.0.5:33878
2026-09-08T17:35:32.726959488Z 2026-09-08 17:35:32,726 WARNING: Traceback (most recent call last):
2026-09-08T17:35:32.726970689Z   File "/usr/lib/python3.11/socketserver.py", line 691, in process_request_thread
2026-09-08T17:35:32.726979490Z     self.finish_request(request, client_address)
2026-09-08T17:35:32.726987791Z   File "/usr/lib/python3.11/socketserver.py", line 361, in finish_request
2026-09-08T17:35:32.726995091Z     self.RequestHandlerClass(request, client_address, self)
2026-09-08T17:35:32.727002192Z   File "/usr/local/lib/python3.11/dist-packages/patroni/api.py", line 105, in __init__
2026-09-08T17:35:32.727009593Z     super(RestApiHandler, self).__init__(request, client_address, server)
2026-09-08T17:35:32.727015593Z   File "/usr/lib/python3.11/socketserver.py", line 755, in __init__
2026-09-08T17:35:32.727022094Z     self.handle()
2026-09-08T17:35:32.727029294Z   File "/usr/lib/python3.11/http/server.py", line 432, in handle
2026-09-08T17:35:32.727036495Z     self.handle_one_request()
2026-09-08T17:35:32.727042396Z   File "/usr/local/lib/python3.11/dist-packages/patroni/api.py", line 1348, in handle_one_request
2026-09-08T17:35:32.727048496Z     BaseHTTPRequestHandler.handle_one_request(self)
2026-09-08T17:35:32.727055297Z   File "/usr/lib/python3.11/http/server.py", line 420, in handle_one_request
2026-09-08T17:35:32.727062798Z     method()
2026-09-08T17:35:32.727069998Z   File "/usr/local/lib/python3.11/dist-packages/patroni/api.py", line 375, in do_GET
2026-09-08T17:35:32.727132504Z     self._write_status_response(status_code, response)
2026-09-08T17:35:32.727138505Z   File "/usr/local/lib/python3.11/dist-packages/patroni/api.py", line 221, in _write_status_response
2026-09-08T17:35:32.727143605Z     self._write_json_response(status_code, response)
2026-09-08T17:35:32.727148106Z   File "/usr/local/lib/python3.11/dist-packages/patroni/api.py", line 167, in _write_json_response
2026-09-08T17:35:32.727152806Z     self.write_response(status_code, json.dumps(response, default=str), content_type='application/json')
2026-09-08T17:35:32.727157107Z   File "/usr/local/lib/python3.11/dist-packages/patroni/api.py", line 157, in write_response
2026-09-08T17:35:32.727161607Z     self.wfile.write(body.encode('utf-8'))
2026-09-08T17:35:32.727165807Z   File "/usr/lib/python3.11/socketserver.py", line 834, in write
2026-09-08T17:35:32.727170108Z     self._sock.sendall(b)
2026-09-08T17:35:32.727174208Z ConnectionResetError: [Errno 104] Connection reset by peer
2026-09-08T17:35:32.727178609Z 
2026-09-08T17:35:33.637988230Z 2026-09-08 17:35:33,631 INFO: no action. I am (phase4-20260908T173358240-1efd4a87-base), a secondary, and following a leader (phase4-20260908T173358240-1efd4a87-primary)
2026-09-08T17:35:38.691868271Z 2026-09-08 17:35:38,691 INFO: no action. I am (phase4-20260908T173358240-1efd4a87-base), a secondary, and following a leader (phase4-20260908T173358240-1efd4a87-primary)
2026-09-08T17:35:39.929844790Z 2026-09-08 17:35:39,920 WARNING: Exception happened during processing of request from 172.23.0.5:51448
2026-09-08T17:35:39.934886185Z 2026-09-08 17:35:39,934 WARNING: Traceback (most recent call last):
2026-09-08T17:35:39.934944691Z   File "/usr/lib/python3.11/socketserver.py", line 691, in process_request_thread
2026-09-08T17:35:39.934955192Z     self.finish_request(request, client_address)
2026-09-08T17:35:39.934959792Z   File "/usr/lib/python3.11/socketserver.py", line 361, in finish_request
2026-09-08T17:35:39.934972393Z     self.RequestHandlerClass(request, client_address, self)
2026-09-08T17:35:39.934980194Z   File "/usr/local/lib/python3.11/dist-packages/patroni/api.py", line 105, in __init__
2026-09-08T17:35:39.934984495Z     super(RestApiHandler, self).__init__(request, client_address, server)
2026-09-08T17:35:39.934988295Z   File "/usr/lib/python3.11/socketserver.py", line 755, in __init__
2026-09-08T17:35:39.934992195Z     self.handle()
2026-09-08T17:35:39.934995896Z   File "/usr/lib/python3.11/http/server.py", line 432, in handle
2026-09-08T17:35:39.934999796Z     self.handle_one_request()
2026-09-08T17:35:39.935008197Z   File "/usr/local/lib/python3.11/dist-packages/patroni/api.py", line 1348, in handle_one_request
2026-09-08T17:35:39.935019798Z     BaseHTTPRequestHandler.handle_one_request(self)
2026-09-08T17:35:39.935024298Z   File "/usr/lib/python3.11/http/server.py", line 420, in handle_one_request
2026-09-08T17:35:39.935062802Z     method()
2026-09-08T17:35:39.935071703Z   File "/usr/local/lib/python3.11/dist-packages/patroni/api.py", line 375, in do_GET
2026-09-08T17:35:39.935075904Z     self._write_status_response(status_code, response)
2026-09-08T17:35:39.935079704Z   File "/usr/local/lib/python3.11/dist-packages/patroni/api.py", line 221, in _write_status_response
2026-09-08T17:35:39.935083904Z     self._write_json_response(status_code, response)
2026-09-08T17:35:39.935087805Z   File "/usr/local/lib/python3.11/dist-packages/patroni/api.py", line 167, in _write_json_response
2026-09-08T17:35:39.935091905Z     self.write_response(status_code, json.dumps(response, default=str), content_type='application/json')
2026-09-08T17:35:39.935168313Z   File "/usr/local/lib/python3.11/dist-packages/patroni/api.py", line 157, in write_response
2026-09-08T17:35:39.935183414Z     self.wfile.write(body.encode('utf-8'))
2026-09-08T17:35:39.935188715Z   File "/usr/lib/python3.11/socketserver.py", line 834, in write
2026-09-08T17:35:39.935193015Z     self._sock.sendall(b)
2026-09-08T17:35:39.935197415Z ConnectionResetError: [Errno 104] Connection reset by peer
2026-09-08T17:35:39.935210417Z 
2026-09-08T17:35:40.822114546Z 2026-09-08 17:35:40,819 WARNING: Exception happened during processing of request from 172.23.0.5:51452
2026-09-08T17:35:40.823952826Z 2026-09-08 17:35:40,823 WARNING: Traceback (most recent call last):
2026-09-08T17:35:40.823978529Z   File "/usr/lib/python3.11/socketserver.py", line 691, in process_request_thread
2026-09-08T17:35:40.823985430Z     self.finish_request(request, client_address)
2026-09-08T17:35:40.823990230Z   File "/usr/lib/python3.11/socketserver.py", line 361, in finish_request
2026-09-08T17:35:40.823995031Z     self.RequestHandlerClass(request, client_address, self)
2026-09-08T17:35:40.823999631Z   File "/usr/local/lib/python3.11/dist-packages/patroni/api.py", line 105, in __init__
2026-09-08T17:35:40.824004531Z     super(RestApiHandler, self).__init__(request, client_address, server)
2026-09-08T17:35:40.824009132Z   File "/usr/lib/python3.11/socketserver.py", line 755, in __init__
2026-09-08T17:35:40.824013332Z     self.handle()
2026-09-08T17:35:40.824017533Z   File "/usr/lib/python3.11/http/server.py", line 432, in handle
2026-09-08T17:35:40.824022233Z     self.handle_one_request()
2026-09-08T17:35:40.824025834Z   File "/usr/local/lib/python3.11/dist-packages/patroni/api.py", line 1348, in handle_one_request
2026-09-08T17:35:40.824030134Z     BaseHTTPRequestHandler.handle_one_request(self)
2026-09-08T17:35:40.824034934Z   File "/usr/lib/python3.11/http/server.py", line 420, in handle_one_request
2026-09-08T17:35:40.824039935Z     method()
2026-09-08T17:35:40.824043935Z   File "/usr/local/lib/python3.11/dist-packages/patroni/api.py", line 375, in do_GET
2026-09-08T17:35:40.824076939Z     self._write_status_response(status_code, response)
2026-09-08T17:35:40.824082939Z   File "/usr/local/lib/python3.11/dist-packages/patroni/api.py", line 221, in _write_status_response
2026-09-08T17:35:40.824087840Z     self._write_json_response(status_code, response)
2026-09-08T17:35:40.824093040Z   File "/usr/local/lib/python3.11/dist-packages/patroni/api.py", line 167, in _write_json_response
2026-09-08T17:35:40.824097541Z     self.write_response(status_code, json.dumps(response, default=str), content_type='application/json')
2026-09-08T17:35:40.824102541Z   File "/usr/local/lib/python3.11/dist-packages/patroni/api.py", line 157, in write_response
2026-09-08T17:35:40.824107342Z     self.wfile.write(body.encode('utf-8'))
2026-09-08T17:35:40.824111542Z   File "/usr/lib/python3.11/socketserver.py", line 834, in write
2026-09-08T17:35:40.824115542Z     self._sock.sendall(b)
2026-09-08T17:35:40.824119443Z ConnectionResetError: [Errno 104] Connection reset by peer
2026-09-08T17:35:40.824123643Z 
2026-09-08T17:35:44.127201036Z 2026-09-08 17:35:44,126 INFO: no action. I am (phase4-20260908T173358240-1efd4a87-base), a secondary, and following a leader (phase4-20260908T173358240-1efd4a87-primary)
2026-09-08T17:35:48.619096821Z 2026-09-08 17:35:48,618 INFO: no action. I am (phase4-20260908T173358240-1efd4a87-base), a secondary, and following a leader (phase4-20260908T173358240-1efd4a87-primary)
2026-09-08T17:35:53.652904864Z 2026-09-08 17:35:53,652 INFO: no action. I am (phase4-20260908T173358240-1efd4a87-base), a secondary, and following a leader (phase4-20260908T173358240-1efd4a87-primary)
2026-09-08T17:35:58.613324493Z 2026-09-08 17:35:58,612 INFO: no action. I am (phase4-20260908T173358240-1efd4a87-base), a secondary, and following a leader (phase4-20260908T173358240-1efd4a87-primary)
2026-09-08T17:36:00.932486053Z 2026-09-08 17:36:00,929 WARNING: Exception happened during processing of request from 172.23.0.5:45598
2026-09-08T17:36:00.933567763Z 2026-09-08 17:36:00,932 WARNING: Traceback (most recent call last):
2026-09-08T17:36:00.933598666Z   File "/usr/lib/python3.11/socketserver.py", line 691, in process_request_thread
2026-09-08T17:36:00.933608167Z     self.finish_request(request, client_address)
2026-09-08T17:36:00.933615568Z   File "/usr/lib/python3.11/socketserver.py", line 361, in finish_request
2026-09-08T17:36:00.933622469Z     self.RequestHandlerClass(request, client_address, self)
2026-09-08T17:36:00.933629269Z   File "/usr/local/lib/python3.11/dist-packages/patroni/api.py", line 105, in __init__
2026-09-08T17:36:00.933636570Z     super(RestApiHandler, self).__init__(request, client_address, server)
2026-09-08T17:36:00.933643171Z   File "/usr/lib/python3.11/socketserver.py", line 755, in __init__
2026-09-08T17:36:00.933649771Z     self.handle()
2026-09-08T17:36:00.933655972Z   File "/usr/lib/python3.11/http/server.py", line 432, in handle
2026-09-08T17:36:00.933662673Z     self.handle_one_request()
2026-09-08T17:36:00.933669173Z   File "/usr/local/lib/python3.11/dist-packages/patroni/api.py", line 1348, in handle_one_request
2026-09-08T17:36:00.933697776Z     BaseHTTPRequestHandler.handle_one_request(self)
2026-09-08T17:36:00.933703377Z   File "/usr/lib/python3.11/http/server.py", line 420, in handle_one_request
2026-09-08T17:36:00.933707777Z     method()
2026-09-08T17:36:00.933711778Z   File "/usr/local/lib/python3.11/dist-packages/patroni/api.py", line 375, in do_GET
2026-09-08T17:36:00.933716178Z     self._write_status_response(status_code, response)
2026-09-08T17:36:00.933720279Z   File "/usr/local/lib/python3.11/dist-packages/patroni/api.py", line 221, in _write_status_response
2026-09-08T17:36:00.933724879Z     self._write_json_response(status_code, response)
2026-09-08T17:36:00.933728679Z   File "/usr/local/lib/python3.11/dist-packages/patroni/api.py", line 167, in _write_json_response
2026-09-08T17:36:00.933732780Z     self.write_response(status_code, json.dumps(response, default=str), content_type='application/json')
2026-09-08T17:36:00.933737280Z   File "/usr/local/lib/python3.11/dist-packages/patroni/api.py", line 157, in write_response
2026-09-08T17:36:00.933741881Z     self.wfile.write(body.encode('utf-8'))
2026-09-08T17:36:00.933745881Z   File "/usr/lib/python3.11/socketserver.py", line 834, in write
2026-09-08T17:36:00.933750182Z     self._sock.sendall(b)
2026-09-08T17:36:00.933754082Z ConnectionResetError: [Errno 104] Connection reset by peer
2026-09-08T17:36:00.933757882Z 
2026-09-08T17:36:02.068897769Z 2026-09-08 17:36:02,065 WARNING: Exception happened during processing of request from 172.23.0.5:45614
2026-09-08T17:36:02.072528240Z 2026-09-08 17:36:02,070 WARNING: Traceback (most recent call last):
2026-09-08T17:36:02.072602347Z   File "/usr/lib/python3.11/socketserver.py", line 691, in process_request_thread
2026-09-08T17:36:02.072613348Z     self.finish_request(request, client_address)
2026-09-08T17:36:02.072618649Z   File "/usr/lib/python3.11/socketserver.py", line 361, in finish_request
2026-09-08T17:36:02.072623249Z     self.RequestHandlerClass(request, client_address, self)
2026-09-08T17:36:02.072627950Z   File "/usr/local/lib/python3.11/dist-packages/patroni/api.py", line 105, in __init__
2026-09-08T17:36:02.072632750Z     super(RestApiHandler, self).__init__(request, client_address, server)
2026-09-08T17:36:02.072637351Z   File "/usr/lib/python3.11/socketserver.py", line 755, in __init__
2026-09-08T17:36:02.072642151Z     self.handle()
2026-09-08T17:36:02.072646752Z   File "/usr/lib/python3.11/http/server.py", line 432, in handle
2026-09-08T17:36:02.072651752Z     self.handle_one_request()
2026-09-08T17:36:02.072655953Z   File "/usr/local/lib/python3.11/dist-packages/patroni/api.py", line 1348, in handle_one_request
2026-09-08T17:36:02.072660853Z     BaseHTTPRequestHandler.handle_one_request(self)
2026-09-08T17:36:02.072665054Z   File "/usr/lib/python3.11/http/server.py", line 420, in handle_one_request
2026-09-08T17:36:02.072695157Z     method()
2026-09-08T17:36:02.072701457Z   File "/usr/local/lib/python3.11/dist-packages/patroni/api.py", line 375, in do_GET
2026-09-08T17:36:02.072706658Z     self._write_status_response(status_code, response)
2026-09-08T17:36:02.072711158Z   File "/usr/local/lib/python3.11/dist-packages/patroni/api.py", line 221, in _write_status_response
2026-09-08T17:36:02.072715559Z     self._write_json_response(status_code, response)
2026-09-08T17:36:02.072720259Z   File "/usr/local/lib/python3.11/dist-packages/patroni/api.py", line 167, in _write_json_response
2026-09-08T17:36:02.072725160Z     self.write_response(status_code, json.dumps(response, default=str), content_type='application/json')
2026-09-08T17:36:02.072729760Z   File "/usr/local/lib/python3.11/dist-packages/patroni/api.py", line 157, in write_response
2026-09-08T17:36:02.072734561Z     self.wfile.write(body.encode('utf-8'))
2026-09-08T17:36:02.072739261Z   File "/usr/lib/python3.11/socketserver.py", line 834, in write
2026-09-08T17:36:02.072743962Z     self._sock.sendall(b)
2026-09-08T17:36:02.072749162Z ConnectionResetError: [Errno 104] Connection reset by peer
2026-09-08T17:36:02.072753763Z 
2026-09-08T17:36:03.663021197Z 2026-09-08 17:36:03,662 INFO: no action. I am (phase4-20260908T173358240-1efd4a87-base), a secondary, and following a leader (phase4-20260908T173358240-1efd4a87-primary)
2026-09-08T17:36:04.956417771Z 2026-09-08 17:36:04,952 WARNING: Exception happened during processing of request from 172.23.0.5:59886
2026-09-08T17:36:04.956472576Z 2026-09-08 17:36:04,955 WARNING: Traceback (most recent call last):
2026-09-08T17:36:04.956480676Z   File "/usr/lib/python3.11/socketserver.py", line 691, in process_request_thread
2026-09-08T17:36:04.956487177Z     self.finish_request(request, client_address)
2026-09-08T17:36:04.956492978Z   File "/usr/lib/python3.11/socketserver.py", line 361, in finish_request
2026-09-08T17:36:04.956499278Z     self.RequestHandlerClass(request, client_address, self)
2026-09-08T17:36:04.956504979Z   File "/usr/local/lib/python3.11/dist-packages/patroni/api.py", line 105, in __init__
2026-09-08T17:36:04.956510979Z     super(RestApiHandler, self).__init__(request, client_address, server)
2026-09-08T17:36:04.956516880Z   File "/usr/lib/python3.11/socketserver.py", line 755, in __init__
2026-09-08T17:36:04.956522880Z     self.handle()
2026-09-08T17:36:04.956528381Z   File "/usr/lib/python3.11/http/server.py", line 432, in handle
2026-09-08T17:36:04.956534281Z     self.handle_one_request()
2026-09-08T17:36:04.956539782Z   File "/usr/local/lib/python3.11/dist-packages/patroni/api.py", line 1348, in handle_one_request
2026-09-08T17:36:04.956546182Z     BaseHTTPRequestHandler.handle_one_request(self)
2026-09-08T17:36:04.956551783Z   File "/usr/lib/python3.11/http/server.py", line 420, in handle_one_request
2026-09-08T17:36:04.956580485Z     method()
2026-09-08T17:36:04.956584786Z   File "/usr/local/lib/python3.11/dist-packages/patroni/api.py", line 375, in do_GET
2026-09-08T17:36:04.956589086Z     self._write_status_response(status_code, response)
2026-09-08T17:36:04.956593086Z   File "/usr/local/lib/python3.11/dist-packages/patroni/api.py", line 221, in _write_status_response
2026-09-08T17:36:04.956597387Z     self._write_json_response(status_code, response)
2026-09-08T17:36:04.956601387Z   File "/usr/local/lib/python3.11/dist-packages/patroni/api.py", line 167, in _write_json_response
2026-09-08T17:36:04.956605788Z     self.write_response(status_code, json.dumps(response, default=str), content_type='application/json')
2026-09-08T17:36:04.956610088Z   File "/usr/local/lib/python3.11/dist-packages/patroni/api.py", line 157, in write_response
2026-09-08T17:36:04.956614388Z     self.wfile.write(body.encode('utf-8'))
2026-09-08T17:36:04.956618389Z   File "/usr/lib/python3.11/socketserver.py", line 834, in write
2026-09-08T17:36:04.956622489Z     self._sock.sendall(b)
2026-09-08T17:36:04.956626389Z ConnectionResetError: [Errno 104] Connection reset by peer
2026-09-08T17:36:04.956630390Z 
2026-09-08T17:36:09.207438707Z 2026-09-08 17:36:09,206 INFO: no action. I am (phase4-20260908T173358240-1efd4a87-base), a secondary, and following a leader (phase4-20260908T173358240-1efd4a87-primary)
2026-09-08T17:36:12.010805033Z 2026-09-08 17:36:12,007 WARNING: Exception happened during processing of request from 172.23.0.5:60044
2026-09-08T17:36:12.010919043Z 2026-09-08 17:36:12,009 WARNING: Traceback (most recent call last):
2026-09-08T17:36:12.010934244Z   File "/usr/lib/python3.11/socketserver.py", line 691, in process_request_thread
2026-09-08T17:36:12.010941745Z     self.finish_request(request, client_address)
2026-09-08T17:36:12.010948246Z   File "/usr/lib/python3.11/socketserver.py", line 361, in finish_request
2026-09-08T17:36:12.010954846Z     self.RequestHandlerClass(request, client_address, self)
2026-09-08T17:36:12.010961247Z   File "/usr/local/lib/python3.11/dist-packages/patroni/api.py", line 105, in __init__
2026-09-08T17:36:12.010991549Z     super(RestApiHandler, self).__init__(request, client_address, server)
2026-09-08T17:36:12.011000450Z   File "/usr/lib/python3.11/socketserver.py", line 755, in __init__
2026-09-08T17:36:12.011007351Z     self.handle()
2026-09-08T17:36:12.011013651Z   File "/usr/lib/python3.11/http/server.py", line 432, in handle
2026-09-08T17:36:12.011020252Z     self.handle_one_request()
2026-09-08T17:36:12.011026453Z   File "/usr/local/lib/python3.11/dist-packages/patroni/api.py", line 1348, in handle_one_request
2026-09-08T17:36:12.011033353Z     BaseHTTPRequestHandler.handle_one_request(self)
2026-09-08T17:36:12.011040354Z   File "/usr/lib/python3.11/http/server.py", line 420, in handle_one_request
2026-09-08T17:36:12.011047754Z     method()
2026-09-08T17:36:12.011095759Z   File "/usr/local/lib/python3.11/dist-packages/patroni/api.py", line 375, in do_GET
2026-09-08T17:36:12.011103359Z     self._write_status_response(status_code, response)
2026-09-08T17:36:12.011108060Z   File "/usr/local/lib/python3.11/dist-packages/patroni/api.py", line 221, in _write_status_response
2026-09-08T17:36:12.011112460Z     self._write_json_response(status_code, response)
2026-09-08T17:36:12.011117161Z   File "/usr/local/lib/python3.11/dist-packages/patroni/api.py", line 167, in _write_json_response
2026-09-08T17:36:12.011121961Z     self.write_response(status_code, json.dumps(response, default=str), content_type='application/json')
2026-09-08T17:36:12.011126561Z   File "/usr/local/lib/python3.11/dist-packages/patroni/api.py", line 157, in write_response
2026-09-08T17:36:12.011131162Z     self.wfile.write(body.encode('utf-8'))
2026-09-08T17:36:12.011135262Z   File "/usr/lib/python3.11/socketserver.py", line 834, in write
2026-09-08T17:36:12.011139262Z     self._sock.sendall(b)
2026-09-08T17:36:12.011142663Z ConnectionResetError: [Errno 104] Connection reset by peer
2026-09-08T17:36:12.011146463Z 
2026-09-08T17:36:12.219272044Z 2026-09-08 17:36:12,217 WARNING: Exception happened during processing of request from 172.23.0.5:60054
2026-09-08T17:36:12.222944368Z 2026-09-08 17:36:12,222 WARNING: Traceback (most recent call last):
2026-09-08T17:36:12.222988272Z   File "/usr/lib/python3.11/socketserver.py", line 691, in process_request_thread
2026-09-08T17:36:12.222995573Z     self.finish_request(request, client_address)
2026-09-08T17:36:12.223000273Z   File "/usr/lib/python3.11/socketserver.py", line 361, in finish_request
2026-09-08T17:36:12.223005274Z     self.RequestHandlerClass(request, client_address, self)
2026-09-08T17:36:12.223009874Z   File "/usr/local/lib/python3.11/dist-packages/patroni/api.py", line 105, in __init__
2026-09-08T17:36:12.223014475Z     super(RestApiHandler, self).__init__(request, client_address, server)
2026-09-08T17:36:12.223018575Z   File "/usr/lib/python3.11/socketserver.py", line 755, in __init__
2026-09-08T17:36:12.223023275Z     self.handle()
2026-09-08T17:36:12.223027476Z   File "/usr/lib/python3.11/http/server.py", line 432, in handle
2026-09-08T17:36:12.223032076Z     self.handle_one_request()
2026-09-08T17:36:12.223036376Z   File "/usr/local/lib/python3.11/dist-packages/patroni/api.py", line 1348, in handle_one_request
2026-09-08T17:36:12.223041277Z     BaseHTTPRequestHandler.handle_one_request(self)
2026-09-08T17:36:12.223045777Z   File "/usr/lib/python3.11/http/server.py", line 420, in handle_one_request
2026-09-08T17:36:12.223050278Z     method()
2026-09-08T17:36:12.223054378Z   File "/usr/local/lib/python3.11/dist-packages/patroni/api.py", line 375, in do_GET
2026-09-08T17:36:12.223058978Z     self._write_status_response(status_code, response)
2026-09-08T17:36:12.223082981Z   File "/usr/local/lib/python3.11/dist-packages/patroni/api.py", line 221, in _write_status_response
2026-09-08T17:36:12.223088581Z     self._write_json_response(status_code, response)
2026-09-08T17:36:12.223093382Z   File "/usr/local/lib/python3.11/dist-packages/patroni/api.py", line 167, in _write_json_response
2026-09-08T17:36:12.223098582Z     self.write_response(status_code, json.dumps(response, default=str), content_type='application/json')
2026-09-08T17:36:12.223103582Z   File "/usr/local/lib/python3.11/dist-packages/patroni/api.py", line 157, in write_response
2026-09-08T17:36:12.223108583Z     self.wfile.write(body.encode('utf-8'))
2026-09-08T17:36:12.223113083Z   File "/usr/lib/python3.11/socketserver.py", line 834, in write
2026-09-08T17:36:12.223117784Z     self._sock.sendall(b)
2026-09-08T17:36:12.223122084Z ConnectionResetError: [Errno 104] Connection reset by peer
2026-09-08T17:36:12.223126684Z 
2026-09-08T17:36:13.027181196Z 2026-09-08 17:36:13,016 WARNING: Exception happened during processing of request from 172.23.0.5:43904
2026-09-08T17:36:13.027229100Z 2026-09-08 17:36:13,021 WARNING: Traceback (most recent call last):
2026-09-08T17:36:13.027234700Z   File "/usr/lib/python3.11/socketserver.py", line 691, in process_request_thread
2026-09-08T17:36:13.027239401Z     self.finish_request(request, client_address)
2026-09-08T17:36:13.027243401Z   File "/usr/lib/python3.11/socketserver.py", line 361, in finish_request
2026-09-08T17:36:13.027247702Z     self.RequestHandlerClass(request, client_address, self)
2026-09-08T17:36:13.027251702Z   File "/usr/local/lib/python3.11/dist-packages/patroni/api.py", line 105, in __init__
2026-09-08T17:36:13.027255802Z     super(RestApiHandler, self).__init__(request, client_address, server)
2026-09-08T17:36:13.027259803Z   File "/usr/lib/python3.11/socketserver.py", line 755, in __init__
2026-09-08T17:36:13.027263803Z     self.handle()
2026-09-08T17:36:13.027268003Z   File "/usr/lib/python3.11/http/server.py", line 432, in handle
2026-09-08T17:36:13.027272104Z     self.handle_one_request()
2026-09-08T17:36:13.027275804Z   File "/usr/local/lib/python3.11/dist-packages/patroni/api.py", line 1348, in handle_one_request
2026-09-08T17:36:13.027280204Z     BaseHTTPRequestHandler.handle_one_request(self)
2026-09-08T17:36:13.027284105Z   File "/usr/lib/python3.11/http/server.py", line 420, in handle_one_request
2026-09-08T17:36:13.027288205Z     method()
2026-09-08T17:36:13.027292005Z   File "/usr/local/lib/python3.11/dist-packages/patroni/api.py", line 375, in do_GET
2026-09-08T17:36:13.027296206Z     self._write_status_response(status_code, response)
2026-09-08T17:36:13.027300106Z   File "/usr/local/lib/python3.11/dist-packages/patroni/api.py", line 221, in _write_status_response
2026-09-08T17:36:13.027304207Z     self._write_json_response(status_code, response)
2026-09-08T17:36:13.027308207Z   File "/usr/local/lib/python3.11/dist-packages/patroni/api.py", line 167, in _write_json_response
2026-09-08T17:36:13.027337309Z     self.write_response(status_code, json.dumps(response, default=str), content_type='application/json')
2026-09-08T17:36:13.027342210Z   File "/usr/local/lib/python3.11/dist-packages/patroni/api.py", line 157, in write_response
2026-09-08T17:36:13.027346410Z     self.wfile.write(body.encode('utf-8'))
2026-09-08T17:36:13.027350411Z   File "/usr/lib/python3.11/socketserver.py", line 834, in write
2026-09-08T17:36:13.027354311Z     self._sock.sendall(b)
2026-09-08T17:36:13.027529126Z ConnectionResetError: [Errno 104] Connection reset by peer
2026-09-08T17:36:13.027540227Z 
2026-09-08T17:36:13.614170837Z 2026-09-08 17:36:13,613 INFO: no action. I am (phase4-20260908T173358240-1efd4a87-base), a secondary, and following a leader (phase4-20260908T173358240-1efd4a87-primary)
2026-09-08T17:36:19.116035280Z 2026-09-08 17:36:19,115 INFO: no action. I am (phase4-20260908T173358240-1efd4a87-base), a secondary, and following a leader (phase4-20260908T173358240-1efd4a87-primary)
2026-09-08T17:36:20.265467884Z 2026-09-08 17:36:20,262 WARNING: Exception happened during processing of request from 172.23.0.5:44006
2026-09-08T17:36:20.265501087Z 2026-09-08 17:36:20,264 WARNING: Traceback (most recent call last):
2026-09-08T17:36:20.265513389Z   File "/usr/lib/python3.11/socketserver.py", line 691, in process_request_thread
2026-09-08T17:36:20.265517789Z     self.finish_request(request, client_address)
2026-09-08T17:36:20.265521189Z   File "/usr/lib/python3.11/socketserver.py", line 361, in finish_request
2026-09-08T17:36:20.265524990Z     self.RequestHandlerClass(request, client_address, self)
2026-09-08T17:36:20.265528690Z   File "/usr/local/lib/python3.11/dist-packages/patroni/api.py", line 105, in __init__
2026-09-08T17:36:20.265532590Z     super(RestApiHandler, self).__init__(request, client_address, server)
2026-09-08T17:36:20.265536191Z   File "/usr/lib/python3.11/socketserver.py", line 755, in __init__
2026-09-08T17:36:20.265539891Z     self.handle()
2026-09-08T17:36:20.265543491Z   File "/usr/lib/python3.11/http/server.py", line 432, in handle
2026-09-08T17:36:20.265546992Z     self.handle_one_request()
2026-09-08T17:36:20.265550592Z   File "/usr/local/lib/python3.11/dist-packages/patroni/api.py", line 1348, in handle_one_request
2026-09-08T17:36:20.265554493Z     BaseHTTPRequestHandler.handle_one_request(self)
2026-09-08T17:36:20.265558193Z   File "/usr/lib/python3.11/http/server.py", line 420, in handle_one_request
2026-09-08T17:36:20.265562293Z     method()
2026-09-08T17:36:20.265565694Z   File "/usr/local/lib/python3.11/dist-packages/patroni/api.py", line 375, in do_GET
2026-09-08T17:36:20.265569594Z     self._write_status_response(status_code, response)
2026-09-08T17:36:20.265572994Z   File "/usr/local/lib/python3.11/dist-packages/patroni/api.py", line 221, in _write_status_response
2026-09-08T17:36:20.265598497Z     self._write_json_response(status_code, response)
2026-09-08T17:36:20.265603597Z   File "/usr/local/lib/python3.11/dist-packages/patroni/api.py", line 167, in _write_json_response
2026-09-08T17:36:20.265607898Z     self.write_response(status_code, json.dumps(response, default=str), content_type='application/json')
2026-09-08T17:36:20.265611998Z   File "/usr/local/lib/python3.11/dist-packages/patroni/api.py", line 157, in write_response
2026-09-08T17:36:20.265616299Z     self.wfile.write(body.encode('utf-8'))
2026-09-08T17:36:20.265620299Z   File "/usr/lib/python3.11/socketserver.py", line 834, in write
2026-09-08T17:36:20.265624999Z     self._sock.sendall(b)
2026-09-08T17:36:20.265629200Z ConnectionResetError: [Errno 104] Connection reset by peer
2026-09-08T17:36:20.265633300Z 
2026-09-08T17:36:22.287871197Z 2026-09-08 17:36:22,275 WARNING: Exception happened during processing of request from 172.23.0.5:44044
2026-09-08T17:36:22.288043813Z 2026-09-08 17:36:22,283 WARNING: Traceback (most recent call last):
2026-09-08T17:36:22.288123121Z   File "/usr/lib/python3.11/socketserver.py", line 691, in process_request_thread
2026-09-08T17:36:22.288148223Z     self.finish_request(request, client_address)
2026-09-08T17:36:22.288154224Z   File "/usr/lib/python3.11/socketserver.py", line 361, in finish_request
2026-09-08T17:36:22.288159324Z     self.RequestHandlerClass(request, client_address, self)
2026-09-08T17:36:22.288163825Z   File "/usr/local/lib/python3.11/dist-packages/patroni/api.py", line 105, in __init__
2026-09-08T17:36:22.288168725Z     super(RestApiHandler, self).__init__(request, client_address, server)
2026-09-08T17:36:22.288173326Z   File "/usr/lib/python3.11/socketserver.py", line 755, in __init__
2026-09-08T17:36:22.288178126Z     self.handle()
2026-09-08T17:36:22.288183027Z   File "/usr/lib/python3.11/http/server.py", line 432, in handle
2026-09-08T17:36:22.288187627Z     self.handle_one_request()
2026-09-08T17:36:22.288192328Z   File "/usr/local/lib/python3.11/dist-packages/patroni/api.py", line 1348, in handle_one_request
2026-09-08T17:36:22.288197128Z     BaseHTTPRequestHandler.handle_one_request(self)
2026-09-08T17:36:22.288201629Z   File "/usr/lib/python3.11/http/server.py", line 420, in handle_one_request
2026-09-08T17:36:22.288206229Z     method()
2026-09-08T17:36:22.288210029Z   File "/usr/local/lib/python3.11/dist-packages/patroni/api.py", line 375, in do_GET
2026-09-08T17:36:22.288214330Z     self._write_status_response(status_code, response)
2026-09-08T17:36:22.288218330Z   File "/usr/local/lib/python3.11/dist-packages/patroni/api.py", line 221, in _write_status_response
2026-09-08T17:36:22.288222431Z     self._write_json_response(status_code, response)
2026-09-08T17:36:22.288226231Z   File "/usr/local/lib/python3.11/dist-packages/patroni/api.py", line 167, in _write_json_response
2026-09-08T17:36:22.288255234Z     self.write_response(status_code, json.dumps(response, default=str), content_type='application/json')
2026-09-08T17:36:22.288261434Z   File "/usr/local/lib/python3.11/dist-packages/patroni/api.py", line 157, in write_response
2026-09-08T17:36:22.288265635Z     self.wfile.write(body.encode('utf-8'))
2026-09-08T17:36:22.288269335Z   File "/usr/lib/python3.11/socketserver.py", line 834, in write
2026-09-08T17:36:22.288273336Z     self._sock.sendall(b)
2026-09-08T17:36:22.288277136Z ConnectionResetError: [Errno 104] Connection reset by peer
2026-09-08T17:36:22.288280936Z 
2026-09-08T17:36:24.070911310Z 2026-09-08 17:36:24,068 INFO: no action. I am (phase4-20260908T173358240-1efd4a87-base), a secondary, and following a leader (phase4-20260908T173358240-1efd4a87-primary)
2026-09-08T17:36:28.663247136Z 2026-09-08 17:36:28,661 INFO: no action. I am (phase4-20260908T173358240-1efd4a87-base), a secondary, and following a leader (phase4-20260908T173358240-1efd4a87-primary)
2026-09-08T17:36:33.619163987Z 2026-09-08 17:36:33,618 INFO: no action. I am (phase4-20260908T173358240-1efd4a87-base), a secondary, and following a leader (phase4-20260908T173358240-1efd4a87-primary)
2026-09-08T17:36:38.670904598Z 2026-09-08 17:36:38,669 INFO: no action. I am (phase4-20260908T173358240-1efd4a87-base), a secondary, and following a leader (phase4-20260908T173358240-1efd4a87-primary)
2026-09-08T17:36:42.388744449Z 2026-09-08 17:36:42,386 WARNING: Exception happened during processing of request from 172.23.0.5:33868
2026-09-08T17:36:42.388853459Z 2026-09-08 17:36:42,388 WARNING: Traceback (most recent call last):
2026-09-08T17:36:42.388867660Z   File "/usr/lib/python3.11/socketserver.py", line 691, in process_request_thread
2026-09-08T17:36:42.388876361Z     self.finish_request(request, client_address)
2026-09-08T17:36:42.388882861Z   File "/usr/lib/python3.11/socketserver.py", line 361, in finish_request
2026-09-08T17:36:42.388889662Z     self.RequestHandlerClass(request, client_address, self)
2026-09-08T17:36:42.388896063Z   File "/usr/local/lib/python3.11/dist-packages/patroni/api.py", line 105, in __init__
2026-09-08T17:36:42.388903063Z     super(RestApiHandler, self).__init__(request, client_address, server)
2026-09-08T17:36:42.388910164Z   File "/usr/lib/python3.11/socketserver.py", line 755, in __init__
2026-09-08T17:36:42.388917465Z     self.handle()
2026-09-08T17:36:42.388924365Z   File "/usr/lib/python3.11/http/server.py", line 432, in handle
2026-09-08T17:36:42.388930966Z     self.handle_one_request()
2026-09-08T17:36:42.388936966Z   File "/usr/local/lib/python3.11/dist-packages/patroni/api.py", line 1348, in handle_one_request
2026-09-08T17:36:42.388943567Z     BaseHTTPRequestHandler.handle_one_request(self)
2026-09-08T17:36:42.388949367Z   File "/usr/lib/python3.11/http/server.py", line 420, in handle_one_request
2026-09-08T17:36:42.388955568Z     method()
2026-09-08T17:36:42.388961469Z   File "/usr/local/lib/python3.11/dist-packages/patroni/api.py", line 375, in do_GET
2026-09-08T17:36:42.388986371Z     self._write_status_response(status_code, response)
2026-09-08T17:36:42.388991471Z   File "/usr/local/lib/python3.11/dist-packages/patroni/api.py", line 221, in _write_status_response
2026-09-08T17:36:42.388995772Z     self._write_json_response(status_code, response)
2026-09-08T17:36:42.388999572Z   File "/usr/local/lib/python3.11/dist-packages/patroni/api.py", line 167, in _write_json_response
2026-09-08T17:36:42.389003272Z     self.write_response(status_code, json.dumps(response, default=str), content_type='application/json')
2026-09-08T17:36:42.389007173Z   File "/usr/local/lib/python3.11/dist-packages/patroni/api.py", line 157, in write_response
2026-09-08T17:36:42.389010673Z     self.wfile.write(body.encode('utf-8'))
2026-09-08T17:36:42.389014173Z   File "/usr/lib/python3.11/socketserver.py", line 834, in write
2026-09-08T17:36:42.389018074Z     self._sock.sendall(b)
2026-09-08T17:36:42.389022074Z ConnectionResetError: [Errno 104] Connection reset by peer
2026-09-08T17:36:42.389026074Z 
2026-09-08T17:36:43.590308593Z 2026-09-08 17:36:43,589 INFO: no action. I am (phase4-20260908T173358240-1efd4a87-base), a secondary, and following a leader (phase4-20260908T173358240-1efd4a87-primary)
2026-09-08T17:36:47.255543318Z 2026-09-08 17:36:47,254 WARNING: Exception happened during processing of request from 172.23.0.5:34244
2026-09-08T17:36:47.257311179Z 2026-09-08 17:36:47,256 WARNING: Traceback (most recent call last):
2026-09-08T17:36:47.257344982Z   File "/usr/lib/python3.11/socketserver.py", line 691, in process_request_thread
2026-09-08T17:36:47.257355783Z     self.finish_request(request, client_address)
2026-09-08T17:36:47.257364384Z   File "/usr/lib/python3.11/socketserver.py", line 361, in finish_request
2026-09-08T17:36:47.257372885Z     self.RequestHandlerClass(request, client_address, self)
2026-09-08T17:36:47.257380085Z   File "/usr/local/lib/python3.11/dist-packages/patroni/api.py", line 105, in __init__
2026-09-08T17:36:47.257387686Z     super(RestApiHandler, self).__init__(request, client_address, server)
2026-09-08T17:36:47.257395087Z   File "/usr/lib/python3.11/socketserver.py", line 755, in __init__
2026-09-08T17:36:47.257402587Z     self.handle()
2026-09-08T17:36:47.257409888Z   File "/usr/lib/python3.11/http/server.py", line 432, in handle
2026-09-08T17:36:47.257417389Z     self.handle_one_request()
2026-09-08T17:36:47.257423989Z   File "/usr/local/lib/python3.11/dist-packages/patroni/api.py", line 1348, in handle_one_request
2026-09-08T17:36:47.257432090Z     BaseHTTPRequestHandler.handle_one_request(self)
2026-09-08T17:36:47.257440191Z   File "/usr/lib/python3.11/http/server.py", line 420, in handle_one_request
2026-09-08T17:36:47.257448691Z     method()
2026-09-08T17:36:47.257456892Z   File "/usr/local/lib/python3.11/dist-packages/patroni/api.py", line 375, in do_GET
2026-09-08T17:36:47.257496896Z     self._write_status_response(status_code, response)
2026-09-08T17:36:47.257504296Z   File "/usr/local/lib/python3.11/dist-packages/patroni/api.py", line 221, in _write_status_response
2026-09-08T17:36:47.257509197Z     self._write_json_response(status_code, response)
2026-09-08T17:36:47.257513497Z   File "/usr/local/lib/python3.11/dist-packages/patroni/api.py", line 167, in _write_json_response
2026-09-08T17:36:47.257518298Z     self.write_response(status_code, json.dumps(response, default=str), content_type='application/json')
2026-09-08T17:36:47.257522998Z   File "/usr/local/lib/python3.11/dist-packages/patroni/api.py", line 157, in write_response
2026-09-08T17:36:47.257527699Z     self.wfile.write(body.encode('utf-8'))
2026-09-08T17:36:47.257531999Z   File "/usr/lib/python3.11/socketserver.py", line 834, in write
2026-09-08T17:36:47.257536499Z     self._sock.sendall(b)
2026-09-08T17:36:47.257540400Z ConnectionResetError: [Errno 104] Connection reset by peer
2026-09-08T17:36:47.257545000Z 
2026-09-08T17:36:48.647824284Z 2026-09-08 17:36:48,642 INFO: no action. I am (phase4-20260908T173358240-1efd4a87-base), a secondary, and following a leader (phase4-20260908T173358240-1efd4a87-primary)
2026-09-08T17:36:49.270932683Z 2026-09-08 17:36:49,266 WARNING: Exception happened during processing of request from 172.23.0.5:34284
2026-09-08T17:36:49.270985488Z 2026-09-08 17:36:49,268 WARNING: Traceback (most recent call last):
2026-09-08T17:36:49.270997389Z   File "/usr/lib/python3.11/socketserver.py", line 691, in process_request_thread
2026-09-08T17:36:49.271006189Z     self.finish_request(request, client_address)
2026-09-08T17:36:49.271105098Z   File "/usr/lib/python3.11/socketserver.py", line 361, in finish_request
2026-09-08T17:36:49.271118300Z     self.RequestHandlerClass(request, client_address, self)
2026-09-08T17:36:49.271133901Z   File "/usr/local/lib/python3.11/dist-packages/patroni/api.py", line 105, in __init__
2026-09-08T17:36:49.271142302Z     super(RestApiHandler, self).__init__(request, client_address, server)
2026-09-08T17:36:49.271150303Z   File "/usr/lib/python3.11/socketserver.py", line 755, in __init__
2026-09-08T17:36:49.271158003Z     self.handle()
2026-09-08T17:36:49.271165204Z   File "/usr/lib/python3.11/http/server.py", line 432, in handle
2026-09-08T17:36:49.271173205Z     self.handle_one_request()
2026-09-08T17:36:49.271180905Z   File "/usr/local/lib/python3.11/dist-packages/patroni/api.py", line 1348, in handle_one_request
2026-09-08T17:36:49.271189006Z     BaseHTTPRequestHandler.handle_one_request(self)
2026-09-08T17:36:49.271196507Z   File "/usr/lib/python3.11/http/server.py", line 420, in handle_one_request
2026-09-08T17:36:49.271203607Z     method()
2026-09-08T17:36:49.271210608Z   File "/usr/local/lib/python3.11/dist-packages/patroni/api.py", line 375, in do_GET
2026-09-08T17:36:49.271218409Z     self._write_status_response(status_code, response)
2026-09-08T17:36:49.271274814Z   File "/usr/local/lib/python3.11/dist-packages/patroni/api.py", line 221, in _write_status_response
2026-09-08T17:36:49.271283115Z     self._write_json_response(status_code, response)
2026-09-08T17:36:49.271288515Z   File "/usr/local/lib/python3.11/dist-packages/patroni/api.py", line 167, in _write_json_response
2026-09-08T17:36:49.271293516Z     self.write_response(status_code, json.dumps(response, default=str), content_type='application/json')
2026-09-08T17:36:49.271298416Z   File "/usr/local/lib/python3.11/dist-packages/patroni/api.py", line 157, in write_response
2026-09-08T17:36:49.271303116Z     self.wfile.write(body.encode('utf-8'))
2026-09-08T17:36:49.271307117Z   File "/usr/lib/python3.11/socketserver.py", line 834, in write
2026-09-08T17:36:49.271311817Z     self._sock.sendall(b)
2026-09-08T17:36:49.271318418Z ConnectionResetError: [Errno 104] Connection reset by peer
2026-09-08T17:36:49.271323118Z 
2026-09-08T17:36:53.509023290Z 2026-09-08 17:36:53,502 WARNING: Exception happened during processing of request from 172.23.0.5:55406
2026-09-08T17:36:53.509088097Z 2026-09-08 17:36:53,506 WARNING: Traceback (most recent call last):
2026-09-08T17:36:53.509095198Z   File "/usr/lib/python3.11/socketserver.py", line 691, in process_request_thread
2026-09-08T17:36:53.509099698Z     self.finish_request(request, client_address)
2026-09-08T17:36:53.509103399Z   File "/usr/lib/python3.11/socketserver.py", line 361, in finish_request
2026-09-08T17:36:53.509107499Z     self.RequestHandlerClass(request, client_address, self)
2026-09-08T17:36:53.509111800Z   File "/usr/local/lib/python3.11/dist-packages/patroni/api.py", line 105, in __init__
2026-09-08T17:36:53.509123001Z     super(RestApiHandler, self).__init__(request, client_address, server)
2026-09-08T17:36:53.509127501Z   File "/usr/lib/python3.11/socketserver.py", line 755, in __init__
2026-09-08T17:36:53.509132402Z     self.handle()
2026-09-08T17:36:53.509136802Z   File "/usr/lib/python3.11/http/server.py", line 432, in handle
2026-09-08T17:36:53.509141303Z     self.handle_one_request()
2026-09-08T17:36:53.509145703Z   File "/usr/local/lib/python3.11/dist-packages/patroni/api.py", line 1348, in handle_one_request
2026-09-08T17:36:53.509150103Z     BaseHTTPRequestHandler.handle_one_request(self)
2026-09-08T17:36:53.509153904Z   File "/usr/lib/python3.11/http/server.py", line 420, in handle_one_request
2026-09-08T17:36:53.509158604Z     method()
2026-09-08T17:36:53.509162205Z   File "/usr/local/lib/python3.11/dist-packages/patroni/api.py", line 375, in do_GET
2026-09-08T17:36:53.509166605Z     self._write_status_response(status_code, response)
2026-09-08T17:36:53.509170306Z   File "/usr/local/lib/python3.11/dist-packages/patroni/api.py", line 221, in _write_status_response
2026-09-08T17:36:53.509174306Z     self._write_json_response(status_code, response)
2026-09-08T17:36:53.509238713Z   File "/usr/local/lib/python3.11/dist-packages/patroni/api.py", line 167, in _write_json_response
2026-09-08T17:36:53.509244113Z     self.write_response(status_code, json.dumps(response, default=str), content_type='application/json')
2026-09-08T17:36:53.509248614Z   File "/usr/local/lib/python3.11/dist-packages/patroni/api.py", line 157, in write_response
2026-09-08T17:36:53.509252914Z     self.wfile.write(body.encode('utf-8'))
2026-09-08T17:36:53.509256914Z   File "/usr/lib/python3.11/socketserver.py", line 834, in write
2026-09-08T17:36:53.509267616Z     self._sock.sendall(b)
2026-09-08T17:36:53.509279417Z ConnectionResetError: [Errno 104] Connection reset by peer
2026-09-08T17:36:53.509284017Z 
2026-09-08T17:36:53.789422224Z 2026-09-08 17:36:53,788 INFO: no action. I am (phase4-20260908T173358240-1efd4a87-base), a secondary, and following a leader (phase4-20260908T173358240-1efd4a87-primary)
2026-09-08T17:36:59.093278739Z 2026-09-08 17:36:59,092 INFO: no action. I am (phase4-20260908T173358240-1efd4a87-base), a secondary, and following a leader (phase4-20260908T173358240-1efd4a87-primary)
2026-09-08T17:37:04.163743308Z 2026-09-08 17:37:04,157 INFO: no action. I am (phase4-20260908T173358240-1efd4a87-base), a secondary, and following a leader (phase4-20260908T173358240-1efd4a87-primary)
2026-09-08T17:37:04.395439056Z 2026-09-08 17:37:04,389 WARNING: Exception happened during processing of request from 172.23.0.5:46984
2026-09-08T17:37:04.400981388Z 2026-09-08 17:37:04,392 WARNING: Traceback (most recent call last):
2026-09-08T17:37:04.401026592Z   File "/usr/lib/python3.11/socketserver.py", line 691, in process_request_thread
2026-09-08T17:37:04.401037994Z     self.finish_request(request, client_address)
2026-09-08T17:37:04.401045494Z   File "/usr/lib/python3.11/socketserver.py", line 361, in finish_request
2026-09-08T17:37:04.401052495Z     self.RequestHandlerClass(request, client_address, self)
2026-09-08T17:37:04.401059496Z   File "/usr/local/lib/python3.11/dist-packages/patroni/api.py", line 105, in __init__
2026-09-08T17:37:04.401066596Z     super(RestApiHandler, self).__init__(request, client_address, server)
2026-09-08T17:37:04.401073397Z   File "/usr/lib/python3.11/socketserver.py", line 755, in __init__
2026-09-08T17:37:04.401081098Z     self.handle()
2026-09-08T17:37:04.401088998Z   File "/usr/lib/python3.11/http/server.py", line 432, in handle
2026-09-08T17:37:04.401096899Z     self.handle_one_request()
2026-09-08T17:37:04.401103900Z   File "/usr/local/lib/python3.11/dist-packages/patroni/api.py", line 1348, in handle_one_request
2026-09-08T17:37:04.401111801Z     BaseHTTPRequestHandler.handle_one_request(self)
2026-09-08T17:37:04.401119201Z   File "/usr/lib/python3.11/http/server.py", line 420, in handle_one_request
2026-09-08T17:37:04.401127702Z     method()
2026-09-08T17:37:04.401134103Z   File "/usr/local/lib/python3.11/dist-packages/patroni/api.py", line 375, in do_GET
2026-09-08T17:37:04.409645320Z     self._write_status_response(status_code, response)
2026-09-08T17:37:04.409694725Z   File "/usr/local/lib/python3.11/dist-packages/patroni/api.py", line 221, in _write_status_response
2026-09-08T17:37:04.409703226Z     self._write_json_response(status_code, response)
2026-09-08T17:37:04.409707626Z   File "/usr/local/lib/python3.11/dist-packages/patroni/api.py", line 167, in _write_json_response
2026-09-08T17:37:04.409712327Z     self.write_response(status_code, json.dumps(response, default=str), content_type='application/json')
2026-09-08T17:37:04.409717327Z   File "/usr/local/lib/python3.11/dist-packages/patroni/api.py", line 157, in write_response
2026-09-08T17:37:04.409721527Z     self.wfile.write(body.encode('utf-8'))
2026-09-08T17:37:04.409725328Z   File "/usr/lib/python3.11/socketserver.py", line 834, in write
2026-09-08T17:37:04.409729128Z     self._sock.sendall(b)
2026-09-08T17:37:04.409732728Z ConnectionResetError: [Errno 104] Connection reset by peer
2026-09-08T17:37:04.409736629Z 
2026-09-08T17:37:05.413608121Z 2026-09-08 17:37:05,401 WARNING: Exception happened during processing of request from 172.23.0.5:46998
2026-09-08T17:37:05.416530102Z 2026-09-08 17:37:05,416 WARNING: Traceback (most recent call last):
2026-09-08T17:37:05.416567305Z   File "/usr/lib/python3.11/socketserver.py", line 691, in process_request_thread
2026-09-08T17:37:05.416574106Z     self.finish_request(request, client_address)
2026-09-08T17:37:05.416578406Z   File "/usr/lib/python3.11/socketserver.py", line 361, in finish_request
2026-09-08T17:37:05.416583107Z     self.RequestHandlerClass(request, client_address, self)
2026-09-08T17:37:05.416587307Z   File "/usr/local/lib/python3.11/dist-packages/patroni/api.py", line 105, in __init__
2026-09-08T17:37:05.416591708Z     super(RestApiHandler, self).__init__(request, client_address, server)
2026-09-08T17:37:05.416596208Z   File "/usr/lib/python3.11/socketserver.py", line 755, in __init__
2026-09-08T17:37:05.416601109Z     self.handle()
2026-09-08T17:37:05.416605509Z   File "/usr/lib/python3.11/http/server.py", line 432, in handle
2026-09-08T17:37:05.416609809Z     self.handle_one_request()
2026-09-08T17:37:05.416614010Z   File "/usr/local/lib/python3.11/dist-packages/patroni/api.py", line 1348, in handle_one_request
2026-09-08T17:37:05.416618810Z     BaseHTTPRequestHandler.handle_one_request(self)
2026-09-08T17:37:05.416623211Z   File "/usr/lib/python3.11/http/server.py", line 420, in handle_one_request
2026-09-08T17:37:05.416627711Z     method()
2026-09-08T17:37:05.416632112Z   File "/usr/local/lib/python3.11/dist-packages/patroni/api.py", line 375, in do_GET
2026-09-08T17:37:05.416636612Z     self._write_status_response(status_code, response)
2026-09-08T17:37:05.416640812Z   File "/usr/local/lib/python3.11/dist-packages/patroni/api.py", line 221, in _write_status_response
2026-09-08T17:37:05.416671915Z     self._write_json_response(status_code, response)
2026-09-08T17:37:05.416677716Z   File "/usr/local/lib/python3.11/dist-packages/patroni/api.py", line 167, in _write_json_response
2026-09-08T17:37:05.416682316Z     self.write_response(status_code, json.dumps(response, default=str), content_type='application/json')
2026-09-08T17:37:05.416686417Z   File "/usr/local/lib/python3.11/dist-packages/patroni/api.py", line 157, in write_response
2026-09-08T17:37:05.416690417Z     self.wfile.write(body.encode('utf-8'))
2026-09-08T17:37:05.416694818Z   File "/usr/lib/python3.11/socketserver.py", line 834, in write
2026-09-08T17:37:05.416699118Z     self._sock.sendall(b)
2026-09-08T17:37:05.416703518Z ConnectionResetError: [Errno 104] Connection reset by peer
2026-09-08T17:37:05.416707819Z 
2026-09-08T17:37:08.418585134Z 2026-09-08 17:37:08,417 WARNING: Exception happened during processing of request from 172.23.0.5:47062
2026-09-08T17:37:08.420110770Z 2026-09-08 17:37:08,419 WARNING: Traceback (most recent call last):
2026-09-08T17:37:08.420153374Z   File "/usr/lib/python3.11/socketserver.py", line 691, in process_request_thread
2026-09-08T17:37:08.420161174Z     self.finish_request(request, client_address)
2026-09-08T17:37:08.420165775Z   File "/usr/lib/python3.11/socketserver.py", line 361, in finish_request
2026-09-08T17:37:08.420170575Z     self.RequestHandlerClass(request, client_address, self)
2026-09-08T17:37:08.420174776Z   File "/usr/local/lib/python3.11/dist-packages/patroni/api.py", line 105, in __init__
2026-09-08T17:37:08.420179476Z     super(RestApiHandler, self).__init__(request, client_address, server)
2026-09-08T17:37:08.420184176Z   File "/usr/lib/python3.11/socketserver.py", line 755, in __init__
2026-09-08T17:37:08.420188877Z     self.handle()
2026-09-08T17:37:08.420192677Z   File "/usr/lib/python3.11/http/server.py", line 432, in handle
2026-09-08T17:37:08.420196778Z     self.handle_one_request()
2026-09-08T17:37:08.420200678Z   File "/usr/local/lib/python3.11/dist-packages/patroni/api.py", line 1348, in handle_one_request
2026-09-08T17:37:08.420204978Z     BaseHTTPRequestHandler.handle_one_request(self)
2026-09-08T17:37:08.420208879Z   File "/usr/lib/python3.11/http/server.py", line 420, in handle_one_request
2026-09-08T17:37:08.420213179Z     method()
2026-09-08T17:37:08.420217179Z   File "/usr/local/lib/python3.11/dist-packages/patroni/api.py", line 375, in do_GET
2026-09-08T17:37:08.420221780Z     self._write_status_response(status_code, response)
2026-09-08T17:37:08.420225980Z   File "/usr/local/lib/python3.11/dist-packages/patroni/api.py", line 221, in _write_status_response
2026-09-08T17:37:08.420230581Z     self._write_json_response(status_code, response)
2026-09-08T17:37:08.420235281Z   File "/usr/local/lib/python3.11/dist-packages/patroni/api.py", line 167, in _write_json_response
2026-09-08T17:37:08.420239881Z     self.write_response(status_code, json.dumps(response, default=str), content_type='application/json')
2026-09-08T17:37:08.420269984Z   File "/usr/local/lib/python3.11/dist-packages/patroni/api.py", line 157, in write_response
2026-09-08T17:37:08.420276485Z     self.wfile.write(body.encode('utf-8'))
2026-09-08T17:37:08.420280585Z   File "/usr/lib/python3.11/socketserver.py", line 834, in write
2026-09-08T17:37:08.420284885Z     self._sock.sendall(b)
2026-09-08T17:37:08.420289386Z ConnectionResetError: [Errno 104] Connection reset by peer
2026-09-08T17:37:08.420293586Z 
2026-09-08T17:37:09.096722969Z 2026-09-08 17:37:09,095 INFO: no action. I am (phase4-20260908T173358240-1efd4a87-base), a secondary, and following a leader (phase4-20260908T173358240-1efd4a87-primary)
2026-09-08T17:37:13.673716885Z 2026-09-08 17:37:13,673 INFO: no action. I am (phase4-20260908T173358240-1efd4a87-base), a secondary, and following a leader (phase4-20260908T173358240-1efd4a87-primary)
2026-09-08T17:37:15.455585230Z 2026-09-08 17:37:15,454 WARNING: Exception happened during processing of request from 172.23.0.5:36680
2026-09-08T17:37:15.456779237Z 2026-09-08 17:37:15,456 WARNING: Traceback (most recent call last):
2026-09-08T17:37:15.456932951Z   File "/usr/lib/python3.11/socketserver.py", line 691, in process_request_thread
2026-09-08T17:37:15.456938951Z     self.finish_request(request, client_address)
2026-09-08T17:37:15.456941851Z   File "/usr/lib/python3.11/socketserver.py", line 361, in finish_request
2026-09-08T17:37:15.456944552Z     self.RequestHandlerClass(request, client_address, self)
2026-09-08T17:37:15.456947152Z   File "/usr/local/lib/python3.11/dist-packages/patroni/api.py", line 105, in __init__
2026-09-08T17:37:15.456949752Z     super(RestApiHandler, self).__init__(request, client_address, server)
2026-09-08T17:37:15.456952452Z   File "/usr/lib/python3.11/socketserver.py", line 755, in __init__
2026-09-08T17:37:15.456955153Z     self.handle()
2026-09-08T17:37:15.456957553Z   File "/usr/lib/python3.11/http/server.py", line 432, in handle
2026-09-08T17:37:15.456960053Z     self.handle_one_request()
2026-09-08T17:37:15.456962453Z   File "/usr/local/lib/python3.11/dist-packages/patroni/api.py", line 1348, in handle_one_request
2026-09-08T17:37:15.456965153Z     BaseHTTPRequestHandler.handle_one_request(self)
2026-09-08T17:37:15.456967554Z   File "/usr/lib/python3.11/http/server.py", line 420, in handle_one_request
2026-09-08T17:37:15.456970854Z     method()
2026-09-08T17:37:15.456973254Z   File "/usr/local/lib/python3.11/dist-packages/patroni/api.py", line 375, in do_GET
2026-09-08T17:37:15.456976054Z     self._write_status_response(status_code, response)
2026-09-08T17:37:15.456978655Z   File "/usr/local/lib/python3.11/dist-packages/patroni/api.py", line 221, in _write_status_response
2026-09-08T17:37:15.456981255Z     self._write_json_response(status_code, response)
2026-09-08T17:37:15.456983755Z   File "/usr/local/lib/python3.11/dist-packages/patroni/api.py", line 167, in _write_json_response
2026-09-08T17:37:15.457005457Z     self.write_response(status_code, json.dumps(response, default=str), content_type='application/json')
2026-09-08T17:37:15.457008557Z   File "/usr/local/lib/python3.11/dist-packages/patroni/api.py", line 157, in write_response
2026-09-08T17:37:15.457011058Z     self.wfile.write(body.encode('utf-8'))
2026-09-08T17:37:15.457013558Z   File "/usr/lib/python3.11/socketserver.py", line 834, in write
2026-09-08T17:37:15.457016158Z     self._sock.sendall(b)
2026-09-08T17:37:15.457018658Z ConnectionResetError: [Errno 104] Connection reset by peer
2026-09-08T17:37:15.457021258Z 
2026-09-08T17:37:19.106973101Z 2026-09-08 17:37:19,106 INFO: no action. I am (phase4-20260908T173358240-1efd4a87-base), a secondary, and following a leader (phase4-20260908T173358240-1efd4a87-primary)
2026-09-08T17:37:23.623662882Z 2026-09-08 17:37:23,622 INFO: no action. I am (phase4-20260908T173358240-1efd4a87-base), a secondary, and following a leader (phase4-20260908T173358240-1efd4a87-primary)
2026-09-08T17:37:25.719515611Z 2026-09-08 17:37:25,716 WARNING: Exception happened during processing of request from 172.23.0.5:42462
2026-09-08T17:37:25.719900446Z 2026-09-08 17:37:25,719 WARNING: Traceback (most recent call last):
2026-09-08T17:37:25.719922148Z   File "/usr/lib/python3.11/socketserver.py", line 691, in process_request_thread
2026-09-08T17:37:25.719931149Z     self.finish_request(request, client_address)
2026-09-08T17:37:25.719937750Z   File "/usr/lib/python3.11/socketserver.py", line 361, in finish_request
2026-09-08T17:37:25.719944350Z     self.RequestHandlerClass(request, client_address, self)
2026-09-08T17:37:25.719950451Z   File "/usr/local/lib/python3.11/dist-packages/patroni/api.py", line 105, in __init__
2026-09-08T17:37:25.719956852Z     super(RestApiHandler, self).__init__(request, client_address, server)
2026-09-08T17:37:25.719960652Z   File "/usr/lib/python3.11/socketserver.py", line 755, in __init__
2026-09-08T17:37:25.719964152Z     self.handle()
2026-09-08T17:37:25.719967553Z   File "/usr/lib/python3.11/http/server.py", line 432, in handle
2026-09-08T17:37:25.719970953Z     self.handle_one_request()
2026-09-08T17:37:25.719974253Z   File "/usr/local/lib/python3.11/dist-packages/patroni/api.py", line 1348, in handle_one_request
2026-09-08T17:37:25.719977653Z     BaseHTTPRequestHandler.handle_one_request(self)
2026-09-08T17:37:25.719980954Z   File "/usr/lib/python3.11/http/server.py", line 420, in handle_one_request
2026-09-08T17:37:25.719984454Z     method()
2026-09-08T17:37:25.719987754Z   File "/usr/local/lib/python3.11/dist-packages/patroni/api.py", line 375, in do_GET
2026-09-08T17:37:25.719991155Z     self._write_status_response(status_code, response)
2026-09-08T17:37:25.719994555Z   File "/usr/local/lib/python3.11/dist-packages/patroni/api.py", line 221, in _write_status_response
2026-09-08T17:37:25.720013057Z     self._write_json_response(status_code, response)
2026-09-08T17:37:25.720015757Z   File "/usr/local/lib/python3.11/dist-packages/patroni/api.py", line 167, in _write_json_response
2026-09-08T17:37:25.720017957Z     self.write_response(status_code, json.dumps(response, default=str), content_type='application/json')
2026-09-08T17:37:25.720020257Z   File "/usr/local/lib/python3.11/dist-packages/patroni/api.py", line 157, in write_response
2026-09-08T17:37:25.720022558Z     self.wfile.write(body.encode('utf-8'))
2026-09-08T17:37:25.720024658Z   File "/usr/lib/python3.11/socketserver.py", line 834, in write
2026-09-08T17:37:25.720026958Z     self._sock.sendall(b)
2026-09-08T17:37:25.720029058Z ConnectionResetError: [Errno 104] Connection reset by peer
2026-09-08T17:37:25.720031258Z 
2026-09-08T17:37:28.674012003Z 2026-09-08 17:37:28,673 INFO: no action. I am (phase4-20260908T173358240-1efd4a87-base), a secondary, and following a leader (phase4-20260908T173358240-1efd4a87-primary)
2026-09-08T17:37:32.571802069Z 2026-09-08 17:37:32,563 WARNING: Exception happened during processing of request from 172.23.0.5:42594
2026-09-08T17:37:32.571898478Z 2026-09-08 17:37:32,566 WARNING: Traceback (most recent call last):
2026-09-08T17:37:32.571906879Z   File "/usr/lib/python3.11/socketserver.py", line 691, in process_request_thread
2026-09-08T17:37:32.571912179Z     self.finish_request(request, client_address)
2026-09-08T17:37:32.571916480Z   File "/usr/lib/python3.11/socketserver.py", line 361, in finish_request
2026-09-08T17:37:32.571921480Z     self.RequestHandlerClass(request, client_address, self)
2026-09-08T17:37:32.571925480Z   File "/usr/local/lib/python3.11/dist-packages/patroni/api.py", line 105, in __init__
2026-09-08T17:37:32.571929981Z     super(RestApiHandler, self).__init__(request, client_address, server)
2026-09-08T17:37:32.571934181Z   File "/usr/lib/python3.11/socketserver.py", line 755, in __init__
2026-09-08T17:37:32.571938782Z     self.handle()
2026-09-08T17:37:32.571942882Z   File "/usr/lib/python3.11/http/server.py", line 432, in handle
2026-09-08T17:37:32.571947082Z     self.handle_one_request()
2026-09-08T17:37:32.571951583Z   File "/usr/local/lib/python3.11/dist-packages/patroni/api.py", line 1348, in handle_one_request
2026-09-08T17:37:32.571956683Z     BaseHTTPRequestHandler.handle_one_request(self)
2026-09-08T17:37:32.571961384Z   File "/usr/lib/python3.11/http/server.py", line 420, in handle_one_request
2026-09-08T17:37:32.571966284Z     method()
2026-09-08T17:37:32.571970784Z   File "/usr/local/lib/python3.11/dist-packages/patroni/api.py", line 375, in do_GET
2026-09-08T17:37:32.571975685Z     self._write_status_response(status_code, response)
2026-09-08T17:37:32.571980285Z   File "/usr/local/lib/python3.11/dist-packages/patroni/api.py", line 221, in _write_status_response
2026-09-08T17:37:32.571984086Z     self._write_json_response(status_code, response)
2026-09-08T17:37:32.572014788Z   File "/usr/local/lib/python3.11/dist-packages/patroni/api.py", line 167, in _write_json_response
2026-09-08T17:37:32.572022189Z     self.write_response(status_code, json.dumps(response, default=str), content_type='application/json')
2026-09-08T17:37:32.572026789Z   File "/usr/local/lib/python3.11/dist-packages/patroni/api.py", line 157, in write_response
2026-09-08T17:37:32.572031190Z     self.wfile.write(body.encode('utf-8'))
2026-09-08T17:37:32.572035390Z   File "/usr/lib/python3.11/socketserver.py", line 834, in write
2026-09-08T17:37:32.572039991Z     self._sock.sendall(b)
2026-09-08T17:37:32.572043891Z ConnectionResetError: [Errno 104] Connection reset by peer
2026-09-08T17:37:32.572047591Z 
2026-09-08T17:37:33.664447809Z 2026-09-08 17:37:33,657 INFO: no action. I am (phase4-20260908T173358240-1efd4a87-base), a secondary, and following a leader (phase4-20260908T173358240-1efd4a87-primary)
2026-09-08T17:37:38.582178565Z 2026-09-08 17:37:38,581 INFO: no action. I am (phase4-20260908T173358240-1efd4a87-base), a secondary, and following a leader (phase4-20260908T173358240-1efd4a87-primary)
2026-09-08T17:37:43.617282929Z 2026-09-08 17:37:43,615 INFO: no action. I am (phase4-20260908T173358240-1efd4a87-base), a secondary, and following a leader (phase4-20260908T173358240-1efd4a87-primary)
2026-09-08T17:37:49.121217699Z 2026-09-08 17:37:49,120 INFO: no action. I am (phase4-20260908T173358240-1efd4a87-base), a secondary, and following a leader (phase4-20260908T173358240-1efd4a87-primary)
2026-09-08T17:37:51.897132722Z 2026-09-08 17:37:51,895 WARNING: Exception happened during processing of request from 172.23.0.5:45790
2026-09-08T17:37:51.898741412Z 2026-09-08 17:37:51,898 WARNING: Traceback (most recent call last):
2026-09-08T17:37:51.898808020Z   File "/usr/lib/python3.11/socketserver.py", line 691, in process_request_thread
2026-09-08T17:37:51.898822721Z     self.finish_request(request, client_address)
2026-09-08T17:37:51.898830622Z   File "/usr/lib/python3.11/socketserver.py", line 361, in finish_request
2026-09-08T17:37:51.898837723Z     self.RequestHandlerClass(request, client_address, self)
2026-09-08T17:37:51.898844524Z   File "/usr/local/lib/python3.11/dist-packages/patroni/api.py", line 105, in __init__
2026-09-08T17:37:51.898851725Z     super(RestApiHandler, self).__init__(request, client_address, server)
2026-09-08T17:37:51.898858626Z   File "/usr/lib/python3.11/socketserver.py", line 755, in __init__
2026-09-08T17:37:51.898866327Z     self.handle()
2026-09-08T17:37:51.898873827Z   File "/usr/lib/python3.11/http/server.py", line 432, in handle
2026-09-08T17:37:51.898881228Z     self.handle_one_request()
2026-09-08T17:37:51.898887629Z   File "/usr/local/lib/python3.11/dist-packages/patroni/api.py", line 1348, in handle_one_request
2026-09-08T17:37:51.898894430Z     BaseHTTPRequestHandler.handle_one_request(self)
2026-09-08T17:37:51.898901031Z   File "/usr/lib/python3.11/http/server.py", line 420, in handle_one_request
2026-09-08T17:37:51.898930134Z     method()
2026-09-08T17:37:51.898935535Z   File "/usr/local/lib/python3.11/dist-packages/patroni/api.py", line 375, in do_GET
2026-09-08T17:37:51.898940335Z     self._write_status_response(status_code, response)
2026-09-08T17:37:51.898944836Z   File "/usr/local/lib/python3.11/dist-packages/patroni/api.py", line 221, in _write_status_response
2026-09-08T17:37:51.898949136Z     self._write_json_response(status_code, response)
2026-09-08T17:37:51.898953437Z   File "/usr/local/lib/python3.11/dist-packages/patroni/api.py", line 167, in _write_json_response
2026-09-08T17:37:51.898958437Z     self.write_response(status_code, json.dumps(response, default=str), content_type='application/json')
2026-09-08T17:37:51.898963138Z   File "/usr/local/lib/python3.11/dist-packages/patroni/api.py", line 157, in write_response
2026-09-08T17:37:51.898967839Z     self.wfile.write(body.encode('utf-8'))
2026-09-08T17:37:51.898972039Z   File "/usr/lib/python3.11/socketserver.py", line 834, in write
2026-09-08T17:37:51.898976940Z     self._sock.sendall(b)
2026-09-08T17:37:51.898980740Z ConnectionResetError: [Errno 104] Connection reset by peer
2026-09-08T17:37:51.898985041Z 
2026-09-08T17:37:53.680318908Z 2026-09-08 17:37:53,677 INFO: no action. I am (phase4-20260908T173358240-1efd4a87-base), a secondary, and following a leader (phase4-20260908T173358240-1efd4a87-primary)
2026-09-08T17:37:54.827174809Z 2026-09-08 17:37:54,764 WARNING: Exception happened during processing of request from 172.23.0.5:41192
2026-09-08T17:37:54.829663389Z 2026-09-08 17:37:54,807 WARNING: Traceback (most recent call last):
2026-09-08T17:37:54.829685491Z   File "/usr/lib/python3.11/socketserver.py", line 691, in process_request_thread
2026-09-08T17:37:54.829691992Z     self.finish_request(request, client_address)
2026-09-08T17:37:54.829696792Z   File "/usr/lib/python3.11/socketserver.py", line 361, in finish_request
2026-09-08T17:37:54.829701793Z     self.RequestHandlerClass(request, client_address, self)
2026-09-08T17:37:54.829706393Z   File "/usr/local/lib/python3.11/dist-packages/patroni/api.py", line 105, in __init__
2026-09-08T17:37:54.829711094Z     super(RestApiHandler, self).__init__(request, client_address, server)
2026-09-08T17:37:54.829715394Z   File "/usr/lib/python3.11/socketserver.py", line 755, in __init__
2026-09-08T17:37:54.829719595Z     self.handle()
2026-09-08T17:37:54.829723995Z   File "/usr/lib/python3.11/http/server.py", line 432, in handle
2026-09-08T17:37:54.829728496Z     self.handle_one_request()
2026-09-08T17:37:54.829732496Z   File "/usr/local/lib/python3.11/dist-packages/patroni/api.py", line 1348, in handle_one_request
2026-09-08T17:37:54.829737397Z     BaseHTTPRequestHandler.handle_one_request(self)
2026-09-08T17:37:54.829741697Z   File "/usr/lib/python3.11/http/server.py", line 420, in handle_one_request
2026-09-08T17:37:54.829769700Z     method()
2026-09-08T17:37:54.829776401Z   File "/usr/local/lib/python3.11/dist-packages/patroni/api.py", line 375, in do_GET
2026-09-08T17:37:54.829781502Z     self._write_status_response(status_code, response)
2026-09-08T17:37:54.829786002Z   File "/usr/local/lib/python3.11/dist-packages/patroni/api.py", line 221, in _write_status_response
2026-09-08T17:37:54.829790603Z     self._write_json_response(status_code, response)
2026-09-08T17:37:54.829795003Z   File "/usr/local/lib/python3.11/dist-packages/patroni/api.py", line 167, in _write_json_response
2026-09-08T17:37:54.829800004Z     self.write_response(status_code, json.dumps(response, default=str), content_type='application/json')
2026-09-08T17:37:54.829804904Z   File "/usr/local/lib/python3.11/dist-packages/patroni/api.py", line 157, in write_response
2026-09-08T17:37:54.829809505Z     self.wfile.write(body.encode('utf-8'))
2026-09-08T17:37:54.829813805Z   File "/usr/lib/python3.11/socketserver.py", line 834, in write
2026-09-08T17:37:54.829818506Z     self._sock.sendall(b)
2026-09-08T17:37:54.829822606Z ConnectionResetError: [Errno 104] Connection reset by peer
2026-09-08T17:37:54.829826907Z 
2026-09-08T17:37:54.921079460Z 2026-09-08 17:37:54,916 WARNING: Exception happened during processing of request from 172.23.0.5:41202
2026-09-08T17:37:54.921149568Z 2026-09-08 17:37:54,918 WARNING: Traceback (most recent call last):
2026-09-08T17:37:54.921157969Z   File "/usr/lib/python3.11/socketserver.py", line 691, in process_request_thread
2026-09-08T17:37:54.921163169Z     self.finish_request(request, client_address)
2026-09-08T17:37:54.921167570Z   File "/usr/lib/python3.11/socketserver.py", line 361, in finish_request
2026-09-08T17:37:54.921172270Z     self.RequestHandlerClass(request, client_address, self)
2026-09-08T17:37:54.921176571Z   File "/usr/local/lib/python3.11/dist-packages/patroni/api.py", line 105, in __init__
2026-09-08T17:37:54.921180671Z     super(RestApiHandler, self).__init__(request, client_address, server)
2026-09-08T17:37:54.921184772Z   File "/usr/lib/python3.11/socketserver.py", line 755, in __init__
2026-09-08T17:37:54.921188972Z     self.handle()
2026-09-08T17:37:54.921193173Z   File "/usr/lib/python3.11/http/server.py", line 432, in handle
2026-09-08T17:37:54.921198573Z     self.handle_one_request()
2026-09-08T17:37:54.921202274Z   File "/usr/local/lib/python3.11/dist-packages/patroni/api.py", line 1348, in handle_one_request
2026-09-08T17:37:54.921207474Z     BaseHTTPRequestHandler.handle_one_request(self)
2026-09-08T17:37:54.921211875Z   File "/usr/lib/python3.11/http/server.py", line 420, in handle_one_request
2026-09-08T17:37:54.921216375Z     method()
2026-09-08T17:37:54.921221676Z   File "/usr/local/lib/python3.11/dist-packages/patroni/api.py", line 375, in do_GET
2026-09-08T17:37:54.921226176Z     self._write_status_response(status_code, response)
2026-09-08T17:37:54.921257480Z   File "/usr/local/lib/python3.11/dist-packages/patroni/api.py", line 221, in _write_status_response
2026-09-08T17:37:54.921263080Z     self._write_json_response(status_code, response)
2026-09-08T17:37:54.921267681Z   File "/usr/local/lib/python3.11/dist-packages/patroni/api.py", line 167, in _write_json_response
2026-09-08T17:37:54.921272982Z     self.write_response(status_code, json.dumps(response, default=str), content_type='application/json')
2026-09-08T17:37:54.921277682Z   File "/usr/local/lib/python3.11/dist-packages/patroni/api.py", line 157, in write_response
2026-09-08T17:37:54.921282383Z     self.wfile.write(body.encode('utf-8'))
2026-09-08T17:37:54.921286783Z   File "/usr/lib/python3.11/socketserver.py", line 834, in write
2026-09-08T17:37:54.921291484Z     self._sock.sendall(b)
2026-09-08T17:37:54.921296084Z ConnectionResetError: [Errno 104] Connection reset by peer
2026-09-08T17:37:54.921300585Z 
2026-09-08T17:37:59.159703303Z 2026-09-08 17:37:59,159 INFO: no action. I am (phase4-20260908T173358240-1efd4a87-base), a secondary, and following a leader (phase4-20260908T173358240-1efd4a87-primary)
2026-09-08T17:38:04.126736818Z 2026-09-08 17:38:04,125 INFO: no action. I am (phase4-20260908T173358240-1efd4a87-base), a secondary, and following a leader (phase4-20260908T173358240-1efd4a87-primary)
2026-09-08T17:38:09.068373273Z 2026-09-08 17:38:09,067 INFO: no action. I am (phase4-20260908T173358240-1efd4a87-base), a secondary, and following a leader (phase4-20260908T173358240-1efd4a87-primary)
2026-09-08T17:38:14.144984562Z 2026-09-08 17:38:14,143 INFO: no action. I am (phase4-20260908T173358240-1efd4a87-base), a secondary, and following a leader (phase4-20260908T173358240-1efd4a87-primary)
2026-09-08T17:38:15.942716147Z 2026-09-08 17:38:15,910 WARNING: Exception happened during processing of request from 172.23.0.5:44532
2026-09-08T17:38:15.997849582Z 2026-09-08 17:38:15,994 WARNING: Traceback (most recent call last):
2026-09-08T17:38:15.998072903Z   File "/usr/lib/python3.11/socketserver.py", line 691, in process_request_thread
2026-09-08T17:38:15.998093904Z     self.finish_request(request, client_address)
2026-09-08T17:38:15.998101605Z   File "/usr/lib/python3.11/socketserver.py", line 361, in finish_request
2026-09-08T17:38:15.998111606Z     self.RequestHandlerClass(request, client_address, self)
2026-09-08T17:38:15.998122407Z   File "/usr/local/lib/python3.11/dist-packages/patroni/api.py", line 105, in __init__
2026-09-08T17:38:15.998129208Z     super(RestApiHandler, self).__init__(request, client_address, server)
2026-09-08T17:38:15.998136108Z   File "/usr/lib/python3.11/socketserver.py", line 755, in __init__
2026-09-08T17:38:15.998143509Z     self.handle()
2026-09-08T17:38:15.998150510Z   File "/usr/lib/python3.11/http/server.py", line 432, in handle
2026-09-08T17:38:15.998157810Z     self.handle_one_request()
2026-09-08T17:38:15.998164511Z   File "/usr/local/lib/python3.11/dist-packages/patroni/api.py", line 1348, in handle_one_request
2026-09-08T17:38:15.998198114Z     BaseHTTPRequestHandler.handle_one_request(self)
2026-09-08T17:38:15.998203514Z   File "/usr/lib/python3.11/http/server.py", line 420, in handle_one_request
2026-09-08T17:38:15.998208415Z     method()
2026-09-08T17:38:15.998212515Z   File "/usr/local/lib/python3.11/dist-packages/patroni/api.py", line 375, in do_GET
2026-09-08T17:38:15.998217416Z     self._write_status_response(status_code, response)
2026-09-08T17:38:15.998221716Z   File "/usr/local/lib/python3.11/dist-packages/patroni/api.py", line 221, in _write_status_response
2026-09-08T17:38:15.998230917Z     self._write_json_response(status_code, response)
2026-09-08T17:38:15.998235317Z   File "/usr/local/lib/python3.11/dist-packages/patroni/api.py", line 167, in _write_json_response
2026-09-08T17:38:15.998240018Z     self.write_response(status_code, json.dumps(response, default=str), content_type='application/json')
2026-09-08T17:38:15.998244518Z   File "/usr/local/lib/python3.11/dist-packages/patroni/api.py", line 157, in write_response
2026-09-08T17:38:15.998250619Z     self.wfile.write(body.encode('utf-8'))
2026-09-08T17:38:15.998254919Z   File "/usr/lib/python3.11/socketserver.py", line 834, in write
2026-09-08T17:38:15.998259820Z     self._sock.sendall(b)
2026-09-08T17:38:15.998264220Z ConnectionResetError: [Errno 104] Connection reset by peer
2026-09-08T17:38:15.998268820Z 
2026-09-08T17:38:18.663642646Z 2026-09-08 17:38:18,659 INFO: no action. I am (phase4-20260908T173358240-1efd4a87-base), a secondary, and following a leader (phase4-20260908T173358240-1efd4a87-primary)
2026-09-08T17:38:23.669475661Z 2026-09-08 17:38:23,668 INFO: no action. I am (phase4-20260908T173358240-1efd4a87-base), a secondary, and following a leader (phase4-20260908T173358240-1efd4a87-primary)
2026-09-08T17:38:29.127952889Z 2026-09-08 17:38:29,125 INFO: no action. I am (phase4-20260908T173358240-1efd4a87-base), a secondary, and following a leader (phase4-20260908T173358240-1efd4a87-primary)
2026-09-08T17:38:34.067483391Z 2026-09-08 17:38:34,065 INFO: no action. I am (phase4-20260908T173358240-1efd4a87-base), a secondary, and following a leader (phase4-20260908T173358240-1efd4a87-primary)
2026-09-08T17:38:39.188650954Z 2026-09-08 17:38:39,186 INFO: no action. I am (phase4-20260908T173358240-1efd4a87-base), a secondary, and following a leader (phase4-20260908T173358240-1efd4a87-primary)
2026-09-08T17:38:43.615758848Z 2026-09-08 17:38:43,614 INFO: no action. I am (phase4-20260908T173358240-1efd4a87-base), a secondary, and following a leader (phase4-20260908T173358240-1efd4a87-primary)
2026-09-08T17:38:48.658082391Z 2026-09-08 17:38:48,657 INFO: no action. I am (phase4-20260908T173358240-1efd4a87-base), a secondary, and following a leader (phase4-20260908T173358240-1efd4a87-primary)
2026-09-08T17:38:53.613671691Z 2026-09-08 17:38:53,613 INFO: no action. I am (phase4-20260908T173358240-1efd4a87-base), a secondary, and following a leader (phase4-20260908T173358240-1efd4a87-primary)
2026-09-08T17:38:58.684268129Z 2026-09-08 17:38:58,682 INFO: no action. I am (phase4-20260908T173358240-1efd4a87-base), a secondary, and following a leader (phase4-20260908T173358240-1efd4a87-primary)
2026-09-08T17:39:03.606864533Z 2026-09-08 17:39:03,606 INFO: no action. I am (phase4-20260908T173358240-1efd4a87-base), a secondary, and following a leader (phase4-20260908T173358240-1efd4a87-primary)
2026-09-08T17:39:09.112453487Z 2026-09-08 17:39:09,111 INFO: no action. I am (phase4-20260908T173358240-1efd4a87-base), a secondary, and following a leader (phase4-20260908T173358240-1efd4a87-primary)
2026-09-08T17:39:12.302207170Z 2026-09-08 17:39:12,300 WARNING: Exception happened during processing of request from 172.23.0.5:48376
2026-09-08T17:39:12.305356958Z 2026-09-08 17:39:12,304 WARNING: Traceback (most recent call last):
2026-09-08T17:39:12.305401062Z   File "/usr/lib/python3.11/socketserver.py", line 691, in process_request_thread
2026-09-08T17:39:12.305411163Z     self.finish_request(request, client_address)
2026-09-08T17:39:12.305417864Z   File "/usr/lib/python3.11/socketserver.py", line 361, in finish_request
2026-09-08T17:39:12.305424664Z     self.RequestHandlerClass(request, client_address, self)
2026-09-08T17:39:12.305431365Z   File "/usr/local/lib/python3.11/dist-packages/patroni/api.py", line 105, in __init__
2026-09-08T17:39:12.305525273Z     super(RestApiHandler, self).__init__(request, client_address, server)
2026-09-08T17:39:12.305533774Z   File "/usr/lib/python3.11/socketserver.py", line 755, in __init__
2026-09-08T17:39:12.305539775Z     self.handle()
2026-09-08T17:39:12.305545575Z   File "/usr/lib/python3.11/http/server.py", line 432, in handle
2026-09-08T17:39:12.305551376Z     self.handle_one_request()
2026-09-08T17:39:12.305557176Z   File "/usr/local/lib/python3.11/dist-packages/patroni/api.py", line 1348, in handle_one_request
2026-09-08T17:39:12.305563977Z     BaseHTTPRequestHandler.handle_one_request(self)
2026-09-08T17:39:12.305570677Z   File "/usr/lib/python3.11/http/server.py", line 420, in handle_one_request
2026-09-08T17:39:12.305577278Z     method()
2026-09-08T17:39:12.305582979Z   File "/usr/local/lib/python3.11/dist-packages/patroni/api.py", line 375, in do_GET
2026-09-08T17:39:12.305588779Z     self._write_status_response(status_code, response)
2026-09-08T17:39:12.305594280Z   File "/usr/local/lib/python3.11/dist-packages/patroni/api.py", line 221, in _write_status_response
2026-09-08T17:39:12.305600380Z     self._write_json_response(status_code, response)
2026-09-08T17:39:12.305606081Z   File "/usr/local/lib/python3.11/dist-packages/patroni/api.py", line 167, in _write_json_response
2026-09-08T17:39:12.305611881Z     self.write_response(status_code, json.dumps(response, default=str), content_type='application/json')
2026-09-08T17:39:12.305618082Z   File "/usr/local/lib/python3.11/dist-packages/patroni/api.py", line 157, in write_response
2026-09-08T17:39:12.305624582Z     self.wfile.write(body.encode('utf-8'))
2026-09-08T17:39:12.305630583Z   File "/usr/lib/python3.11/socketserver.py", line 834, in write
2026-09-08T17:39:12.305644284Z     self._sock.sendall(b)
2026-09-08T17:39:12.305671787Z ConnectionResetError: [Errno 104] Connection reset by peer
2026-09-08T17:39:12.305676687Z 
2026-09-08T17:39:14.059484152Z 2026-09-08 17:39:14,058 INFO: no action. I am (phase4-20260908T173358240-1efd4a87-base), a secondary, and following a leader (phase4-20260908T173358240-1efd4a87-primary)
2026-09-08T17:39:18.720574847Z 2026-09-08 17:39:18,719 INFO: no action. I am (phase4-20260908T173358240-1efd4a87-base), a secondary, and following a leader (phase4-20260908T173358240-1efd4a87-primary)
2026-09-08T17:39:23.614543559Z 2026-09-08 17:39:23,613 INFO: no action. I am (phase4-20260908T173358240-1efd4a87-base), a secondary, and following a leader (phase4-20260908T173358240-1efd4a87-primary)
2026-09-08T17:39:28.666574377Z 2026-09-08 17:39:28,665 INFO: no action. I am (phase4-20260908T173358240-1efd4a87-base), a secondary, and following a leader (phase4-20260908T173358240-1efd4a87-primary)
2026-09-08T17:39:30.408304920Z 2026-09-08 17:39:30,404 WARNING: Exception happened during processing of request from 172.23.0.5:50478
2026-09-08T17:39:30.408374026Z 2026-09-08 17:39:30,407 WARNING: Traceback (most recent call last):
2026-09-08T17:39:30.408384127Z   File "/usr/lib/python3.11/socketserver.py", line 691, in process_request_thread
2026-09-08T17:39:30.408391728Z     self.finish_request(request, client_address)
2026-09-08T17:39:30.408398428Z   File "/usr/lib/python3.11/socketserver.py", line 361, in finish_request
2026-09-08T17:39:30.408405229Z     self.RequestHandlerClass(request, client_address, self)
2026-09-08T17:39:30.408411829Z   File "/usr/local/lib/python3.11/dist-packages/patroni/api.py", line 105, in __init__
2026-09-08T17:39:30.408416430Z     super(RestApiHandler, self).__init__(request, client_address, server)
2026-09-08T17:39:30.408421730Z   File "/usr/lib/python3.11/socketserver.py", line 755, in __init__
2026-09-08T17:39:30.408428031Z     self.handle()
2026-09-08T17:39:30.408433931Z   File "/usr/lib/python3.11/http/server.py", line 432, in handle
2026-09-08T17:39:30.408440932Z     self.handle_one_request()
2026-09-08T17:39:30.408446633Z   File "/usr/local/lib/python3.11/dist-packages/patroni/api.py", line 1348, in handle_one_request
2026-09-08T17:39:30.408452933Z     BaseHTTPRequestHandler.handle_one_request(self)
2026-09-08T17:39:30.408458734Z   File "/usr/lib/python3.11/http/server.py", line 420, in handle_one_request
2026-09-08T17:39:30.408465434Z     method()
2026-09-08T17:39:30.408471835Z   File "/usr/local/lib/python3.11/dist-packages/patroni/api.py", line 375, in do_GET
2026-09-08T17:39:30.408478035Z     self._write_status_response(status_code, response)
2026-09-08T17:39:30.408484336Z   File "/usr/local/lib/python3.11/dist-packages/patroni/api.py", line 221, in _write_status_response
2026-09-08T17:39:30.408490737Z     self._write_json_response(status_code, response)
2026-09-08T17:39:30.408496737Z   File "/usr/local/lib/python3.11/dist-packages/patroni/api.py", line 167, in _write_json_response
2026-09-08T17:39:30.408521039Z     self.write_response(status_code, json.dumps(response, default=str), content_type='application/json')
2026-09-08T17:39:30.408524340Z   File "/usr/local/lib/python3.11/dist-packages/patroni/api.py", line 157, in write_response
2026-09-08T17:39:30.408526740Z     self.wfile.write(body.encode('utf-8'))
2026-09-08T17:39:30.408529440Z   File "/usr/lib/python3.11/socketserver.py", line 834, in write
2026-09-08T17:39:30.408533141Z     self._sock.sendall(b)
2026-09-08T17:39:30.408536841Z ConnectionResetError: [Errno 104] Connection reset by peer
2026-09-08T17:39:30.408540741Z 
2026-09-08T17:39:33.617866224Z 2026-09-08 17:39:33,616 INFO: no action. I am (phase4-20260908T173358240-1efd4a87-base), a secondary, and following a leader (phase4-20260908T173358240-1efd4a87-primary)
2026-09-08T17:39:39.113806282Z 2026-09-08 17:39:39,113 INFO: no action. I am (phase4-20260908T173358240-1efd4a87-base), a secondary, and following a leader (phase4-20260908T173358240-1efd4a87-primary)
2026-09-08T17:39:43.607315246Z 2026-09-08 17:39:43,606 INFO: no action. I am (phase4-20260908T173358240-1efd4a87-base), a secondary, and following a leader (phase4-20260908T173358240-1efd4a87-primary)
2026-09-08T17:39:48.667476604Z 2026-09-08 17:39:48,666 INFO: no action. I am (phase4-20260908T173358240-1efd4a87-base), a secondary, and following a leader (phase4-20260908T173358240-1efd4a87-primary)
2026-09-08T17:39:53.624394102Z 2026-09-08 17:39:53,623 INFO: no action. I am (phase4-20260908T173358240-1efd4a87-base), a secondary, and following a leader (phase4-20260908T173358240-1efd4a87-primary)
2026-09-08T17:39:58.590894224Z 2026-09-08 17:39:58,587 WARNING: Exception happened during processing of request from 172.23.0.5:33694
2026-09-08T17:39:58.593545266Z 2026-09-08 17:39:58,591 WARNING: Traceback (most recent call last):
2026-09-08T17:39:58.593596871Z   File "/usr/lib/python3.11/socketserver.py", line 691, in process_request_thread
2026-09-08T17:39:58.593643375Z     self.finish_request(request, client_address)
2026-09-08T17:39:58.593657976Z   File "/usr/lib/python3.11/socketserver.py", line 361, in finish_request
2026-09-08T17:39:58.593665677Z     self.RequestHandlerClass(request, client_address, self)
2026-09-08T17:39:58.593672177Z   File "/usr/local/lib/python3.11/dist-packages/patroni/api.py", line 105, in __init__
2026-09-08T17:39:58.593678578Z     super(RestApiHandler, self).__init__(request, client_address, server)
2026-09-08T17:39:58.593684579Z   File "/usr/lib/python3.11/socketserver.py", line 755, in __init__
2026-09-08T17:39:58.593689979Z     self.handle()
2026-09-08T17:39:58.593695580Z   File "/usr/lib/python3.11/http/server.py", line 432, in handle
2026-09-08T17:39:58.593701880Z     self.handle_one_request()
2026-09-08T17:39:58.593707681Z   File "/usr/local/lib/python3.11/dist-packages/patroni/api.py", line 1348, in handle_one_request
2026-09-08T17:39:58.593713981Z     BaseHTTPRequestHandler.handle_one_request(self)
2026-09-08T17:39:58.593720182Z   File "/usr/lib/python3.11/http/server.py", line 420, in handle_one_request
2026-09-08T17:39:58.593752985Z     method()
2026-09-08T17:39:58.593758285Z   File "/usr/local/lib/python3.11/dist-packages/patroni/api.py", line 375, in do_GET
2026-09-08T17:39:58.593762686Z     self._write_status_response(status_code, response)
2026-09-08T17:39:58.593766486Z   File "/usr/local/lib/python3.11/dist-packages/patroni/api.py", line 221, in _write_status_response
2026-09-08T17:39:58.593770586Z     self._write_json_response(status_code, response)
2026-09-08T17:39:58.593774387Z   File "/usr/local/lib/python3.11/dist-packages/patroni/api.py", line 167, in _write_json_response
2026-09-08T17:39:58.593778187Z     self.write_response(status_code, json.dumps(response, default=str), content_type='application/json')
2026-09-08T17:39:58.593782387Z   File "/usr/local/lib/python3.11/dist-packages/patroni/api.py", line 157, in write_response
2026-09-08T17:39:58.593786288Z     self.wfile.write(body.encode('utf-8'))
2026-09-08T17:39:58.593790088Z   File "/usr/lib/python3.11/socketserver.py", line 834, in write
2026-09-08T17:39:58.593793888Z     self._sock.sendall(b)
2026-09-08T17:39:58.593797589Z ConnectionResetError: [Errno 104] Connection reset by peer
2026-09-08T17:39:58.593801189Z 
2026-09-08T17:39:58.669209869Z 2026-09-08 17:39:58,667 WARNING: Exception happened during processing of request from 172.23.0.5:33702
2026-09-08T17:39:58.671155246Z 2026-09-08 17:39:58,670 WARNING: Traceback (most recent call last):
2026-09-08T17:39:58.671233353Z   File "/usr/lib/python3.11/socketserver.py", line 691, in process_request_thread
2026-09-08T17:39:58.671242054Z     self.finish_request(request, client_address)
2026-09-08T17:39:58.671246755Z   File "/usr/lib/python3.11/socketserver.py", line 361, in finish_request
2026-09-08T17:39:58.671250955Z     self.RequestHandlerClass(request, client_address, self)
2026-09-08T17:39:58.671254855Z   File "/usr/local/lib/python3.11/dist-packages/patroni/api.py", line 105, in __init__
2026-09-08T17:39:58.671259056Z     super(RestApiHandler, self).__init__(request, client_address, server)
2026-09-08T17:39:58.671262656Z   File "/usr/lib/python3.11/socketserver.py", line 755, in __init__
2026-09-08T17:39:58.671266556Z     self.handle()
2026-09-08T17:39:58.671270657Z   File "/usr/lib/python3.11/http/server.py", line 432, in handle
2026-09-08T17:39:58.671274557Z     self.handle_one_request()
2026-09-08T17:39:58.671278357Z   File "/usr/local/lib/python3.11/dist-packages/patroni/api.py", line 1348, in handle_one_request
2026-09-08T17:39:58.671282358Z     BaseHTTPRequestHandler.handle_one_request(self)
2026-09-08T17:39:58.671396068Z   File "/usr/lib/python3.11/http/server.py", line 420, in handle_one_request
2026-09-08T17:39:58.671404969Z     method()
2026-09-08T17:39:58.671409369Z   File "/usr/local/lib/python3.11/dist-packages/patroni/api.py", line 375, in do_GET
2026-09-08T17:39:58.671499578Z     self._write_status_response(status_code, response)
2026-09-08T17:39:58.671507678Z   File "/usr/local/lib/python3.11/dist-packages/patroni/api.py", line 221, in _write_status_response
2026-09-08T17:39:58.671512379Z     self._write_json_response(status_code, response)
2026-09-08T17:39:58.671515979Z   File "/usr/local/lib/python3.11/dist-packages/patroni/api.py", line 167, in _write_json_response
2026-09-08T17:39:58.671519980Z     self.write_response(status_code, json.dumps(response, default=str), content_type='application/json')
2026-09-08T17:39:58.671524380Z   File "/usr/local/lib/python3.11/dist-packages/patroni/api.py", line 157, in write_response
2026-09-08T17:39:58.671528380Z     self.wfile.write(body.encode('utf-8'))
2026-09-08T17:39:58.671532281Z   File "/usr/lib/python3.11/socketserver.py", line 834, in write
2026-09-08T17:39:58.671536281Z     self._sock.sendall(b)
2026-09-08T17:39:58.671540081Z ConnectionResetError: [Errno 104] Connection reset by peer
2026-09-08T17:39:58.671543882Z 
2026-09-08T17:39:58.696489658Z 2026-09-08 17:39:58,690 INFO: no action. I am (phase4-20260908T173358240-1efd4a87-base), a secondary, and following a leader (phase4-20260908T173358240-1efd4a87-primary)
2026-09-08T17:40:03.605120666Z 2026-09-08 17:40:03,604 INFO: no action. I am (phase4-20260908T173358240-1efd4a87-base), a secondary, and following a leader (phase4-20260908T173358240-1efd4a87-primary)
2026-09-08T17:40:09.101373203Z 2026-09-08 17:40:09,100 INFO: no action. I am (phase4-20260908T173358240-1efd4a87-base), a secondary, and following a leader (phase4-20260908T173358240-1efd4a87-primary)
2026-09-08T17:40:14.059451650Z 2026-09-08 17:40:14,058 INFO: no action. I am (phase4-20260908T173358240-1efd4a87-base), a secondary, and following a leader (phase4-20260908T173358240-1efd4a87-primary)
2026-09-08T17:40:18.660198072Z 2026-09-08 17:40:18,659 INFO: no action. I am (phase4-20260908T173358240-1efd4a87-base), a secondary, and following a leader (phase4-20260908T173358240-1efd4a87-primary)
2026-09-08T17:40:23.604491249Z 2026-09-08 17:40:23,603 INFO: no action. I am (phase4-20260908T173358240-1efd4a87-base), a secondary, and following a leader (phase4-20260908T173358240-1efd4a87-primary)
2026-09-08T17:40:29.161148830Z 2026-09-08 17:40:29,160 INFO: no action. I am (phase4-20260908T173358240-1efd4a87-base), a secondary, and following a leader (phase4-20260908T173358240-1efd4a87-primary)
