2026-09-08T17:23:33.849227730Z === Rendered Patroni config for phase4-20260908T172330223-7440cd0b-primary (credentials not logged) ===
2026-09-08T17:23:33.849292541Z === Starting Patroni ===
2026-09-08T17:23:35.401266774Z The files belonging to this database system will be owned by user "postgres".
2026-09-08T17:23:35.401304881Z This user must also own the server process.
2026-09-08T17:23:35.401308482Z 
2026-09-08T17:23:35.410676598Z The database cluster will be initialized with locale "en_US.utf8".
2026-09-08T17:23:35.410711304Z The default text search configuration will be set to "english".
2026-09-08T17:23:35.410717005Z 
2026-09-08T17:23:35.410720906Z Data page checksums are enabled.
2026-09-08T17:23:35.410723707Z 
2026-09-08T17:23:35.411339019Z creating directory /var/lib/postgresql/data/pgdata ... ok
2026-09-08T17:23:35.435024259Z creating subdirectories ... ok
2026-09-08T17:23:35.435699282Z selecting dynamic shared memory implementation ... posix
2026-09-08T17:23:35.478272782Z selecting default max_connections ... 100
2026-09-08T17:23:35.530761898Z selecting default shared_buffers ... 128MB
2026-09-08T17:23:35.552951364Z selecting default time zone ... Etc/UTC
2026-09-08T17:23:35.557765246Z creating configuration files ... ok
2026-09-08T17:23:36.158913780Z running bootstrap script ... ok
2026-09-08T17:23:37.649938386Z performing post-bootstrap initialization ... ok
2026-09-08T17:23:38.286476326Z syncing data to disk ... ok
2026-09-08T17:23:38.286520932Z 
2026-09-08T17:23:38.286525533Z 
2026-09-08T17:23:38.286528833Z Success. You can now start the database server using:
2026-09-08T17:23:38.286532234Z 
2026-09-08T17:23:38.286535334Z     pg_ctl -D /var/lib/postgresql/data/pgdata -l logfile start
2026-09-08T17:23:38.286538635Z 
2026-09-08T17:23:38.796040587Z localhost:5432 - accepting connections
2026-09-08T17:23:38.841771206Z localhost:5432 - accepting connections
