2026-09-08T17:22:29.252295972Z 2026-09-08 17:22:29,249 INFO: Selected new etcd server http://etcd:2379
2026-09-08T17:22:29.332771309Z 2026-09-08 17:22:29,332 INFO: No PostgreSQL configuration items changed, nothing to reload.
2026-09-08T17:22:29.524724466Z 2026-09-08 17:22:29,417 INFO: Lock owner: None; I am phase4-20260908T172223670-814f618f-primary
2026-09-08T17:22:29.524963308Z 2026-09-08 17:22:29,524 INFO: trying to bootstrap a new cluster
2026-09-08T17:22:33.759270810Z initdb: warning: enabling "trust" authentication for local connections
2026-09-08T17:22:33.760416780Z initdb: hint: You can change this by editing pg_hba.conf or using the option -A, or --auth-local and --auth-host, the next time you run initdb.
2026-09-08T17:22:34.368063015Z 2026-09-08 17:22:34,366 INFO: Lock owner: None; I am phase4-20260908T172223670-814f618f-primary
2026-09-08T17:22:34.368255144Z 2026-09-08 17:22:34,367 INFO: not healthy enough for leader race
2026-09-08T17:22:34.432665420Z 2026-09-08 17:22:34.432 UTC [71] db= user= app= client= session=6aa0445a.47 tx=0 LOG:  redirecting log output to logging collector process
2026-09-08T17:22:34.432745331Z 2026-09-08 17:22:34.432 UTC [71] db= user= app= client= session=6aa0445a.47 tx=0 HINT:  Future log output will appear in directory "pg_log".
2026-09-08T17:22:34.449467417Z 2026-09-08 17:22:34,448 INFO: postmaster pid=71
2026-09-08T17:22:34.467837548Z 2026-09-08 17:22:34,467 INFO: bootstrap in progress
2026-09-08T17:22:34.676047002Z 2026-09-08 17:22:34,675 INFO: establishing a new patroni heartbeat connection to postgres
2026-09-08T17:22:34.735658264Z 2026-09-08 17:22:34,734 INFO: running post_bootstrap
2026-09-08T17:22:34.772811987Z 2026-09-08 17:22:34,772 WARNING: User creation via "bootstrap.users" will be removed in v4.0.0
2026-09-08T17:22:34.790025346Z 2026-09-08 17:22:34,789 WARNING: Could not activate Linux watchdog device: Can't open watchdog device: [Errno 2] No such file or directory: '/dev/watchdog'
2026-09-08T17:22:34.793621281Z 2026-09-08 17:22:34,792 INFO: Reaped pid=85, exit status=0
2026-09-08T17:22:34.798389990Z 2026-09-08 17:22:34,797 INFO: Reaped pid=86, exit status=0
2026-09-08T17:22:34.987907465Z 2026-09-08 17:22:34,986 INFO: initialized a new cluster
2026-09-08T17:22:35.373879145Z 2026-09-08 17:22:35,372 INFO: establishing a new patroni restapi connection to postgres
2026-09-08T17:22:39.934633657Z 2026-09-08 17:22:39,933 INFO: no action. I am (phase4-20260908T172223670-814f618f-primary), the leader with the lock
2026-09-08T17:22:44.982723044Z 2026-09-08 17:22:44,981 INFO: no action. I am (phase4-20260908T172223670-814f618f-primary), the leader with the lock
2026-09-08T17:22:49.944790339Z 2026-09-08 17:22:49,942 INFO: no action. I am (phase4-20260908T172223670-814f618f-primary), the leader with the lock
