2026-09-08T17:22:27.613361140Z === Rendered Patroni config for phase4-20260908T172223670-814f618f-primary (credentials not logged) ===
2026-09-08T17:22:27.613412949Z === Starting Patroni ===
2026-09-08T17:22:29.732689055Z The files belonging to this database system will be owned by user "postgres".
2026-09-08T17:22:29.733160839Z This user must also own the server process.
2026-09-08T17:22:29.733173641Z 
2026-09-08T17:22:29.750194852Z The database cluster will be initialized with locale "en_US.utf8".
2026-09-08T17:22:29.750220157Z The default text search configuration will be set to "english".
2026-09-08T17:22:29.750224557Z 
2026-09-08T17:22:29.750227558Z Data page checksums are enabled.
2026-09-08T17:22:29.750230258Z 
2026-09-08T17:22:29.751898354Z creating directory /var/lib/postgresql/data/pgdata ... ok
2026-09-08T17:22:29.798060120Z creating subdirectories ... ok
2026-09-08T17:22:29.799654602Z selecting dynamic shared memory implementation ... posix
2026-09-08T17:22:29.875877386Z selecting default max_connections ... 100
2026-09-08T17:22:29.935928709Z selecting default shared_buffers ... 128MB
2026-09-08T17:22:29.972190424Z selecting default time zone ... Etc/UTC
2026-09-08T17:22:29.977181807Z creating configuration files ... ok
2026-09-08T17:22:30.981434962Z running bootstrap script ... ok
2026-09-08T17:22:33.233428735Z performing post-bootstrap initialization ... ok
2026-09-08T17:22:33.759166594Z syncing data to disk ... ok
2026-09-08T17:22:33.760338368Z 
2026-09-08T17:22:33.762095029Z 
2026-09-08T17:22:33.762144437Z Success. You can now start the database server using:
2026-09-08T17:22:33.762148537Z 
2026-09-08T17:22:33.762151238Z     pg_ctl -D /var/lib/postgresql/data/pgdata -l logfile start
2026-09-08T17:22:33.762154038Z 
2026-09-08T17:22:34.620761983Z localhost:5432 - accepting connections
2026-09-08T17:22:34.670966347Z localhost:5432 - accepting connections
