2026-09-08T23:18:03.370501526Z pgbench: setting random seed to 42
2026-09-08T23:18:03.474964755Z pgbench: pghost: proxy pgport: 5001 nclients: 8 duration: 10 dbName: postgres
2026-09-08T23:18:03.497937809Z pgbench: client 4 executing script "/work/read.sql"
2026-09-08T23:18:03.497990708Z pgbench: client 0 executing script "/work/read.sql"
2026-09-08T23:18:03.497997908Z pgbench: client 1 executing script "/work/read.sql"
2026-09-08T23:18:03.498002908Z pgbench: client 2 executing script "/work/read.sql"
2026-09-08T23:18:03.498007008Z pgbench: client 5 executing script "/work/read.sql"
2026-09-08T23:18:03.498011208Z pgbench: client 6 executing script "/work/read.sql"
2026-09-08T23:18:03.498246805Z pgbench: client 3 executing script "/work/read.sql"
2026-09-08T23:18:03.498706898Z pgbench: client 7 executing script "/work/read.sql"
2026-09-08T23:18:05.497984725Z progress: 2.0 s, 0.0 tps, lat 0.000 ms stddev 0.000, 0 failed, lag 0.000 ms
2026-09-08T23:18:05.536552344Z pgbench: client 4 executing \set first
2026-09-08T23:18:05.536603544Z pgbench: client 4 sending SELECT inet_server_addr() AS server, pg_is_in_recovery() AS replica,
2026-09-08T23:18:05.536611344Z        count(*), sum(id), sum(length(payload))
2026-09-08T23:18:05.536616444Z FROM phase4_lab.items WHERE id BETWEEN 13852 AND 13852 + 99;
2026-09-08T23:18:05.536620643Z pgbench: client 4 receiving
2026-09-08T23:18:05.555263663Z pgbench: client 4 receiving
2026-09-08T23:18:05.556610943Z pgbench: client 4 executing script "/work/read.sql"
2026-09-08T23:18:05.873908970Z pgbench: client 0 executing \set first
2026-09-08T23:18:05.873959569Z pgbench: client 0 sending SELECT inet_server_addr() AS server, pg_is_in_recovery() AS replica,
2026-09-08T23:18:05.873968369Z        count(*), sum(id), sum(length(payload))
2026-09-08T23:18:05.873974069Z FROM phase4_lab.items WHERE id BETWEEN 83532 AND 83532 + 99;
2026-09-08T23:18:05.873978969Z pgbench: client 0 receiving
2026-09-08T23:18:05.878002908Z pgbench: client 0 receiving
2026-09-08T23:18:05.879178991Z pgbench: client 0 executing script "/work/read.sql"
2026-09-08T23:18:06.047709056Z pgbench: client 5 executing \set first
2026-09-08T23:18:06.047755755Z pgbench: client 5 sending SELECT inet_server_addr() AS server, pg_is_in_recovery() AS replica,
2026-09-08T23:18:06.047762755Z        count(*), sum(id), sum(length(payload))
2026-09-08T23:18:06.047767055Z FROM phase4_lab.items WHERE id BETWEEN 12488 AND 12488 + 99;
2026-09-08T23:18:06.047773955Z pgbench: client 5 receiving
2026-09-08T23:18:06.100518961Z pgbench: client 6 executing \set first
2026-09-08T23:18:06.100591160Z pgbench: client 6 sending SELECT inet_server_addr() AS server, pg_is_in_recovery() AS replica,
2026-09-08T23:18:06.100599060Z        count(*), sum(id), sum(length(payload))
2026-09-08T23:18:06.100604160Z FROM phase4_lab.items WHERE id BETWEEN 48501 AND 48501 + 99;
2026-09-08T23:18:06.100609060Z pgbench: client 6 receiving
2026-09-08T23:18:06.165950077Z pgbench: client 7 executing \set first
2026-09-08T23:18:06.166049376Z pgbench: client 7 sending SELECT inet_server_addr() AS server, pg_is_in_recovery() AS replica,
2026-09-08T23:18:06.166063075Z        count(*), sum(id), sum(length(payload))
2026-09-08T23:18:06.166068175Z FROM phase4_lab.items WHERE id BETWEEN 70588 AND 70588 + 99;
2026-09-08T23:18:06.166088775Z pgbench: client 7 receiving
2026-09-08T23:18:06.166093875Z pgbench: client 5 receiving
2026-09-08T23:18:06.166269272Z pgbench: client 6 receiving
2026-09-08T23:18:06.171256197Z pgbench: client 5 executing script "/work/read.sql"
2026-09-08T23:18:06.171285497Z pgbench: client 6 executing script "/work/read.sql"
2026-09-08T23:18:06.183196318Z pgbench: client 7 receiving
2026-09-08T23:18:06.183249917Z pgbench: client 7 executing script "/work/read.sql"
2026-09-08T23:18:06.670410189Z pgbench: client 1 executing \set first
2026-09-08T23:18:06.670460488Z pgbench: client 1 sending SELECT inet_server_addr() AS server, pg_is_in_recovery() AS replica,
2026-09-08T23:18:06.670468988Z        count(*), sum(id), sum(length(payload))
2026-09-08T23:18:06.670473788Z FROM phase4_lab.items WHERE id BETWEEN 81172 AND 81172 + 99;
2026-09-08T23:18:06.670478188Z pgbench: client 1 receiving
2026-09-08T23:18:06.712516556Z pgbench: client 2 executing \set first
2026-09-08T23:18:06.712551355Z pgbench: client 2 sending SELECT inet_server_addr() AS server, pg_is_in_recovery() AS replica,
2026-09-08T23:18:06.712558355Z        count(*), sum(id), sum(length(payload))
2026-09-08T23:18:06.712562955Z FROM phase4_lab.items WHERE id BETWEEN 18350 AND 18350 + 99;
2026-09-08T23:18:06.712567555Z pgbench: client 2 receiving
2026-09-08T23:18:06.712571555Z pgbench: client 1 receiving
2026-09-08T23:18:06.712575755Z pgbench: client 1 executing script "/work/read.sql"
2026-09-08T23:18:06.716112102Z pgbench: client 2 receiving
2026-09-08T23:18:06.716155201Z pgbench: client 2 executing script "/work/read.sql"
2026-09-08T23:18:07.201565099Z pgbench: client 4 executing \set first
2026-09-08T23:18:07.201613699Z pgbench: client 4 sending SELECT inet_server_addr() AS server, pg_is_in_recovery() AS replica,
2026-09-08T23:18:07.201620999Z        count(*), sum(id), sum(length(payload))
2026-09-08T23:18:07.201626398Z FROM phase4_lab.items WHERE id BETWEEN 47295 AND 47295 + 99;
2026-09-08T23:18:07.201631498Z pgbench: client 4 receiving
2026-09-08T23:18:07.205402742Z pgbench: client 4 receiving
2026-09-08T23:18:07.205638038Z pgbench: client 4 executing script "/work/read.sql"
2026-09-08T23:18:07.452632223Z pgbench: client 5 executing \set first
2026-09-08T23:18:07.455910674Z pgbench: client 5 sending SELECT inet_server_addr() AS server, pg_is_in_recovery() AS replica,
2026-09-08T23:18:07.455961473Z        count(*), sum(id), sum(length(payload))
2026-09-08T23:18:07.455970273Z FROM phase4_lab.items WHERE id BETWEEN 45932 AND 45932 + 99;
2026-09-08T23:18:07.455975273Z pgbench: client 5 receiving
2026-09-08T23:18:07.461863484Z pgbench: client 5 receiving
2026-09-08T23:18:07.461915983Z pgbench: client 5 executing script "/work/read.sql"
2026-09-08T23:18:07.569750301Z pgbench: client 3 executing \set first
2026-09-08T23:18:07.569804713Z pgbench: client 3 sending SELECT inet_server_addr() AS server, pg_is_in_recovery() AS replica,
2026-09-08T23:18:07.569812915Z        count(*), sum(id), sum(length(payload))
2026-09-08T23:18:07.569817716Z FROM phase4_lab.items WHERE id BETWEEN 61450 AND 61450 + 99;
2026-09-08T23:18:07.569822217Z pgbench: client 3 receiving
2026-09-08T23:18:07.569826318Z progress: 4.1 s, 4.3 tps, lat 101.138 ms stddev 35.371, 0 failed, lag 69.376 ms
2026-09-08T23:18:07.574310126Z pgbench: client 3 receiving
2026-09-08T23:18:07.574355537Z pgbench: client 3 executing script "/work/read.sql"
2026-09-08T23:18:07.689816598Z pgbench: client 0 executing \set first
2026-09-08T23:18:07.689862608Z pgbench: client 0 sending SELECT inet_server_addr() AS server, pg_is_in_recovery() AS replica,
2026-09-08T23:18:07.689869510Z        count(*), sum(id), sum(length(payload))
2026-09-08T23:18:07.689873911Z FROM phase4_lab.items WHERE id BETWEEN 83233 AND 83233 + 99;
2026-09-08T23:18:07.689877812Z pgbench: client 0 receiving
2026-09-08T23:18:07.700034296Z pgbench: client 0 receiving
2026-09-08T23:18:07.700078406Z pgbench: client 0 executing script "/work/read.sql"
2026-09-08T23:18:08.785336730Z pgbench: client 6 executing \set first
2026-09-08T23:18:08.785390283Z pgbench: client 6 sending SELECT inet_server_addr() AS server, pg_is_in_recovery() AS replica,
2026-09-08T23:18:08.785398692Z        count(*), sum(id), sum(length(payload))
2026-09-08T23:18:08.785403597Z FROM phase4_lab.items WHERE id BETWEEN 76045 AND 76045 + 99;
2026-09-08T23:18:08.785407901Z pgbench: client 6 receiving
2026-09-08T23:18:08.789312680Z pgbench: client 6 receiving
2026-09-08T23:18:08.789367835Z pgbench: client 6 executing script "/work/read.sql"
2026-09-08T23:18:09.061259073Z pgbench: client 7 executing \set first
2026-09-08T23:18:09.061318432Z pgbench: client 7 sending SELECT inet_server_addr() AS server, pg_is_in_recovery() AS replica,
2026-09-08T23:18:09.061367280Z        count(*), sum(id), sum(length(payload))
2026-09-08T23:18:09.061376489Z FROM phase4_lab.items WHERE id BETWEEN 73487 AND 73487 + 99;
2026-09-08T23:18:09.061381494Z pgbench: client 7 receiving
2026-09-08T23:18:09.074360089Z pgbench: client 7 receiving
2026-09-08T23:18:09.074416145Z pgbench: client 7 executing script "/work/read.sql"
2026-09-08T23:18:09.112705387Z pgbench: client 1 executing \set first
2026-09-08T23:18:09.112768650Z pgbench: client 1 sending SELECT inet_server_addr() AS server, pg_is_in_recovery() AS replica,
2026-09-08T23:18:09.112780462Z        count(*), sum(id), sum(length(payload))
2026-09-08T23:18:09.112785867Z FROM phase4_lab.items WHERE id BETWEEN 73184 AND 73184 + 99;
2026-09-08T23:18:09.112790972Z pgbench: client 1 receiving
2026-09-08T23:18:09.117246699Z pgbench: client 1 receiving
2026-09-08T23:18:09.117319472Z pgbench: client 1 executing script "/work/read.sql"
2026-09-08T23:18:09.236757940Z pgbench: client 4 executing \set first
2026-09-08T23:18:09.236799781Z pgbench: client 4 sending SELECT inet_server_addr() AS server, pg_is_in_recovery() AS replica,
2026-09-08T23:18:09.236807889Z        count(*), sum(id), sum(length(payload))
2026-09-08T23:18:09.236812694Z FROM phase4_lab.items WHERE id BETWEEN 35701 AND 35701 + 99;
2026-09-08T23:18:09.236817098Z pgbench: client 4 receiving
2026-09-08T23:18:09.239681444Z pgbench: client 4 receiving
2026-09-08T23:18:09.239783045Z pgbench: client 4 executing script "/work/read.sql"
2026-09-08T23:18:09.346836909Z pgbench: client 5 executing \set first
2026-09-08T23:18:09.346887759Z pgbench: client 5 sending SELECT inet_server_addr() AS server, pg_is_in_recovery() AS replica,
2026-09-08T23:18:09.346896468Z        count(*), sum(id), sum(length(payload))
2026-09-08T23:18:09.346901673Z FROM phase4_lab.items WHERE id BETWEEN 48600 AND 48600 + 99;
2026-09-08T23:18:09.346906478Z pgbench: client 5 receiving
2026-09-08T23:18:09.351055200Z pgbench: client 5 receiving
2026-09-08T23:18:09.351125069Z pgbench: client 5 executing script "/work/read.sql"
2026-09-08T23:18:09.497679178Z progress: 6.0 s, 3.6 tps, lat 66.413 ms stddev 14.948, 0 failed, lag 59.897 ms
2026-09-08T23:18:09.779093978Z pgbench: client 2 executing \set first
2026-09-08T23:18:09.779145729Z pgbench: client 2 sending SELECT inet_server_addr() AS server, pg_is_in_recovery() AS replica,
2026-09-08T23:18:09.779153036Z        count(*), sum(id), sum(length(payload))
2026-09-08T23:18:09.779157441Z FROM phase4_lab.items WHERE id BETWEEN 86960 AND 86960 + 99;
2026-09-08T23:18:09.779162145Z pgbench: client 2 receiving
2026-09-08T23:18:09.782512975Z pgbench: client 2 receiving
2026-09-08T23:18:09.782963823Z pgbench: client 2 executing script "/work/read.sql"
2026-09-08T23:18:09.909990430Z pgbench: client 6 executing \set first
2026-09-08T23:18:09.910041681Z pgbench: client 6 sending SELECT inet_server_addr() AS server, pg_is_in_recovery() AS replica,
2026-09-08T23:18:09.910050489Z        count(*), sum(id), sum(length(payload))
2026-09-08T23:18:09.910055895Z FROM phase4_lab.items WHERE id BETWEEN 41181 AND 41181 + 99;
2026-09-08T23:18:09.916859354Z pgbench: client 6 receiving
2026-09-08T23:18:09.929585398Z pgbench: client 6 receiving
2026-09-08T23:18:09.930079990Z pgbench: client 6 executing script "/work/read.sql"
2026-09-08T23:18:10.183348625Z pgbench: client 7 executing \set first
2026-09-08T23:18:10.183484560Z pgbench: client 7 sending SELECT inet_server_addr() AS server, pg_is_in_recovery() AS replica,
2026-09-08T23:18:10.183496071Z        count(*), sum(id), sum(length(payload))
2026-09-08T23:18:10.183542618Z FROM phase4_lab.items WHERE id BETWEEN 93450 AND 93450 + 99;
2026-09-08T23:18:10.183602777Z pgbench: client 7 receiving
2026-09-08T23:18:10.222335861Z pgbench: client 7 receiving
2026-09-08T23:18:10.222535559Z pgbench: client 7 executing script "/work/read.sql"
2026-09-08T23:18:10.608972904Z pgbench: client 4 executing \set first
2026-09-08T23:18:10.609020852Z pgbench: client 4 sending SELECT inet_server_addr() AS server, pg_is_in_recovery() AS replica,
2026-09-08T23:18:10.609028359Z        count(*), sum(id), sum(length(payload))
2026-09-08T23:18:10.609032964Z FROM phase4_lab.items WHERE id BETWEEN 93221 AND 93221 + 99;
2026-09-08T23:18:10.609037368Z pgbench: client 4 receiving
2026-09-08T23:18:10.612277687Z pgbench: client 4 receiving
2026-09-08T23:18:10.612570779Z pgbench: client 4 executing script "/work/read.sql"
2026-09-08T23:18:10.782039754Z pgbench: client 5 executing \set first
2026-09-08T23:18:10.782088703Z pgbench: client 5 sending SELECT inet_server_addr() AS server, pg_is_in_recovery() AS replica,
2026-09-08T23:18:10.782095109Z        count(*), sum(id), sum(length(payload))
2026-09-08T23:18:10.782099814Z FROM phase4_lab.items WHERE id BETWEEN 74411 AND 74411 + 99;
2026-09-08T23:18:10.782104319Z pgbench: client 5 receiving
2026-09-08T23:18:10.786358846Z pgbench: client 5 receiving
2026-09-08T23:18:10.786532618Z pgbench: client 5 executing script "/work/read.sql"
2026-09-08T23:18:11.501274951Z progress: 8.0 s, 2.5 tps, lat 81.273 ms stddev 20.125, 0 failed, lag 67.077 ms
2026-09-08T23:18:11.732412798Z pgbench: client 6 executing \set first
2026-09-08T23:18:11.732470955Z pgbench: client 6 sending SELECT inet_server_addr() AS server, pg_is_in_recovery() AS replica,
2026-09-08T23:18:11.732479364Z        count(*), sum(id), sum(length(payload))
2026-09-08T23:18:11.732484569Z FROM phase4_lab.items WHERE id BETWEEN 58937 AND 58937 + 99;
2026-09-08T23:18:11.732489174Z pgbench: client 6 receiving
2026-09-08T23:18:11.751523285Z pgbench: client 6 receiving
2026-09-08T23:18:11.760810512Z pgbench: client 6 executing script "/work/read.sql"
2026-09-08T23:18:11.947513711Z pgbench: client 3 executing \set first
2026-09-08T23:18:11.947567965Z pgbench: client 3 sending SELECT inet_server_addr() AS server, pg_is_in_recovery() AS replica,
2026-09-08T23:18:11.947577374Z        count(*), sum(id), sum(length(payload))
2026-09-08T23:18:11.947582379Z FROM phase4_lab.items WHERE id BETWEEN 55100 AND 55100 + 99;
2026-09-08T23:18:11.947586684Z pgbench: client 3 receiving
2026-09-08T23:18:11.948219612Z pgbench: client 3 receiving
2026-09-08T23:18:11.948241234Z pgbench: client 3 executing script "/work/read.sql"
2026-09-08T23:18:12.971351308Z pgbench: client 0 executing \set first
2026-09-08T23:18:12.971412427Z pgbench: client 0 sending SELECT inet_server_addr() AS server, pg_is_in_recovery() AS replica,
2026-09-08T23:18:12.971420529Z        count(*), sum(id), sum(length(payload))
2026-09-08T23:18:12.971425531Z FROM phase4_lab.items WHERE id BETWEEN 7682 AND 7682 + 99;
2026-09-08T23:18:12.971443837Z pgbench: client 0 receiving
2026-09-08T23:18:12.982848915Z pgbench: client 7 executing \set first
2026-09-08T23:18:12.982929240Z pgbench: client 7 sending SELECT inet_server_addr() AS server, pg_is_in_recovery() AS replica,
2026-09-08T23:18:12.982936642Z        count(*), sum(id), sum(length(payload))
2026-09-08T23:18:12.982941544Z FROM phase4_lab.items WHERE id BETWEEN 57205 AND 57205 + 99;
2026-09-08T23:18:12.982945845Z pgbench: client 7 receiving
2026-09-08T23:18:12.988139574Z pgbench: client 0 receiving
2026-09-08T23:18:12.988188289Z pgbench: client 7 receiving
2026-09-08T23:18:12.988196092Z pgbench: client 0 executing script "/work/read.sql"
2026-09-08T23:18:12.990858827Z pgbench: client 7 executing script "/work/read.sql"
2026-09-08T23:18:13.079303572Z pgbench: client 4 executing \set first
2026-09-08T23:18:13.079351687Z pgbench: client 4 sending SELECT inet_server_addr() AS server, pg_is_in_recovery() AS replica,
2026-09-08T23:18:13.079359190Z        count(*), sum(id), sum(length(payload))
2026-09-08T23:18:13.079364191Z FROM phase4_lab.items WHERE id BETWEEN 98700 AND 98700 + 99;
2026-09-08T23:18:13.079368493Z pgbench: client 4 receiving
2026-09-08T23:18:13.084360859Z pgbench: client 4 receiving
2026-09-08T23:18:13.084403772Z pgbench: client 4 executing script "/work/read.sql"
2026-09-08T23:18:13.311335361Z pgbench: setting random seed to 42
2026-09-08T23:18:13.379082213Z pgbench: pghost: proxy pgport: 5001 nclients: 8 duration: 10 dbName: postgres
2026-09-08T23:18:13.392189024Z pgbench: pgbench: client 4 executing script "/work/read.sql"
2026-09-08T23:18:13.392235139Z client 0 executing script "/work/read.sql"
2026-09-08T23:18:13.392242541Z pgbench: client 1 executing script "/work/read.sql"
2026-09-08T23:18:13.392247643Z pgbench: client 2 executing script "/work/read.sql"
2026-09-08T23:18:13.392252444Z pgbench: pgbench: client 5 executing script "/work/read.sql"
2026-09-08T23:18:13.392257146Z pgbench: client 6 executing script "/work/read.sql"
2026-09-08T23:18:13.392261747Z pgbench: client 7 executing script "/work/read.sql"
2026-09-08T23:18:13.392266349Z client 3 executing script "/work/read.sql"
2026-09-08T23:18:15.392213832Z progress: 2.0 s, 0.0 tps, lat 0.000 ms stddev 0.000, 0 failed, lag 0.000 ms
2026-09-08T23:18:15.394965195Z pgbench: client 4 executing \set first
2026-09-08T23:18:15.395016811Z pgbench: client 4 sending SELECT inet_server_addr() AS server, pg_is_in_recovery() AS replica,
2026-09-08T23:18:15.395027814Z        count(*), sum(id), sum(length(payload))
2026-09-08T23:18:15.395035217Z FROM phase4_lab.items WHERE id BETWEEN 13852 AND 13852 + 99;
2026-09-08T23:18:15.395042419Z pgbench: client 4 receiving
2026-09-08T23:18:15.398080572Z pgbench: client 4 receiving
2026-09-08T23:18:15.398801298Z pgbench: client 4 executing script "/work/read.sql"
2026-09-08T23:18:15.731978716Z pgbench: client 0 executing \set first
2026-09-08T23:18:15.732030232Z pgbench: client 0 sending SELECT inet_server_addr() AS server, pg_is_in_recovery() AS replica,
2026-09-08T23:18:15.732040735Z        count(*), sum(id), sum(length(payload))
2026-09-08T23:18:15.732047737Z FROM phase4_lab.items WHERE id BETWEEN 83532 AND 83532 + 99;
2026-09-08T23:18:15.732054740Z pgbench: client 0 receiving
2026-09-08T23:18:15.735811018Z pgbench: client 0 receiving
2026-09-08T23:18:15.737439829Z pgbench: client 0 executing script "/work/read.sql"
2026-09-08T23:18:15.927036582Z pgbench: client 5 executing \set first
2026-09-08T23:18:15.927082396Z pgbench: client 5 sending SELECT inet_server_addr() AS server, pg_is_in_recovery() AS replica,
2026-09-08T23:18:15.927089498Z        count(*), sum(id), sum(length(payload))
2026-09-08T23:18:15.927093899Z FROM phase4_lab.items WHERE id BETWEEN 12488 AND 12488 + 99;
2026-09-08T23:18:15.927097901Z pgbench: client 5 receiving
2026-09-08T23:18:15.957339658Z pgbench: client 6 executing \set first
2026-09-08T23:18:15.957387673Z pgbench: client 6 sending SELECT inet_server_addr() AS server, pg_is_in_recovery() AS replica,
2026-09-08T23:18:15.957395175Z        count(*), sum(id), sum(length(payload))
2026-09-08T23:18:15.957399376Z FROM phase4_lab.items WHERE id BETWEEN 48501 AND 48501 + 99;
2026-09-08T23:18:15.957403377Z pgbench: client 6 receiving
2026-09-08T23:18:15.957407379Z pgbench: client 5 receiving
2026-09-08T23:18:15.957745380Z pgbench: client 5 executing script "/work/read.sql"
2026-09-08T23:18:15.960917730Z pgbench: client 6 receiving
2026-09-08T23:18:15.961270736Z pgbench: client 6 executing script "/work/read.sql"
2026-09-08T23:18:16.026668323Z pgbench: client 7 executing \set first
2026-09-08T23:18:16.026711436Z pgbench: client 7 sending SELECT inet_server_addr() AS server, pg_is_in_recovery() AS replica,
2026-09-08T23:18:16.026718138Z        count(*), sum(id), sum(length(payload))
2026-09-08T23:18:16.026722639Z FROM phase4_lab.items WHERE id BETWEEN 70588 AND 70588 + 99;
2026-09-08T23:18:16.026726841Z pgbench: client 7 receiving
2026-09-08T23:18:16.032890387Z pgbench: client 7 receiving
2026-09-08T23:18:16.033284305Z pgbench: client 7 executing script "/work/read.sql"
2026-09-08T23:18:16.559510415Z pgbench: client 1 executing \set first
2026-09-08T23:18:16.559564231Z pgbench: client 1 sending SELECT inet_server_addr() AS server, pg_is_in_recovery() AS replica,
2026-09-08T23:18:16.559571933Z        count(*), sum(id), sum(length(payload))
2026-09-08T23:18:16.559576735Z FROM phase4_lab.items WHERE id BETWEEN 81172 AND 81172 + 99;
2026-09-08T23:18:16.559581436Z pgbench: client 1 receiving
2026-09-08T23:18:16.625065249Z pgbench: client 2 executing \set first
2026-09-08T23:18:16.625118165Z pgbench: client 2 sending SELECT inet_server_addr() AS server, pg_is_in_recovery() AS replica,
2026-09-08T23:18:16.625125967Z        count(*), sum(id), sum(length(payload))
2026-09-08T23:18:16.625130469Z FROM phase4_lab.items WHERE id BETWEEN 18350 AND 18350 + 99;
2026-09-08T23:18:16.625134270Z pgbench: client 2 receiving
2026-09-08T23:18:16.625138471Z pgbench: client 1 receiving
2026-09-08T23:18:16.625865389Z pgbench: client 1 executing script "/work/read.sql"
2026-09-08T23:18:16.629006229Z pgbench: client 2 receiving
2026-09-08T23:18:16.629212091Z pgbench: client 2 executing script "/work/read.sql"
2026-09-08T23:18:17.097039110Z pgbench: client 4 executing \set first
2026-09-08T23:18:17.097086624Z pgbench: client 4 sending SELECT inet_server_addr() AS server, pg_is_in_recovery() AS replica,
2026-09-08T23:18:17.097095227Z        count(*), sum(id), sum(length(payload))
2026-09-08T23:18:17.097099928Z FROM phase4_lab.items WHERE id BETWEEN 47295 AND 47295 + 99;
2026-09-08T23:18:17.097103930Z pgbench: client 4 receiving
2026-09-08T23:18:17.100826044Z pgbench: client 4 receiving
2026-09-08T23:18:17.100874159Z pgbench: client 4 executing script "/work/read.sql"
2026-09-08T23:18:17.318525148Z pgbench: client 5 executing \set first
2026-09-08T23:18:17.318617175Z pgbench: client 5 sending SELECT inet_server_addr() AS server, pg_is_in_recovery() AS replica,
2026-09-08T23:18:17.318625678Z        count(*), sum(id), sum(length(payload))
2026-09-08T23:18:17.318630379Z FROM phase4_lab.items WHERE id BETWEEN 45932 AND 45932 + 99;
2026-09-08T23:18:17.318634980Z pgbench: client 5 receiving
2026-09-08T23:18:17.327738407Z pgbench: client 5 receiving
2026-09-08T23:18:17.327822832Z pgbench: client 5 executing script "/work/read.sql"
2026-09-08T23:18:17.437617517Z pgbench: client 3 executing \set first
2026-09-08T23:18:17.437663031Z pgbench: client 3 sending SELECT inet_server_addr() AS server, pg_is_in_recovery() AS replica,
2026-09-08T23:18:17.437669633Z        count(*), sum(id), sum(length(payload))
2026-09-08T23:18:17.437674534Z FROM phase4_lab.items WHERE id BETWEEN 61450 AND 61450 + 99;
2026-09-08T23:18:17.450173077Z pgbench: client 3 receiving
2026-09-08T23:18:17.450981119Z progress: 4.1 s, 4.9 tps, lat 65.082 ms stddev 21.673, 0 failed, lag 51.141 ms
2026-09-08T23:18:17.451007227Z pgbench: client 3 executing script "/work/read.sql"
2026-09-08T23:18:17.571363275Z pgbench: client 0 executing \set first
2026-09-08T23:18:17.571409489Z pgbench: client 0 sending SELECT inet_server_addr() AS server, pg_is_in_recovery() AS replica,
2026-09-08T23:18:17.571417191Z        count(*), sum(id), sum(length(payload))
2026-09-08T23:18:17.571421893Z FROM phase4_lab.items WHERE id BETWEEN 83233 AND 83233 + 99;
2026-09-08T23:18:17.571426494Z pgbench: client 0 receiving
2026-09-08T23:18:17.579891429Z pgbench: client 0 receiving
2026-09-08T23:18:17.579939844Z pgbench: client 0 executing script "/work/read.sql"
2026-09-08T23:18:18.682957709Z pgbench: client 6 executing \set first
2026-09-08T23:18:18.683008224Z pgbench: client 6 sending SELECT inet_server_addr() AS server, pg_is_in_recovery() AS replica,
2026-09-08T23:18:18.683043035Z        count(*), sum(id), sum(length(payload))
2026-09-08T23:18:18.683049637Z FROM phase4_lab.items WHERE id BETWEEN 76045 AND 76045 + 99;
2026-09-08T23:18:18.683054338Z pgbench: client 6 receiving
2026-09-08T23:18:18.691407340Z pgbench: client 6 receiving
2026-09-08T23:18:18.691675520Z pgbench: client 6 executing script "/work/read.sql"
2026-09-08T23:18:18.980449711Z pgbench: client 7 executing \set first
2026-09-08T23:18:18.980496925Z pgbench: client 7 sending SELECT inet_server_addr() AS server, pg_is_in_recovery() AS replica,
2026-09-08T23:18:18.980505228Z        count(*), sum(id), sum(length(payload))
2026-09-08T23:18:18.980510329Z FROM phase4_lab.items WHERE id BETWEEN 73487 AND 73487 + 99;
2026-09-08T23:18:18.980515031Z pgbench: client 7 receiving
2026-09-08T23:18:18.984818220Z pgbench: client 7 receiving
2026-09-08T23:18:18.985373486Z pgbench: client 7 executing script "/work/read.sql"
2026-09-08T23:18:19.014034070Z pgbench: client 1 executing \set first
2026-09-08T23:18:19.014080084Z pgbench: client 1 sending SELECT inet_server_addr() AS server, pg_is_in_recovery() AS replica,
2026-09-08T23:18:19.014087186Z        count(*), sum(id), sum(length(payload))
2026-09-08T23:18:19.014092087Z FROM phase4_lab.items WHERE id BETWEEN 73184 AND 73184 + 99;
2026-09-08T23:18:19.014096989Z pgbench: client 1 receiving
2026-09-08T23:18:19.016107891Z pgbench: client 1 receiving
2026-09-08T23:18:19.016324956Z pgbench: client 1 executing script "/work/read.sql"
2026-09-08T23:18:19.116701820Z pgbench: client 4 executing \set first
2026-09-08T23:18:19.116786145Z pgbench: client 4 sending SELECT inet_server_addr() AS server, pg_is_in_recovery() AS replica,
2026-09-08T23:18:19.116793248Z        count(*), sum(id), sum(length(payload))
2026-09-08T23:18:19.116798249Z FROM phase4_lab.items WHERE id BETWEEN 35701 AND 35701 + 99;
2026-09-08T23:18:19.116802850Z pgbench: client 4 receiving
2026-09-08T23:18:19.126311998Z pgbench: client 4 receiving
2026-09-08T23:18:19.126371616Z pgbench: client 4 executing script "/work/read.sql"
2026-09-08T23:18:19.259501490Z pgbench: client 5 executing \set first
2026-09-08T23:18:19.259551805Z pgbench: client 5 sending SELECT inet_server_addr() AS server, pg_is_in_recovery() AS replica,
2026-09-08T23:18:19.259559708Z        count(*), sum(id), sum(length(payload))
2026-09-08T23:18:19.259564509Z FROM phase4_lab.items WHERE id BETWEEN 48600 AND 48600 + 99;
2026-09-08T23:18:19.259569110Z pgbench: client 5 receiving
2026-09-08T23:18:19.263658835Z pgbench: client 5 receiving
2026-09-08T23:18:19.263702949Z pgbench: client 5 executing script "/work/read.sql"
2026-09-08T23:18:19.392178828Z progress: 6.0 s, 3.1 tps, lat 66.393 ms stddev 19.300, 0 failed, lag 59.764 ms
2026-09-08T23:18:19.662739464Z pgbench: client 2 executing \set first
2026-09-08T23:18:19.662816087Z pgbench: client 2 sending SELECT inet_server_addr() AS server, pg_is_in_recovery() AS replica,
2026-09-08T23:18:19.662823889Z        count(*), sum(id), sum(length(payload))
2026-09-08T23:18:19.662827791Z FROM phase4_lab.items WHERE id BETWEEN 86960 AND 86960 + 99;
2026-09-08T23:18:19.662831792Z pgbench: client 2 receiving
2026-09-08T23:18:19.666597119Z pgbench: client 2 receiving
2026-09-08T23:18:19.666681345Z pgbench: client 2 executing script "/work/read.sql"
2026-09-08T23:18:19.768620477Z pgbench: client 6 executing \set first
2026-09-08T23:18:19.768668391Z pgbench: client 6 sending SELECT inet_server_addr() AS server, pg_is_in_recovery() AS replica,
2026-09-08T23:18:19.768675093Z        count(*), sum(id), sum(length(payload))
2026-09-08T23:18:19.768680194Z FROM phase4_lab.items WHERE id BETWEEN 41181 AND 41181 + 99;
2026-09-08T23:18:19.768684896Z pgbench: client 6 receiving
2026-09-08T23:18:19.772961177Z pgbench: client 6 receiving
2026-09-08T23:18:19.783945767Z pgbench: client 6 executing script "/work/read.sql"
2026-09-08T23:18:20.090758960Z pgbench: client 7 executing \set first
2026-09-08T23:18:20.090808575Z pgbench: client 7 sending SELECT inet_server_addr() AS server, pg_is_in_recovery() AS replica,
2026-09-08T23:18:20.090816077Z        count(*), sum(id), sum(length(payload))
2026-09-08T23:18:20.090821079Z FROM phase4_lab.items WHERE id BETWEEN 93450 AND 93450 + 99;
2026-09-08T23:18:20.090825780Z pgbench: client 7 receiving
2026-09-08T23:18:20.094348736Z pgbench: client 7 receiving
2026-09-08T23:18:20.094393249Z pgbench: client 7 executing script "/work/read.sql"
2026-09-08T23:18:20.468769078Z pgbench: client 4 executing \set first
2026-09-08T23:18:20.468845101Z pgbench: client 4 sending SELECT inet_server_addr() AS server, pg_is_in_recovery() AS replica,
2026-09-08T23:18:20.468856004Z        count(*), sum(id), sum(length(payload))
2026-09-08T23:18:20.468861006Z FROM phase4_lab.items WHERE id BETWEEN 93221 AND 93221 + 99;
2026-09-08T23:18:20.468865307Z pgbench: client 4 receiving
2026-09-08T23:18:20.471651942Z pgbench: client 4 receiving
2026-09-08T23:18:20.471689653Z pgbench: client 4 executing script "/work/read.sql"
2026-09-08T23:18:20.638509617Z pgbench: client 5 executing \set first
2026-09-08T23:18:20.638558632Z pgbench: client 5 sending SELECT inet_server_addr() AS server, pg_is_in_recovery() AS replica,
2026-09-08T23:18:20.638567035Z        count(*), sum(id), sum(length(payload))
2026-09-08T23:18:20.638571936Z FROM phase4_lab.items WHERE id BETWEEN 74411 AND 74411 + 99;
2026-09-08T23:18:20.638576037Z pgbench: client 5 receiving
2026-09-08T23:18:20.641003764Z pgbench: client 5 receiving
2026-09-08T23:18:20.641044377Z pgbench: client 5 executing script "/work/read.sql"
2026-09-08T23:18:21.392103327Z progress: 8.0 s, 2.5 tps, lat 49.357 ms stddev 21.694, 0 failed, lag 45.777 ms
2026-09-08T23:18:21.625330280Z pgbench: client 6 executing \set first
2026-09-08T23:18:21.625378295Z pgbench: client 6 sending SELECT inet_server_addr() AS server, pg_is_in_recovery() AS replica,
2026-09-08T23:18:21.625386297Z        count(*), sum(id), sum(length(payload))
2026-09-08T23:18:21.625391199Z FROM phase4_lab.items WHERE id BETWEEN 58937 AND 58937 + 99;
2026-09-08T23:18:21.625395100Z pgbench: client 6 receiving
2026-09-08T23:18:21.628776613Z pgbench: client 6 receiving
2026-09-08T23:18:21.629771311Z pgbench: client 6 executing script "/work/read.sql"
2026-09-08T23:18:21.831709793Z pgbench: client 3 executing \set first
2026-09-08T23:18:21.831758908Z pgbench: client 3 sending SELECT inet_server_addr() AS server, pg_is_in_recovery() AS replica,
2026-09-08T23:18:21.831766710Z        count(*), sum(id), sum(length(payload))
2026-09-08T23:18:21.831771012Z FROM phase4_lab.items WHERE id BETWEEN 55100 AND 55100 + 99;
2026-09-08T23:18:21.831789617Z pgbench: client 3 receiving
2026-09-08T23:18:21.835489125Z pgbench: client 3 receiving
2026-09-08T23:18:21.835517834Z pgbench: client 3 executing script "/work/read.sql"
2026-09-08T23:18:22.839847841Z pgbench: client 0 executing \set first
2026-09-08T23:18:22.839939268Z pgbench: client 0 sending SELECT inet_server_addr() AS server, pg_is_in_recovery() AS replica,
2026-09-08T23:18:22.839947471Z        count(*), sum(id), sum(length(payload))
2026-09-08T23:18:22.839952372Z FROM phase4_lab.items WHERE id BETWEEN 7682 AND 7682 + 99;
2026-09-08T23:18:22.839956574Z pgbench: client 0 receiving
2026-09-08T23:18:22.845434314Z pgbench: client 0 receiving
2026-09-08T23:18:22.845546248Z pgbench: client 0 executing script "/work/read.sql"
2026-09-08T23:18:22.849413306Z pgbench: client 7 executing \set first
2026-09-08T23:18:22.849460920Z pgbench: client 7 sending SELECT inet_server_addr() AS server, pg_is_in_recovery() AS replica,
2026-09-08T23:18:22.849468823Z        count(*), sum(id), sum(length(payload))
2026-09-08T23:18:22.849473324Z FROM phase4_lab.items WHERE id BETWEEN 57205 AND 57205 + 99;
2026-09-08T23:18:22.851697890Z pgbench: client 7 receiving
2026-09-08T23:18:22.854564749Z pgbench: client 7 receiving
2026-09-08T23:18:22.856175231Z pgbench: client 7 executing script "/work/read.sql"
2026-09-08T23:18:22.935960128Z pgbench: client 4 executing \set first
2026-09-08T23:18:22.936006642Z pgbench: client 4 sending SELECT inet_server_addr() AS server, pg_is_in_recovery() AS replica,
2026-09-08T23:18:22.936013544Z        count(*), sum(id), sum(length(payload))
2026-09-08T23:18:22.936018245Z FROM phase4_lab.items WHERE id BETWEEN 98700 AND 98700 + 99;
2026-09-08T23:18:22.936042652Z pgbench: client 4 receiving
2026-09-08T23:18:22.938862697Z pgbench: client 4 receiving
2026-09-08T23:18:22.938902709Z pgbench: client 4 executing script "/work/read.sql"
