2026-09-08T17:26:32.253866883Z pgbench: setting random seed to 42
2026-09-08T17:26:32.297263705Z pgbench: pghost: proxy pgport: 5001 nclients: 8 duration: 900 dbName: postgres
2026-09-08T17:26:32.303314339Z pgbench: client 0 executing script "/work/read.sql"
2026-09-08T17:26:32.303351646Z pgbench: client 4 executing script "/work/read.sql"
2026-09-08T17:26:32.303357447Z pgbench: client 5 executing script "/work/read.sql"
2026-09-08T17:26:32.303361647Z pgbench: client 6 executing script "/work/read.sql"
2026-09-08T17:26:32.303365348Z pgbench: client 7 executing script "/work/read.sql"
2026-09-08T17:26:32.303369949Z pgbench: client 1 executing script "/work/read.sql"
2026-09-08T17:26:32.303373850Z pgbench: client 2 executing script "/work/read.sql"
2026-09-08T17:26:32.303377650Z pgbench: client 3 executing script "/work/read.sql"
2026-09-08T17:26:34.303508087Z progress: 2.0 s, 0.0 tps, lat 0.000 ms stddev 0.000, 0 failed, lag 0.000 ms
2026-09-08T17:26:34.309192628Z pgbench: client 4 executing \set first
2026-09-08T17:26:34.309229530Z pgbench: client 4 sending SELECT inet_server_addr() AS server, pg_is_in_recovery() AS replica,
2026-09-08T17:26:34.309236131Z        count(*), sum(id), sum(length(payload))
2026-09-08T17:26:34.309240431Z FROM phase4_lab.items WHERE id BETWEEN 13852 AND 13852 + 99;
2026-09-08T17:26:34.309595852Z pgbench: client 4 receiving
2026-09-08T17:26:34.316736280Z pgbench: client 4 receiving
2026-09-08T17:26:34.317869748Z pgbench: client 4 executing script "/work/read.sql"
2026-09-08T17:26:34.644394134Z pgbench: client 0 executing \set first
2026-09-08T17:26:34.644431936Z pgbench: client 0 sending SELECT inet_server_addr() AS server, pg_is_in_recovery() AS replica,
2026-09-08T17:26:34.644437937Z        count(*), sum(id), sum(length(payload))
2026-09-08T17:26:34.644442037Z FROM phase4_lab.items WHERE id BETWEEN 83532 AND 83532 + 99;
2026-09-08T17:26:34.644445837Z pgbench: client 0 receiving
2026-09-08T17:26:34.650812219Z pgbench: client 0 receiving
2026-09-08T17:26:34.652042993Z pgbench: client 0 executing script "/work/read.sql"
2026-09-08T17:26:34.861869378Z pgbench: client 5 executing \set first
2026-09-08T17:26:34.861930882Z pgbench: client 5 sending SELECT inet_server_addr() AS server, pg_is_in_recovery() AS replica,
2026-09-08T17:26:34.861936882Z        count(*), sum(id), sum(length(payload))
2026-09-08T17:26:34.861940583Z FROM phase4_lab.items WHERE id BETWEEN 12488 AND 12488 + 99;
2026-09-08T17:26:34.861943983Z pgbench: client 5 receiving
2026-09-08T17:26:34.920022467Z pgbench: client 6 executing \set first
2026-09-08T17:26:34.920106972Z pgbench: client 6 sending SELECT inet_server_addr() AS server, pg_is_in_recovery() AS replica,
2026-09-08T17:26:34.920141974Z        count(*), sum(id), sum(length(payload))
2026-09-08T17:26:34.920147374Z FROM phase4_lab.items WHERE id BETWEEN 48501 AND 48501 + 99;
2026-09-08T17:26:34.920151274Z pgbench: client 6 receiving
2026-09-08T17:26:34.962133992Z pgbench: client 7 executing \set first
2026-09-08T17:26:34.963446071Z pgbench: client 7 sending SELECT inet_server_addr() AS server, pg_is_in_recovery() AS replica,
2026-09-08T17:26:34.963490374Z        count(*), sum(id), sum(length(payload))
2026-09-08T17:26:34.963496774Z FROM phase4_lab.items WHERE id BETWEEN 70588 AND 70588 + 99;
2026-09-08T17:26:34.963500574Z pgbench: client 7 receiving
2026-09-08T17:26:34.963504075Z pgbench: client 5 receiving
2026-09-08T17:26:34.963507675Z pgbench: client 6 receiving
2026-09-08T17:26:34.963511175Z pgbench: client 5 executing script "/work/read.sql"
2026-09-08T17:26:34.963514975Z pgbench: client 6 executing script "/work/read.sql"
2026-09-08T17:26:34.979108011Z pgbench: client 7 receiving
2026-09-08T17:26:34.979994564Z pgbench: client 7 executing script "/work/read.sql"
2026-09-08T17:26:35.466774862Z pgbench: client 1 executing \set first
2026-09-08T17:26:35.466822864Z pgbench: client 1 sending SELECT inet_server_addr() AS server, pg_is_in_recovery() AS replica,
2026-09-08T17:26:35.466830165Z        count(*), sum(id), sum(length(payload))
2026-09-08T17:26:35.466834265Z FROM phase4_lab.items WHERE id BETWEEN 81172 AND 81172 + 99;
2026-09-08T17:26:35.466837665Z pgbench: client 1 receiving
2026-09-08T17:26:35.509862546Z pgbench: client 2 executing \set first
2026-09-08T17:26:35.509901748Z pgbench: client 2 sending SELECT inet_server_addr() AS server, pg_is_in_recovery() AS replica,
2026-09-08T17:26:35.509908049Z        count(*), sum(id), sum(length(payload))
2026-09-08T17:26:35.509912049Z FROM phase4_lab.items WHERE id BETWEEN 18350 AND 18350 + 99;
2026-09-08T17:26:35.509915749Z pgbench: client 2 receiving
2026-09-08T17:26:35.509919449Z pgbench: client 1 receiving
2026-09-08T17:26:35.509923250Z pgbench: client 1 executing script "/work/read.sql"
2026-09-08T17:26:35.513675875Z pgbench: client 2 receiving
2026-09-08T17:26:35.513702976Z pgbench: client 2 executing script "/work/read.sql"
2026-09-08T17:26:35.981686747Z pgbench: client 4 executing \set first
2026-09-08T17:26:35.981724849Z pgbench: client 4 sending SELECT inet_server_addr() AS server, pg_is_in_recovery() AS replica,
2026-09-08T17:26:35.981731249Z        count(*), sum(id), sum(length(payload))
2026-09-08T17:26:35.981735150Z FROM phase4_lab.items WHERE id BETWEEN 47295 AND 47295 + 99;
2026-09-08T17:26:35.982002166Z pgbench: client 4 receiving
2026-09-08T17:26:35.985382768Z pgbench: client 4 receiving
2026-09-08T17:26:35.985463173Z pgbench: client 4 executing script "/work/read.sql"
2026-09-08T17:26:36.185155151Z pgbench: client 5 executing \set first
2026-09-08T17:26:36.185189453Z pgbench: client 5 sending SELECT inet_server_addr() AS server, pg_is_in_recovery() AS replica,
2026-09-08T17:26:36.185194653Z        count(*), sum(id), sum(length(payload))
2026-09-08T17:26:36.185198154Z FROM phase4_lab.items WHERE id BETWEEN 45932 AND 45932 + 99;
2026-09-08T17:26:36.185201454Z pgbench: client 5 receiving
2026-09-08T17:26:36.187668802Z pgbench: client 5 receiving
2026-09-08T17:26:36.187703704Z pgbench: client 5 executing script "/work/read.sql"
2026-09-08T17:26:36.310224353Z pgbench: client 3 executing \set first
2026-09-08T17:26:36.310262955Z pgbench: client 3 sending SELECT inet_server_addr() AS server, pg_is_in_recovery() AS replica,
2026-09-08T17:26:36.310268456Z        count(*), sum(id), sum(length(payload))
2026-09-08T17:26:36.310272056Z FROM phase4_lab.items WHERE id BETWEEN 61450 AND 61450 + 99;
2026-09-08T17:26:36.310275356Z pgbench: client 3 receiving
2026-09-08T17:26:36.310278256Z progress: 4.0 s, 4.5 tps, lat 76.174 ms stddev 45.469, 0 failed, lag 50.196 ms
2026-09-08T17:26:36.312124467Z pgbench: client 3 receiving
2026-09-08T17:26:36.312160469Z pgbench: client 3 executing script "/work/read.sql"
2026-09-08T17:26:36.466028998Z pgbench: client 0 executing \set first
2026-09-08T17:26:36.466088702Z pgbench: client 0 sending SELECT inet_server_addr() AS server, pg_is_in_recovery() AS replica,
2026-09-08T17:26:36.466096402Z        count(*), sum(id), sum(length(payload))
2026-09-08T17:26:36.466100103Z FROM phase4_lab.items WHERE id BETWEEN 83233 AND 83233 + 99;
2026-09-08T17:26:36.467480585Z pgbench: client 0 receiving
2026-09-08T17:26:36.469247291Z pgbench: client 0 receiving
2026-09-08T17:26:36.469645715Z pgbench: client 0 executing script "/work/read.sql"
2026-09-08T17:26:37.559473185Z pgbench: client 6 executing \set first
2026-09-08T17:26:37.559514987Z pgbench: client 6 sending SELECT inet_server_addr() AS server, pg_is_in_recovery() AS replica,
2026-09-08T17:26:37.559521388Z        count(*), sum(id), sum(length(payload))
2026-09-08T17:26:37.559524988Z FROM phase4_lab.items WHERE id BETWEEN 76045 AND 76045 + 99;
2026-09-08T17:26:37.559528288Z pgbench: client 6 receiving
2026-09-08T17:26:37.561525308Z pgbench: client 6 receiving
2026-09-08T17:26:37.561546609Z pgbench: client 6 executing script "/work/read.sql"
2026-09-08T17:26:37.816440198Z pgbench: client 7 executing \set first
2026-09-08T17:26:37.816485301Z pgbench: client 7 sending SELECT inet_server_addr() AS server, pg_is_in_recovery() AS replica,
2026-09-08T17:26:37.816491001Z        count(*), sum(id), sum(length(payload))
2026-09-08T17:26:37.816513402Z FROM phase4_lab.items WHERE id BETWEEN 73487 AND 73487 + 99;
2026-09-08T17:26:37.816517703Z pgbench: client 7 receiving
2026-09-08T17:26:37.819633290Z pgbench: client 7 receiving
2026-09-08T17:26:37.819814400Z pgbench: client 7 executing script "/work/read.sql"
2026-09-08T17:26:37.877808079Z pgbench: client 1 executing \set first
2026-09-08T17:26:37.877877183Z pgbench: client 1 sending SELECT inet_server_addr() AS server, pg_is_in_recovery() AS replica,
2026-09-08T17:26:37.877883884Z        count(*), sum(id), sum(length(payload))
2026-09-08T17:26:37.877888584Z FROM phase4_lab.items WHERE id BETWEEN 73184 AND 73184 + 99;
2026-09-08T17:26:37.877892284Z pgbench: client 1 receiving
2026-09-08T17:26:37.879988310Z pgbench: client 1 receiving
2026-09-08T17:26:37.880019212Z pgbench: client 1 executing script "/work/read.sql"
2026-09-08T17:26:38.007043631Z pgbench: client 4 executing \set first
2026-09-08T17:26:38.007081433Z pgbench: client 4 sending SELECT inet_server_addr() AS server, pg_is_in_recovery() AS replica,
2026-09-08T17:26:38.007087933Z        count(*), sum(id), sum(length(payload))
2026-09-08T17:26:38.007091534Z FROM phase4_lab.items WHERE id BETWEEN 35701 AND 35701 + 99;
2026-09-08T17:26:38.007094934Z pgbench: client 4 receiving
2026-09-08T17:26:38.008845839Z pgbench: client 4 receiving
2026-09-08T17:26:38.008862240Z pgbench: client 4 executing script "/work/read.sql"
2026-09-08T17:26:38.131003266Z pgbench: client 5 executing \set first
2026-09-08T17:26:38.131035868Z pgbench: client 5 sending SELECT inet_server_addr() AS server, pg_is_in_recovery() AS replica,
2026-09-08T17:26:38.131041868Z        count(*), sum(id), sum(length(payload))
2026-09-08T17:26:38.131045769Z FROM phase4_lab.items WHERE id BETWEEN 48600 AND 48600 + 99;
2026-09-08T17:26:38.131597202Z pgbench: client 5 receiving
2026-09-08T17:26:38.133993645Z pgbench: client 5 receiving
2026-09-08T17:26:38.134015647Z pgbench: client 5 executing script "/work/read.sql"
2026-09-08T17:26:38.303461210Z progress: 6.0 s, 3.5 tps, lat 23.597 ms stddev 1.983, 0 failed, lag 20.954 ms
2026-09-08T17:26:38.541526517Z pgbench: client 2 executing \set first
2026-09-08T17:26:38.541556522Z pgbench: client 2 sending SELECT inet_server_addr() AS server, pg_is_in_recovery() AS replica,
2026-09-08T17:26:38.541561223Z        count(*), sum(id), sum(length(payload))
2026-09-08T17:26:38.541564024Z FROM phase4_lab.items WHERE id BETWEEN 86960 AND 86960 + 99;
2026-09-08T17:26:38.541566724Z pgbench: client 2 receiving
2026-09-08T17:26:38.543311022Z pgbench: client 2 receiving
2026-09-08T17:26:38.543541961Z pgbench: client 2 executing script "/work/read.sql"
2026-09-08T17:26:38.652347635Z pgbench: client 6 executing \set first
2026-09-08T17:26:38.652380941Z pgbench: client 6 sending SELECT inet_server_addr() AS server, pg_is_in_recovery() AS replica,
2026-09-08T17:26:38.652398144Z        count(*), sum(id), sum(length(payload))
2026-09-08T17:26:38.652400544Z FROM phase4_lab.items WHERE id BETWEEN 41181 AND 41181 + 99;
2026-09-08T17:26:38.652402444Z pgbench: client 6 receiving
2026-09-08T17:26:38.654445693Z pgbench: client 6 receiving
2026-09-08T17:26:38.654467197Z pgbench: client 6 executing script "/work/read.sql"
2026-09-08T17:26:38.960372317Z pgbench: client 7 executing \set first
2026-09-08T17:26:38.960419525Z pgbench: client 7 sending SELECT inet_server_addr() AS server, pg_is_in_recovery() AS replica,
2026-09-08T17:26:38.960428226Z        count(*), sum(id), sum(length(payload))
2026-09-08T17:26:38.960433227Z FROM phase4_lab.items WHERE id BETWEEN 93450 AND 93450 + 99;
2026-09-08T17:26:38.960438128Z pgbench: client 7 receiving
2026-09-08T17:26:38.963208301Z pgbench: client 7 receiving
2026-09-08T17:26:38.963242107Z pgbench: client 7 executing script "/work/read.sql"
2026-09-08T17:26:39.364625825Z pgbench: client 4 executing \set first
2026-09-08T17:26:39.364659631Z pgbench: client 4 sending SELECT inet_server_addr() AS server, pg_is_in_recovery() AS replica,
2026-09-08T17:26:39.364663231Z        count(*), sum(id), sum(length(payload))
2026-09-08T17:26:39.364665232Z FROM phase4_lab.items WHERE id BETWEEN 93221 AND 93221 + 99;
2026-09-08T17:26:39.364667132Z pgbench: client 4 receiving
2026-09-08T17:26:39.367303182Z pgbench: client 4 receiving
2026-09-08T17:26:39.367570428Z pgbench: client 4 executing script "/work/read.sql"
2026-09-08T17:26:39.569915169Z pgbench: client 5 executing \set first
2026-09-08T17:26:39.569956576Z pgbench: client 5 sending SELECT inet_server_addr() AS server, pg_is_in_recovery() AS replica,
2026-09-08T17:26:39.569964878Z        count(*), sum(id), sum(length(payload))
2026-09-08T17:26:39.569969478Z FROM phase4_lab.items WHERE id BETWEEN 74411 AND 74411 + 99;
2026-09-08T17:26:39.570102201Z pgbench: client 5 receiving
2026-09-08T17:26:39.573708717Z pgbench: client 5 receiving
2026-09-08T17:26:39.573735221Z pgbench: client 5 executing script "/work/read.sql"
2026-09-08T17:26:40.299569125Z progress: 8.0 s, 2.5 tps, lat 32.888 ms stddev 14.662, 0 failed, lag 30.211 ms
2026-09-08T17:26:40.485982247Z pgbench: client 6 executing \set first
2026-09-08T17:26:40.486021254Z pgbench: client 6 sending SELECT inet_server_addr() AS server, pg_is_in_recovery() AS replica,
2026-09-08T17:26:40.486023754Z        count(*), sum(id), sum(length(payload))
2026-09-08T17:26:40.486025354Z FROM phase4_lab.items WHERE id BETWEEN 58937 AND 58937 + 99;
2026-09-08T17:26:40.486026955Z pgbench: client 6 receiving
2026-09-08T17:26:40.487881871Z pgbench: client 6 receiving
2026-09-08T17:26:40.488375555Z pgbench: client 6 executing script "/work/read.sql"
2026-09-08T17:26:40.715127963Z pgbench: client 3 executing \set first
2026-09-08T17:26:40.715160769Z pgbench: client 3 sending SELECT inet_server_addr() AS server, pg_is_in_recovery() AS replica,
2026-09-08T17:26:40.715165570Z        count(*), sum(id), sum(length(payload))
2026-09-08T17:26:40.715168670Z FROM phase4_lab.items WHERE id BETWEEN 55100 AND 55100 + 99;
2026-09-08T17:26:40.715171471Z pgbench: client 3 receiving
2026-09-08T17:26:40.716859359Z pgbench: client 3 receiving
2026-09-08T17:26:40.716986281Z pgbench: client 3 executing script "/work/read.sql"
2026-09-08T17:26:41.751785430Z pgbench: client 0 executing \set first
2026-09-08T17:26:41.751852141Z pgbench: client 0 sending SELECT inet_server_addr() AS server, pg_is_in_recovery() AS replica,
2026-09-08T17:26:41.751857842Z        count(*), sum(id), sum(length(payload))
2026-09-08T17:26:41.751862043Z FROM phase4_lab.items WHERE id BETWEEN 7682 AND 7682 + 99;
2026-09-08T17:26:41.751865243Z pgbench: client 0 receiving
2026-09-08T17:26:41.755128797Z pgbench: client 0 receiving
2026-09-08T17:26:41.755162902Z pgbench: client 7 executing \set first
2026-09-08T17:26:41.755168503Z pgbench: client 7 sending SELECT inet_server_addr() AS server, pg_is_in_recovery() AS replica,
2026-09-08T17:26:41.755172004Z        count(*), sum(id), sum(length(payload))
2026-09-08T17:26:41.755175604Z FROM phase4_lab.items WHERE id BETWEEN 57205 AND 57205 + 99;
2026-09-08T17:26:41.755179105Z pgbench: client 7 receiving
2026-09-08T17:26:41.755182106Z pgbench: client 0 executing script "/work/read.sql"
2026-09-08T17:26:41.756952006Z pgbench: client 7 receiving
2026-09-08T17:26:41.756964908Z pgbench: client 7 executing script "/work/read.sql"
2026-09-08T17:26:41.867894910Z pgbench: client 4 executing \set first
2026-09-08T17:26:41.868004329Z pgbench: client 4 sending SELECT inet_server_addr() AS server, pg_is_in_recovery() AS replica,
2026-09-08T17:26:41.868013930Z        count(*), sum(id), sum(length(payload))
2026-09-08T17:26:41.868019331Z FROM phase4_lab.items WHERE id BETWEEN 98700 AND 98700 + 99;
2026-09-08T17:26:41.868023832Z pgbench: client 4 receiving
2026-09-08T17:26:41.871625843Z pgbench: client 4 receiving
2026-09-08T17:26:41.871673251Z pgbench: client 4 executing script "/work/read.sql"
2026-09-08T17:26:42.300365613Z progress: 10.0 s, 2.5 tps, lat 36.075 ms stddev 16.364, 0 failed, lag 33.431 ms
2026-09-08T17:26:42.411112284Z pgbench: client 1 executing \set first
2026-09-08T17:26:42.411155691Z pgbench: client 1 sending SELECT inet_server_addr() AS server, pg_is_in_recovery() AS replica,
2026-09-08T17:26:42.411161092Z        count(*), sum(id), sum(length(payload))
2026-09-08T17:26:42.411164293Z FROM phase4_lab.items WHERE id BETWEEN 37222 AND 37222 + 99;
2026-09-08T17:26:42.411186297Z pgbench: client 1 receiving
2026-09-08T17:26:42.413935063Z pgbench: client 1 receiving
2026-09-08T17:26:42.413954366Z pgbench: client 1 executing script "/work/read.sql"
2026-09-08T17:26:42.622810266Z pgbench: client 2 executing \set first
2026-09-08T17:26:42.622841972Z pgbench: client 2 sending SELECT inet_server_addr() AS server, pg_is_in_recovery() AS replica,
2026-09-08T17:26:42.622846072Z        count(*), sum(id), sum(length(payload))
2026-09-08T17:26:42.622848373Z FROM phase4_lab.items WHERE id BETWEEN 74681 AND 74681 + 99;
2026-09-08T17:26:42.622850773Z pgbench: client 2 receiving
2026-09-08T17:26:42.624644477Z pgbench: client 2 receiving
2026-09-08T17:26:42.624670882Z pgbench: client 2 executing script "/work/read.sql"
2026-09-08T17:26:42.868362687Z pgbench: client 5 executing \set first
2026-09-08T17:26:42.868399293Z pgbench: client 5 sending SELECT inet_server_addr() AS server, pg_is_in_recovery() AS replica,
2026-09-08T17:26:42.868403594Z        count(*), sum(id), sum(length(payload))
2026-09-08T17:26:42.868406494Z FROM phase4_lab.items WHERE id BETWEEN 71162 AND 71162 + 99;
2026-09-08T17:26:42.868409095Z pgbench: client 5 receiving
2026-09-08T17:26:42.872017406Z pgbench: client 5 receiving
2026-09-08T17:26:42.872092519Z pgbench: client 5 executing script "/work/read.sql"
2026-09-08T17:26:43.048592735Z pgbench: client 3 executing \set first
2026-09-08T17:26:43.048626241Z pgbench: client 3 sending SELECT inet_server_addr() AS server, pg_is_in_recovery() AS replica,
2026-09-08T17:26:43.048631242Z        count(*), sum(id), sum(length(payload))
2026-09-08T17:26:43.048634443Z FROM phase4_lab.items WHERE id BETWEEN 14755 AND 14755 + 99;
2026-09-08T17:26:43.048637343Z pgbench: client 3 receiving
2026-09-08T17:26:43.050305426Z pgbench: client 3 receiving
2026-09-08T17:26:43.050318128Z pgbench: client 3 executing script "/work/read.sql"
2026-09-08T17:26:43.430212519Z pgbench: client 0 executing \set first
2026-09-08T17:26:43.430243324Z pgbench: client 0 sending SELECT inet_server_addr() AS server, pg_is_in_recovery() AS replica,
2026-09-08T17:26:43.430245925Z        count(*), sum(id), sum(length(payload))
2026-09-08T17:26:43.430247325Z FROM phase4_lab.items WHERE id BETWEEN 38645 AND 38645 + 99;
2026-09-08T17:26:43.430248725Z pgbench: client 0 receiving
2026-09-08T17:26:43.431751580Z pgbench: client 0 receiving
2026-09-08T17:26:43.431772083Z pgbench: client 0 executing script "/work/read.sql"
2026-09-08T17:26:44.177255741Z pgbench: client 6 executing \set first
2026-09-08T17:26:44.177283646Z pgbench: client 6 sending SELECT inet_server_addr() AS server, pg_is_in_recovery() AS replica,
2026-09-08T17:26:44.177288347Z        count(*), sum(id), sum(length(payload))
2026-09-08T17:26:44.177306650Z FROM phase4_lab.items WHERE id BETWEEN 11516 AND 11516 + 99;
2026-09-08T17:26:44.177309850Z pgbench: client 6 receiving
2026-09-08T17:26:44.179478918Z pgbench: client 6 receiving
2026-09-08T17:26:44.179502822Z pgbench: client 6 executing script "/work/read.sql"
2026-09-08T17:26:44.221285104Z pgbench: client 1 executing \set first
2026-09-08T17:26:44.221330912Z pgbench: client 1 sending SELECT inet_server_addr() AS server, pg_is_in_recovery() AS replica,
2026-09-08T17:26:44.221335713Z        count(*), sum(id), sum(length(payload))
2026-09-08T17:26:44.221338713Z FROM phase4_lab.items WHERE id BETWEEN 24146 AND 24146 + 99;
2026-09-08T17:26:44.221341814Z pgbench: client 1 receiving
2026-09-08T17:26:44.224444639Z pgbench: client 1 receiving
2026-09-08T17:26:44.224518652Z pgbench: client 1 executing script "/work/read.sql"
2026-09-08T17:26:44.299478257Z progress: 12.0 s, 3.5 tps, lat 30.920 ms stddev 13.427, 0 failed, lag 28.400 ms
2026-09-08T17:26:44.529751188Z pgbench: client 2 executing \set first
2026-09-08T17:26:44.529792395Z pgbench: client 2 sending SELECT inet_server_addr() AS server, pg_is_in_recovery() AS replica,
2026-09-08T17:26:44.529797996Z        count(*), sum(id), sum(length(payload))
2026-09-08T17:26:44.529807298Z FROM phase4_lab.items WHERE id BETWEEN 70943 AND 70943 + 99;
2026-09-08T17:26:44.529810498Z pgbench: client 2 receiving
2026-09-08T17:26:44.532095085Z pgbench: client 2 receiving
2026-09-08T17:26:44.532704189Z pgbench: client 2 executing script "/work/read.sql"
2026-09-08T17:26:44.861256778Z pgbench: client 3 executing \set first
2026-09-08T17:26:44.861285983Z pgbench: client 3 sending SELECT inet_server_addr() AS server, pg_is_in_recovery() AS replica,
2026-09-08T17:26:44.861288983Z        count(*), sum(id), sum(length(payload))
2026-09-08T17:26:44.861290883Z FROM phase4_lab.items WHERE id BETWEEN 9618 AND 9618 + 99;
2026-09-08T17:26:44.861292584Z pgbench: client 3 receiving
2026-09-08T17:26:44.863000173Z pgbench: client 3 receiving
2026-09-08T17:26:44.863035279Z pgbench: client 3 executing script "/work/read.sql"
2026-09-08T17:26:44.917558821Z pgbench: client 7 executing \set first
2026-09-08T17:26:44.917588926Z pgbench: client 7 sending SELECT inet_server_addr() AS server, pg_is_in_recovery() AS replica,
2026-09-08T17:26:44.917593126Z        count(*), sum(id), sum(length(payload))
2026-09-08T17:26:44.917596027Z FROM phase4_lab.items WHERE id BETWEEN 6584 AND 6584 + 99;
2026-09-08T17:26:44.917598727Z pgbench: client 7 receiving
2026-09-08T17:26:44.919109083Z pgbench: client 7 receiving
2026-09-08T17:26:44.919263810Z pgbench: client 7 executing script "/work/read.sql"
2026-09-08T17:26:45.928898840Z pgbench: client 4 executing \set first
2026-09-08T17:26:45.928943548Z pgbench: client 4 sending SELECT inet_server_addr() AS server, pg_is_in_recovery() AS replica,
2026-09-08T17:26:45.928946048Z        count(*), sum(id), sum(length(payload))
2026-09-08T17:26:45.928947448Z FROM phase4_lab.items WHERE id BETWEEN 71274 AND 71274 + 99;
2026-09-08T17:26:45.928948749Z pgbench: client 4 receiving
2026-09-08T17:26:45.930254770Z pgbench: client 4 receiving
2026-09-08T17:26:45.930267472Z pgbench: client 4 executing script "/work/read.sql"
2026-09-08T17:26:46.299622177Z progress: 14.0 s, 2.0 tps, lat 18.710 ms stddev 3.871, 0 failed, lag 16.881 ms
2026-09-08T17:26:46.628604039Z pgbench: client 0 executing \set first
2026-09-08T17:26:46.628637044Z pgbench: client 0 sending SELECT inet_server_addr() AS server, pg_is_in_recovery() AS replica,
2026-09-08T17:26:46.628643745Z        count(*), sum(id), sum(length(payload))
2026-09-08T17:26:46.628648646Z FROM phase4_lab.items WHERE id BETWEEN 86390 AND 86390 + 99;
2026-09-08T17:26:46.628654147Z pgbench: client 0 receiving
2026-09-08T17:26:46.630642684Z pgbench: client 0 receiving
2026-09-08T17:26:46.630828316Z pgbench: client 0 executing script "/work/read.sql"
2026-09-08T17:26:47.293073264Z pgbench: client 5 executing \set first
2026-09-08T17:26:47.293116672Z pgbench: client 5 sending SELECT inet_server_addr() AS server, pg_is_in_recovery() AS replica,
2026-09-08T17:26:47.293123073Z        count(*), sum(id), sum(length(payload))
2026-09-08T17:26:47.293127574Z FROM phase4_lab.items WHERE id BETWEEN 81927 AND 81927 + 99;
2026-09-08T17:26:47.293130974Z pgbench: client 5 receiving
2026-09-08T17:26:47.295608094Z pgbench: client 5 receiving
2026-09-08T17:26:47.295644500Z pgbench: client 5 executing script "/work/read.sql"
2026-09-08T17:26:47.364874135Z pgbench: client 6 executing \set first
2026-09-08T17:26:47.364910141Z pgbench: client 6 sending SELECT inet_server_addr() AS server, pg_is_in_recovery() AS replica,
2026-09-08T17:26:47.364916442Z        count(*), sum(id), sum(length(payload))
2026-09-08T17:26:47.364920942Z FROM phase4_lab.items WHERE id BETWEEN 87956 AND 87956 + 99;
2026-09-08T17:26:47.365072868Z pgbench: client 6 receiving
2026-09-08T17:26:47.368114784Z pgbench: client 6 receiving
2026-09-08T17:26:47.369060344Z pgbench: client 6 executing script "/work/read.sql"
2026-09-08T17:26:47.816790233Z pgbench: client 1 executing \set first
2026-09-08T17:26:47.816842742Z pgbench: client 1 sending SELECT inet_server_addr() AS server, pg_is_in_recovery() AS replica,
2026-09-08T17:26:47.816849143Z        count(*), sum(id), sum(length(payload))
2026-09-08T17:26:47.816852944Z FROM phase4_lab.items WHERE id BETWEEN 6060 AND 6060 + 99;
2026-09-08T17:26:47.816856344Z pgbench: client 1 receiving
2026-09-08T17:26:47.819277355Z pgbench: client 1 receiving
2026-09-08T17:26:47.819341566Z pgbench: client 1 executing script "/work/read.sql"
2026-09-08T17:26:48.299648176Z progress: 16.0 s, 2.0 tps, lat 21.248 ms stddev 1.768, 0 failed, lag 18.296 ms
2026-09-08T17:26:48.666288121Z pgbench: client 2 executing \set first
2026-09-08T17:26:48.666317326Z pgbench: client 2 sending SELECT inet_server_addr() AS server, pg_is_in_recovery() AS replica,
2026-09-08T17:26:48.666321827Z        count(*), sum(id), sum(length(payload))
2026-09-08T17:26:48.666324627Z FROM phase4_lab.items WHERE id BETWEEN 19933 AND 19933 + 99;
2026-09-08T17:26:48.666329928Z pgbench: client 2 receiving
2026-09-08T17:26:48.667806278Z pgbench: client 2 receiving
2026-09-08T17:26:48.667821881Z pgbench: client 2 executing script "/work/read.sql"
2026-09-08T17:26:50.299830986Z progress: 18.0 s, 0.5 tps, lat 18.498 ms stddev 0.000, 0 failed, lag 16.904 ms
2026-09-08T17:26:50.631553203Z pgbench: client 7 executing \set first
2026-09-08T17:26:50.631597811Z pgbench: client 7 sending SELECT inet_server_addr() AS server, pg_is_in_recovery() AS replica,
2026-09-08T17:26:50.631603512Z        count(*), sum(id), sum(length(payload))
2026-09-08T17:26:50.631606912Z FROM phase4_lab.items WHERE id BETWEEN 46606 AND 46606 + 99;
2026-09-08T17:26:50.631610113Z pgbench: client 7 receiving
2026-09-08T17:26:50.633651058Z pgbench: client 7 receiving
2026-09-08T17:26:50.633670662Z pgbench: client 7 executing script "/work/read.sql"
2026-09-08T17:26:51.057699895Z pgbench: client 4 executing \set first
2026-09-08T17:26:51.057734001Z pgbench: client 4 sending SELECT inet_server_addr() AS server, pg_is_in_recovery() AS replica,
2026-09-08T17:26:51.057739802Z        count(*), sum(id), sum(length(payload))
2026-09-08T17:26:51.057743202Z FROM phase4_lab.items WHERE id BETWEEN 66921 AND 66921 + 99;
2026-09-08T17:26:51.058312599Z pgbench: client 4 receiving
2026-09-08T17:26:51.060359745Z pgbench: client 4 receiving
2026-09-08T17:26:51.060541876Z pgbench: client 4 executing script "/work/read.sql"
2026-09-08T17:26:51.164176808Z pgbench: client 5 executing \set first
2026-09-08T17:26:51.164221715Z pgbench: client 5 sending SELECT inet_server_addr() AS server, pg_is_in_recovery() AS replica,
2026-09-08T17:26:51.164228016Z        count(*), sum(id), sum(length(payload))
2026-09-08T17:26:51.164232017Z FROM phase4_lab.items WHERE id BETWEEN 69855 AND 69855 + 99;
2026-09-08T17:26:51.164235818Z pgbench: client 5 receiving
2026-09-08T17:26:51.167141209Z pgbench: client 5 receiving
2026-09-08T17:26:51.167170214Z pgbench: client 5 executing script "/work/read.sql"
2026-09-08T17:26:51.402721162Z pgbench: client 6 executing \set first
2026-09-08T17:26:51.402754268Z pgbench: client 6 sending SELECT inet_server_addr() AS server, pg_is_in_recovery() AS replica,
2026-09-08T17:26:51.402775372Z        count(*), sum(id), sum(length(payload))
2026-09-08T17:26:51.402778572Z FROM phase4_lab.items WHERE id BETWEEN 77793 AND 77793 + 99;
2026-09-08T17:26:51.402781073Z pgbench: client 6 receiving
2026-09-08T17:26:51.405013250Z pgbench: client 6 receiving
2026-09-08T17:26:51.405045956Z pgbench: client 6 executing script "/work/read.sql"
2026-09-08T17:26:52.300578454Z progress: 20.0 s, 2.0 tps, lat 30.846 ms stddev 10.525, 0 failed, lag 28.121 ms
2026-09-08T17:26:52.540268202Z pgbench: client 7 executing \set first
2026-09-08T17:26:52.540313910Z pgbench: client 7 sending SELECT inet_server_addr() AS server, pg_is_in_recovery() AS replica,
2026-09-08T17:26:52.540317010Z        count(*), sum(id), sum(length(payload))
2026-09-08T17:26:52.540318911Z FROM phase4_lab.items WHERE id BETWEEN 22431 AND 22431 + 99;
2026-09-08T17:26:52.540320611Z pgbench: client 7 receiving
2026-09-08T17:26:52.542183726Z pgbench: client 7 receiving
2026-09-08T17:26:52.542203430Z pgbench: client 7 executing script "/work/read.sql"
2026-09-08T17:26:53.115232469Z pgbench: client 4 executing \set first
2026-09-08T17:26:53.115273776Z pgbench: client 4 sending SELECT inet_server_addr() AS server, pg_is_in_recovery() AS replica,
2026-09-08T17:26:53.115277277Z        count(*), sum(id), sum(length(payload))
2026-09-08T17:26:53.115279477Z FROM phase4_lab.items WHERE id BETWEEN 16606 AND 16606 + 99;
2026-09-08T17:26:53.115421401Z pgbench: client 4 receiving
2026-09-08T17:26:53.118025442Z pgbench: client 4 receiving
2026-09-08T17:26:53.120056085Z pgbench: client 4 executing script "/work/read.sql"
2026-09-08T17:26:53.850797705Z pgbench: client 3 executing \set first
2026-09-08T17:26:53.850977836Z pgbench: client 3 sending SELECT inet_server_addr() AS server, pg_is_in_recovery() AS replica,
2026-09-08T17:26:53.850992738Z        count(*), sum(id), sum(length(payload))
2026-09-08T17:26:53.850997639Z FROM phase4_lab.items WHERE id BETWEEN 66577 AND 66577 + 99;
2026-09-08T17:26:53.851001340Z pgbench: client 3 receiving
2026-09-08T17:26:53.854345106Z pgbench: client 3 receiving
2026-09-08T17:26:53.854372210Z pgbench: client 3 executing script "/work/read.sql"
2026-09-08T17:26:54.197168401Z pgbench: client 0 executing \set first
2026-09-08T17:26:54.197239813Z pgbench: client 0 sending SELECT inet_server_addr() AS server, pg_is_in_recovery() AS replica,
2026-09-08T17:26:54.197245914Z        count(*), sum(id), sum(length(payload))
2026-09-08T17:26:54.197249615Z FROM phase4_lab.items WHERE id BETWEEN 36679 AND 36679 + 99;
2026-09-08T17:26:54.197253416Z pgbench: client 0 receiving
2026-09-08T17:26:54.201629756Z pgbench: client 0 receiving
2026-09-08T17:26:54.202460997Z pgbench: client 0 executing script "/work/read.sql"
2026-09-08T17:26:54.300169426Z progress: 22.0 s, 2.0 tps, lat 29.358 ms stddev 14.632, 0 failed, lag 26.088 ms
2026-09-08T17:26:54.335424990Z pgbench: client 5 executing \set first
2026-09-08T17:26:54.335463697Z pgbench: client 5 sending SELECT inet_server_addr() AS server, pg_is_in_recovery() AS replica,
2026-09-08T17:26:54.335468898Z        count(*), sum(id), sum(length(payload))
2026-09-08T17:26:54.335471498Z FROM phase4_lab.items WHERE id BETWEEN 63936 AND 63936 + 99;
2026-09-08T17:26:54.335474099Z pgbench: client 5 receiving
2026-09-08T17:26:54.337267502Z pgbench: client 5 receiving
2026-09-08T17:26:54.337288205Z pgbench: client 5 executing script "/work/read.sql"
2026-09-08T17:26:55.442666003Z pgbench: client 1 executing \set first
2026-09-08T17:26:55.442684906Z pgbench: client 1 sending SELECT inet_server_addr() AS server, pg_is_in_recovery() AS replica,
2026-09-08T17:26:55.442688207Z        count(*), sum(id), sum(length(payload))
2026-09-08T17:26:55.442690207Z FROM phase4_lab.items WHERE id BETWEEN 28419 AND 28419 + 99;
2026-09-08T17:26:55.442692108Z pgbench: client 1 receiving
2026-09-08T17:26:55.444479610Z pgbench: client 1 receiving
2026-09-08T17:26:55.444495313Z pgbench: client 1 executing script "/work/read.sql"
2026-09-08T17:26:55.510995562Z pgbench: client 2 executing \set first
2026-09-08T17:26:55.511027868Z pgbench: client 2 sending SELECT inet_server_addr() AS server, pg_is_in_recovery() AS replica,
2026-09-08T17:26:55.511032169Z        count(*), sum(id), sum(length(payload))
2026-09-08T17:26:55.511034069Z FROM phase4_lab.items WHERE id BETWEEN 23729 AND 23729 + 99;
2026-09-08T17:26:55.511035869Z pgbench: client 2 receiving
2026-09-08T17:26:55.512586932Z pgbench: client 2 receiving
2026-09-08T17:26:55.512599934Z pgbench: client 2 executing script "/work/read.sql"
2026-09-08T17:26:56.117485663Z pgbench: client 6 executing \set first
2026-09-08T17:26:56.117530270Z pgbench: client 6 sending SELECT inet_server_addr() AS server, pg_is_in_recovery() AS replica,
2026-09-08T17:26:56.117536672Z        count(*), sum(id), sum(length(payload))
2026-09-08T17:26:56.117541572Z FROM phase4_lab.items WHERE id BETWEEN 69356 AND 69356 + 99;
2026-09-08T17:26:56.117546673Z pgbench: client 6 receiving
2026-09-08T17:26:56.125583633Z pgbench: client 6 receiving
2026-09-08T17:26:56.125620139Z pgbench: client 6 executing script "/work/read.sql"
2026-09-08T17:26:56.300788772Z progress: 24.0 s, 2.0 tps, lat 33.038 ms stddev 16.893, 0 failed, lag 29.605 ms
2026-09-08T17:26:56.659641580Z pgbench: client 7 executing \set first
2026-09-08T17:26:56.659686687Z pgbench: client 7 sending SELECT inet_server_addr() AS server, pg_is_in_recovery() AS replica,
2026-09-08T17:26:56.659695489Z        count(*), sum(id), sum(length(payload))
2026-09-08T17:26:56.659727794Z FROM phase4_lab.items WHERE id BETWEEN 82070 AND 82070 + 99;
2026-09-08T17:26:56.659735196Z pgbench: client 7 receiving
2026-09-08T17:26:56.662431452Z pgbench: client 7 receiving
2026-09-08T17:26:56.662456756Z pgbench: client 7 executing script "/work/read.sql"
2026-09-08T17:26:57.738581154Z pgbench: client 3 executing \set first
2026-09-08T17:26:57.738656263Z pgbench: client 3 sending SELECT inet_server_addr() AS server, pg_is_in_recovery() AS replica,
2026-09-08T17:26:57.738665864Z        count(*), sum(id), sum(length(payload))
2026-09-08T17:26:57.738671165Z FROM phase4_lab.items WHERE id BETWEEN 97740 AND 97740 + 99;
2026-09-08T17:26:57.738679166Z pgbench: client 3 receiving
2026-09-08T17:26:57.741744739Z pgbench: client 3 receiving
2026-09-08T17:26:57.741770943Z pgbench: client 3 executing script "/work/read.sql"
2026-09-08T17:26:57.744359558Z pgbench: client 4 executing \set first
2026-09-08T17:26:57.744388962Z pgbench: client 4 sending SELECT inet_server_addr() AS server, pg_is_in_recovery() AS replica,
2026-09-08T17:26:57.744393462Z        count(*), sum(id), sum(length(payload))
2026-09-08T17:26:57.744396763Z FROM phase4_lab.items WHERE id BETWEEN 20858 AND 20858 + 99;
2026-09-08T17:26:57.744399863Z pgbench: client 4 receiving
2026-09-08T17:26:57.746345200Z pgbench: client 4 receiving
2026-09-08T17:26:57.746362302Z pgbench: client 4 executing script "/work/read.sql"
2026-09-08T17:26:58.299631361Z progress: 26.0 s, 1.5 tps, lat 52.464 ms stddev 5.058, 0 failed, lag 49.703 ms
2026-09-08T17:26:58.544710943Z pgbench: client 0 executing \set first
2026-09-08T17:26:58.544742547Z pgbench: client 0 sending SELECT inet_server_addr() AS server, pg_is_in_recovery() AS replica,
2026-09-08T17:26:58.544746748Z        count(*), sum(id), sum(length(payload))
2026-09-08T17:26:58.544749448Z FROM phase4_lab.items WHERE id BETWEEN 37982 AND 37982 + 99;
2026-09-08T17:26:58.544751948Z pgbench: client 0 receiving
2026-09-08T17:26:58.546726989Z pgbench: client 0 receiving
2026-09-08T17:26:58.546744791Z pgbench: client 0 executing script "/work/read.sql"
2026-09-08T17:26:58.580514509Z pgbench: client 1 executing \set first
2026-09-08T17:26:58.580544013Z pgbench: client 1 sending SELECT inet_server_addr() AS server, pg_is_in_recovery() AS replica,
2026-09-08T17:26:58.580547313Z        count(*), sum(id), sum(length(payload))
2026-09-08T17:26:58.580549413Z FROM phase4_lab.items WHERE id BETWEEN 45929 AND 45929 + 99;
2026-09-08T17:26:58.580551513Z pgbench: client 1 receiving
2026-09-08T17:26:58.582221217Z pgbench: client 1 receiving
2026-09-08T17:26:58.582366535Z pgbench: client 1 executing script "/work/read.sql"
2026-09-08T17:26:59.193839290Z pgbench: client 2 executing \set first
2026-09-08T17:26:59.193893697Z pgbench: client 2 sending SELECT inet_server_addr() AS server, pg_is_in_recovery() AS replica,
2026-09-08T17:26:59.193932702Z        count(*), sum(id), sum(length(payload))
2026-09-08T17:26:59.193938502Z FROM phase4_lab.items WHERE id BETWEEN 65069 AND 65069 + 99;
2026-09-08T17:26:59.193942703Z pgbench: client 2 receiving
2026-09-08T17:26:59.197953492Z pgbench: client 2 receiving
2026-09-08T17:26:59.198001498Z pgbench: client 2 executing script "/work/read.sql"
