2026-09-08T17:36:07.959610826Z 2026-09-08 17:36:07,955 INFO: Selected new etcd server http://etcd:2379
2026-09-08T17:36:08.024131891Z 2026-09-08 17:36:08,023 INFO: No PostgreSQL configuration items changed, nothing to reload.
2026-09-08T17:36:08.177356183Z 2026-09-08 17:36:08,118 INFO: Lock owner: phase4-20260908T173358240-1efd4a87-primary; I am phase4-20260908T173358240-1efd4a87-elastic3
2026-09-08T17:36:08.177404187Z 2026-09-08 17:36:08,173 INFO: trying to bootstrap from leader 'phase4-20260908T173358240-1efd4a87-primary'
2026-09-08T17:36:11.786632435Z 2026-09-08 17:36:11,784 INFO: replica has been created using basebackup
2026-09-08T17:36:11.790415269Z 2026-09-08 17:36:11,787 INFO: bootstrapped from leader 'phase4-20260908T173358240-1efd4a87-primary'
2026-09-08T17:36:13.069714552Z 2026-09-08 17:36:13,058 INFO: postmaster pid=32
2026-09-08T17:36:13.174998250Z 2026-09-08 17:36:13,065 INFO: Lock owner: phase4-20260908T173358240-1efd4a87-primary; I am phase4-20260908T173358240-1efd4a87-elastic3
2026-09-08T17:36:13.175068057Z 2026-09-08 17:36:13,174 INFO: bootstrap from leader 'phase4-20260908T173358240-1efd4a87-primary' in progress
2026-09-08T17:36:13.177593180Z 2026-09-08 17:36:13.176 UTC [32] db= user= app= client= session=6aa0478d.20 tx=0 LOG:  redirecting log output to logging collector process
2026-09-08T17:36:13.177642884Z 2026-09-08 17:36:13.176 UTC [32] db= user= app= client= session=6aa0478d.20 tx=0 HINT:  Future log output will appear in directory "pg_log".
2026-09-08T17:36:13.319652526Z 2026-09-08 17:36:13,318 INFO: establishing a new patroni heartbeat connection to postgres
2026-09-08T17:36:13.569581499Z 2026-09-08 17:36:13,564 INFO: Lock owner: phase4-20260908T173358240-1efd4a87-primary; I am phase4-20260908T173358240-1efd4a87-elastic3
2026-09-08T17:36:13.569616602Z 2026-09-08 17:36:13,564 INFO: bootstrap from leader 'phase4-20260908T173358240-1efd4a87-primary' in progress
2026-09-08T17:36:14.569868040Z 2026-09-08 17:36:14,568 INFO: Reaped pid=46, exit status=0
2026-09-08T17:36:14.570638708Z 2026-09-08 17:36:14,569 INFO: Lock owner: phase4-20260908T173358240-1efd4a87-primary; I am phase4-20260908T173358240-1efd4a87-elastic3
2026-09-08T17:36:14.570724016Z 2026-09-08 17:36:14,569 INFO: establishing a new patroni heartbeat connection to postgres
2026-09-08T17:36:14.642902791Z 2026-09-08 17:36:14,642 INFO: no action. I am (phase4-20260908T173358240-1efd4a87-elastic3), a secondary, and following a leader (phase4-20260908T173358240-1efd4a87-primary)
2026-09-08T17:36:14.801246075Z 2026-09-08 17:36:14,800 INFO: establishing a new patroni restapi connection to postgres
2026-09-08T17:36:20.116262723Z 2026-09-08 17:36:20,115 INFO: no action. I am (phase4-20260908T173358240-1efd4a87-elastic3), a secondary, and following a leader (phase4-20260908T173358240-1efd4a87-primary)
2026-09-08T17:36:25.068512298Z 2026-09-08 17:36:25,067 INFO: no action. I am (phase4-20260908T173358240-1efd4a87-elastic3), a secondary, and following a leader (phase4-20260908T173358240-1efd4a87-primary)
2026-09-08T17:36:28.661817797Z 2026-09-08 17:36:28,659 INFO: no action. I am (phase4-20260908T173358240-1efd4a87-elastic3), a secondary, and following a leader (phase4-20260908T173358240-1efd4a87-primary)
2026-09-08T17:36:33.619332204Z 2026-09-08 17:36:33,618 INFO: no action. I am (phase4-20260908T173358240-1efd4a87-elastic3), a secondary, and following a leader (phase4-20260908T173358240-1efd4a87-primary)
2026-09-08T17:36:38.680043919Z 2026-09-08 17:36:38,679 INFO: no action. I am (phase4-20260908T173358240-1efd4a87-elastic3), a secondary, and following a leader (phase4-20260908T173358240-1efd4a87-primary)
2026-09-08T17:36:43.579624323Z 2026-09-08 17:36:43,578 INFO: no action. I am (phase4-20260908T173358240-1efd4a87-elastic3), a secondary, and following a leader (phase4-20260908T173358240-1efd4a87-primary)
2026-09-08T17:36:48.674585715Z 2026-09-08 17:36:48,671 INFO: no action. I am (phase4-20260908T173358240-1efd4a87-elastic3), a secondary, and following a leader (phase4-20260908T173358240-1efd4a87-primary)
2026-09-08T17:36:53.147459039Z 2026-09-08 17:36:53,129 WARNING: Exception happened during processing of request from 172.23.0.5:51768
2026-09-08T17:36:53.156641880Z 2026-09-08 17:36:53,155 WARNING: Traceback (most recent call last):
2026-09-08T17:36:53.156693686Z   File "/usr/lib/python3.11/socketserver.py", line 691, in process_request_thread
2026-09-08T17:36:53.156702987Z     self.finish_request(request, client_address)
2026-09-08T17:36:53.156709987Z   File "/usr/lib/python3.11/socketserver.py", line 361, in finish_request
2026-09-08T17:36:53.156716988Z     self.RequestHandlerClass(request, client_address, self)
2026-09-08T17:36:53.156723689Z   File "/usr/local/lib/python3.11/dist-packages/patroni/api.py", line 105, in __init__
2026-09-08T17:36:53.156730689Z     super(RestApiHandler, self).__init__(request, client_address, server)
2026-09-08T17:36:53.156737390Z   File "/usr/lib/python3.11/socketserver.py", line 755, in __init__
2026-09-08T17:36:53.156744091Z     self.handle()
2026-09-08T17:36:53.156750191Z   File "/usr/lib/python3.11/http/server.py", line 432, in handle
2026-09-08T17:36:53.156756592Z     self.handle_one_request()
2026-09-08T17:36:53.156762993Z   File "/usr/local/lib/python3.11/dist-packages/patroni/api.py", line 1348, in handle_one_request
2026-09-08T17:36:53.156769693Z     BaseHTTPRequestHandler.handle_one_request(self)
2026-09-08T17:36:53.156776194Z   File "/usr/lib/python3.11/http/server.py", line 420, in handle_one_request
2026-09-08T17:36:53.156782895Z     method()
2026-09-08T17:36:53.156788995Z   File "/usr/local/lib/python3.11/dist-packages/patroni/api.py", line 375, in do_GET
2026-09-08T17:36:53.156795996Z     self._write_status_response(status_code, response)
2026-09-08T17:36:53.156802697Z   File "/usr/local/lib/python3.11/dist-packages/patroni/api.py", line 221, in _write_status_response
2026-09-08T17:36:53.156830900Z     self._write_json_response(status_code, response)
2026-09-08T17:36:53.156836200Z   File "/usr/local/lib/python3.11/dist-packages/patroni/api.py", line 167, in _write_json_response
2026-09-08T17:36:53.156841101Z     self.write_response(status_code, json.dumps(response, default=str), content_type='application/json')
2026-09-08T17:36:53.156846001Z   File "/usr/local/lib/python3.11/dist-packages/patroni/api.py", line 157, in write_response
2026-09-08T17:36:53.156851002Z     self.wfile.write(body.encode('utf-8'))
2026-09-08T17:36:53.156855502Z   File "/usr/lib/python3.11/socketserver.py", line 834, in write
2026-09-08T17:36:53.156860203Z     self._sock.sendall(b)
2026-09-08T17:36:53.156864603Z ConnectionResetError: [Errno 104] Connection reset by peer
2026-09-08T17:36:53.156869004Z 
2026-09-08T17:36:53.664699043Z 2026-09-08 17:36:53,662 INFO: no action. I am (phase4-20260908T173358240-1efd4a87-elastic3), a secondary, and following a leader (phase4-20260908T173358240-1efd4a87-primary)
2026-09-08T17:36:59.125244808Z 2026-09-08 17:36:59,124 INFO: no action. I am (phase4-20260908T173358240-1efd4a87-elastic3), a secondary, and following a leader (phase4-20260908T173358240-1efd4a87-primary)
2026-09-08T17:37:04.086119255Z 2026-09-08 17:37:04,085 INFO: no action. I am (phase4-20260908T173358240-1efd4a87-elastic3), a secondary, and following a leader (phase4-20260908T173358240-1efd4a87-primary)
2026-09-08T17:37:04.246287534Z 2026-09-08 17:37:04,238 WARNING: Exception happened during processing of request from 172.23.0.5:60642
2026-09-08T17:37:04.246479853Z 2026-09-08 17:37:04,245 WARNING: Traceback (most recent call last):
2026-09-08T17:37:04.246502055Z   File "/usr/lib/python3.11/socketserver.py", line 691, in process_request_thread
2026-09-08T17:37:04.246512856Z     self.finish_request(request, client_address)
2026-09-08T17:37:04.246521457Z   File "/usr/lib/python3.11/socketserver.py", line 361, in finish_request
2026-09-08T17:37:04.246530058Z     self.RequestHandlerClass(request, client_address, self)
2026-09-08T17:37:04.246538158Z   File "/usr/local/lib/python3.11/dist-packages/patroni/api.py", line 105, in __init__
2026-09-08T17:37:04.246545859Z     super(RestApiHandler, self).__init__(request, client_address, server)
2026-09-08T17:37:04.246553760Z   File "/usr/lib/python3.11/socketserver.py", line 755, in __init__
2026-09-08T17:37:04.246561761Z     self.handle()
2026-09-08T17:37:04.246568761Z   File "/usr/lib/python3.11/http/server.py", line 432, in handle
2026-09-08T17:37:04.246576262Z     self.handle_one_request()
2026-09-08T17:37:04.246583063Z   File "/usr/local/lib/python3.11/dist-packages/patroni/api.py", line 1348, in handle_one_request
2026-09-08T17:37:04.246590363Z     BaseHTTPRequestHandler.handle_one_request(self)
2026-09-08T17:37:04.246597364Z   File "/usr/lib/python3.11/http/server.py", line 420, in handle_one_request
2026-09-08T17:37:04.246604565Z     method()
2026-09-08T17:37:04.246633868Z   File "/usr/local/lib/python3.11/dist-packages/patroni/api.py", line 375, in do_GET
2026-09-08T17:37:04.246640068Z     self._write_status_response(status_code, response)
2026-09-08T17:37:04.246644069Z   File "/usr/local/lib/python3.11/dist-packages/patroni/api.py", line 221, in _write_status_response
2026-09-08T17:37:04.246649369Z     self._write_json_response(status_code, response)
2026-09-08T17:37:04.246653669Z   File "/usr/local/lib/python3.11/dist-packages/patroni/api.py", line 167, in _write_json_response
2026-09-08T17:37:04.246657870Z     self.write_response(status_code, json.dumps(response, default=str), content_type='application/json')
2026-09-08T17:37:04.246662270Z   File "/usr/local/lib/python3.11/dist-packages/patroni/api.py", line 157, in write_response
2026-09-08T17:37:04.246666571Z     self.wfile.write(body.encode('utf-8'))
2026-09-08T17:37:04.246670971Z   File "/usr/lib/python3.11/socketserver.py", line 834, in write
2026-09-08T17:37:04.246675472Z     self._sock.sendall(b)
2026-09-08T17:37:04.246679672Z ConnectionResetError: [Errno 104] Connection reset by peer
2026-09-08T17:37:04.246684072Z 
2026-09-08T17:37:09.128630913Z 2026-09-08 17:37:09,126 INFO: no action. I am (phase4-20260908T173358240-1efd4a87-elastic3), a secondary, and following a leader (phase4-20260908T173358240-1efd4a87-primary)
2026-09-08T17:37:13.621698147Z 2026-09-08 17:37:13,620 INFO: no action. I am (phase4-20260908T173358240-1efd4a87-elastic3), a secondary, and following a leader (phase4-20260908T173358240-1efd4a87-primary)
2026-09-08T17:37:19.118496031Z 2026-09-08 17:37:19,117 INFO: no action. I am (phase4-20260908T173358240-1efd4a87-elastic3), a secondary, and following a leader (phase4-20260908T173358240-1efd4a87-primary)
2026-09-08T17:37:23.633920317Z 2026-09-08 17:37:23,633 INFO: no action. I am (phase4-20260908T173358240-1efd4a87-elastic3), a secondary, and following a leader (phase4-20260908T173358240-1efd4a87-primary)
2026-09-08T17:37:28.684029416Z 2026-09-08 17:37:28,683 INFO: no action. I am (phase4-20260908T173358240-1efd4a87-elastic3), a secondary, and following a leader (phase4-20260908T173358240-1efd4a87-primary)
2026-09-08T17:37:33.691301914Z 2026-09-08 17:37:33,690 INFO: no action. I am (phase4-20260908T173358240-1efd4a87-elastic3), a secondary, and following a leader (phase4-20260908T173358240-1efd4a87-primary)
2026-09-08T17:37:38.531093990Z 2026-09-08 17:37:38,530 INFO: no action. I am (phase4-20260908T173358240-1efd4a87-elastic3), a secondary, and following a leader (phase4-20260908T173358240-1efd4a87-primary)
2026-09-08T17:37:43.670041172Z 2026-09-08 17:37:43,669 INFO: no action. I am (phase4-20260908T173358240-1efd4a87-elastic3), a secondary, and following a leader (phase4-20260908T173358240-1efd4a87-primary)
2026-09-08T17:37:49.124926237Z 2026-09-08 17:37:49,124 INFO: no action. I am (phase4-20260908T173358240-1efd4a87-elastic3), a secondary, and following a leader (phase4-20260908T173358240-1efd4a87-primary)
2026-09-08T17:37:51.569183593Z 2026-09-08 17:37:51,564 WARNING: Exception happened during processing of request from 172.23.0.5:34724
2026-09-08T17:37:51.569306107Z 2026-09-08 17:37:51,567 WARNING: Traceback (most recent call last):
2026-09-08T17:37:51.569345112Z   File "/usr/lib/python3.11/socketserver.py", line 691, in process_request_thread
2026-09-08T17:37:51.569352613Z     self.finish_request(request, client_address)
2026-09-08T17:37:51.569357013Z   File "/usr/lib/python3.11/socketserver.py", line 361, in finish_request
2026-09-08T17:37:51.569361914Z     self.RequestHandlerClass(request, client_address, self)
2026-09-08T17:37:51.569366114Z   File "/usr/local/lib/python3.11/dist-packages/patroni/api.py", line 105, in __init__
2026-09-08T17:37:51.569369815Z     super(RestApiHandler, self).__init__(request, client_address, server)
2026-09-08T17:37:51.569373715Z   File "/usr/lib/python3.11/socketserver.py", line 755, in __init__
2026-09-08T17:37:51.569377916Z     self.handle()
2026-09-08T17:37:51.569382016Z   File "/usr/lib/python3.11/http/server.py", line 432, in handle
2026-09-08T17:37:51.569385916Z     self.handle_one_request()
2026-09-08T17:37:51.569390017Z   File "/usr/local/lib/python3.11/dist-packages/patroni/api.py", line 1348, in handle_one_request
2026-09-08T17:37:51.569394417Z     BaseHTTPRequestHandler.handle_one_request(self)
2026-09-08T17:37:51.569398718Z   File "/usr/lib/python3.11/http/server.py", line 420, in handle_one_request
2026-09-08T17:37:51.569402618Z     method()
2026-09-08T17:37:51.569406519Z   File "/usr/local/lib/python3.11/dist-packages/patroni/api.py", line 375, in do_GET
2026-09-08T17:37:51.569410619Z     self._write_status_response(status_code, response)
2026-09-08T17:37:51.569414420Z   File "/usr/local/lib/python3.11/dist-packages/patroni/api.py", line 221, in _write_status_response
2026-09-08T17:37:51.569418620Z     self._write_json_response(status_code, response)
2026-09-08T17:37:51.569422521Z   File "/usr/local/lib/python3.11/dist-packages/patroni/api.py", line 167, in _write_json_response
2026-09-08T17:37:51.569426521Z     self.write_response(status_code, json.dumps(response, default=str), content_type='application/json')
2026-09-08T17:37:51.569430622Z   File "/usr/local/lib/python3.11/dist-packages/patroni/api.py", line 157, in write_response
2026-09-08T17:37:51.569434822Z     self.wfile.write(body.encode('utf-8'))
2026-09-08T17:37:51.569438923Z   File "/usr/lib/python3.11/socketserver.py", line 834, in write
2026-09-08T17:37:51.569443523Z     self._sock.sendall(b)
2026-09-08T17:37:51.569447824Z ConnectionResetError: [Errno 104] Connection reset by peer
2026-09-08T17:37:51.569452324Z 
2026-09-08T17:37:53.679950164Z 2026-09-08 17:37:53,679 INFO: no action. I am (phase4-20260908T173358240-1efd4a87-elastic3), a secondary, and following a leader (phase4-20260908T173358240-1efd4a87-primary)
2026-09-08T17:37:59.160003436Z 2026-09-08 17:37:59,159 INFO: no action. I am (phase4-20260908T173358240-1efd4a87-elastic3), a secondary, and following a leader (phase4-20260908T173358240-1efd4a87-primary)
2026-09-08T17:38:04.118388755Z 2026-09-08 17:38:04,112 INFO: no action. I am (phase4-20260908T173358240-1efd4a87-elastic3), a secondary, and following a leader (phase4-20260908T173358240-1efd4a87-primary)
2026-09-08T17:38:05.731086273Z 2026-09-08 17:38:05,727 WARNING: Exception happened during processing of request from 172.23.0.5:32796
2026-09-08T17:38:05.740652947Z 2026-09-08 17:38:05,736 WARNING: Traceback (most recent call last):
2026-09-08T17:38:05.740732154Z   File "/usr/lib/python3.11/socketserver.py", line 691, in process_request_thread
2026-09-08T17:38:05.740740055Z     self.finish_request(request, client_address)
2026-09-08T17:38:05.740744956Z   File "/usr/lib/python3.11/socketserver.py", line 361, in finish_request
2026-09-08T17:38:05.740749156Z     self.RequestHandlerClass(request, client_address, self)
2026-09-08T17:38:05.740753356Z   File "/usr/local/lib/python3.11/dist-packages/patroni/api.py", line 105, in __init__
2026-09-08T17:38:05.740757157Z     super(RestApiHandler, self).__init__(request, client_address, server)
2026-09-08T17:38:05.740761257Z   File "/usr/lib/python3.11/socketserver.py", line 755, in __init__
2026-09-08T17:38:05.740765557Z     self.handle()
2026-09-08T17:38:05.740769458Z   File "/usr/lib/python3.11/http/server.py", line 432, in handle
2026-09-08T17:38:05.740773758Z     self.handle_one_request()
2026-09-08T17:38:05.740777359Z   File "/usr/local/lib/python3.11/dist-packages/patroni/api.py", line 1348, in handle_one_request
2026-09-08T17:38:05.740781759Z     BaseHTTPRequestHandler.handle_one_request(self)
2026-09-08T17:38:05.740785959Z   File "/usr/lib/python3.11/http/server.py", line 420, in handle_one_request
2026-09-08T17:38:05.740790360Z     method()
2026-09-08T17:38:05.740794460Z   File "/usr/local/lib/python3.11/dist-packages/patroni/api.py", line 375, in do_GET
2026-09-08T17:38:05.740798560Z     self._write_status_response(status_code, response)
2026-09-08T17:38:05.740802461Z   File "/usr/local/lib/python3.11/dist-packages/patroni/api.py", line 221, in _write_status_response
2026-09-08T17:38:05.740806861Z     self._write_json_response(status_code, response)
2026-09-08T17:38:05.740810862Z   File "/usr/local/lib/python3.11/dist-packages/patroni/api.py", line 167, in _write_json_response
2026-09-08T17:38:05.740815062Z     self.write_response(status_code, json.dumps(response, default=str), content_type='application/json')
2026-09-08T17:38:05.740818962Z   File "/usr/local/lib/python3.11/dist-packages/patroni/api.py", line 157, in write_response
2026-09-08T17:38:05.740822963Z     self.wfile.write(body.encode('utf-8'))
2026-09-08T17:38:05.740826763Z   File "/usr/lib/python3.11/socketserver.py", line 834, in write
2026-09-08T17:38:05.740830963Z     self._sock.sendall(b)
2026-09-08T17:38:05.740834764Z ConnectionResetError: [Errno 104] Connection reset by peer
2026-09-08T17:38:05.740839764Z 
2026-09-08T17:38:09.070770292Z 2026-09-08 17:38:09,069 INFO: no action. I am (phase4-20260908T173358240-1efd4a87-elastic3), a secondary, and following a leader (phase4-20260908T173358240-1efd4a87-primary)
2026-09-08T17:38:14.162935901Z 2026-09-08 17:38:14,161 INFO: no action. I am (phase4-20260908T173358240-1efd4a87-elastic3), a secondary, and following a leader (phase4-20260908T173358240-1efd4a87-primary)
2026-09-08T17:38:18.651511138Z 2026-09-08 17:38:18,650 INFO: no action. I am (phase4-20260908T173358240-1efd4a87-elastic3), a secondary, and following a leader (phase4-20260908T173358240-1efd4a87-primary)
2026-09-08T17:38:23.692127631Z 2026-09-08 17:38:23,687 INFO: no action. I am (phase4-20260908T173358240-1efd4a87-elastic3), a secondary, and following a leader (phase4-20260908T173358240-1efd4a87-primary)
2026-09-08T17:38:29.124558778Z 2026-09-08 17:38:29,123 INFO: no action. I am (phase4-20260908T173358240-1efd4a87-elastic3), a secondary, and following a leader (phase4-20260908T173358240-1efd4a87-primary)
2026-09-08T17:38:34.067702011Z 2026-09-08 17:38:34,067 INFO: no action. I am (phase4-20260908T173358240-1efd4a87-elastic3), a secondary, and following a leader (phase4-20260908T173358240-1efd4a87-primary)
2026-09-08T17:38:39.193548503Z 2026-09-08 17:38:39,192 INFO: no action. I am (phase4-20260908T173358240-1efd4a87-elastic3), a secondary, and following a leader (phase4-20260908T173358240-1efd4a87-primary)
2026-09-08T17:38:43.609621986Z 2026-09-08 17:38:43,608 INFO: no action. I am (phase4-20260908T173358240-1efd4a87-elastic3), a secondary, and following a leader (phase4-20260908T173358240-1efd4a87-primary)
2026-09-08T17:38:48.657987182Z 2026-09-08 17:38:48,656 INFO: no action. I am (phase4-20260908T173358240-1efd4a87-elastic3), a secondary, and following a leader (phase4-20260908T173358240-1efd4a87-primary)
2026-09-08T17:38:53.618003087Z 2026-09-08 17:38:53,617 INFO: no action. I am (phase4-20260908T173358240-1efd4a87-elastic3), a secondary, and following a leader (phase4-20260908T173358240-1efd4a87-primary)
2026-09-08T17:38:58.658689489Z 2026-09-08 17:38:58,657 INFO: no action. I am (phase4-20260908T173358240-1efd4a87-elastic3), a secondary, and following a leader (phase4-20260908T173358240-1efd4a87-primary)
2026-09-08T17:39:03.608455379Z 2026-09-08 17:39:03,607 INFO: no action. I am (phase4-20260908T173358240-1efd4a87-elastic3), a secondary, and following a leader (phase4-20260908T173358240-1efd4a87-primary)
