2026-09-08T17:23:44.049400822Z 2026-09-08 17:23:44,047 INFO: Selected new etcd server http://etcd:2379
2026-09-08T17:23:44.118977093Z 2026-09-08 17:23:44,117 INFO: No PostgreSQL configuration items changed, nothing to reload.
2026-09-08T17:23:44.249310659Z 2026-09-08 17:23:44,197 INFO: Lock owner: phase4-20260908T172330223-7440cd0b-primary; I am phase4-20260908T172330223-7440cd0b-base
2026-09-08T17:23:44.249342864Z 2026-09-08 17:23:44,247 INFO: trying to bootstrap from leader 'phase4-20260908T172330223-7440cd0b-primary'
2026-09-08T17:23:46.205310430Z 2026-09-08 17:23:46,204 INFO: replica has been created using basebackup
2026-09-08T17:23:46.207359395Z 2026-09-08 17:23:46,206 INFO: bootstrapped from leader 'phase4-20260908T172330223-7440cd0b-primary'
2026-09-08T17:23:46.685801818Z 2026-09-08 17:23:46,685 INFO: postmaster pid=32
2026-09-08T17:23:46.688539305Z 2026-09-08 17:23:46.688 UTC [32] db= user= app= client= session=6aa044a2.20 tx=0 LOG:  redirecting log output to logging collector process
2026-09-08T17:23:46.688571411Z 2026-09-08 17:23:46.688 UTC [32] db= user= app= client= session=6aa044a2.20 tx=0 HINT:  Future log output will appear in directory "pg_log".
2026-09-08T17:23:47.242504980Z 2026-09-08 17:23:47,241 INFO: establishing a new patroni heartbeat connection to postgres
2026-09-08T17:23:47.254216367Z 2026-09-08 17:23:47,253 INFO: establishing a new patroni restapi connection to postgres
2026-09-08T17:23:47.913283463Z 2026-09-08 17:23:47,911 INFO: no action. I am (phase4-20260908T172330223-7440cd0b-base), a secondary, and following a leader (phase4-20260908T172330223-7440cd0b-primary)
2026-09-08T17:23:49.055777970Z 2026-09-08 17:23:49,054 INFO: no action. I am (phase4-20260908T172330223-7440cd0b-base), a secondary, and following a leader (phase4-20260908T172330223-7440cd0b-primary)
2026-09-08T17:23:54.647297383Z 2026-09-08 17:23:54,646 INFO: no action. I am (phase4-20260908T172330223-7440cd0b-base), a secondary, and following a leader (phase4-20260908T172330223-7440cd0b-primary)
2026-09-08T17:23:59.088350387Z 2026-09-08 17:23:59,087 INFO: no action. I am (phase4-20260908T172330223-7440cd0b-base), a secondary, and following a leader (phase4-20260908T172330223-7440cd0b-primary)
2026-09-08T17:24:01.763898990Z 2026-09-08 17:24:01,761 WARNING: Exception happened during processing of request from 172.21.0.5:42890
2026-09-08T17:24:01.778472698Z 2026-09-08 17:24:01,776 WARNING: Traceback (most recent call last):
2026-09-08T17:24:01.778528908Z   File "/usr/lib/python3.11/socketserver.py", line 691, in process_request_thread
2026-09-08T17:24:01.778538810Z     self.finish_request(request, client_address)
2026-09-08T17:24:01.778545311Z   File "/usr/lib/python3.11/socketserver.py", line 361, in finish_request
2026-09-08T17:24:01.778584018Z     self.RequestHandlerClass(request, client_address, self)
2026-09-08T17:24:01.778589319Z   File "/usr/local/lib/python3.11/dist-packages/patroni/api.py", line 105, in __init__
2026-09-08T17:24:01.778592919Z     super(RestApiHandler, self).__init__(request, client_address, server)
2026-09-08T17:24:01.778596420Z   File "/usr/lib/python3.11/socketserver.py", line 755, in __init__
2026-09-08T17:24:01.778599621Z     self.handle()
2026-09-08T17:24:01.778602821Z   File "/usr/lib/python3.11/http/server.py", line 432, in handle
2026-09-08T17:24:01.778606122Z     self.handle_one_request()
2026-09-08T17:24:01.778609122Z   File "/usr/local/lib/python3.11/dist-packages/patroni/api.py", line 1348, in handle_one_request
2026-09-08T17:24:01.778612423Z     BaseHTTPRequestHandler.handle_one_request(self)
2026-09-08T17:24:01.778615824Z   File "/usr/lib/python3.11/http/server.py", line 420, in handle_one_request
2026-09-08T17:24:01.778619124Z     method()
2026-09-08T17:24:01.778622225Z   File "/usr/local/lib/python3.11/dist-packages/patroni/api.py", line 375, in do_GET
2026-09-08T17:24:01.778625925Z     self._write_status_response(status_code, response)
2026-09-08T17:24:01.778629526Z   File "/usr/local/lib/python3.11/dist-packages/patroni/api.py", line 221, in _write_status_response
2026-09-08T17:24:01.778633127Z     self._write_json_response(status_code, response)
2026-09-08T17:24:01.778636527Z   File "/usr/local/lib/python3.11/dist-packages/patroni/api.py", line 167, in _write_json_response
2026-09-08T17:24:01.778640228Z     self.write_response(status_code, json.dumps(response, default=str), content_type='application/json')
2026-09-08T17:24:01.778643528Z   File "/usr/local/lib/python3.11/dist-packages/patroni/api.py", line 157, in write_response
2026-09-08T17:24:01.778646929Z     self.wfile.write(body.encode('utf-8'))
2026-09-08T17:24:01.778650230Z   File "/usr/lib/python3.11/socketserver.py", line 834, in write
2026-09-08T17:24:01.778653730Z     self._sock.sendall(b)
2026-09-08T17:24:01.778656731Z ConnectionResetError: [Errno 104] Connection reset by peer
2026-09-08T17:24:01.778660331Z 
2026-09-08T17:24:01.923002064Z 2026-09-08 17:24:01,908 WARNING: Exception happened during processing of request from 172.21.0.5:42900
2026-09-08T17:24:01.923054873Z 2026-09-08 17:24:01,913 WARNING: Traceback (most recent call last):
2026-09-08T17:24:01.923062474Z   File "/usr/lib/python3.11/socketserver.py", line 691, in process_request_thread
2026-09-08T17:24:01.923066775Z     self.finish_request(request, client_address)
2026-09-08T17:24:01.923070476Z   File "/usr/lib/python3.11/socketserver.py", line 361, in finish_request
2026-09-08T17:24:01.923074577Z     self.RequestHandlerClass(request, client_address, self)
2026-09-08T17:24:01.923078177Z   File "/usr/local/lib/python3.11/dist-packages/patroni/api.py", line 105, in __init__
2026-09-08T17:24:01.923098581Z     super(RestApiHandler, self).__init__(request, client_address, server)
2026-09-08T17:24:01.923103182Z   File "/usr/lib/python3.11/socketserver.py", line 755, in __init__
2026-09-08T17:24:01.923106882Z     self.handle()
2026-09-08T17:24:01.923110383Z   File "/usr/lib/python3.11/http/server.py", line 432, in handle
2026-09-08T17:24:01.923113784Z     self.handle_one_request()
2026-09-08T17:24:01.923117184Z   File "/usr/local/lib/python3.11/dist-packages/patroni/api.py", line 1348, in handle_one_request
2026-09-08T17:24:01.923120785Z     BaseHTTPRequestHandler.handle_one_request(self)
2026-09-08T17:24:01.923124085Z   File "/usr/lib/python3.11/http/server.py", line 420, in handle_one_request
2026-09-08T17:24:01.923127886Z     method()
2026-09-08T17:24:01.923131387Z   File "/usr/local/lib/python3.11/dist-packages/patroni/api.py", line 375, in do_GET
2026-09-08T17:24:01.923134987Z     self._write_status_response(status_code, response)
2026-09-08T17:24:01.923138488Z   File "/usr/local/lib/python3.11/dist-packages/patroni/api.py", line 221, in _write_status_response
2026-09-08T17:24:01.923142189Z     self._write_json_response(status_code, response)
2026-09-08T17:24:01.923145689Z   File "/usr/local/lib/python3.11/dist-packages/patroni/api.py", line 167, in _write_json_response
2026-09-08T17:24:01.923149090Z     self.write_response(status_code, json.dumps(response, default=str), content_type='application/json')
2026-09-08T17:24:01.923152491Z   File "/usr/local/lib/python3.11/dist-packages/patroni/api.py", line 157, in write_response
2026-09-08T17:24:01.923156291Z     self.wfile.write(body.encode('utf-8'))
2026-09-08T17:24:01.923159392Z   File "/usr/lib/python3.11/socketserver.py", line 834, in write
2026-09-08T17:24:01.923162692Z     self._sock.sendall(b)
2026-09-08T17:24:01.923165693Z ConnectionResetError: [Errno 104] Connection reset by peer
2026-09-08T17:24:01.923169094Z 
2026-09-08T17:24:04.136816459Z 2026-09-08 17:24:04,136 INFO: no action. I am (phase4-20260908T172330223-7440cd0b-base), a secondary, and following a leader (phase4-20260908T172330223-7440cd0b-primary)
2026-09-08T17:24:09.090069018Z 2026-09-08 17:24:09,089 INFO: no action. I am (phase4-20260908T172330223-7440cd0b-base), a secondary, and following a leader (phase4-20260908T172330223-7440cd0b-primary)
2026-09-08T17:24:14.145580663Z 2026-09-08 17:24:14,144 INFO: no action. I am (phase4-20260908T172330223-7440cd0b-base), a secondary, and following a leader (phase4-20260908T172330223-7440cd0b-primary)
2026-09-08T17:24:19.089563847Z 2026-09-08 17:24:19,089 INFO: no action. I am (phase4-20260908T172330223-7440cd0b-base), a secondary, and following a leader (phase4-20260908T172330223-7440cd0b-primary)
2026-09-08T17:24:24.594786061Z 2026-09-08 17:24:24,593 INFO: no action. I am (phase4-20260908T172330223-7440cd0b-base), a secondary, and following a leader (phase4-20260908T172330223-7440cd0b-primary)
2026-09-08T17:24:29.552199491Z 2026-09-08 17:24:29,550 INFO: no action. I am (phase4-20260908T172330223-7440cd0b-base), a secondary, and following a leader (phase4-20260908T172330223-7440cd0b-primary)
2026-09-08T17:24:34.201280313Z 2026-09-08 17:24:34,200 INFO: no action. I am (phase4-20260908T172330223-7440cd0b-base), a secondary, and following a leader (phase4-20260908T172330223-7440cd0b-primary)
2026-09-08T17:24:39.088561579Z 2026-09-08 17:24:39,087 INFO: no action. I am (phase4-20260908T172330223-7440cd0b-base), a secondary, and following a leader (phase4-20260908T172330223-7440cd0b-primary)
2026-09-08T17:24:44.154797343Z 2026-09-08 17:24:44,154 INFO: no action. I am (phase4-20260908T172330223-7440cd0b-base), a secondary, and following a leader (phase4-20260908T172330223-7440cd0b-primary)
2026-09-08T17:24:45.150940294Z 2026-09-08 17:24:45,148 WARNING: Exception happened during processing of request from 172.21.0.5:50540
2026-09-08T17:24:45.156868219Z 2026-09-08 17:24:45,152 WARNING: Traceback (most recent call last):
2026-09-08T17:24:45.156907325Z   File "/usr/lib/python3.11/socketserver.py", line 691, in process_request_thread
2026-09-08T17:24:45.156915027Z     self.finish_request(request, client_address)
2026-09-08T17:24:45.156920828Z   File "/usr/lib/python3.11/socketserver.py", line 361, in finish_request
2026-09-08T17:24:45.156926629Z     self.RequestHandlerClass(request, client_address, self)
2026-09-08T17:24:45.156932130Z   File "/usr/local/lib/python3.11/dist-packages/patroni/api.py", line 105, in __init__
2026-09-08T17:24:45.156938131Z     super(RestApiHandler, self).__init__(request, client_address, server)
2026-09-08T17:24:45.156943732Z   File "/usr/lib/python3.11/socketserver.py", line 755, in __init__
2026-09-08T17:24:45.156949333Z     self.handle()
2026-09-08T17:24:45.156954634Z   File "/usr/lib/python3.11/http/server.py", line 432, in handle
2026-09-08T17:24:45.156960035Z     self.handle_one_request()
2026-09-08T17:24:45.156965235Z   File "/usr/local/lib/python3.11/dist-packages/patroni/api.py", line 1348, in handle_one_request
2026-09-08T17:24:45.156970736Z     BaseHTTPRequestHandler.handle_one_request(self)
2026-09-08T17:24:45.156976137Z   File "/usr/lib/python3.11/http/server.py", line 420, in handle_one_request
2026-09-08T17:24:45.156981738Z     method()
2026-09-08T17:24:45.156987239Z   File "/usr/local/lib/python3.11/dist-packages/patroni/api.py", line 375, in do_GET
2026-09-08T17:24:45.156992940Z     self._write_status_response(status_code, response)
2026-09-08T17:24:45.156998341Z   File "/usr/local/lib/python3.11/dist-packages/patroni/api.py", line 221, in _write_status_response
2026-09-08T17:24:45.157003842Z     self._write_json_response(status_code, response)
2026-09-08T17:24:45.157009343Z   File "/usr/local/lib/python3.11/dist-packages/patroni/api.py", line 167, in _write_json_response
2026-09-08T17:24:45.157015144Z     self.write_response(status_code, json.dumps(response, default=str), content_type='application/json')
2026-09-08T17:24:45.157021045Z   File "/usr/local/lib/python3.11/dist-packages/patroni/api.py", line 157, in write_response
2026-09-08T17:24:45.157027046Z     self.wfile.write(body.encode('utf-8'))
2026-09-08T17:24:45.157087057Z   File "/usr/lib/python3.11/socketserver.py", line 834, in write
2026-09-08T17:24:45.157096458Z     self._sock.sendall(b)
2026-09-08T17:24:45.157100459Z ConnectionResetError: [Errno 104] Connection reset by peer
2026-09-08T17:24:45.157103759Z 
2026-09-08T17:24:46.013187306Z 2026-09-08 17:24:46,008 WARNING: Exception happened during processing of request from 172.21.0.5:50552
2026-09-08T17:24:46.013264319Z 2026-09-08 17:24:46,011 WARNING: Traceback (most recent call last):
2026-09-08T17:24:46.013270720Z   File "/usr/lib/python3.11/socketserver.py", line 691, in process_request_thread
2026-09-08T17:24:46.013274721Z     self.finish_request(request, client_address)
2026-09-08T17:24:46.013278222Z   File "/usr/lib/python3.11/socketserver.py", line 361, in finish_request
2026-09-08T17:24:46.013281422Z     self.RequestHandlerClass(request, client_address, self)
2026-09-08T17:24:46.013284723Z   File "/usr/local/lib/python3.11/dist-packages/patroni/api.py", line 105, in __init__
2026-09-08T17:24:46.013288023Z     super(RestApiHandler, self).__init__(request, client_address, server)
2026-09-08T17:24:46.013291524Z   File "/usr/lib/python3.11/socketserver.py", line 755, in __init__
2026-09-08T17:24:46.013294824Z     self.handle()
2026-09-08T17:24:46.013297925Z   File "/usr/lib/python3.11/http/server.py", line 432, in handle
2026-09-08T17:24:46.013301125Z     self.handle_one_request()
2026-09-08T17:24:46.013304626Z   File "/usr/local/lib/python3.11/dist-packages/patroni/api.py", line 1348, in handle_one_request
2026-09-08T17:24:46.013308227Z     BaseHTTPRequestHandler.handle_one_request(self)
2026-09-08T17:24:46.013311527Z   File "/usr/lib/python3.11/http/server.py", line 420, in handle_one_request
2026-09-08T17:24:46.013315228Z     method()
2026-09-08T17:24:46.013318328Z   File "/usr/local/lib/python3.11/dist-packages/patroni/api.py", line 375, in do_GET
2026-09-08T17:24:46.013321729Z     self._write_status_response(status_code, response)
2026-09-08T17:24:46.013325230Z   File "/usr/local/lib/python3.11/dist-packages/patroni/api.py", line 221, in _write_status_response
2026-09-08T17:24:46.013328630Z     self._write_json_response(status_code, response)
2026-09-08T17:24:46.013331931Z   File "/usr/local/lib/python3.11/dist-packages/patroni/api.py", line 167, in _write_json_response
2026-09-08T17:24:46.013335631Z     self.write_response(status_code, json.dumps(response, default=str), content_type='application/json')
2026-09-08T17:24:46.013339332Z   File "/usr/local/lib/python3.11/dist-packages/patroni/api.py", line 157, in write_response
2026-09-08T17:24:46.013342933Z     self.wfile.write(body.encode('utf-8'))
2026-09-08T17:24:46.013346033Z   File "/usr/lib/python3.11/socketserver.py", line 834, in write
2026-09-08T17:24:46.013349534Z     self._sock.sendall(b)
2026-09-08T17:24:46.013398142Z ConnectionResetError: [Errno 104] Connection reset by peer
2026-09-08T17:24:46.013408044Z 
2026-09-08T17:24:49.098245569Z 2026-09-08 17:24:49,097 INFO: no action. I am (phase4-20260908T172330223-7440cd0b-base), a secondary, and following a leader (phase4-20260908T172330223-7440cd0b-primary)
2026-09-08T17:24:54.146586770Z 2026-09-08 17:24:54,145 INFO: no action. I am (phase4-20260908T172330223-7440cd0b-base), a secondary, and following a leader (phase4-20260908T172330223-7440cd0b-primary)
2026-09-08T17:24:59.113712968Z 2026-09-08 17:24:59,113 INFO: no action. I am (phase4-20260908T172330223-7440cd0b-base), a secondary, and following a leader (phase4-20260908T172330223-7440cd0b-primary)
2026-09-08T17:25:04.612455358Z 2026-09-08 17:25:04,611 INFO: no action. I am (phase4-20260908T172330223-7440cd0b-base), a secondary, and following a leader (phase4-20260908T172330223-7440cd0b-primary)
