2026-09-08T23:16:41.981821899Z === Rendered Patroni config for phase4-20260908T231619712-a9cb57ed-primary (credentials not logged) ===
2026-09-08T23:16:41.981904612Z === Starting Patroni ===
2026-09-08T23:16:46.963566388Z The files belonging to this database system will be owned by user "postgres".
2026-09-08T23:16:46.963606395Z This user must also own the server process.
2026-09-08T23:16:46.963616097Z 
2026-09-08T23:16:47.212727525Z The database cluster will be initialized with locale "en_US.utf8".
2026-09-08T23:16:47.212768332Z The default text search configuration will be set to "english".
2026-09-08T23:16:47.212775733Z 
2026-09-08T23:16:47.212780334Z Data page checksums are enabled.
2026-09-08T23:16:47.212784335Z 
2026-09-08T23:16:47.214781969Z creating directory /var/lib/postgresql/data/pgdata ... ok
2026-09-08T23:16:47.346761314Z creating subdirectories ... ok
2026-09-08T23:16:47.361473114Z selecting dynamic shared memory implementation ... posix
2026-09-08T23:16:47.552106854Z selecting default max_connections ... 100
2026-09-08T23:16:47.899980414Z selecting default shared_buffers ... 128MB
2026-09-08T23:16:47.994852848Z selecting default time zone ... Etc/UTC
2026-09-08T23:16:48.009004802Z creating configuration files ... ok
2026-09-08T23:16:51.000362664Z running bootstrap script ... ok
2026-09-08T23:16:54.332517209Z performing post-bootstrap initialization ... ok
2026-09-08T23:16:57.531727771Z syncing data to disk ... ok
2026-09-08T23:16:57.531788270Z 
2026-09-08T23:16:57.531799969Z 
2026-09-08T23:16:57.531807169Z Success. You can now start the database server using:
2026-09-08T23:16:57.531813969Z 
2026-09-08T23:16:57.531818169Z     pg_ctl -D /var/lib/postgresql/data/pgdata -l logfile start
2026-09-08T23:16:57.531852468Z 
2026-09-08T23:17:00.902110525Z localhost:5432 - accepting connections
2026-09-08T23:17:01.282305126Z localhost:5432 - accepting connections
