2026-09-08T17:26:03.906797260Z 2026-09-08 17:26:03,906 INFO: Selected new etcd server http://etcd:2379
2026-09-08T17:26:03.962037359Z 2026-09-08 17:26:03,961 INFO: No PostgreSQL configuration items changed, nothing to reload.
2026-09-08T17:26:04.115530655Z 2026-09-08 17:26:04,021 INFO: Lock owner: None; I am phase4-20260908T172559675-6d1659c7-primary
2026-09-08T17:26:04.115582664Z 2026-09-08 17:26:04,114 INFO: trying to bootstrap a new cluster
2026-09-08T17:26:07.161140304Z initdb: warning: enabling "trust" authentication for local connections
2026-09-08T17:26:07.161171709Z initdb: hint: You can change this by editing pg_hba.conf or using the option -A, or --auth-local and --auth-host, the next time you run initdb.
2026-09-08T17:26:07.380585341Z 2026-09-08 17:26:07,379 INFO: establishing a new patroni heartbeat connection to postgres
2026-09-08T17:26:07.602793654Z 2026-09-08 17:26:07,601 INFO: postmaster pid=65
2026-09-08T17:26:07.603075403Z 2026-09-08 17:26:07.602 UTC [65] db= user= app= client= session=6aa0452f.41 tx=0 LOG:  redirecting log output to logging collector process
2026-09-08T17:26:07.603100407Z 2026-09-08 17:26:07.602 UTC [65] db= user= app= client= session=6aa0452f.41 tx=0 HINT:  Future log output will appear in directory "pg_log".
2026-09-08T17:26:07.723631335Z 2026-09-08 17:26:07,722 INFO: establishing a new patroni heartbeat connection to postgres
2026-09-08T17:26:07.780039935Z 2026-09-08 17:26:07,779 INFO: running post_bootstrap
2026-09-08T17:26:07.811722984Z 2026-09-08 17:26:07,811 WARNING: User creation via "bootstrap.users" will be removed in v4.0.0
2026-09-08T17:26:07.825285916Z 2026-09-08 17:26:07,824 WARNING: Could not activate Linux watchdog device: Can't open watchdog device: [Errno 2] No such file or directory: '/dev/watchdog'
2026-09-08T17:26:07.827822552Z 2026-09-08 17:26:07,827 INFO: Reaped pid=79, exit status=0
2026-09-08T17:26:07.829812694Z 2026-09-08 17:26:07,828 INFO: Reaped pid=80, exit status=0
2026-09-08T17:26:08.022922203Z 2026-09-08 17:26:08,020 INFO: initialized a new cluster
2026-09-08T17:26:08.128134496Z 2026-09-08 17:26:08,127 INFO: no action. I am (phase4-20260908T172559675-6d1659c7-primary), the leader with the lock
2026-09-08T17:26:08.593713974Z 2026-09-08 17:26:08,590 INFO: establishing a new patroni restapi connection to postgres
2026-09-08T17:26:13.165618871Z 2026-09-08 17:26:13,165 INFO: no action. I am (phase4-20260908T172559675-6d1659c7-primary), the leader with the lock
2026-09-08T17:26:18.243172410Z 2026-09-08 17:26:18,242 INFO: no action. I am (phase4-20260908T172559675-6d1659c7-primary), the leader with the lock
2026-09-08T17:26:23.166090485Z 2026-09-08 17:26:23,165 INFO: no action. I am (phase4-20260908T172559675-6d1659c7-primary), the leader with the lock
2026-09-08T17:26:28.175336354Z 2026-09-08 17:26:28,172 INFO: no action. I am (phase4-20260908T172559675-6d1659c7-primary), the leader with the lock
2026-09-08T17:26:33.070085605Z 2026-09-08 17:26:33,069 INFO: no action. I am (phase4-20260908T172559675-6d1659c7-primary), the leader with the lock
2026-09-08T17:26:38.172695167Z 2026-09-08 17:26:38,172 INFO: no action. I am (phase4-20260908T172559675-6d1659c7-primary), the leader with the lock
2026-09-08T17:26:43.165626172Z 2026-09-08 17:26:43,165 INFO: no action. I am (phase4-20260908T172559675-6d1659c7-primary), the leader with the lock
2026-09-08T17:26:48.163733339Z 2026-09-08 17:26:48,163 INFO: no action. I am (phase4-20260908T172559675-6d1659c7-primary), the leader with the lock
2026-09-08T17:26:53.182167493Z 2026-09-08 17:26:53,180 INFO: no action. I am (phase4-20260908T172559675-6d1659c7-primary), the leader with the lock
2026-09-08T17:26:58.080051488Z 2026-09-08 17:26:58,078 INFO: no action. I am (phase4-20260908T172559675-6d1659c7-primary), the leader with the lock
2026-09-08T17:27:03.173045867Z 2026-09-08 17:27:03,172 INFO: no action. I am (phase4-20260908T172559675-6d1659c7-primary), the leader with the lock
2026-09-08T17:27:08.162887161Z 2026-09-08 17:27:08,162 INFO: no action. I am (phase4-20260908T172559675-6d1659c7-primary), the leader with the lock
2026-09-08T17:27:13.181317016Z 2026-09-08 17:27:13,180 INFO: no action. I am (phase4-20260908T172559675-6d1659c7-primary), the leader with the lock
2026-09-08T17:27:18.292963061Z 2026-09-08 17:27:18,290 INFO: no action. I am (phase4-20260908T172559675-6d1659c7-primary), the leader with the lock
2026-09-08T17:27:23.170871003Z 2026-09-08 17:27:23,170 INFO: no action. I am (phase4-20260908T172559675-6d1659c7-primary), the leader with the lock
2026-09-08T17:27:28.070155172Z 2026-09-08 17:27:28,069 INFO: no action. I am (phase4-20260908T172559675-6d1659c7-primary), the leader with the lock
2026-09-08T17:27:33.183158203Z 2026-09-08 17:27:33,176 INFO: no action. I am (phase4-20260908T172559675-6d1659c7-primary), the leader with the lock
2026-09-08T17:27:38.170276201Z 2026-09-08 17:27:38,169 INFO: no action. I am (phase4-20260908T172559675-6d1659c7-primary), the leader with the lock
2026-09-08T17:27:43.168368558Z 2026-09-08 17:27:43,167 INFO: no action. I am (phase4-20260908T172559675-6d1659c7-primary), the leader with the lock
2026-09-08T17:27:48.212332670Z 2026-09-08 17:27:48,211 INFO: no action. I am (phase4-20260908T172559675-6d1659c7-primary), the leader with the lock
2026-09-08T17:27:53.247313720Z 2026-09-08 17:27:53,246 INFO: no action. I am (phase4-20260908T172559675-6d1659c7-primary), the leader with the lock
2026-09-08T17:27:58.072380607Z 2026-09-08 17:27:58,071 INFO: no action. I am (phase4-20260908T172559675-6d1659c7-primary), the leader with the lock
2026-09-08T17:28:03.166815220Z 2026-09-08 17:28:03,165 INFO: no action. I am (phase4-20260908T172559675-6d1659c7-primary), the leader with the lock
2026-09-08T17:28:08.170114942Z 2026-09-08 17:28:08,169 INFO: no action. I am (phase4-20260908T172559675-6d1659c7-primary), the leader with the lock
2026-09-08T17:28:13.170334805Z 2026-09-08 17:28:13,169 INFO: no action. I am (phase4-20260908T172559675-6d1659c7-primary), the leader with the lock
2026-09-08T17:28:18.173551448Z 2026-09-08 17:28:18,172 INFO: no action. I am (phase4-20260908T172559675-6d1659c7-primary), the leader with the lock
2026-09-08T17:28:22.841228624Z 2026-09-08 17:28:22,834 WARNING: Exception happened during processing of request from 172.22.0.5:35550
2026-09-08T17:28:23.110573737Z 2026-09-08 17:28:23,109 WARNING: Traceback (most recent call last):
2026-09-08T17:28:23.110628242Z   File "/usr/lib/python3.11/socketserver.py", line 691, in process_request_thread
2026-09-08T17:28:23.110638143Z     self.finish_request(request, client_address)
2026-09-08T17:28:23.110644744Z   File "/usr/lib/python3.11/socketserver.py", line 361, in finish_request
2026-09-08T17:28:23.110651445Z     self.RequestHandlerClass(request, client_address, self)
2026-09-08T17:28:23.110657945Z   File "/usr/local/lib/python3.11/dist-packages/patroni/api.py", line 105, in __init__
2026-09-08T17:28:23.110664546Z     super(RestApiHandler, self).__init__(request, client_address, server)
2026-09-08T17:28:23.110671147Z   File "/usr/lib/python3.11/socketserver.py", line 755, in __init__
2026-09-08T17:28:23.110677647Z     self.handle()
2026-09-08T17:28:23.110705550Z   File "/usr/lib/python3.11/http/server.py", line 432, in handle
2026-09-08T17:28:23.110710750Z     self.handle_one_request()
2026-09-08T17:28:23.110715051Z   File "/usr/local/lib/python3.11/dist-packages/patroni/api.py", line 1348, in handle_one_request
2026-09-08T17:28:23.110719751Z     BaseHTTPRequestHandler.handle_one_request(self)
2026-09-08T17:28:23.110723952Z   File "/usr/lib/python3.11/http/server.py", line 420, in handle_one_request
2026-09-08T17:28:23.110728052Z     method()
2026-09-08T17:28:23.110731752Z   File "/usr/local/lib/python3.11/dist-packages/patroni/api.py", line 375, in do_GET
2026-09-08T17:28:23.110735153Z     self._write_status_response(status_code, response)
2026-09-08T17:28:23.110738753Z   File "/usr/local/lib/python3.11/dist-packages/patroni/api.py", line 221, in _write_status_response
2026-09-08T17:28:23.110742954Z     self._write_json_response(status_code, response)
2026-09-08T17:28:23.110746554Z   File "/usr/local/lib/python3.11/dist-packages/patroni/api.py", line 167, in _write_json_response
2026-09-08T17:28:23.110750454Z     self.write_response(status_code, json.dumps(response, default=str), content_type='application/json')
2026-09-08T17:28:23.110754655Z   File "/usr/local/lib/python3.11/dist-packages/patroni/api.py", line 157, in write_response
2026-09-08T17:28:23.110758655Z     self.wfile.write(body.encode('utf-8'))
2026-09-08T17:28:23.110762355Z   File "/usr/lib/python3.11/socketserver.py", line 834, in write
2026-09-08T17:28:23.110766256Z     self._sock.sendall(b)
2026-09-08T17:28:23.110770856Z ConnectionResetError: [Errno 104] Connection reset by peer
2026-09-08T17:28:23.110773957Z 
2026-09-08T17:28:23.377342096Z 2026-09-08 17:28:23,370 INFO: no action. I am (phase4-20260908T172559675-6d1659c7-primary), the leader with the lock
2026-09-08T17:28:28.169427827Z 2026-09-08 17:28:28,168 INFO: no action. I am (phase4-20260908T172559675-6d1659c7-primary), the leader with the lock
2026-09-08T17:28:31.911291369Z 2026-09-08 17:28:31,907 WARNING: Exception happened during processing of request from 172.22.0.5:42560
2026-09-08T17:28:31.911334274Z 2026-09-08 17:28:31,910 WARNING: Traceback (most recent call last):
2026-09-08T17:28:31.911341075Z   File "/usr/lib/python3.11/socketserver.py", line 691, in process_request_thread
2026-09-08T17:28:31.911346175Z     self.finish_request(request, client_address)
2026-09-08T17:28:31.911350176Z   File "/usr/lib/python3.11/socketserver.py", line 361, in finish_request
2026-09-08T17:28:31.911354276Z     self.RequestHandlerClass(request, client_address, self)
2026-09-08T17:28:31.911358277Z   File "/usr/local/lib/python3.11/dist-packages/patroni/api.py", line 105, in __init__
2026-09-08T17:28:31.911362777Z     super(RestApiHandler, self).__init__(request, client_address, server)
2026-09-08T17:28:31.911366878Z   File "/usr/lib/python3.11/socketserver.py", line 755, in __init__
2026-09-08T17:28:31.911371178Z     self.handle()
2026-09-08T17:28:31.911397781Z   File "/usr/lib/python3.11/http/server.py", line 432, in handle
2026-09-08T17:28:31.911402982Z     self.handle_one_request()
2026-09-08T17:28:31.911406982Z   File "/usr/local/lib/python3.11/dist-packages/patroni/api.py", line 1348, in handle_one_request
2026-09-08T17:28:31.911411183Z     BaseHTTPRequestHandler.handle_one_request(self)
2026-09-08T17:28:31.911415383Z   File "/usr/lib/python3.11/http/server.py", line 420, in handle_one_request
2026-09-08T17:28:31.911419584Z     method()
2026-09-08T17:28:31.911423384Z   File "/usr/local/lib/python3.11/dist-packages/patroni/api.py", line 375, in do_GET
2026-09-08T17:28:31.911427684Z     self._write_status_response(status_code, response)
2026-09-08T17:28:31.911431585Z   File "/usr/local/lib/python3.11/dist-packages/patroni/api.py", line 221, in _write_status_response
2026-09-08T17:28:31.911436685Z     self._write_json_response(status_code, response)
2026-09-08T17:28:31.911440986Z   File "/usr/local/lib/python3.11/dist-packages/patroni/api.py", line 167, in _write_json_response
2026-09-08T17:28:31.911445286Z     self.write_response(status_code, json.dumps(response, default=str), content_type='application/json')
2026-09-08T17:28:31.911449587Z   File "/usr/local/lib/python3.11/dist-packages/patroni/api.py", line 157, in write_response
2026-09-08T17:28:31.911453887Z     self.wfile.write(body.encode('utf-8'))
2026-09-08T17:28:31.911457488Z   File "/usr/lib/python3.11/socketserver.py", line 834, in write
2026-09-08T17:28:31.911461588Z     self._sock.sendall(b)
2026-09-08T17:28:31.911464889Z ConnectionResetError: [Errno 104] Connection reset by peer
2026-09-08T17:28:31.911468789Z 
2026-09-08T17:28:33.176069656Z 2026-09-08 17:28:33,173 INFO: no action. I am (phase4-20260908T172559675-6d1659c7-primary), the leader with the lock
2026-09-08T17:28:38.196726737Z 2026-09-08 17:28:38,196 INFO: no action. I am (phase4-20260908T172559675-6d1659c7-primary), the leader with the lock
2026-09-08T17:28:43.167971491Z 2026-09-08 17:28:43,167 INFO: no action. I am (phase4-20260908T172559675-6d1659c7-primary), the leader with the lock
2026-09-08T17:28:48.024288966Z 2026-09-08 17:28:48,023 WARNING: Exception happened during processing of request from 172.22.0.5:57550
2026-09-08T17:28:48.026505570Z 2026-09-08 17:28:48,025 WARNING: Traceback (most recent call last):
2026-09-08T17:28:48.026536273Z   File "/usr/lib/python3.11/socketserver.py", line 691, in process_request_thread
2026-09-08T17:28:48.026546574Z     self.finish_request(request, client_address)
2026-09-08T17:28:48.026553974Z   File "/usr/lib/python3.11/socketserver.py", line 361, in finish_request
2026-09-08T17:28:48.026560575Z     self.RequestHandlerClass(request, client_address, self)
2026-09-08T17:28:48.026567075Z   File "/usr/local/lib/python3.11/dist-packages/patroni/api.py", line 105, in __init__
2026-09-08T17:28:48.026573976Z     super(RestApiHandler, self).__init__(request, client_address, server)
2026-09-08T17:28:48.026605179Z   File "/usr/lib/python3.11/socketserver.py", line 755, in __init__
2026-09-08T17:28:48.026611579Z     self.handle()
2026-09-08T17:28:48.026615480Z   File "/usr/lib/python3.11/http/server.py", line 432, in handle
2026-09-08T17:28:48.026619180Z     self.handle_one_request()
2026-09-08T17:28:48.026623081Z   File "/usr/local/lib/python3.11/dist-packages/patroni/api.py", line 1348, in handle_one_request
2026-09-08T17:28:48.026627281Z     BaseHTTPRequestHandler.handle_one_request(self)
2026-09-08T17:28:48.026630881Z   File "/usr/lib/python3.11/http/server.py", line 420, in handle_one_request
2026-09-08T17:28:48.026634782Z     method()
2026-09-08T17:28:48.026638082Z   File "/usr/local/lib/python3.11/dist-packages/patroni/api.py", line 375, in do_GET
2026-09-08T17:28:48.026641482Z     self._write_status_response(status_code, response)
2026-09-08T17:28:48.026645083Z   File "/usr/local/lib/python3.11/dist-packages/patroni/api.py", line 221, in _write_status_response
2026-09-08T17:28:48.026649183Z     self._write_json_response(status_code, response)
2026-09-08T17:28:48.026653083Z   File "/usr/local/lib/python3.11/dist-packages/patroni/api.py", line 167, in _write_json_response
2026-09-08T17:28:48.026657184Z     self.write_response(status_code, json.dumps(response, default=str), content_type='application/json')
2026-09-08T17:28:48.026661084Z   File "/usr/local/lib/python3.11/dist-packages/patroni/api.py", line 157, in write_response
2026-09-08T17:28:48.026664784Z     self.wfile.write(body.encode('utf-8'))
2026-09-08T17:28:48.026668285Z   File "/usr/lib/python3.11/socketserver.py", line 834, in write
2026-09-08T17:28:48.026671785Z     self._sock.sendall(b)
2026-09-08T17:28:48.026707988Z ConnectionResetError: [Errno 104] Connection reset by peer
2026-09-08T17:28:48.026720389Z 
2026-09-08T17:28:48.173787680Z 2026-09-08 17:28:48,172 INFO: no action. I am (phase4-20260908T172559675-6d1659c7-primary), the leader with the lock
2026-09-08T17:28:51.044112348Z 2026-09-08 17:28:51,040 WARNING: Exception happened during processing of request from 172.22.0.5:57570
2026-09-08T17:28:51.045244260Z 2026-09-08 17:28:51,043 WARNING: Traceback (most recent call last):
2026-09-08T17:28:51.045463082Z   File "/usr/lib/python3.11/socketserver.py", line 691, in process_request_thread
2026-09-08T17:28:51.045478784Z     self.finish_request(request, client_address)
2026-09-08T17:28:51.045485384Z   File "/usr/lib/python3.11/socketserver.py", line 361, in finish_request
2026-09-08T17:28:51.045490985Z     self.RequestHandlerClass(request, client_address, self)
2026-09-08T17:28:51.045496085Z   File "/usr/local/lib/python3.11/dist-packages/patroni/api.py", line 105, in __init__
2026-09-08T17:28:51.045501386Z     super(RestApiHandler, self).__init__(request, client_address, server)
2026-09-08T17:28:51.045506486Z   File "/usr/lib/python3.11/socketserver.py", line 755, in __init__
2026-09-08T17:28:51.045523988Z     self.handle()
2026-09-08T17:28:51.045527889Z   File "/usr/lib/python3.11/http/server.py", line 432, in handle
2026-09-08T17:28:51.045531389Z     self.handle_one_request()
2026-09-08T17:28:51.045534689Z   File "/usr/local/lib/python3.11/dist-packages/patroni/api.py", line 1348, in handle_one_request
2026-09-08T17:28:51.045538090Z     BaseHTTPRequestHandler.handle_one_request(self)
2026-09-08T17:28:51.045541990Z   File "/usr/lib/python3.11/http/server.py", line 420, in handle_one_request
2026-09-08T17:28:51.045545390Z     method()
2026-09-08T17:28:51.045548591Z   File "/usr/local/lib/python3.11/dist-packages/patroni/api.py", line 375, in do_GET
2026-09-08T17:28:51.045551791Z     self._write_status_response(status_code, response)
2026-09-08T17:28:51.045554991Z   File "/usr/local/lib/python3.11/dist-packages/patroni/api.py", line 221, in _write_status_response
2026-09-08T17:28:51.045558392Z     self._write_json_response(status_code, response)
2026-09-08T17:28:51.045561392Z   File "/usr/local/lib/python3.11/dist-packages/patroni/api.py", line 167, in _write_json_response
2026-09-08T17:28:51.045564792Z     self.write_response(status_code, json.dumps(response, default=str), content_type='application/json')
2026-09-08T17:28:51.045568393Z   File "/usr/local/lib/python3.11/dist-packages/patroni/api.py", line 157, in write_response
2026-09-08T17:28:51.045571693Z     self.wfile.write(body.encode('utf-8'))
2026-09-08T17:28:51.045574593Z   File "/usr/lib/python3.11/socketserver.py", line 834, in write
2026-09-08T17:28:51.045577693Z     self._sock.sendall(b)
2026-09-08T17:28:51.045580894Z ConnectionResetError: [Errno 104] Connection reset by peer
2026-09-08T17:28:51.045583894Z 
2026-09-08T17:28:53.163018320Z 2026-09-08 17:28:53,162 INFO: no action. I am (phase4-20260908T172559675-6d1659c7-primary), the leader with the lock
2026-09-08T17:28:57.129929216Z 2026-09-08 17:28:57,116 WARNING: Exception happened during processing of request from 172.22.0.5:38664
2026-09-08T17:28:57.129984422Z 2026-09-08 17:28:57,127 WARNING: Traceback (most recent call last):
2026-09-08T17:28:57.129992023Z   File "/usr/lib/python3.11/socketserver.py", line 691, in process_request_thread
2026-09-08T17:28:57.129998723Z     self.finish_request(request, client_address)
2026-09-08T17:28:57.130004224Z   File "/usr/lib/python3.11/socketserver.py", line 361, in finish_request
2026-09-08T17:28:57.130009324Z     self.RequestHandlerClass(request, client_address, self)
2026-09-08T17:28:57.130014525Z   File "/usr/local/lib/python3.11/dist-packages/patroni/api.py", line 105, in __init__
2026-09-08T17:28:57.130020025Z     super(RestApiHandler, self).__init__(request, client_address, server)
2026-09-08T17:28:57.130025426Z   File "/usr/lib/python3.11/socketserver.py", line 755, in __init__
2026-09-08T17:28:57.130030827Z     self.handle()
2026-09-08T17:28:57.130061330Z   File "/usr/lib/python3.11/http/server.py", line 432, in handle
2026-09-08T17:28:57.130065830Z     self.handle_one_request()
2026-09-08T17:28:57.130069230Z   File "/usr/local/lib/python3.11/dist-packages/patroni/api.py", line 1348, in handle_one_request
2026-09-08T17:28:57.130072931Z     BaseHTTPRequestHandler.handle_one_request(self)
2026-09-08T17:28:57.130076831Z   File "/usr/lib/python3.11/http/server.py", line 420, in handle_one_request
2026-09-08T17:28:57.130080231Z     method()
2026-09-08T17:28:57.130083532Z   File "/usr/local/lib/python3.11/dist-packages/patroni/api.py", line 375, in do_GET
2026-09-08T17:28:57.130086832Z     self._write_status_response(status_code, response)
2026-09-08T17:28:57.130090232Z   File "/usr/local/lib/python3.11/dist-packages/patroni/api.py", line 221, in _write_status_response
2026-09-08T17:28:57.130094133Z     self._write_json_response(status_code, response)
2026-09-08T17:28:57.130097833Z   File "/usr/local/lib/python3.11/dist-packages/patroni/api.py", line 167, in _write_json_response
2026-09-08T17:28:57.130101534Z     self.write_response(status_code, json.dumps(response, default=str), content_type='application/json')
2026-09-08T17:28:57.130105734Z   File "/usr/local/lib/python3.11/dist-packages/patroni/api.py", line 157, in write_response
2026-09-08T17:28:57.130109434Z     self.wfile.write(body.encode('utf-8'))
2026-09-08T17:28:57.130112935Z   File "/usr/lib/python3.11/socketserver.py", line 834, in write
2026-09-08T17:28:57.130116735Z     self._sock.sendall(b)
2026-09-08T17:28:57.130120735Z ConnectionResetError: [Errno 104] Connection reset by peer
2026-09-08T17:28:57.130124336Z 
2026-09-08T17:28:58.251527189Z 2026-09-08 17:28:58,250 INFO: no action. I am (phase4-20260908T172559675-6d1659c7-primary), the leader with the lock
2026-09-08T17:28:59.154735193Z 2026-09-08 17:28:59,148 WARNING: Exception happened during processing of request from 172.22.0.5:38688
2026-09-08T17:28:59.159826272Z 2026-09-08 17:28:59,155 WARNING: Traceback (most recent call last):
2026-09-08T17:28:59.159870276Z   File "/usr/lib/python3.11/socketserver.py", line 691, in process_request_thread
2026-09-08T17:28:59.159876476Z     self.finish_request(request, client_address)
2026-09-08T17:28:59.159880477Z   File "/usr/lib/python3.11/socketserver.py", line 361, in finish_request
2026-09-08T17:28:59.159884677Z     self.RequestHandlerClass(request, client_address, self)
2026-09-08T17:28:59.159888778Z   File "/usr/local/lib/python3.11/dist-packages/patroni/api.py", line 105, in __init__
2026-09-08T17:28:59.159892778Z     super(RestApiHandler, self).__init__(request, client_address, server)
2026-09-08T17:28:59.159896778Z   File "/usr/lib/python3.11/socketserver.py", line 755, in __init__
2026-09-08T17:28:59.159900779Z     self.handle()
2026-09-08T17:28:59.159904479Z   File "/usr/lib/python3.11/http/server.py", line 432, in handle
2026-09-08T17:28:59.159941282Z     self.handle_one_request()
2026-09-08T17:28:59.159945283Z   File "/usr/local/lib/python3.11/dist-packages/patroni/api.py", line 1348, in handle_one_request
2026-09-08T17:28:59.159949383Z     BaseHTTPRequestHandler.handle_one_request(self)
2026-09-08T17:28:59.159953384Z   File "/usr/lib/python3.11/http/server.py", line 420, in handle_one_request
2026-09-08T17:28:59.159957584Z     method()
2026-09-08T17:28:59.159962484Z   File "/usr/local/lib/python3.11/dist-packages/patroni/api.py", line 375, in do_GET
2026-09-08T17:28:59.159966585Z     self._write_status_response(status_code, response)
2026-09-08T17:28:59.159970485Z   File "/usr/local/lib/python3.11/dist-packages/patroni/api.py", line 221, in _write_status_response
2026-09-08T17:28:59.159974586Z     self._write_json_response(status_code, response)
2026-09-08T17:28:59.159978486Z   File "/usr/local/lib/python3.11/dist-packages/patroni/api.py", line 167, in _write_json_response
2026-09-08T17:28:59.159982386Z     self.write_response(status_code, json.dumps(response, default=str), content_type='application/json')
2026-09-08T17:28:59.159986687Z   File "/usr/local/lib/python3.11/dist-packages/patroni/api.py", line 157, in write_response
2026-09-08T17:28:59.159990887Z     self.wfile.write(body.encode('utf-8'))
2026-09-08T17:28:59.159995088Z   File "/usr/lib/python3.11/socketserver.py", line 834, in write
2026-09-08T17:28:59.159999288Z     self._sock.sendall(b)
2026-09-08T17:28:59.160002888Z ConnectionResetError: [Errno 104] Connection reset by peer
2026-09-08T17:28:59.160006589Z 
2026-09-08T17:29:01.164104899Z 2026-09-08 17:29:01,162 WARNING: Exception happened during processing of request from 172.22.0.5:38696
2026-09-08T17:29:01.167514420Z 2026-09-08 17:29:01,166 WARNING: Traceback (most recent call last):
2026-09-08T17:29:01.167553624Z   File "/usr/lib/python3.11/socketserver.py", line 691, in process_request_thread
2026-09-08T17:29:01.167558524Z     self.finish_request(request, client_address)
2026-09-08T17:29:01.167561024Z   File "/usr/lib/python3.11/socketserver.py", line 361, in finish_request
2026-09-08T17:29:01.167563425Z     self.RequestHandlerClass(request, client_address, self)
2026-09-08T17:29:01.167565625Z   File "/usr/local/lib/python3.11/dist-packages/patroni/api.py", line 105, in __init__
2026-09-08T17:29:01.167568125Z     super(RestApiHandler, self).__init__(request, client_address, server)
2026-09-08T17:29:01.167570425Z   File "/usr/lib/python3.11/socketserver.py", line 755, in __init__
2026-09-08T17:29:01.167572626Z     self.handle()
2026-09-08T17:29:01.167574826Z   File "/usr/lib/python3.11/http/server.py", line 432, in handle
2026-09-08T17:29:01.167577126Z     self.handle_one_request()
2026-09-08T17:29:01.167579326Z   File "/usr/local/lib/python3.11/dist-packages/patroni/api.py", line 1348, in handle_one_request
2026-09-08T17:29:01.167596228Z     BaseHTTPRequestHandler.handle_one_request(self)
2026-09-08T17:29:01.167598928Z   File "/usr/lib/python3.11/http/server.py", line 420, in handle_one_request
2026-09-08T17:29:01.167601328Z     method()
2026-09-08T17:29:01.167603528Z   File "/usr/local/lib/python3.11/dist-packages/patroni/api.py", line 375, in do_GET
2026-09-08T17:29:01.167605829Z     self._write_status_response(status_code, response)
2026-09-08T17:29:01.167608129Z   File "/usr/local/lib/python3.11/dist-packages/patroni/api.py", line 221, in _write_status_response
2026-09-08T17:29:01.167610329Z     self._write_json_response(status_code, response)
2026-09-08T17:29:01.167612529Z   File "/usr/local/lib/python3.11/dist-packages/patroni/api.py", line 167, in _write_json_response
2026-09-08T17:29:01.167614829Z     self.write_response(status_code, json.dumps(response, default=str), content_type='application/json')
2026-09-08T17:29:01.167617530Z   File "/usr/local/lib/python3.11/dist-packages/patroni/api.py", line 157, in write_response
2026-09-08T17:29:01.167620230Z     self.wfile.write(body.encode('utf-8'))
2026-09-08T17:29:01.167622430Z   File "/usr/lib/python3.11/socketserver.py", line 834, in write
2026-09-08T17:29:01.167624730Z     self._sock.sendall(b)
2026-09-08T17:29:01.167626831Z ConnectionResetError: [Errno 104] Connection reset by peer
2026-09-08T17:29:01.167629131Z 
2026-09-08T17:29:03.178318662Z 2026-09-08 17:29:03,177 INFO: no action. I am (phase4-20260908T172559675-6d1659c7-primary), the leader with the lock
2026-09-08T17:29:08.073611754Z 2026-09-08 17:29:08,073 INFO: no action. I am (phase4-20260908T172559675-6d1659c7-primary), the leader with the lock
2026-09-08T17:29:13.196637916Z 2026-09-08 17:29:13,195 INFO: no action. I am (phase4-20260908T172559675-6d1659c7-primary), the leader with the lock
2026-09-08T17:29:18.076646505Z 2026-09-08 17:29:18,075 INFO: no action. I am (phase4-20260908T172559675-6d1659c7-primary), the leader with the lock
2026-09-08T17:29:23.071012381Z 2026-09-08 17:29:23,070 INFO: no action. I am (phase4-20260908T172559675-6d1659c7-primary), the leader with the lock
2026-09-08T17:29:27.348412834Z 2026-09-08 17:29:27,346 WARNING: Exception happened during processing of request from 172.22.0.5:38204
2026-09-08T17:29:27.355200774Z 2026-09-08 17:29:27,354 WARNING: Traceback (most recent call last):
2026-09-08T17:29:27.355267480Z   File "/usr/lib/python3.11/socketserver.py", line 691, in process_request_thread
2026-09-08T17:29:27.355280281Z     self.finish_request(request, client_address)
2026-09-08T17:29:27.355288582Z   File "/usr/lib/python3.11/socketserver.py", line 361, in finish_request
2026-09-08T17:29:27.355293383Z     self.RequestHandlerClass(request, client_address, self)
2026-09-08T17:29:27.355298783Z   File "/usr/local/lib/python3.11/dist-packages/patroni/api.py", line 105, in __init__
2026-09-08T17:29:27.355304984Z     super(RestApiHandler, self).__init__(request, client_address, server)
2026-09-08T17:29:27.355337087Z   File "/usr/lib/python3.11/socketserver.py", line 755, in __init__
2026-09-08T17:29:27.355342787Z     self.handle()
2026-09-08T17:29:27.355346388Z   File "/usr/lib/python3.11/http/server.py", line 432, in handle
2026-09-08T17:29:27.355349988Z     self.handle_one_request()
2026-09-08T17:29:27.355353288Z   File "/usr/local/lib/python3.11/dist-packages/patroni/api.py", line 1348, in handle_one_request
2026-09-08T17:29:27.355356989Z     BaseHTTPRequestHandler.handle_one_request(self)
2026-09-08T17:29:27.355360089Z   File "/usr/lib/python3.11/http/server.py", line 420, in handle_one_request
2026-09-08T17:29:27.355363889Z     method()
2026-09-08T17:29:27.355367290Z   File "/usr/local/lib/python3.11/dist-packages/patroni/api.py", line 375, in do_GET
2026-09-08T17:29:27.355371090Z     self._write_status_response(status_code, response)
2026-09-08T17:29:27.355374590Z   File "/usr/local/lib/python3.11/dist-packages/patroni/api.py", line 221, in _write_status_response
2026-09-08T17:29:27.355377491Z     self._write_json_response(status_code, response)
2026-09-08T17:29:27.355379591Z   File "/usr/local/lib/python3.11/dist-packages/patroni/api.py", line 167, in _write_json_response
2026-09-08T17:29:27.355381791Z     self.write_response(status_code, json.dumps(response, default=str), content_type='application/json')
2026-09-08T17:29:27.355383991Z   File "/usr/local/lib/python3.11/dist-packages/patroni/api.py", line 157, in write_response
2026-09-08T17:29:27.355386391Z     self.wfile.write(body.encode('utf-8'))
2026-09-08T17:29:27.355389492Z   File "/usr/lib/python3.11/socketserver.py", line 834, in write
2026-09-08T17:29:27.355393192Z     self._sock.sendall(b)
2026-09-08T17:29:27.355396992Z ConnectionResetError: [Errno 104] Connection reset by peer
2026-09-08T17:29:27.355400593Z 
2026-09-08T17:29:28.180423811Z 2026-09-08 17:29:28,179 INFO: no action. I am (phase4-20260908T172559675-6d1659c7-primary), the leader with the lock
2026-09-08T17:29:33.189132283Z 2026-09-08 17:29:33,188 INFO: no action. I am (phase4-20260908T172559675-6d1659c7-primary), the leader with the lock
2026-09-08T17:29:36.409062483Z 2026-09-08 17:29:36,405 WARNING: Exception happened during processing of request from 172.22.0.5:42590
2026-09-08T17:29:36.409116588Z 2026-09-08 17:29:36,407 WARNING: Traceback (most recent call last):
2026-09-08T17:29:36.409126889Z   File "/usr/lib/python3.11/socketserver.py", line 691, in process_request_thread
2026-09-08T17:29:36.409133990Z     self.finish_request(request, client_address)
2026-09-08T17:29:36.409140691Z   File "/usr/lib/python3.11/socketserver.py", line 361, in finish_request
2026-09-08T17:29:36.409147291Z     self.RequestHandlerClass(request, client_address, self)
2026-09-08T17:29:36.409153892Z   File "/usr/local/lib/python3.11/dist-packages/patroni/api.py", line 105, in __init__
2026-09-08T17:29:36.409161193Z     super(RestApiHandler, self).__init__(request, client_address, server)
2026-09-08T17:29:36.409187595Z   File "/usr/lib/python3.11/socketserver.py", line 755, in __init__
2026-09-08T17:29:36.409192696Z     self.handle()
2026-09-08T17:29:36.409196596Z   File "/usr/lib/python3.11/http/server.py", line 432, in handle
2026-09-08T17:29:36.409200896Z     self.handle_one_request()
2026-09-08T17:29:36.409204897Z   File "/usr/local/lib/python3.11/dist-packages/patroni/api.py", line 1348, in handle_one_request
2026-09-08T17:29:36.409209497Z     BaseHTTPRequestHandler.handle_one_request(self)
2026-09-08T17:29:36.409213898Z   File "/usr/lib/python3.11/http/server.py", line 420, in handle_one_request
2026-09-08T17:29:36.409218198Z     method()
2026-09-08T17:29:36.409222198Z   File "/usr/local/lib/python3.11/dist-packages/patroni/api.py", line 375, in do_GET
2026-09-08T17:29:36.409226499Z     self._write_status_response(status_code, response)
2026-09-08T17:29:36.409230499Z   File "/usr/local/lib/python3.11/dist-packages/patroni/api.py", line 221, in _write_status_response
2026-09-08T17:29:36.409234400Z     self._write_json_response(status_code, response)
2026-09-08T17:29:36.409238300Z   File "/usr/local/lib/python3.11/dist-packages/patroni/api.py", line 167, in _write_json_response
2026-09-08T17:29:36.409241900Z     self.write_response(status_code, json.dumps(response, default=str), content_type='application/json')
2026-09-08T17:29:36.409245901Z   File "/usr/local/lib/python3.11/dist-packages/patroni/api.py", line 157, in write_response
2026-09-08T17:29:36.409249201Z     self.wfile.write(body.encode('utf-8'))
2026-09-08T17:29:36.409252601Z   File "/usr/lib/python3.11/socketserver.py", line 834, in write
2026-09-08T17:29:36.409256302Z     self._sock.sendall(b)
2026-09-08T17:29:36.409259602Z ConnectionResetError: [Errno 104] Connection reset by peer
2026-09-08T17:29:36.409262902Z 
2026-09-08T17:29:38.083526618Z 2026-09-08 17:29:38,082 INFO: no action. I am (phase4-20260908T172559675-6d1659c7-primary), the leader with the lock
2026-09-08T17:29:43.176050783Z 2026-09-08 17:29:43,175 INFO: no action. I am (phase4-20260908T172559675-6d1659c7-primary), the leader with the lock
2026-09-08T17:29:48.178396910Z 2026-09-08 17:29:48,177 INFO: no action. I am (phase4-20260908T172559675-6d1659c7-primary), the leader with the lock
2026-09-08T17:29:52.531971502Z 2026-09-08 17:29:52,527 WARNING: Exception happened during processing of request from 172.22.0.5:48728
2026-09-08T17:29:52.532816294Z 2026-09-08 17:29:52,531 WARNING: Traceback (most recent call last):
2026-09-08T17:29:52.532845497Z   File "/usr/lib/python3.11/socketserver.py", line 691, in process_request_thread
2026-09-08T17:29:52.532854798Z     self.finish_request(request, client_address)
2026-09-08T17:29:52.532861199Z   File "/usr/lib/python3.11/socketserver.py", line 361, in finish_request
2026-09-08T17:29:52.532867799Z     self.RequestHandlerClass(request, client_address, self)
2026-09-08T17:29:52.532895602Z   File "/usr/local/lib/python3.11/dist-packages/patroni/api.py", line 105, in __init__
2026-09-08T17:29:52.532901703Z     super(RestApiHandler, self).__init__(request, client_address, server)
2026-09-08T17:29:52.532905303Z   File "/usr/lib/python3.11/socketserver.py", line 755, in __init__
2026-09-08T17:29:52.532908904Z     self.handle()
2026-09-08T17:29:52.532912504Z   File "/usr/lib/python3.11/http/server.py", line 432, in handle
2026-09-08T17:29:52.532916105Z     self.handle_one_request()
2026-09-08T17:29:52.532919405Z   File "/usr/local/lib/python3.11/dist-packages/patroni/api.py", line 1348, in handle_one_request
2026-09-08T17:29:52.532923605Z     BaseHTTPRequestHandler.handle_one_request(self)
2026-09-08T17:29:52.532927506Z   File "/usr/lib/python3.11/http/server.py", line 420, in handle_one_request
2026-09-08T17:29:52.532931306Z     method()
2026-09-08T17:29:52.532934707Z   File "/usr/local/lib/python3.11/dist-packages/patroni/api.py", line 375, in do_GET
2026-09-08T17:29:52.532939007Z     self._write_status_response(status_code, response)
2026-09-08T17:29:52.532942907Z   File "/usr/local/lib/python3.11/dist-packages/patroni/api.py", line 221, in _write_status_response
2026-09-08T17:29:52.532947108Z     self._write_json_response(status_code, response)
2026-09-08T17:29:52.532950708Z   File "/usr/local/lib/python3.11/dist-packages/patroni/api.py", line 167, in _write_json_response
2026-09-08T17:29:52.532954509Z     self.write_response(status_code, json.dumps(response, default=str), content_type='application/json')
2026-09-08T17:29:52.532958209Z   File "/usr/local/lib/python3.11/dist-packages/patroni/api.py", line 157, in write_response
2026-09-08T17:29:52.532961609Z     self.wfile.write(body.encode('utf-8'))
2026-09-08T17:29:52.532965010Z   File "/usr/lib/python3.11/socketserver.py", line 834, in write
2026-09-08T17:29:52.532969010Z     self._sock.sendall(b)
2026-09-08T17:29:52.532972811Z ConnectionResetError: [Errno 104] Connection reset by peer
2026-09-08T17:29:52.532976011Z 
2026-09-08T17:29:53.169409829Z 2026-09-08 17:29:53,168 INFO: no action. I am (phase4-20260908T172559675-6d1659c7-primary), the leader with the lock
2026-09-08T17:29:58.072127252Z 2026-09-08 17:29:58,071 INFO: no action. I am (phase4-20260908T172559675-6d1659c7-primary), the leader with the lock
2026-09-08T17:30:03.074717637Z 2026-09-08 17:30:03,073 INFO: no action. I am (phase4-20260908T172559675-6d1659c7-primary), the leader with the lock
2026-09-08T17:30:07.602028609Z 2026-09-08 17:30:07,599 WARNING: Exception happened during processing of request from 172.22.0.5:34618
2026-09-08T17:30:07.605852241Z 2026-09-08 17:30:07,602 WARNING: Traceback (most recent call last):
2026-09-08T17:30:07.605894645Z   File "/usr/lib/python3.11/socketserver.py", line 691, in process_request_thread
2026-09-08T17:30:07.605903446Z     self.finish_request(request, client_address)
2026-09-08T17:30:07.605929548Z   File "/usr/lib/python3.11/socketserver.py", line 361, in finish_request
2026-09-08T17:30:07.605934548Z     self.RequestHandlerClass(request, client_address, self)
2026-09-08T17:30:07.605938549Z   File "/usr/local/lib/python3.11/dist-packages/patroni/api.py", line 105, in __init__
2026-09-08T17:30:07.605942749Z     super(RestApiHandler, self).__init__(request, client_address, server)
2026-09-08T17:30:07.605946549Z   File "/usr/lib/python3.11/socketserver.py", line 755, in __init__
2026-09-08T17:30:07.605950850Z     self.handle()
2026-09-08T17:30:07.605954850Z   File "/usr/lib/python3.11/http/server.py", line 432, in handle
2026-09-08T17:30:07.605959050Z     self.handle_one_request()
2026-09-08T17:30:07.605963151Z   File "/usr/local/lib/python3.11/dist-packages/patroni/api.py", line 1348, in handle_one_request
2026-09-08T17:30:07.605967251Z     BaseHTTPRequestHandler.handle_one_request(self)
2026-09-08T17:30:07.605971151Z   File "/usr/lib/python3.11/http/server.py", line 420, in handle_one_request
2026-09-08T17:30:07.605975052Z     method()
2026-09-08T17:30:07.605978452Z   File "/usr/local/lib/python3.11/dist-packages/patroni/api.py", line 375, in do_GET
2026-09-08T17:30:07.605982452Z     self._write_status_response(status_code, response)
2026-09-08T17:30:07.605986153Z   File "/usr/local/lib/python3.11/dist-packages/patroni/api.py", line 221, in _write_status_response
2026-09-08T17:30:07.605990153Z     self._write_json_response(status_code, response)
2026-09-08T17:30:07.605993853Z   File "/usr/local/lib/python3.11/dist-packages/patroni/api.py", line 167, in _write_json_response
2026-09-08T17:30:07.605997554Z     self.write_response(status_code, json.dumps(response, default=str), content_type='application/json')
2026-09-08T17:30:07.606001254Z   File "/usr/local/lib/python3.11/dist-packages/patroni/api.py", line 157, in write_response
2026-09-08T17:30:07.606005154Z     self.wfile.write(body.encode('utf-8'))
2026-09-08T17:30:07.606008955Z   File "/usr/lib/python3.11/socketserver.py", line 834, in write
2026-09-08T17:30:07.606013155Z     self._sock.sendall(b)
2026-09-08T17:30:07.606017055Z ConnectionResetError: [Errno 104] Connection reset by peer
2026-09-08T17:30:07.606021156Z 
2026-09-08T17:30:08.078005235Z 2026-09-08 17:30:08,076 INFO: no action. I am (phase4-20260908T172559675-6d1659c7-primary), the leader with the lock
2026-09-08T17:30:13.066574743Z 2026-09-08 17:30:13,065 INFO: no action. I am (phase4-20260908T172559675-6d1659c7-primary), the leader with the lock
2026-09-08T17:30:18.166619939Z 2026-09-08 17:30:18,165 INFO: no action. I am (phase4-20260908T172559675-6d1659c7-primary), the leader with the lock
2026-09-08T17:30:23.170661079Z 2026-09-08 17:30:23,169 INFO: no action. I am (phase4-20260908T172559675-6d1659c7-primary), the leader with the lock
2026-09-08T17:30:28.069019235Z 2026-09-08 17:30:28,068 INFO: no action. I am (phase4-20260908T172559675-6d1659c7-primary), the leader with the lock
2026-09-08T17:30:33.073413426Z 2026-09-08 17:30:33,071 INFO: no action. I am (phase4-20260908T172559675-6d1659c7-primary), the leader with the lock
2026-09-08T17:30:38.069702464Z 2026-09-08 17:30:38,068 INFO: no action. I am (phase4-20260908T172559675-6d1659c7-primary), the leader with the lock
2026-09-08T17:30:43.175607317Z 2026-09-08 17:30:43,174 INFO: no action. I am (phase4-20260908T172559675-6d1659c7-primary), the leader with the lock
2026-09-08T17:30:48.176052098Z 2026-09-08 17:30:48,175 INFO: no action. I am (phase4-20260908T172559675-6d1659c7-primary), the leader with the lock
2026-09-08T17:30:48.871280910Z 2026-09-08 17:30:48,868 WARNING: Exception happened during processing of request from 172.22.0.5:52292
2026-09-08T17:30:48.875044945Z 2026-09-08 17:30:48,873 WARNING: Traceback (most recent call last):
2026-09-08T17:30:48.875115251Z   File "/usr/lib/python3.11/socketserver.py", line 691, in process_request_thread
2026-09-08T17:30:48.875133852Z     self.finish_request(request, client_address)
2026-09-08T17:30:48.875148454Z   File "/usr/lib/python3.11/socketserver.py", line 361, in finish_request
2026-09-08T17:30:48.875160955Z     self.RequestHandlerClass(request, client_address, self)
2026-09-08T17:30:48.875171456Z   File "/usr/local/lib/python3.11/dist-packages/patroni/api.py", line 105, in __init__
2026-09-08T17:30:48.875183257Z     super(RestApiHandler, self).__init__(request, client_address, server)
2026-09-08T17:30:48.875194958Z   File "/usr/lib/python3.11/socketserver.py", line 755, in __init__
2026-09-08T17:30:48.875206959Z     self.handle()
2026-09-08T17:30:48.875218460Z   File "/usr/lib/python3.11/http/server.py", line 432, in handle
2026-09-08T17:30:48.875231261Z     self.handle_one_request()
2026-09-08T17:30:48.875242462Z   File "/usr/local/lib/python3.11/dist-packages/patroni/api.py", line 1348, in handle_one_request
2026-09-08T17:30:48.875253863Z     BaseHTTPRequestHandler.handle_one_request(self)
2026-09-08T17:30:48.875265864Z   File "/usr/lib/python3.11/http/server.py", line 420, in handle_one_request
2026-09-08T17:30:48.875286466Z     method()
2026-09-08T17:30:48.875299267Z   File "/usr/local/lib/python3.11/dist-packages/patroni/api.py", line 375, in do_GET
2026-09-08T17:30:48.875308368Z     self._write_status_response(status_code, response)
2026-09-08T17:30:48.875320369Z   File "/usr/local/lib/python3.11/dist-packages/patroni/api.py", line 221, in _write_status_response
2026-09-08T17:30:48.875332770Z     self._write_json_response(status_code, response)
2026-09-08T17:30:48.875345371Z   File "/usr/local/lib/python3.11/dist-packages/patroni/api.py", line 167, in _write_json_response
2026-09-08T17:30:48.875357072Z     self.write_response(status_code, json.dumps(response, default=str), content_type='application/json')
2026-09-08T17:30:48.875368473Z   File "/usr/local/lib/python3.11/dist-packages/patroni/api.py", line 157, in write_response
2026-09-08T17:30:48.875380474Z     self.wfile.write(body.encode('utf-8'))
2026-09-08T17:30:48.875425478Z   File "/usr/lib/python3.11/socketserver.py", line 834, in write
2026-09-08T17:30:48.875437079Z     self._sock.sendall(b)
2026-09-08T17:30:48.875444080Z ConnectionResetError: [Errno 104] Connection reset by peer
2026-09-08T17:30:48.875450781Z 
2026-09-08T17:30:53.169579681Z 2026-09-08 17:30:53,168 INFO: no action. I am (phase4-20260908T172559675-6d1659c7-primary), the leader with the lock
2026-09-08T17:30:58.160965154Z 2026-09-08 17:30:58,160 INFO: no action. I am (phase4-20260908T172559675-6d1659c7-primary), the leader with the lock
2026-09-08T17:31:03.077859670Z 2026-09-08 17:31:03,021 INFO: Lock owner: phase4-20260908T172559675-6d1659c7-primary; I am phase4-20260908T172559675-6d1659c7-primary
2026-09-08T17:31:03.077889673Z 2026-09-08 17:31:03,076 INFO: Dropped unknown replication slot 'phase4_20260908t172559675_6d1659c7_elastic4'
2026-09-08T17:31:03.077895273Z 2026-09-08 17:31:03,077 INFO: no action. I am (phase4-20260908T172559675-6d1659c7-primary), the leader with the lock
2026-09-08T17:31:08.129338699Z 2026-09-08 17:31:08,127 INFO: no action. I am (phase4-20260908T172559675-6d1659c7-primary), the leader with the lock
2026-09-08T17:31:13.165869363Z 2026-09-08 17:31:13,165 INFO: no action. I am (phase4-20260908T172559675-6d1659c7-primary), the leader with the lock
2026-09-08T17:31:18.172895153Z 2026-09-08 17:31:18,171 INFO: no action. I am (phase4-20260908T172559675-6d1659c7-primary), the leader with the lock
2026-09-08T17:31:23.170328323Z 2026-09-08 17:31:23,169 INFO: no action. I am (phase4-20260908T172559675-6d1659c7-primary), the leader with the lock
2026-09-08T17:31:28.169924344Z 2026-09-08 17:31:28,168 INFO: no action. I am (phase4-20260908T172559675-6d1659c7-primary), the leader with the lock
2026-09-08T17:31:33.166858866Z 2026-09-08 17:31:33,165 INFO: no action. I am (phase4-20260908T172559675-6d1659c7-primary), the leader with the lock
2026-09-08T17:31:38.083329973Z 2026-09-08 17:31:38,022 INFO: Lock owner: phase4-20260908T172559675-6d1659c7-primary; I am phase4-20260908T172559675-6d1659c7-primary
2026-09-08T17:31:38.083393778Z 2026-09-08 17:31:38,082 INFO: Dropped unknown replication slot 'phase4_20260908t172559675_6d1659c7_elastic3'
2026-09-08T17:31:38.083402479Z 2026-09-08 17:31:38,082 INFO: no action. I am (phase4-20260908T172559675-6d1659c7-primary), the leader with the lock
2026-09-08T17:31:43.067999739Z 2026-09-08 17:31:43,066 INFO: no action. I am (phase4-20260908T172559675-6d1659c7-primary), the leader with the lock
2026-09-08T17:31:48.177578477Z 2026-09-08 17:31:48,176 INFO: no action. I am (phase4-20260908T172559675-6d1659c7-primary), the leader with the lock
2026-09-08T17:31:53.159728863Z 2026-09-08 17:31:53,159 INFO: no action. I am (phase4-20260908T172559675-6d1659c7-primary), the leader with the lock
2026-09-08T17:31:58.171328402Z 2026-09-08 17:31:58,170 INFO: no action. I am (phase4-20260908T172559675-6d1659c7-primary), the leader with the lock
2026-09-08T17:32:03.074626038Z 2026-09-08 17:32:03,073 INFO: no action. I am (phase4-20260908T172559675-6d1659c7-primary), the leader with the lock
2026-09-08T17:32:08.113770578Z 2026-09-08 17:32:08,022 INFO: Lock owner: phase4-20260908T172559675-6d1659c7-primary; I am phase4-20260908T172559675-6d1659c7-primary
2026-09-08T17:32:08.113988003Z 2026-09-08 17:32:08,112 INFO: Dropped unknown replication slot 'phase4_20260908t172559675_6d1659c7_elastic2'
2026-09-08T17:32:08.114002805Z 2026-09-08 17:32:08,112 INFO: no action. I am (phase4-20260908T172559675-6d1659c7-primary), the leader with the lock
2026-09-08T17:32:13.162492272Z 2026-09-08 17:32:13,161 INFO: no action. I am (phase4-20260908T172559675-6d1659c7-primary), the leader with the lock
2026-09-08T17:32:18.169217926Z 2026-09-08 17:32:18,168 INFO: no action. I am (phase4-20260908T172559675-6d1659c7-primary), the leader with the lock
2026-09-08T17:32:23.173527213Z 2026-09-08 17:32:23,172 INFO: no action. I am (phase4-20260908T172559675-6d1659c7-primary), the leader with the lock
2026-09-08T17:32:28.071072424Z 2026-09-08 17:32:28,070 INFO: no action. I am (phase4-20260908T172559675-6d1659c7-primary), the leader with the lock
2026-09-08T17:32:33.168462765Z 2026-09-08 17:32:33,167 INFO: no action. I am (phase4-20260908T172559675-6d1659c7-primary), the leader with the lock
