2026-09-08T17:35:31.362583879Z 2026-09-08 17:35:31,361 INFO: Selected new etcd server http://etcd:2379
2026-09-08T17:35:31.446518097Z 2026-09-08 17:35:31,439 INFO: No PostgreSQL configuration items changed, nothing to reload.
2026-09-08T17:35:31.762171274Z 2026-09-08 17:35:31,543 INFO: Lock owner: phase4-20260908T173358240-1efd4a87-primary; I am phase4-20260908T173358240-1efd4a87-elastic2
2026-09-08T17:35:31.763050757Z 2026-09-08 17:35:31,752 INFO: trying to bootstrap from leader 'phase4-20260908T173358240-1efd4a87-primary'
2026-09-08T17:35:33.587873402Z 2026-09-08 17:35:33,569 INFO: Lock owner: phase4-20260908T173358240-1efd4a87-primary; I am phase4-20260908T173358240-1efd4a87-elastic2
2026-09-08T17:35:33.587926407Z 2026-09-08 17:35:33,585 INFO: bootstrap from leader 'phase4-20260908T173358240-1efd4a87-primary' in progress
2026-09-08T17:35:34.261682766Z 2026-09-08 17:35:34,257 INFO: replica has been created using basebackup
2026-09-08T17:35:34.266965565Z 2026-09-08 17:35:34,258 INFO: bootstrapped from leader 'phase4-20260908T173358240-1efd4a87-primary'
2026-09-08T17:35:35.480332428Z 2026-09-08 17:35:35,479 INFO: postmaster pid=32
2026-09-08T17:35:35.482153300Z 2026-09-08 17:35:35.481 UTC [32] db= user= app= client= session=6aa04767.20 tx=0 LOG:  redirecting log output to logging collector process
2026-09-08T17:35:35.482190503Z 2026-09-08 17:35:35.481 UTC [32] db= user= app= client= session=6aa04767.20 tx=0 HINT:  Future log output will appear in directory "pg_log".
2026-09-08T17:35:36.059866399Z 2026-09-08 17:35:36,058 INFO: establishing a new patroni heartbeat connection to postgres
2026-09-08T17:35:36.913156694Z 2026-09-08 17:35:36,912 INFO: Reaped pid=46, exit status=0
2026-09-08T17:35:36.914671437Z 2026-09-08 17:35:36,913 INFO: Lock owner: phase4-20260908T173358240-1efd4a87-primary; I am phase4-20260908T173358240-1efd4a87-elastic2
2026-09-08T17:35:36.914701940Z 2026-09-08 17:35:36,913 INFO: establishing a new patroni heartbeat connection to postgres
2026-09-08T17:35:37.035560541Z 2026-09-08 17:35:37,034 INFO: no action. I am (phase4-20260908T173358240-1efd4a87-elastic2), a secondary, and following a leader (phase4-20260908T173358240-1efd4a87-primary)
2026-09-08T17:35:37.538338671Z 2026-09-08 17:35:37,537 INFO: establishing a new patroni restapi connection to postgres
2026-09-08T17:35:38.629583853Z 2026-09-08 17:35:38,628 INFO: no action. I am (phase4-20260908T173358240-1efd4a87-elastic2), a secondary, and following a leader (phase4-20260908T173358240-1efd4a87-primary)
2026-09-08T17:35:44.126440161Z 2026-09-08 17:35:44,125 INFO: no action. I am (phase4-20260908T173358240-1efd4a87-elastic2), a secondary, and following a leader (phase4-20260908T173358240-1efd4a87-primary)
2026-09-08T17:35:48.609216885Z 2026-09-08 17:35:48,608 INFO: no action. I am (phase4-20260908T173358240-1efd4a87-elastic2), a secondary, and following a leader (phase4-20260908T173358240-1efd4a87-primary)
2026-09-08T17:35:51.782374481Z 2026-09-08 17:35:51,778 WARNING: Exception happened during processing of request from 172.23.0.5:51540
2026-09-08T17:35:51.789418491Z 2026-09-08 17:35:51,783 WARNING: Traceback (most recent call last):
2026-09-08T17:35:51.789569908Z   File "/usr/lib/python3.11/socketserver.py", line 691, in process_request_thread
2026-09-08T17:35:51.789581709Z     self.finish_request(request, client_address)
2026-09-08T17:35:51.789586610Z   File "/usr/lib/python3.11/socketserver.py", line 361, in finish_request
2026-09-08T17:35:51.789590810Z     self.RequestHandlerClass(request, client_address, self)
2026-09-08T17:35:51.789594511Z   File "/usr/local/lib/python3.11/dist-packages/patroni/api.py", line 105, in __init__
2026-09-08T17:35:51.789598511Z     super(RestApiHandler, self).__init__(request, client_address, server)
2026-09-08T17:35:51.789602512Z   File "/usr/lib/python3.11/socketserver.py", line 755, in __init__
2026-09-08T17:35:51.789606212Z     self.handle()
2026-09-08T17:35:51.789610213Z   File "/usr/lib/python3.11/http/server.py", line 432, in handle
2026-09-08T17:35:51.789614213Z     self.handle_one_request()
2026-09-08T17:35:51.789618614Z   File "/usr/local/lib/python3.11/dist-packages/patroni/api.py", line 1348, in handle_one_request
2026-09-08T17:35:51.789623814Z     BaseHTTPRequestHandler.handle_one_request(self)
2026-09-08T17:35:51.789627515Z   File "/usr/lib/python3.11/http/server.py", line 420, in handle_one_request
2026-09-08T17:35:51.789631515Z     method()
2026-09-08T17:35:51.789636116Z   File "/usr/local/lib/python3.11/dist-packages/patroni/api.py", line 375, in do_GET
2026-09-08T17:35:51.789640716Z     self._write_status_response(status_code, response)
2026-09-08T17:35:51.789644817Z   File "/usr/local/lib/python3.11/dist-packages/patroni/api.py", line 221, in _write_status_response
2026-09-08T17:35:51.789649517Z     self._write_json_response(status_code, response)
2026-09-08T17:35:51.789653918Z   File "/usr/local/lib/python3.11/dist-packages/patroni/api.py", line 167, in _write_json_response
2026-09-08T17:35:51.789658718Z     self.write_response(status_code, json.dumps(response, default=str), content_type='application/json')
2026-09-08T17:35:51.789662719Z   File "/usr/local/lib/python3.11/dist-packages/patroni/api.py", line 157, in write_response
2026-09-08T17:35:51.789666919Z     self.wfile.write(body.encode('utf-8'))
2026-09-08T17:35:51.789670720Z   File "/usr/lib/python3.11/socketserver.py", line 834, in write
2026-09-08T17:35:51.789674920Z     self._sock.sendall(b)
2026-09-08T17:35:51.789678921Z ConnectionResetError: [Errno 104] Connection reset by peer
2026-09-08T17:35:51.789683121Z 
2026-09-08T17:35:53.661539456Z 2026-09-08 17:35:53,660 INFO: no action. I am (phase4-20260908T173358240-1efd4a87-elastic2), a secondary, and following a leader (phase4-20260908T173358240-1efd4a87-primary)
2026-09-08T17:35:58.625359720Z 2026-09-08 17:35:58,623 INFO: no action. I am (phase4-20260908T173358240-1efd4a87-elastic2), a secondary, and following a leader (phase4-20260908T173358240-1efd4a87-primary)
2026-09-08T17:36:03.664869663Z 2026-09-08 17:36:03,664 INFO: no action. I am (phase4-20260908T173358240-1efd4a87-elastic2), a secondary, and following a leader (phase4-20260908T173358240-1efd4a87-primary)
2026-09-08T17:36:09.212494859Z 2026-09-08 17:36:09,210 INFO: no action. I am (phase4-20260908T173358240-1efd4a87-elastic2), a secondary, and following a leader (phase4-20260908T173358240-1efd4a87-primary)
2026-09-08T17:36:13.579958115Z 2026-09-08 17:36:13,578 INFO: no action. I am (phase4-20260908T173358240-1efd4a87-elastic2), a secondary, and following a leader (phase4-20260908T173358240-1efd4a87-primary)
2026-09-08T17:36:15.954814454Z 2026-09-08 17:36:15,953 WARNING: Exception happened during processing of request from 172.23.0.5:51454
2026-09-08T17:36:15.957967232Z 2026-09-08 17:36:15,956 WARNING: Traceback (most recent call last):
2026-09-08T17:36:15.958009436Z   File "/usr/lib/python3.11/socketserver.py", line 691, in process_request_thread
2026-09-08T17:36:15.958017337Z     self.finish_request(request, client_address)
2026-09-08T17:36:15.958023437Z   File "/usr/lib/python3.11/socketserver.py", line 361, in finish_request
2026-09-08T17:36:15.958029738Z     self.RequestHandlerClass(request, client_address, self)
2026-09-08T17:36:15.958035738Z   File "/usr/local/lib/python3.11/dist-packages/patroni/api.py", line 105, in __init__
2026-09-08T17:36:15.958042239Z     super(RestApiHandler, self).__init__(request, client_address, server)
2026-09-08T17:36:15.958048340Z   File "/usr/lib/python3.11/socketserver.py", line 755, in __init__
2026-09-08T17:36:15.958054540Z     self.handle()
2026-09-08T17:36:15.958060341Z   File "/usr/lib/python3.11/http/server.py", line 432, in handle
2026-09-08T17:36:15.958066341Z     self.handle_one_request()
2026-09-08T17:36:15.958072142Z   File "/usr/local/lib/python3.11/dist-packages/patroni/api.py", line 1348, in handle_one_request
2026-09-08T17:36:15.958078242Z     BaseHTTPRequestHandler.handle_one_request(self)
2026-09-08T17:36:15.958084143Z   File "/usr/lib/python3.11/http/server.py", line 420, in handle_one_request
2026-09-08T17:36:15.958090743Z     method()
2026-09-08T17:36:15.958096644Z   File "/usr/local/lib/python3.11/dist-packages/patroni/api.py", line 375, in do_GET
2026-09-08T17:36:15.958102944Z     self._write_status_response(status_code, response)
2026-09-08T17:36:15.958108945Z   File "/usr/local/lib/python3.11/dist-packages/patroni/api.py", line 221, in _write_status_response
2026-09-08T17:36:15.958115245Z     self._write_json_response(status_code, response)
2026-09-08T17:36:15.958120946Z   File "/usr/local/lib/python3.11/dist-packages/patroni/api.py", line 167, in _write_json_response
2026-09-08T17:36:15.958127146Z     self.write_response(status_code, json.dumps(response, default=str), content_type='application/json')
2026-09-08T17:36:15.958151749Z   File "/usr/local/lib/python3.11/dist-packages/patroni/api.py", line 157, in write_response
2026-09-08T17:36:15.958156849Z     self.wfile.write(body.encode('utf-8'))
2026-09-08T17:36:15.958160949Z   File "/usr/lib/python3.11/socketserver.py", line 834, in write
2026-09-08T17:36:15.958165050Z     self._sock.sendall(b)
2026-09-08T17:36:15.958168950Z ConnectionResetError: [Errno 104] Connection reset by peer
2026-09-08T17:36:15.958172951Z 
2026-09-08T17:36:19.116093986Z 2026-09-08 17:36:19,115 INFO: no action. I am (phase4-20260908T173358240-1efd4a87-elastic2), a secondary, and following a leader (phase4-20260908T173358240-1efd4a87-primary)
2026-09-08T17:36:24.029656911Z 2026-09-08 17:36:24,026 WARNING: Exception happened during processing of request from 172.23.0.5:45806
2026-09-08T17:36:24.030213965Z 2026-09-08 17:36:24,028 WARNING: Traceback (most recent call last):
2026-09-08T17:36:24.030263470Z   File "/usr/lib/python3.11/socketserver.py", line 691, in process_request_thread
2026-09-08T17:36:24.030270371Z     self.finish_request(request, client_address)
2026-09-08T17:36:24.030275271Z   File "/usr/lib/python3.11/socketserver.py", line 361, in finish_request
2026-09-08T17:36:24.030281072Z     self.RequestHandlerClass(request, client_address, self)
2026-09-08T17:36:24.030285172Z   File "/usr/local/lib/python3.11/dist-packages/patroni/api.py", line 105, in __init__
2026-09-08T17:36:24.030289073Z     super(RestApiHandler, self).__init__(request, client_address, server)
2026-09-08T17:36:24.030293573Z   File "/usr/lib/python3.11/socketserver.py", line 755, in __init__
2026-09-08T17:36:24.030297874Z     self.handle()
2026-09-08T17:36:24.030301974Z   File "/usr/lib/python3.11/http/server.py", line 432, in handle
2026-09-08T17:36:24.030341978Z     self.handle_one_request()
2026-09-08T17:36:24.030346078Z   File "/usr/local/lib/python3.11/dist-packages/patroni/api.py", line 1348, in handle_one_request
2026-09-08T17:36:24.030349879Z     BaseHTTPRequestHandler.handle_one_request(self)
2026-09-08T17:36:24.030353779Z   File "/usr/lib/python3.11/http/server.py", line 420, in handle_one_request
2026-09-08T17:36:24.030357979Z     method()
2026-09-08T17:36:24.030361980Z   File "/usr/local/lib/python3.11/dist-packages/patroni/api.py", line 375, in do_GET
2026-09-08T17:36:24.030366380Z     self._write_status_response(status_code, response)
2026-09-08T17:36:24.030370581Z   File "/usr/local/lib/python3.11/dist-packages/patroni/api.py", line 221, in _write_status_response
2026-09-08T17:36:24.030374581Z     self._write_json_response(status_code, response)
2026-09-08T17:36:24.030378081Z   File "/usr/local/lib/python3.11/dist-packages/patroni/api.py", line 167, in _write_json_response
2026-09-08T17:36:24.030382382Z     self.write_response(status_code, json.dumps(response, default=str), content_type='application/json')
2026-09-08T17:36:24.030427386Z   File "/usr/local/lib/python3.11/dist-packages/patroni/api.py", line 157, in write_response
2026-09-08T17:36:24.030433487Z     self.wfile.write(body.encode('utf-8'))
2026-09-08T17:36:24.030437887Z   File "/usr/lib/python3.11/socketserver.py", line 834, in write
2026-09-08T17:36:24.030442088Z     self._sock.sendall(b)
2026-09-08T17:36:24.030445688Z ConnectionResetError: [Errno 104] Connection reset by peer
2026-09-08T17:36:24.030449788Z 
2026-09-08T17:36:24.074440152Z 2026-09-08 17:36:24,073 INFO: no action. I am (phase4-20260908T173358240-1efd4a87-elastic2), a secondary, and following a leader (phase4-20260908T173358240-1efd4a87-primary)
2026-09-08T17:36:28.663318343Z 2026-09-08 17:36:28,662 INFO: no action. I am (phase4-20260908T173358240-1efd4a87-elastic2), a secondary, and following a leader (phase4-20260908T173358240-1efd4a87-primary)
2026-09-08T17:36:32.084119134Z 2026-09-08 17:36:32,070 WARNING: Exception happened during processing of request from 172.23.0.5:45872
2026-09-08T17:36:32.084170739Z 2026-09-08 17:36:32,073 WARNING: Traceback (most recent call last):
2026-09-08T17:36:32.084179840Z   File "/usr/lib/python3.11/socketserver.py", line 691, in process_request_thread
2026-09-08T17:36:32.084186940Z     self.finish_request(request, client_address)
2026-09-08T17:36:32.084193041Z   File "/usr/lib/python3.11/socketserver.py", line 361, in finish_request
2026-09-08T17:36:32.084199442Z     self.RequestHandlerClass(request, client_address, self)
2026-09-08T17:36:32.084205742Z   File "/usr/local/lib/python3.11/dist-packages/patroni/api.py", line 105, in __init__
2026-09-08T17:36:32.084212043Z     super(RestApiHandler, self).__init__(request, client_address, server)
2026-09-08T17:36:32.084218243Z   File "/usr/lib/python3.11/socketserver.py", line 755, in __init__
2026-09-08T17:36:32.084225744Z     self.handle()
2026-09-08T17:36:32.084231745Z   File "/usr/lib/python3.11/http/server.py", line 432, in handle
2026-09-08T17:36:32.084238145Z     self.handle_one_request()
2026-09-08T17:36:32.084244146Z   File "/usr/local/lib/python3.11/dist-packages/patroni/api.py", line 1348, in handle_one_request
2026-09-08T17:36:32.084250447Z     BaseHTTPRequestHandler.handle_one_request(self)
2026-09-08T17:36:32.084256547Z   File "/usr/lib/python3.11/http/server.py", line 420, in handle_one_request
2026-09-08T17:36:32.084263048Z     method()
2026-09-08T17:36:32.084268748Z   File "/usr/local/lib/python3.11/dist-packages/patroni/api.py", line 375, in do_GET
2026-09-08T17:36:32.084275049Z     self._write_status_response(status_code, response)
2026-09-08T17:36:32.084280949Z   File "/usr/local/lib/python3.11/dist-packages/patroni/api.py", line 221, in _write_status_response
2026-09-08T17:36:32.084287150Z     self._write_json_response(status_code, response)
2026-09-08T17:36:32.084293151Z   File "/usr/local/lib/python3.11/dist-packages/patroni/api.py", line 167, in _write_json_response
2026-09-08T17:36:32.084320953Z     self.write_response(status_code, json.dumps(response, default=str), content_type='application/json')
2026-09-08T17:36:32.084326254Z   File "/usr/local/lib/python3.11/dist-packages/patroni/api.py", line 157, in write_response
2026-09-08T17:36:32.084330654Z     self.wfile.write(body.encode('utf-8'))
2026-09-08T17:36:32.084334555Z   File "/usr/lib/python3.11/socketserver.py", line 834, in write
2026-09-08T17:36:32.084338555Z     self._sock.sendall(b)
2026-09-08T17:36:32.084342456Z ConnectionResetError: [Errno 104] Connection reset by peer
2026-09-08T17:36:32.084346556Z 
2026-09-08T17:36:33.621582324Z 2026-09-08 17:36:33,620 INFO: no action. I am (phase4-20260908T173358240-1efd4a87-elastic2), a secondary, and following a leader (phase4-20260908T173358240-1efd4a87-primary)
2026-09-08T17:36:34.106372013Z 2026-09-08 17:36:34,087 WARNING: Exception happened during processing of request from 172.23.0.5:57316
2026-09-08T17:36:34.106395915Z 2026-09-08 17:36:34,091 WARNING: Traceback (most recent call last):
2026-09-08T17:36:34.106401716Z   File "/usr/lib/python3.11/socketserver.py", line 691, in process_request_thread
2026-09-08T17:36:34.106406816Z     self.finish_request(request, client_address)
2026-09-08T17:36:34.106436519Z   File "/usr/lib/python3.11/socketserver.py", line 361, in finish_request
2026-09-08T17:36:34.106441420Z     self.RequestHandlerClass(request, client_address, self)
2026-09-08T17:36:34.106446420Z   File "/usr/local/lib/python3.11/dist-packages/patroni/api.py", line 105, in __init__
2026-09-08T17:36:34.106451221Z     super(RestApiHandler, self).__init__(request, client_address, server)
2026-09-08T17:36:34.106488124Z   File "/usr/lib/python3.11/socketserver.py", line 755, in __init__
2026-09-08T17:36:34.106499225Z     self.handle()
2026-09-08T17:36:34.106503826Z   File "/usr/lib/python3.11/http/server.py", line 432, in handle
2026-09-08T17:36:34.106508526Z     self.handle_one_request()
2026-09-08T17:36:34.106518727Z   File "/usr/local/lib/python3.11/dist-packages/patroni/api.py", line 1348, in handle_one_request
2026-09-08T17:36:34.106523628Z     BaseHTTPRequestHandler.handle_one_request(self)
2026-09-08T17:36:34.106528028Z   File "/usr/lib/python3.11/http/server.py", line 420, in handle_one_request
2026-09-08T17:36:34.106532929Z     method()
2026-09-08T17:36:34.106537529Z   File "/usr/local/lib/python3.11/dist-packages/patroni/api.py", line 375, in do_GET
2026-09-08T17:36:34.106769952Z     self._write_status_response(status_code, response)
2026-09-08T17:36:34.106779753Z   File "/usr/local/lib/python3.11/dist-packages/patroni/api.py", line 221, in _write_status_response
2026-09-08T17:36:34.106785253Z     self._write_json_response(status_code, response)
2026-09-08T17:36:34.106790454Z   File "/usr/local/lib/python3.11/dist-packages/patroni/api.py", line 167, in _write_json_response
2026-09-08T17:36:34.107051879Z     self.write_response(status_code, json.dumps(response, default=str), content_type='application/json')
2026-09-08T17:36:34.107079782Z   File "/usr/local/lib/python3.11/dist-packages/patroni/api.py", line 157, in write_response
2026-09-08T17:36:34.107934166Z     self.wfile.write(body.encode('utf-8'))
2026-09-08T17:36:34.107941366Z   File "/usr/lib/python3.11/socketserver.py", line 834, in write
2026-09-08T17:36:34.107946267Z     self._sock.sendall(b)
2026-09-08T17:36:34.107950567Z ConnectionResetError: [Errno 104] Connection reset by peer
2026-09-08T17:36:34.107954968Z 
2026-09-08T17:36:35.094172969Z 2026-09-08 17:36:35,092 WARNING: Exception happened during processing of request from 172.23.0.5:57324
2026-09-08T17:36:35.095935327Z 2026-09-08 17:36:35,094 WARNING: Traceback (most recent call last):
2026-09-08T17:36:35.095962929Z   File "/usr/lib/python3.11/socketserver.py", line 691, in process_request_thread
2026-09-08T17:36:35.095970330Z     self.finish_request(request, client_address)
2026-09-08T17:36:35.095975431Z   File "/usr/lib/python3.11/socketserver.py", line 361, in finish_request
2026-09-08T17:36:35.095980431Z     self.RequestHandlerClass(request, client_address, self)
2026-09-08T17:36:35.095985231Z   File "/usr/local/lib/python3.11/dist-packages/patroni/api.py", line 105, in __init__
2026-09-08T17:36:35.095990132Z     super(RestApiHandler, self).__init__(request, client_address, server)
2026-09-08T17:36:35.095995332Z   File "/usr/lib/python3.11/socketserver.py", line 755, in __init__
2026-09-08T17:36:35.095999833Z     self.handle()
2026-09-08T17:36:35.096004533Z   File "/usr/lib/python3.11/http/server.py", line 432, in handle
2026-09-08T17:36:35.096009134Z     self.handle_one_request()
2026-09-08T17:36:35.096014234Z   File "/usr/local/lib/python3.11/dist-packages/patroni/api.py", line 1348, in handle_one_request
2026-09-08T17:36:35.096019735Z     BaseHTTPRequestHandler.handle_one_request(self)
2026-09-08T17:36:35.096024435Z   File "/usr/lib/python3.11/http/server.py", line 420, in handle_one_request
2026-09-08T17:36:35.096029635Z     method()
2026-09-08T17:36:35.096034636Z   File "/usr/local/lib/python3.11/dist-packages/patroni/api.py", line 375, in do_GET
2026-09-08T17:36:35.096039436Z     self._write_status_response(status_code, response)
2026-09-08T17:36:35.096044037Z   File "/usr/local/lib/python3.11/dist-packages/patroni/api.py", line 221, in _write_status_response
2026-09-08T17:36:35.096049037Z     self._write_json_response(status_code, response)
2026-09-08T17:36:35.096053738Z   File "/usr/local/lib/python3.11/dist-packages/patroni/api.py", line 167, in _write_json_response
2026-09-08T17:36:35.096058838Z     self.write_response(status_code, json.dumps(response, default=str), content_type='application/json')
2026-09-08T17:36:35.096063739Z   File "/usr/local/lib/python3.11/dist-packages/patroni/api.py", line 157, in write_response
2026-09-08T17:36:35.096068939Z     self.wfile.write(body.encode('utf-8'))
2026-09-08T17:36:35.096144346Z   File "/usr/lib/python3.11/socketserver.py", line 834, in write
2026-09-08T17:36:35.096151946Z     self._sock.sendall(b)
2026-09-08T17:36:35.096156847Z ConnectionResetError: [Errno 104] Connection reset by peer
2026-09-08T17:36:35.096161647Z 
2026-09-08T17:36:38.679079033Z 2026-09-08 17:36:38,677 INFO: no action. I am (phase4-20260908T173358240-1efd4a87-elastic2), a secondary, and following a leader (phase4-20260908T173358240-1efd4a87-primary)
2026-09-08T17:36:43.582688401Z 2026-09-08 17:36:43,581 INFO: no action. I am (phase4-20260908T173358240-1efd4a87-elastic2), a secondary, and following a leader (phase4-20260908T173358240-1efd4a87-primary)
2026-09-08T17:36:46.188997440Z 2026-09-08 17:36:46,182 WARNING: Exception happened during processing of request from 172.23.0.5:39434
2026-09-08T17:36:46.189059746Z 2026-09-08 17:36:46,185 WARNING: Traceback (most recent call last):
2026-09-08T17:36:46.189071647Z   File "/usr/lib/python3.11/socketserver.py", line 691, in process_request_thread
2026-09-08T17:36:46.189082248Z     self.finish_request(request, client_address)
2026-09-08T17:36:46.189090549Z   File "/usr/lib/python3.11/socketserver.py", line 361, in finish_request
2026-09-08T17:36:46.189098150Z     self.RequestHandlerClass(request, client_address, self)
2026-09-08T17:36:46.189104950Z   File "/usr/local/lib/python3.11/dist-packages/patroni/api.py", line 105, in __init__
2026-09-08T17:36:46.189111651Z     super(RestApiHandler, self).__init__(request, client_address, server)
2026-09-08T17:36:46.189118852Z   File "/usr/lib/python3.11/socketserver.py", line 755, in __init__
2026-09-08T17:36:46.189125552Z     self.handle()
2026-09-08T17:36:46.189132253Z   File "/usr/lib/python3.11/http/server.py", line 432, in handle
2026-09-08T17:36:46.189139453Z     self.handle_one_request()
2026-09-08T17:36:46.189145854Z   File "/usr/local/lib/python3.11/dist-packages/patroni/api.py", line 1348, in handle_one_request
2026-09-08T17:36:46.189152955Z     BaseHTTPRequestHandler.handle_one_request(self)
2026-09-08T17:36:46.189159955Z   File "/usr/lib/python3.11/http/server.py", line 420, in handle_one_request
2026-09-08T17:36:46.189166756Z     method()
2026-09-08T17:36:46.189173256Z   File "/usr/local/lib/python3.11/dist-packages/patroni/api.py", line 375, in do_GET
2026-09-08T17:36:46.189180157Z     self._write_status_response(status_code, response)
2026-09-08T17:36:46.189187058Z   File "/usr/local/lib/python3.11/dist-packages/patroni/api.py", line 221, in _write_status_response
2026-09-08T17:36:46.189194158Z     self._write_json_response(status_code, response)
2026-09-08T17:36:46.189200759Z   File "/usr/local/lib/python3.11/dist-packages/patroni/api.py", line 167, in _write_json_response
2026-09-08T17:36:46.189208260Z     self.write_response(status_code, json.dumps(response, default=str), content_type='application/json')
2026-09-08T17:36:46.189215460Z   File "/usr/local/lib/python3.11/dist-packages/patroni/api.py", line 157, in write_response
2026-09-08T17:36:46.189246163Z     self.wfile.write(body.encode('utf-8'))
2026-09-08T17:36:46.189251964Z   File "/usr/lib/python3.11/socketserver.py", line 834, in write
2026-09-08T17:36:46.189257164Z     self._sock.sendall(b)
2026-09-08T17:36:46.189261865Z ConnectionResetError: [Errno 104] Connection reset by peer
2026-09-08T17:36:46.189266065Z 
2026-09-08T17:36:48.639669943Z 2026-09-08 17:36:48,638 INFO: no action. I am (phase4-20260908T173358240-1efd4a87-elastic2), a secondary, and following a leader (phase4-20260908T173358240-1efd4a87-primary)
2026-09-08T17:36:53.792380927Z 2026-09-08 17:36:53,791 INFO: no action. I am (phase4-20260908T173358240-1efd4a87-elastic2), a secondary, and following a leader (phase4-20260908T173358240-1efd4a87-primary)
2026-09-08T17:36:59.086072347Z 2026-09-08 17:36:59,085 INFO: no action. I am (phase4-20260908T173358240-1efd4a87-elastic2), a secondary, and following a leader (phase4-20260908T173358240-1efd4a87-primary)
2026-09-08T17:37:04.151359119Z 2026-09-08 17:37:04,139 INFO: no action. I am (phase4-20260908T173358240-1efd4a87-elastic2), a secondary, and following a leader (phase4-20260908T173358240-1efd4a87-primary)
2026-09-08T17:37:09.085567074Z 2026-09-08 17:37:09,082 INFO: no action. I am (phase4-20260908T173358240-1efd4a87-elastic2), a secondary, and following a leader (phase4-20260908T173358240-1efd4a87-primary)
2026-09-08T17:37:13.542921925Z 2026-09-08 17:37:13,539 WARNING: Exception happened during processing of request from 172.23.0.5:36972
2026-09-08T17:37:13.542989931Z 2026-09-08 17:37:13,542 WARNING: Traceback (most recent call last):
2026-09-08T17:37:13.542999932Z   File "/usr/lib/python3.11/socketserver.py", line 691, in process_request_thread
2026-09-08T17:37:13.543007833Z     self.finish_request(request, client_address)
2026-09-08T17:37:13.543014233Z   File "/usr/lib/python3.11/socketserver.py", line 361, in finish_request
2026-09-08T17:37:13.543020934Z     self.RequestHandlerClass(request, client_address, self)
2026-09-08T17:37:13.543027534Z   File "/usr/local/lib/python3.11/dist-packages/patroni/api.py", line 105, in __init__
2026-09-08T17:37:13.543034135Z     super(RestApiHandler, self).__init__(request, client_address, server)
2026-09-08T17:37:13.543040535Z   File "/usr/lib/python3.11/socketserver.py", line 755, in __init__
2026-09-08T17:37:13.543047936Z     self.handle()
2026-09-08T17:37:13.543054037Z   File "/usr/lib/python3.11/http/server.py", line 432, in handle
2026-09-08T17:37:13.543061137Z     self.handle_one_request()
2026-09-08T17:37:13.543068038Z   File "/usr/local/lib/python3.11/dist-packages/patroni/api.py", line 1348, in handle_one_request
2026-09-08T17:37:13.543074438Z     BaseHTTPRequestHandler.handle_one_request(self)
2026-09-08T17:37:13.543080739Z   File "/usr/lib/python3.11/http/server.py", line 420, in handle_one_request
2026-09-08T17:37:13.543089040Z     method()
2026-09-08T17:37:13.543095840Z   File "/usr/local/lib/python3.11/dist-packages/patroni/api.py", line 375, in do_GET
2026-09-08T17:37:13.543131844Z     self._write_status_response(status_code, response)
2026-09-08T17:37:13.543138644Z   File "/usr/local/lib/python3.11/dist-packages/patroni/api.py", line 221, in _write_status_response
2026-09-08T17:37:13.543143345Z     self._write_json_response(status_code, response)
2026-09-08T17:37:13.543147245Z   File "/usr/local/lib/python3.11/dist-packages/patroni/api.py", line 167, in _write_json_response
2026-09-08T17:37:13.543151745Z     self.write_response(status_code, json.dumps(response, default=str), content_type='application/json')
2026-09-08T17:37:13.543156146Z   File "/usr/local/lib/python3.11/dist-packages/patroni/api.py", line 157, in write_response
2026-09-08T17:37:13.543159946Z     self.wfile.write(body.encode('utf-8'))
2026-09-08T17:37:13.543163946Z   File "/usr/lib/python3.11/socketserver.py", line 834, in write
2026-09-08T17:37:13.543168447Z     self._sock.sendall(b)
2026-09-08T17:37:13.543172647Z ConnectionResetError: [Errno 104] Connection reset by peer
2026-09-08T17:37:13.543177248Z 
2026-09-08T17:37:13.656952390Z 2026-09-08 17:37:13,656 INFO: no action. I am (phase4-20260908T173358240-1efd4a87-elastic2), a secondary, and following a leader (phase4-20260908T173358240-1efd4a87-primary)
2026-09-08T17:37:19.107620659Z 2026-09-08 17:37:19,106 INFO: no action. I am (phase4-20260908T173358240-1efd4a87-elastic2), a secondary, and following a leader (phase4-20260908T173358240-1efd4a87-primary)
2026-09-08T17:37:23.626248518Z 2026-09-08 17:37:23,625 INFO: no action. I am (phase4-20260908T173358240-1efd4a87-elastic2), a secondary, and following a leader (phase4-20260908T173358240-1efd4a87-primary)
2026-09-08T17:37:28.673778482Z 2026-09-08 17:37:28,673 INFO: no action. I am (phase4-20260908T173358240-1efd4a87-elastic2), a secondary, and following a leader (phase4-20260908T173358240-1efd4a87-primary)
2026-09-08T17:37:33.694511301Z 2026-09-08 17:37:33,693 INFO: no action. I am (phase4-20260908T173358240-1efd4a87-elastic2), a secondary, and following a leader (phase4-20260908T173358240-1efd4a87-primary)
2026-09-08T17:37:38.535414077Z 2026-09-08 17:37:38,534 INFO: no action. I am (phase4-20260908T173358240-1efd4a87-elastic2), a secondary, and following a leader (phase4-20260908T173358240-1efd4a87-primary)
2026-09-08T17:37:42.747954402Z 2026-09-08 17:37:42,744 WARNING: Exception happened during processing of request from 172.23.0.5:55710
2026-09-08T17:37:42.748005406Z 2026-09-08 17:37:42,747 WARNING: Traceback (most recent call last):
2026-09-08T17:37:42.748013907Z   File "/usr/lib/python3.11/socketserver.py", line 691, in process_request_thread
2026-09-08T17:37:42.748020808Z     self.finish_request(request, client_address)
2026-09-08T17:37:42.748026908Z   File "/usr/lib/python3.11/socketserver.py", line 361, in finish_request
2026-09-08T17:37:42.748033409Z     self.RequestHandlerClass(request, client_address, self)
2026-09-08T17:37:42.748039609Z   File "/usr/local/lib/python3.11/dist-packages/patroni/api.py", line 105, in __init__
2026-09-08T17:37:42.748068711Z     super(RestApiHandler, self).__init__(request, client_address, server)
2026-09-08T17:37:42.748074312Z   File "/usr/lib/python3.11/socketserver.py", line 755, in __init__
2026-09-08T17:37:42.748078312Z     self.handle()
2026-09-08T17:37:42.748082513Z   File "/usr/lib/python3.11/http/server.py", line 432, in handle
2026-09-08T17:37:42.748086913Z     self.handle_one_request()
2026-09-08T17:37:42.748090913Z   File "/usr/local/lib/python3.11/dist-packages/patroni/api.py", line 1348, in handle_one_request
2026-09-08T17:37:42.748095414Z     BaseHTTPRequestHandler.handle_one_request(self)
2026-09-08T17:37:42.748100014Z   File "/usr/lib/python3.11/http/server.py", line 420, in handle_one_request
2026-09-08T17:37:42.748104514Z     method()
2026-09-08T17:37:42.748108315Z   File "/usr/local/lib/python3.11/dist-packages/patroni/api.py", line 375, in do_GET
2026-09-08T17:37:42.748112315Z     self._write_status_response(status_code, response)
2026-09-08T17:37:42.748116615Z   File "/usr/local/lib/python3.11/dist-packages/patroni/api.py", line 221, in _write_status_response
2026-09-08T17:37:42.748120716Z     self._write_json_response(status_code, response)
2026-09-08T17:37:42.748124616Z   File "/usr/local/lib/python3.11/dist-packages/patroni/api.py", line 167, in _write_json_response
2026-09-08T17:37:42.748128716Z     self.write_response(status_code, json.dumps(response, default=str), content_type='application/json')
2026-09-08T17:37:42.748133317Z   File "/usr/local/lib/python3.11/dist-packages/patroni/api.py", line 157, in write_response
2026-09-08T17:37:42.748137917Z     self.wfile.write(body.encode('utf-8'))
2026-09-08T17:37:42.748142317Z   File "/usr/lib/python3.11/socketserver.py", line 834, in write
2026-09-08T17:37:42.748146718Z     self._sock.sendall(b)
2026-09-08T17:37:42.748151218Z ConnectionResetError: [Errno 104] Connection reset by peer
2026-09-08T17:37:42.748155818Z 
2026-09-08T17:37:43.668791172Z 2026-09-08 17:37:43,668 INFO: no action. I am (phase4-20260908T173358240-1efd4a87-elastic2), a secondary, and following a leader (phase4-20260908T173358240-1efd4a87-primary)
2026-09-08T17:37:49.122700974Z 2026-09-08 17:37:49,121 INFO: no action. I am (phase4-20260908T173358240-1efd4a87-elastic2), a secondary, and following a leader (phase4-20260908T173358240-1efd4a87-primary)
2026-09-08T17:37:53.648376636Z 2026-09-08 17:37:53,647 INFO: no action. I am (phase4-20260908T173358240-1efd4a87-elastic2), a secondary, and following a leader (phase4-20260908T173358240-1efd4a87-primary)
2026-09-08T17:37:59.140869186Z 2026-09-08 17:37:59,140 INFO: no action. I am (phase4-20260908T173358240-1efd4a87-elastic2), a secondary, and following a leader (phase4-20260908T173358240-1efd4a87-primary)
2026-09-08T17:38:04.118452861Z 2026-09-08 17:38:04,109 INFO: no action. I am (phase4-20260908T173358240-1efd4a87-elastic2), a secondary, and following a leader (phase4-20260908T173358240-1efd4a87-primary)
2026-09-08T17:38:05.102192885Z 2026-09-08 17:38:05,091 WARNING: Exception happened during processing of request from 172.23.0.5:34740
2026-09-08T17:38:05.102275693Z 2026-09-08 17:38:05,100 WARNING: Traceback (most recent call last):
2026-09-08T17:38:05.102285594Z   File "/usr/lib/python3.11/socketserver.py", line 691, in process_request_thread
2026-09-08T17:38:05.102291494Z     self.finish_request(request, client_address)
2026-09-08T17:38:05.102296495Z   File "/usr/lib/python3.11/socketserver.py", line 361, in finish_request
2026-09-08T17:38:05.102301395Z     self.RequestHandlerClass(request, client_address, self)
2026-09-08T17:38:05.102305596Z   File "/usr/local/lib/python3.11/dist-packages/patroni/api.py", line 105, in __init__
2026-09-08T17:38:05.102310096Z     super(RestApiHandler, self).__init__(request, client_address, server)
2026-09-08T17:38:05.102314796Z   File "/usr/lib/python3.11/socketserver.py", line 755, in __init__
2026-09-08T17:38:05.102319197Z     self.handle()
2026-09-08T17:38:05.102323397Z   File "/usr/lib/python3.11/http/server.py", line 432, in handle
2026-09-08T17:38:05.102327998Z     self.handle_one_request()
2026-09-08T17:38:05.102336898Z   File "/usr/local/lib/python3.11/dist-packages/patroni/api.py", line 1348, in handle_one_request
2026-09-08T17:38:05.102341899Z     BaseHTTPRequestHandler.handle_one_request(self)
2026-09-08T17:38:05.102346199Z   File "/usr/lib/python3.11/http/server.py", line 420, in handle_one_request
2026-09-08T17:38:05.102351200Z     method()
2026-09-08T17:38:05.102355600Z   File "/usr/local/lib/python3.11/dist-packages/patroni/api.py", line 375, in do_GET
2026-09-08T17:38:05.102360301Z     self._write_status_response(status_code, response)
2026-09-08T17:38:05.102364601Z   File "/usr/local/lib/python3.11/dist-packages/patroni/api.py", line 221, in _write_status_response
2026-09-08T17:38:05.102369601Z     self._write_json_response(status_code, response)
2026-09-08T17:38:05.102374202Z   File "/usr/local/lib/python3.11/dist-packages/patroni/api.py", line 167, in _write_json_response
2026-09-08T17:38:05.102379202Z     self.write_response(status_code, json.dumps(response, default=str), content_type='application/json')
2026-09-08T17:38:05.102384003Z   File "/usr/local/lib/python3.11/dist-packages/patroni/api.py", line 157, in write_response
2026-09-08T17:38:05.102388903Z     self.wfile.write(body.encode('utf-8'))
2026-09-08T17:38:05.102393304Z   File "/usr/lib/python3.11/socketserver.py", line 834, in write
2026-09-08T17:38:05.102397504Z     self._sock.sendall(b)
2026-09-08T17:38:05.102401704Z ConnectionResetError: [Errno 104] Connection reset by peer
2026-09-08T17:38:05.102406305Z 
2026-09-08T17:38:09.065503310Z 2026-09-08 17:38:09,064 INFO: no action. I am (phase4-20260908T173358240-1efd4a87-elastic2), a secondary, and following a leader (phase4-20260908T173358240-1efd4a87-primary)
2026-09-08T17:38:14.146611310Z 2026-09-08 17:38:14,145 INFO: no action. I am (phase4-20260908T173358240-1efd4a87-elastic2), a secondary, and following a leader (phase4-20260908T173358240-1efd4a87-primary)
2026-09-08T17:38:17.177861651Z 2026-09-08 17:38:17,170 WARNING: Exception happened during processing of request from 172.23.0.5:49616
2026-09-08T17:38:17.179845133Z 2026-09-08 17:38:17,179 WARNING: Traceback (most recent call last):
2026-09-08T17:38:17.179867835Z   File "/usr/lib/python3.11/socketserver.py", line 691, in process_request_thread
2026-09-08T17:38:17.179873935Z     self.finish_request(request, client_address)
2026-09-08T17:38:17.179878336Z   File "/usr/lib/python3.11/socketserver.py", line 361, in finish_request
2026-09-08T17:38:17.179882936Z     self.RequestHandlerClass(request, client_address, self)
2026-09-08T17:38:17.179887036Z   File "/usr/local/lib/python3.11/dist-packages/patroni/api.py", line 105, in __init__
2026-09-08T17:38:17.179891737Z     super(RestApiHandler, self).__init__(request, client_address, server)
2026-09-08T17:38:17.179896037Z   File "/usr/lib/python3.11/socketserver.py", line 755, in __init__
2026-09-08T17:38:17.179900138Z     self.handle()
2026-09-08T17:38:17.179904338Z   File "/usr/lib/python3.11/http/server.py", line 432, in handle
2026-09-08T17:38:17.179909038Z     self.handle_one_request()
2026-09-08T17:38:17.179913239Z   File "/usr/local/lib/python3.11/dist-packages/patroni/api.py", line 1348, in handle_one_request
2026-09-08T17:38:17.179917739Z     BaseHTTPRequestHandler.handle_one_request(self)
2026-09-08T17:38:17.179921940Z   File "/usr/lib/python3.11/http/server.py", line 420, in handle_one_request
2026-09-08T17:38:17.179926640Z     method()
2026-09-08T17:38:17.179931240Z   File "/usr/local/lib/python3.11/dist-packages/patroni/api.py", line 375, in do_GET
2026-09-08T17:38:17.179935841Z     self._write_status_response(status_code, response)
2026-09-08T17:38:17.179940041Z   File "/usr/local/lib/python3.11/dist-packages/patroni/api.py", line 221, in _write_status_response
2026-09-08T17:38:17.179944642Z     self._write_json_response(status_code, response)
2026-09-08T17:38:17.179948742Z   File "/usr/local/lib/python3.11/dist-packages/patroni/api.py", line 167, in _write_json_response
2026-09-08T17:38:17.179953142Z     self.write_response(status_code, json.dumps(response, default=str), content_type='application/json')
2026-09-08T17:38:17.179957543Z   File "/usr/local/lib/python3.11/dist-packages/patroni/api.py", line 157, in write_response
2026-09-08T17:38:17.179962243Z     self.wfile.write(body.encode('utf-8'))
2026-09-08T17:38:17.179966544Z   File "/usr/lib/python3.11/socketserver.py", line 834, in write
2026-09-08T17:38:17.179971144Z     self._sock.sendall(b)
2026-09-08T17:38:17.179975345Z ConnectionResetError: [Errno 104] Connection reset by peer
2026-09-08T17:38:17.179979545Z 
2026-09-08T17:38:18.663597742Z 2026-09-08 17:38:18,662 INFO: no action. I am (phase4-20260908T173358240-1efd4a87-elastic2), a secondary, and following a leader (phase4-20260908T173358240-1efd4a87-primary)
2026-09-08T17:38:23.697954064Z 2026-09-08 17:38:23,697 INFO: no action. I am (phase4-20260908T173358240-1efd4a87-elastic2), a secondary, and following a leader (phase4-20260908T173358240-1efd4a87-primary)
2026-09-08T17:38:29.118968567Z 2026-09-08 17:38:29,117 INFO: no action. I am (phase4-20260908T173358240-1efd4a87-elastic2), a secondary, and following a leader (phase4-20260908T173358240-1efd4a87-primary)
2026-09-08T17:38:34.066164870Z 2026-09-08 17:38:34,065 INFO: no action. I am (phase4-20260908T173358240-1efd4a87-elastic2), a secondary, and following a leader (phase4-20260908T173358240-1efd4a87-primary)
2026-09-08T17:38:39.183992527Z 2026-09-08 17:38:39,183 INFO: no action. I am (phase4-20260908T173358240-1efd4a87-elastic2), a secondary, and following a leader (phase4-20260908T173358240-1efd4a87-primary)
2026-09-08T17:38:43.615746647Z 2026-09-08 17:38:43,615 INFO: no action. I am (phase4-20260908T173358240-1efd4a87-elastic2), a secondary, and following a leader (phase4-20260908T173358240-1efd4a87-primary)
2026-09-08T17:38:48.658066690Z 2026-09-08 17:38:48,656 INFO: no action. I am (phase4-20260908T173358240-1efd4a87-elastic2), a secondary, and following a leader (phase4-20260908T173358240-1efd4a87-primary)
2026-09-08T17:38:53.613188746Z 2026-09-08 17:38:53,612 INFO: no action. I am (phase4-20260908T173358240-1efd4a87-elastic2), a secondary, and following a leader (phase4-20260908T173358240-1efd4a87-primary)
2026-09-08T17:38:58.658078033Z 2026-09-08 17:38:58,656 INFO: no action. I am (phase4-20260908T173358240-1efd4a87-elastic2), a secondary, and following a leader (phase4-20260908T173358240-1efd4a87-primary)
2026-09-08T17:39:03.604793344Z 2026-09-08 17:39:03,604 INFO: no action. I am (phase4-20260908T173358240-1efd4a87-elastic2), a secondary, and following a leader (phase4-20260908T173358240-1efd4a87-primary)
2026-09-08T17:39:09.108767750Z 2026-09-08 17:39:09,107 INFO: no action. I am (phase4-20260908T173358240-1efd4a87-elastic2), a secondary, and following a leader (phase4-20260908T173358240-1efd4a87-primary)
2026-09-08T17:39:14.058199635Z 2026-09-08 17:39:14,057 INFO: no action. I am (phase4-20260908T173358240-1efd4a87-elastic2), a secondary, and following a leader (phase4-20260908T173358240-1efd4a87-primary)
2026-09-08T17:39:18.665302098Z 2026-09-08 17:39:18,663 INFO: no action. I am (phase4-20260908T173358240-1efd4a87-elastic2), a secondary, and following a leader (phase4-20260908T173358240-1efd4a87-primary)
2026-09-08T17:39:23.618077182Z 2026-09-08 17:39:23,617 INFO: no action. I am (phase4-20260908T173358240-1efd4a87-elastic2), a secondary, and following a leader (phase4-20260908T173358240-1efd4a87-primary)
2026-09-08T17:39:28.658688157Z 2026-09-08 17:39:28,658 INFO: no action. I am (phase4-20260908T173358240-1efd4a87-elastic2), a secondary, and following a leader (phase4-20260908T173358240-1efd4a87-primary)
2026-09-08T17:39:33.618407973Z 2026-09-08 17:39:33,617 INFO: no action. I am (phase4-20260908T173358240-1efd4a87-elastic2), a secondary, and following a leader (phase4-20260908T173358240-1efd4a87-primary)
2026-09-08T17:39:36.675844871Z 2026-09-08 17:39:36,674 WARNING: Exception happened during processing of request from 172.23.0.5:50520
2026-09-08T17:39:36.678771338Z 2026-09-08 17:39:36,677 WARNING: Traceback (most recent call last):
2026-09-08T17:39:36.678811642Z   File "/usr/lib/python3.11/socketserver.py", line 691, in process_request_thread
2026-09-08T17:39:36.678839245Z     self.finish_request(request, client_address)
2026-09-08T17:39:36.678845245Z   File "/usr/lib/python3.11/socketserver.py", line 361, in finish_request
2026-09-08T17:39:36.678849446Z     self.RequestHandlerClass(request, client_address, self)
2026-09-08T17:39:36.678853146Z   File "/usr/local/lib/python3.11/dist-packages/patroni/api.py", line 105, in __init__
2026-09-08T17:39:36.678856946Z     super(RestApiHandler, self).__init__(request, client_address, server)
2026-09-08T17:39:36.678860547Z   File "/usr/lib/python3.11/socketserver.py", line 755, in __init__
2026-09-08T17:39:36.678864047Z     self.handle()
2026-09-08T17:39:36.678867447Z   File "/usr/lib/python3.11/http/server.py", line 432, in handle
2026-09-08T17:39:36.678870848Z     self.handle_one_request()
2026-09-08T17:39:36.678874048Z   File "/usr/local/lib/python3.11/dist-packages/patroni/api.py", line 1348, in handle_one_request
2026-09-08T17:39:36.678877548Z     BaseHTTPRequestHandler.handle_one_request(self)
2026-09-08T17:39:36.678880948Z   File "/usr/lib/python3.11/http/server.py", line 420, in handle_one_request
2026-09-08T17:39:36.678883549Z     method()
2026-09-08T17:39:36.678885449Z   File "/usr/local/lib/python3.11/dist-packages/patroni/api.py", line 375, in do_GET
2026-09-08T17:39:36.678887549Z     self._write_status_response(status_code, response)
2026-09-08T17:39:36.678889749Z   File "/usr/local/lib/python3.11/dist-packages/patroni/api.py", line 221, in _write_status_response
2026-09-08T17:39:36.678892549Z     self._write_json_response(status_code, response)
2026-09-08T17:39:36.678895950Z   File "/usr/local/lib/python3.11/dist-packages/patroni/api.py", line 167, in _write_json_response
2026-09-08T17:39:36.678899750Z     self.write_response(status_code, json.dumps(response, default=str), content_type='application/json')
2026-09-08T17:39:36.678903150Z   File "/usr/local/lib/python3.11/dist-packages/patroni/api.py", line 157, in write_response
2026-09-08T17:39:36.678906851Z     self.wfile.write(body.encode('utf-8'))
2026-09-08T17:39:36.678910151Z   File "/usr/lib/python3.11/socketserver.py", line 834, in write
2026-09-08T17:39:36.678913351Z     self._sock.sendall(b)
2026-09-08T17:39:36.678916552Z ConnectionResetError: [Errno 104] Connection reset by peer
2026-09-08T17:39:36.678919752Z 
2026-09-08T17:39:39.113971897Z 2026-09-08 17:39:39,113 INFO: no action. I am (phase4-20260908T173358240-1efd4a87-elastic2), a secondary, and following a leader (phase4-20260908T173358240-1efd4a87-primary)
